###############################################################################
#
# IAR ELF Linker V8.40.1.212/W32 for ARM                  15/Oct/2021  10:15:46
# Copyright 2007-2019 IAR Systems AB.
#
#    Output file  =  F:\WQA\Boot\EWARM\Boot\Exe\Boot.out
#    Map file     =  F:\WQA\Boot\EWARM\Boot\List\Boot.map
#    Command line =
#        -f C:\Users\walker\AppData\Local\Temp\EW6787.tmp
#        (F:\WQA\Boot\EWARM\Boot\Obj\gpio.o F:\WQA\Boot\EWARM\Boot\Obj\main.o
#        F:\WQA\Boot\EWARM\Boot\Obj\quadspi.o F:\WQA\Boot\EWARM\Boot\Obj\rtc.o
#        F:\WQA\Boot\EWARM\Boot\Obj\startup_stm32h750xx.o
#        F:\WQA\Boot\EWARM\Boot\Obj\stm32h7xx_hal.o
#        F:\WQA\Boot\EWARM\Boot\Obj\stm32h7xx_hal_cortex.o
#        F:\WQA\Boot\EWARM\Boot\Obj\stm32h7xx_hal_dma.o
#        F:\WQA\Boot\EWARM\Boot\Obj\stm32h7xx_hal_dma_ex.o
#        F:\WQA\Boot\EWARM\Boot\Obj\stm32h7xx_hal_exti.o
#        F:\WQA\Boot\EWARM\Boot\Obj\stm32h7xx_hal_flash.o
#        F:\WQA\Boot\EWARM\Boot\Obj\stm32h7xx_hal_flash_ex.o
#        F:\WQA\Boot\EWARM\Boot\Obj\stm32h7xx_hal_gpio.o
#        F:\WQA\Boot\EWARM\Boot\Obj\stm32h7xx_hal_hsem.o
#        F:\WQA\Boot\EWARM\Boot\Obj\stm32h7xx_hal_i2c.o
#        F:\WQA\Boot\EWARM\Boot\Obj\stm32h7xx_hal_i2c_ex.o
#        F:\WQA\Boot\EWARM\Boot\Obj\stm32h7xx_hal_mdma.o
#        F:\WQA\Boot\EWARM\Boot\Obj\stm32h7xx_hal_msp.o
#        F:\WQA\Boot\EWARM\Boot\Obj\stm32h7xx_hal_pwr.o
#        F:\WQA\Boot\EWARM\Boot\Obj\stm32h7xx_hal_pwr_ex.o
#        F:\WQA\Boot\EWARM\Boot\Obj\stm32h7xx_hal_qspi.o
#        F:\WQA\Boot\EWARM\Boot\Obj\stm32h7xx_hal_rcc.o
#        F:\WQA\Boot\EWARM\Boot\Obj\stm32h7xx_hal_rcc_ex.o
#        F:\WQA\Boot\EWARM\Boot\Obj\stm32h7xx_hal_rtc.o
#        F:\WQA\Boot\EWARM\Boot\Obj\stm32h7xx_hal_rtc_ex.o
#        F:\WQA\Boot\EWARM\Boot\Obj\stm32h7xx_hal_tim.o
#        F:\WQA\Boot\EWARM\Boot\Obj\stm32h7xx_hal_tim_ex.o
#        F:\WQA\Boot\EWARM\Boot\Obj\stm32h7xx_it.o
#        F:\WQA\Boot\EWARM\Boot\Obj\system_stm32h7xx.o
#        F:\WQA\Boot\EWARM\Boot\Obj\w25qxx.o --redirect _Printf=_PrintfFull
#        --redirect _Scanf=_ScanfFull --no_out_extension -o
#        F:\WQA\Boot\EWARM\Boot\Exe\Boot.out --map
#        F:\WQA\Boot\EWARM\Boot\List\Boot.map --config
#        F:\WQA\Boot\EWARM/stm32h750xx_flash.icf --semihosting --entry
#        __iar_program_start --vfe --text_out locale)
#
###############################################################################

*******************************************************************************
*** RUNTIME MODEL ATTRIBUTES
***

CppFlavor       = *
__SystemLibrary = DLib
__dlib_version  = 6


*******************************************************************************
*** HEAP SELECTION
***

The basic heap was selected because no calls to memory allocation
functions were found in the application outside of system library
functions, and there are calls to deallocation functions in the
application.


*******************************************************************************
*** PLACEMENT SUMMARY
***

"A0":  place at address 0x800'0000 { ro section .intvec };
"P1":  place in [from 0x800'0000 to 0x801'ffff] { ro };
define block CSTACK with size = 4608, alignment = 8 { };
define block HEAP with size = 4608, alignment = 8 { };
"P2":  place in [from 0x2000'0000 to 0x2001'ffff] {
          rw, block CSTACK, block HEAP };
initialize by copy { rw };

  Section            Kind         Address    Size  Object
  -------            ----         -------    ----  ------
"A0":                                       0x298
  .intvec            ro code   0x800'0000   0x298  startup_stm32h750xx.o [1]
                             - 0x800'0298   0x298

"P1":                                      0x30a0
  .text              ro code   0x800'0298   0xc78  stm32h7xx_hal_rcc_ex.o [1]
  .text              ro code   0x800'0f10     0xc  stm32h7xx_hal.o [1]
  .text              ro code   0x800'0f1c   0xb18  stm32h7xx_hal_rcc.o [1]
  .text              ro code   0x800'1a34    0x58  stm32h7xx_hal.o [1]
  .text              ro code   0x800'1a8c    0x74  stm32h7xx_hal.o [1]
  .text              ro code   0x800'1b00   0x100  stm32h7xx_hal_cortex.o [1]
  .text              ro code   0x800'1c00    0x20  stm32h7xx_hal_msp.o [1]
  .text              ro code   0x800'1c20   0x3a4  stm32h7xx_hal_qspi.o [1]
  .text              ro code   0x800'1fc4   0x138  quadspi.o [1]
  .text              ro code   0x800'20fc   0x1cc  main.o [1]
  .text              ro code   0x800'22c8    0x14  memset.o [4]
  .text              ro code   0x800'22dc   0x254  stm32h7xx_hal_gpio.o [1]
  .text              ro code   0x800'2530    0x54  gpio.o [1]
  .text              ro code   0x800'2584   0x108  rtc.o [1]
  .text              ro code   0x800'268c   0x3a0  w25qxx.o [1]
  .text              ro code   0x800'2a2c    0x58  stm32h7xx_hal_pwr_ex.o [1]
  .text              ro code   0x800'2a84    0x10  stm32h7xx_hal_pwr.o [1]
  .text              ro code   0x800'2a94    0x66  ABImemset.o [4]
  .text              ro code   0x800'2afa    0x3a  zero_init3.o [4]
  .text              ro code   0x800'2b34   0x344  stm32h7xx_hal_rtc.o [1]
  .text              ro code   0x800'2e78    0x18  stm32h7xx_hal_rtc_ex.o [1]
  .text              ro code   0x800'2e90   0x124  system_stm32h7xx.o [1]
  .text              ro code   0x800'2fb4    0x2e  copy_init3.o [4]
  .text              ro code   0x800'2fe4    0x28  data_init.o [4]
  .text              ro code   0x800'300c    0x22  fpinit_M.o [3]
  .iar.init_table    const     0x800'3030    0x24  - Linker created -
  .text              ro code   0x800'3054    0x1e  cmain.o [4]
  .text              ro code   0x800'3072     0x4  low_level_init.o [2]
  .text              ro code   0x800'3076     0x4  exit.o [2]
  .text              ro code   0x800'307c     0xa  cexit.o [4]
  .text              ro code   0x800'3088    0x14  exit.o [5]
  .text              ro code   0x800'309c    0x18  stm32h7xx_hal.o [1]
  .text              ro code   0x800'30b4    0x18  stm32h7xx_it.o [1]
  .rodata            const     0x800'30cc    0x10  system_stm32h7xx.o [1]
  .text              ro code   0x800'30dc    0x10  startup_stm32h750xx.o [1]
  Initializer bytes  const     0x800'30ec    0x10  <for P2-1>
  .text              ro code   0x800'30fc     0xc  cstartup_M.o [4]
  .text              ro code   0x800'3108     0x4  startup_stm32h750xx.o [1]
  .text              ro code   0x800'310c     0x4  startup_stm32h750xx.o [1]
  .text              ro code   0x800'3110     0x4  startup_stm32h750xx.o [1]
  .text              ro code   0x800'3114     0x4  startup_stm32h750xx.o [1]
  .text              ro code   0x800'3118     0x4  startup_stm32h750xx.o [1]
  .text              ro code   0x800'311c     0x4  startup_stm32h750xx.o [1]
  .text              ro code   0x800'3120     0x4  startup_stm32h750xx.o [1]
  .text              ro code   0x800'3124     0x4  startup_stm32h750xx.o [1]
  .text              ro code   0x800'3128     0x4  startup_stm32h750xx.o [1]
  .text              ro code   0x800'312c     0x4  startup_stm32h750xx.o [1]
  .text              ro code   0x800'3130     0x4  startup_stm32h750xx.o [1]
  .text              ro code   0x800'3134     0x4  startup_stm32h750xx.o [1]
  .text              ro code   0x800'3138     0x4  startup_stm32h750xx.o [1]
  .text              ro code   0x800'313c     0x4  startup_stm32h750xx.o [1]
  .text              ro code   0x800'3140     0x4  startup_stm32h750xx.o [1]
  .text              ro code   0x800'3144     0x4  startup_stm32h750xx.o [1]
  .text              ro code   0x800'3148     0x4  startup_stm32h750xx.o [1]
  .text              ro code   0x800'314c     0x4  startup_stm32h750xx.o [1]
  .text              ro code   0x800'3150     0x4  startup_stm32h750xx.o [1]
  .text              ro code   0x800'3154     0x4  startup_stm32h750xx.o [1]
  .text              ro code   0x800'3158     0x4  startup_stm32h750xx.o [1]
  .text              ro code   0x800'315c     0x4  startup_stm32h750xx.o [1]
  .text              ro code   0x800'3160     0x4  startup_stm32h750xx.o [1]
  .text              ro code   0x800'3164     0x4  startup_stm32h750xx.o [1]
  .text              ro code   0x800'3168     0x4  startup_stm32h750xx.o [1]
  .text              ro code   0x800'316c     0x4  startup_stm32h750xx.o [1]
  .text              ro code   0x800'3170     0x4  startup_stm32h750xx.o [1]
  .text              ro code   0x800'3174     0x4  startup_stm32h750xx.o [1]
  .text              ro code   0x800'3178     0x4  startup_stm32h750xx.o [1]
  .text              ro code   0x800'317c     0x4  startup_stm32h750xx.o [1]
  .text              ro code   0x800'3180     0x4  startup_stm32h750xx.o [1]
  .text              ro code   0x800'3184     0x4  startup_stm32h750xx.o [1]
  .text              ro code   0x800'3188     0x4  startup_stm32h750xx.o [1]
  .text              ro code   0x800'318c     0x4  startup_stm32h750xx.o [1]
  .text              ro code   0x800'3190     0x4  startup_stm32h750xx.o [1]
  .text              ro code   0x800'3194     0x4  startup_stm32h750xx.o [1]
  .text              ro code   0x800'3198     0x4  startup_stm32h750xx.o [1]
  .text              ro code   0x800'319c     0x4  startup_stm32h750xx.o [1]
  .text              ro code   0x800'31a0     0x4  startup_stm32h750xx.o [1]
  .text              ro code   0x800'31a4     0x4  startup_stm32h750xx.o [1]
  .text              ro code   0x800'31a8     0x4  startup_stm32h750xx.o [1]
  .text              ro code   0x800'31ac     0x4  startup_stm32h750xx.o [1]
  .text              ro code   0x800'31b0     0x4  startup_stm32h750xx.o [1]
  .text              ro code   0x800'31b4     0x4  startup_stm32h750xx.o [1]
  .text              ro code   0x800'31b8     0x4  startup_stm32h750xx.o [1]
  .text              ro code   0x800'31bc     0x4  startup_stm32h750xx.o [1]
  .text              ro code   0x800'31c0     0x4  startup_stm32h750xx.o [1]
  .text              ro code   0x800'31c4     0x4  startup_stm32h750xx.o [1]
  .text              ro code   0x800'31c8     0x4  startup_stm32h750xx.o [1]
  .text              ro code   0x800'31cc     0x4  startup_stm32h750xx.o [1]
  .text              ro code   0x800'31d0     0x4  startup_stm32h750xx.o [1]
  .text              ro code   0x800'31d4     0x4  startup_stm32h750xx.o [1]
  .text              ro code   0x800'31d8     0x4  startup_stm32h750xx.o [1]
  .text              ro code   0x800'31dc     0x4  startup_stm32h750xx.o [1]
  .text              ro code   0x800'31e0     0x4  startup_stm32h750xx.o [1]
  .text              ro code   0x800'31e4     0x4  startup_stm32h750xx.o [1]
  .text              ro code   0x800'31e8     0x4  startup_stm32h750xx.o [1]
  .text              ro code   0x800'31ec     0x4  startup_stm32h750xx.o [1]
  .text              ro code   0x800'31f0     0x4  startup_stm32h750xx.o [1]
  .text              ro code   0x800'31f4     0x4  startup_stm32h750xx.o [1]
  .text              ro code   0x800'31f8     0x4  startup_stm32h750xx.o [1]
  .text              ro code   0x800'31fc     0x4  startup_stm32h750xx.o [1]
  .text              ro code   0x800'3200     0x4  startup_stm32h750xx.o [1]
  .text              ro code   0x800'3204     0x4  startup_stm32h750xx.o [1]
  .text              ro code   0x800'3208     0x4  startup_stm32h750xx.o [1]
  .text              ro code   0x800'320c     0x4  startup_stm32h750xx.o [1]
  .text              ro code   0x800'3210     0x4  startup_stm32h750xx.o [1]
  .text              ro code   0x800'3214     0x4  startup_stm32h750xx.o [1]
  .text              ro code   0x800'3218     0x4  startup_stm32h750xx.o [1]
  .text              ro code   0x800'321c     0x4  startup_stm32h750xx.o [1]
  .text              ro code   0x800'3220     0x4  startup_stm32h750xx.o [1]
  .text              ro code   0x800'3224     0x4  startup_stm32h750xx.o [1]
  .text              ro code   0x800'3228     0x4  startup_stm32h750xx.o [1]
  .text              ro code   0x800'322c     0x4  startup_stm32h750xx.o [1]
  .text              ro code   0x800'3230     0x4  startup_stm32h750xx.o [1]
  .text              ro code   0x800'3234     0x4  startup_stm32h750xx.o [1]
  .text              ro code   0x800'3238     0x4  startup_stm32h750xx.o [1]
  .text              ro code   0x800'323c     0x4  startup_stm32h750xx.o [1]
  .text              ro code   0x800'3240     0x4  startup_stm32h750xx.o [1]
  .text              ro code   0x800'3244     0x4  startup_stm32h750xx.o [1]
  .text              ro code   0x800'3248     0x4  startup_stm32h750xx.o [1]
  .text              ro code   0x800'324c     0x4  startup_stm32h750xx.o [1]
  .text              ro code   0x800'3250     0x4  startup_stm32h750xx.o [1]
  .text              ro code   0x800'3254     0x4  startup_stm32h750xx.o [1]
  .text              ro code   0x800'3258     0x4  startup_stm32h750xx.o [1]
  .text              ro code   0x800'325c     0x4  startup_stm32h750xx.o [1]
  .text              ro code   0x800'3260     0x4  startup_stm32h750xx.o [1]
  .text              ro code   0x800'3264     0x4  startup_stm32h750xx.o [1]
  .text              ro code   0x800'3268     0x4  startup_stm32h750xx.o [1]
  .text              ro code   0x800'326c     0x4  startup_stm32h750xx.o [1]
  .text              ro code   0x800'3270     0x4  startup_stm32h750xx.o [1]
  .text              ro code   0x800'3274     0x4  startup_stm32h750xx.o [1]
  .text              ro code   0x800'3278     0x4  startup_stm32h750xx.o [1]
  .text              ro code   0x800'327c     0x4  startup_stm32h750xx.o [1]
  .text              ro code   0x800'3280     0x4  startup_stm32h750xx.o [1]
  .text              ro code   0x800'3284     0x4  startup_stm32h750xx.o [1]
  .text              ro code   0x800'3288     0x4  startup_stm32h750xx.o [1]
  .text              ro code   0x800'328c     0x4  startup_stm32h750xx.o [1]
  .text              ro code   0x800'3290     0x4  startup_stm32h750xx.o [1]
  .text              ro code   0x800'3294     0x4  startup_stm32h750xx.o [1]
  .text              ro code   0x800'3298     0x4  startup_stm32h750xx.o [1]
  .text              ro code   0x800'329c     0x4  startup_stm32h750xx.o [1]
  .text              ro code   0x800'32a0     0x4  startup_stm32h750xx.o [1]
  .text              ro code   0x800'32a4     0x4  startup_stm32h750xx.o [1]
  .text              ro code   0x800'32a8     0x4  startup_stm32h750xx.o [1]
  .text              ro code   0x800'32ac     0x4  startup_stm32h750xx.o [1]
  .text              ro code   0x800'32b0     0x4  startup_stm32h750xx.o [1]
  .text              ro code   0x800'32b4     0x4  startup_stm32h750xx.o [1]
  .text              ro code   0x800'32b8     0x4  startup_stm32h750xx.o [1]
  .text              ro code   0x800'32bc     0x4  startup_stm32h750xx.o [1]
  .text              ro code   0x800'32c0     0x4  startup_stm32h750xx.o [1]
  .text              ro code   0x800'32c4     0x4  startup_stm32h750xx.o [1]
  .text              ro code   0x800'32c8     0x4  startup_stm32h750xx.o [1]
  .text              ro code   0x800'32cc     0x4  startup_stm32h750xx.o [1]
  .text              ro code   0x800'32d0     0x4  startup_stm32h750xx.o [1]
  .text              ro code   0x800'32d4     0x4  startup_stm32h750xx.o [1]
  .text              ro code   0x800'32d8     0x4  startup_stm32h750xx.o [1]
  .text              ro code   0x800'32dc     0x4  startup_stm32h750xx.o [1]
  .text              ro code   0x800'32e0     0x4  startup_stm32h750xx.o [1]
  .text              ro code   0x800'32e4     0x4  startup_stm32h750xx.o [1]
  .text              ro code   0x800'32e8     0x4  startup_stm32h750xx.o [1]
  .text              ro code   0x800'32ec     0x4  startup_stm32h750xx.o [1]
  .text              ro code   0x800'32f0     0x4  startup_stm32h750xx.o [1]
  .text              ro code   0x800'32f4     0x4  startup_stm32h750xx.o [1]
  .text              ro code   0x800'32f8     0x4  startup_stm32h750xx.o [1]
  .text              ro code   0x800'32fc     0x4  startup_stm32h750xx.o [1]
  .text              ro code   0x800'3300     0x4  startup_stm32h750xx.o [1]
  .text              ro code   0x800'3304     0x4  startup_stm32h750xx.o [1]
  .text              ro code   0x800'3308     0x4  startup_stm32h750xx.o [1]
  .text              ro code   0x800'330c     0x4  startup_stm32h750xx.o [1]
  .text              ro code   0x800'3310     0x4  startup_stm32h750xx.o [1]
  .text              ro code   0x800'3314     0x4  startup_stm32h750xx.o [1]
  .text              ro code   0x800'3318     0x4  startup_stm32h750xx.o [1]
  .text              ro code   0x800'331c     0x4  startup_stm32h750xx.o [1]
  .text              ro code   0x800'3320     0x4  startup_stm32h750xx.o [1]
  .text              ro code   0x800'3324     0x4  startup_stm32h750xx.o [1]
  .text              ro code   0x800'3328     0x4  startup_stm32h750xx.o [1]
  .text              ro code   0x800'332c     0x4  startup_stm32h750xx.o [1]
  .text              ro code   0x800'3330     0x4  startup_stm32h750xx.o [1]
  .text              ro code   0x800'3334     0x4  startup_stm32h750xx.o [1]
  .rodata            const     0x800'3338     0x0  zero_init3.o [4]
  .rodata            const     0x800'3338     0x0  copy_init3.o [4]
                             - 0x800'3338  0x30a0

"P2", part 1 of 3:                           0x10
  P2-1                        0x2000'0000     0xd  <Init block>
    .data            inited   0x2000'0000     0x4  stm32h7xx_hal.o [1]
    .data            inited   0x2000'0004     0x4  system_stm32h7xx.o [1]
    .data            inited   0x2000'0008     0x4  system_stm32h7xx.o [1]
    .data            inited   0x2000'000c     0x1  stm32h7xx_hal.o [1]
                            - 0x2000'000d     0xd

"P2", part 2 of 3:                           0x80
  .bss               zero     0x2000'0010    0x4c  quadspi.o [1]
  .bss               zero     0x2000'005c    0x24  rtc.o [1]
  .bss               zero     0x2000'0080     0x4  main.o [1]
  .bss               zero     0x2000'0084     0x4  main.o [1]
  .bss               zero     0x2000'0088     0x4  stm32h7xx_hal.o [1]
  .bss               zero     0x2000'008c     0x1  w25qxx.o [1]
                            - 0x2000'008d    0x7d

"P2", part 3 of 3:                         0x1200
  CSTACK                      0x2000'0090  0x1200  <Block>
    CSTACK           uninit   0x2000'0090  0x1200  <Block tail>
                            - 0x2000'1290  0x1200

Unused ranges:

         From           To      Size
         ----           --      ----
   0x800'3338   0x801'ffff  0x1'ccc8
  0x2000'1290  0x2001'ffff  0x1'ed70


*******************************************************************************
*** INIT TABLE
***

          Address      Size
          -------      ----
Zero (__iar_zero_init3)
    1 destination range, total size 0x7d:
          0x2000'0010  0x7d

Copy (__iar_copy_init3)
    1 source range, total size 0x10 (123% of destination):
           0x800'30ec  0x10
    1 destination range, total size 0xd:
          0x2000'0000   0xd



*******************************************************************************
*** MODULE SUMMARY
***

    Module                  ro code  ro data  rw data
    ------                  -------  -------  -------
command line/config:
    -------------------------------------------------
    Total:

F:\WQA\Boot\EWARM\Boot\Obj: [1]
    gpio.o                       84
    main.o                      460                 8
    quadspi.o                   312                76
    rtc.o                       264                36
    startup_stm32h750xx.o     1'240
    stm32h7xx_hal.o             240        5        9
    stm32h7xx_hal_cortex.o      256
    stm32h7xx_hal_gpio.o        596
    stm32h7xx_hal_msp.o          32
    stm32h7xx_hal_pwr.o          16
    stm32h7xx_hal_pwr_ex.o       88
    stm32h7xx_hal_qspi.o        932
    stm32h7xx_hal_rcc.o       2'840
    stm32h7xx_hal_rcc_ex.o    3'192
    stm32h7xx_hal_rtc.o         836
    stm32h7xx_hal_rtc_ex.o       24
    stm32h7xx_it.o               24
    system_stm32h7xx.o          292       24        8
    w25qxx.o                    928                 1
    -------------------------------------------------
    Total:                   12'656       29      138

dl7M_tln.a: [2]
    exit.o                        4
    low_level_init.o              4
    -------------------------------------------------
    Total:                        8

m7M_tlv.a: [3]
    fpinit_M.o                   34
    -------------------------------------------------
    Total:                       34

rt7M_tl.a: [4]
    ABImemset.o                 102
    cexit.o                      10
    cmain.o                      30
    copy_init3.o                 46
    cstartup_M.o                 12
    data_init.o                  40
    memset.o                     20
    zero_init3.o                 58
    -------------------------------------------------
    Total:                      318

shb_l.a: [5]
    exit.o                       20
    -------------------------------------------------
    Total:                       20

    Gaps                          6        2
    Linker created                        39    4'608
-----------------------------------------------------
    Grand Total:             13'042       70    4'746


*******************************************************************************
*** ENTRY LIST
***

Entry                       Address   Size  Type      Object
-----                       -------   ----  ----      ------
.iar.init_table$$Base    0x800'3030          --   Gb  - Linker created -
.iar.init_table$$Limit   0x800'3054          --   Gb  - Linker created -
?main                    0x800'3055         Code  Gb  cmain.o [4]
BusFault_Handler         0x800'30bb    0x2  Code  Gb  stm32h7xx_it.o [1]
CSTACK$$Base            0x2000'0090          --   Gb  - Linker created -
CSTACK$$Limit           0x2000'1290          --   Gb  - Linker created -
D1CorePrescTable         0x800'30cc   0x10  Data  Gb  system_stm32h7xx.o [1]
DebugMon_Handler         0x800'30c1    0x2  Code  Gb  stm32h7xx_it.o [1]
Error_Handler            0x800'22c5    0x4  Code  Gb  main.o [1]
HAL_GPIO_Init            0x800'22dd  0x21a  Code  Gb  stm32h7xx_hal_gpio.o [1]
HAL_GetREVID             0x800'1ae1    0xa  Code  Gb  stm32h7xx_hal.o [1]
HAL_GetTick              0x800'0f11    0xc  Code  Wk  stm32h7xx_hal.o [1]
HAL_IncTick              0x800'309d   0x18  Code  Wk  stm32h7xx_hal.o [1]
HAL_Init                 0x800'1a8d   0x54  Code  Gb  stm32h7xx_hal.o [1]
HAL_InitTick             0x800'1a35   0x58  Code  Wk  stm32h7xx_hal.o [1]
HAL_MspInit              0x800'1c01   0x20  Code  Gb  stm32h7xx_hal_msp.o [1]
HAL_NVIC_SetPriority     0x800'1bbb   0x20  Code  Gb  stm32h7xx_hal_cortex.o [1]
HAL_NVIC_SetPriorityGrouping
                         0x800'1bb3    0x8  Code  Gb  stm32h7xx_hal_cortex.o [1]
HAL_PWREx_ConfigSupply   0x800'2a2d   0x4e  Code  Gb  stm32h7xx_hal_pwr_ex.o [1]
HAL_PWR_EnableBkUpAccess
                         0x800'2a85    0xc  Code  Gb  stm32h7xx_hal_pwr.o [1]
HAL_QSPI_Init            0x800'1c21   0xb0  Code  Gb  stm32h7xx_hal_qspi.o [1]
HAL_QSPI_MemoryMapped    0x800'1cd9   0xa0  Code  Gb  stm32h7xx_hal_qspi.o [1]
HAL_QSPI_MspInit         0x800'1ffd   0xe2  Code  Gb  quadspi.o [1]
HAL_QSPI_SetTimeout      0x800'1d79    0x4  Code  Gb  stm32h7xx_hal_qspi.o [1]
HAL_RCCEx_PeriphCLKConfig
                         0x800'0299  0xa1a  Code  Gb  stm32h7xx_hal_rcc_ex.o [1]
HAL_RCC_ClockConfig      0x800'0f1d  0x28a  Code  Gb  stm32h7xx_hal_rcc.o [1]
HAL_RCC_GetSysClockFreq
                         0x800'11a9  0x1ea  Code  Gb  stm32h7xx_hal_rcc.o [1]
HAL_RCC_OscConfig        0x800'13e9  0x64c  Code  Wk  stm32h7xx_hal_rcc.o [1]
HAL_RTCEx_BKUPRead       0x800'2e85    0xc  Code  Gb  stm32h7xx_hal_rtc_ex.o [1]
HAL_RTCEx_BKUPWrite      0x800'2e79    0xc  Code  Gb  stm32h7xx_hal_rtc_ex.o [1]
HAL_RTC_Init             0x800'2b35   0xae  Code  Gb  stm32h7xx_hal_rtc.o [1]
HAL_RTC_MspInit          0x800'2641   0x40  Code  Gb  rtc.o [1]
HAL_RTC_SetDate          0x800'2cc3   0xbe  Code  Gb  stm32h7xx_hal_rtc.o [1]
HAL_RTC_SetTime          0x800'2be3   0xe0  Code  Gb  stm32h7xx_hal_rtc.o [1]
HAL_RTC_WaitForSynchro   0x800'2d81   0x34  Code  Gb  stm32h7xx_hal_rtc.o [1]
HAL_SYSTICK_Config       0x800'1bdb    0x8  Code  Gb  stm32h7xx_hal_cortex.o [1]
HardFault_Handler        0x800'30b7    0x2  Code  Gb  stm32h7xx_it.o [1]
Jump2App                 0x800'20fd   0x20  Code  Gb  main.o [1]
JumpAddress             0x2000'0084    0x4  Data  Gb  main.o [1]
Jump_To_Application     0x2000'0080    0x4  Data  Gb  main.o [1]
MX_GPIO_Init             0x800'2531   0x54  Code  Gb  gpio.o [1]
MX_QUADSPI_Init          0x800'1fc5   0x38  Code  Gb  quadspi.o [1]
MX_RTC_Init              0x800'2585   0xbc  Code  Gb  rtc.o [1]
MemManage_Handler        0x800'30b9    0x2  Code  Gb  stm32h7xx_it.o [1]
NMI_Handler              0x800'30b5    0x2  Code  Gb  stm32h7xx_it.o [1]
NVIC_EncodePriority      0x800'1b49   0x3c  Code  Lc  stm32h7xx_hal_cortex.o [1]
PendSV_Handler           0x800'30c3    0x2  Code  Gb  stm32h7xx_it.o [1]
QSPI_Config              0x800'1dcd  0x1f8  Code  Lc  stm32h7xx_hal_qspi.o [1]
QSPI_Receive             0x800'2755   0x9a  Code  Lc  w25qxx.o [1]
QSPI_Send_CMD            0x800'26bf   0x96  Code  Lc  w25qxx.o [1]
QSPI_Transmit            0x800'27ef   0x86  Code  Lc  w25qxx.o [1]
QSPI_WaitFlagStateUntilTimeout
                         0x800'1d7d   0x50  Code  Lc  stm32h7xx_hal_qspi.o [1]
QSPI_Wait_Flag           0x800'268d   0x32  Code  Lc  w25qxx.o [1]
RCCEx_PLL2_Config        0x800'0cd9  0x10e  Code  Lc  stm32h7xx_hal_rcc_ex.o [1]
RCCEx_PLL3_Config        0x800'0de7  0x10e  Code  Lc  stm32h7xx_hal_rcc_ex.o [1]
RTC_ByteToBcd2           0x800'2e61   0x18  Code  Gb  stm32h7xx_hal_rtc.o [1]
RTC_EnterInitMode        0x800'2db5   0x42  Code  Gb  stm32h7xx_hal_rtc.o [1]
RTC_ExitInitMode         0x800'2df7   0x54  Code  Gb  stm32h7xx_hal_rtc.o [1]
Region$$Table$$Base      0x800'3030          --   Gb  - Linker created -
Region$$Table$$Limit     0x800'3054          --   Gb  - Linker created -
SVC_Handler              0x800'30bf    0x2  Code  Gb  stm32h7xx_it.o [1]
SysTick_Config           0x800'1b85   0x2e  Code  Lc  stm32h7xx_hal_cortex.o [1]
SysTick_Handler          0x800'30c5    0x8  Code  Gb  stm32h7xx_it.o [1]
SystemClock_Config       0x800'21bf   0xda  Code  Gb  main.o [1]
SystemCoreClock         0x2000'0004    0x4  Data  Gb  system_stm32h7xx.o [1]
SystemD2Clock           0x2000'0008    0x4  Data  Gb  system_stm32h7xx.o [1]
SystemInit               0x800'2e91   0xc2  Code  Gb  system_stm32h7xx.o [1]
UsageFault_Handler       0x800'30bd    0x2  Code  Gb  stm32h7xx_it.o [1]
W25QXX_EnableMemoryMapped
                         0x800'2975   0x4c  Code  Gb  w25qxx.o [1]
W25QXX_Init              0x800'29e5   0x48  Code  Gb  w25qxx.o [1]
W25QXX_QPI_MODE         0x2000'008c    0x1  Data  Lc  w25qxx.o [1]
W25QXX_Qspi_Enable       0x800'2941   0x34  Code  Lc  w25qxx.o [1]
W25QXX_ReadSR            0x800'2875   0x58  Code  Lc  w25qxx.o [1]
W25QXX_Write_Enable      0x800'291b   0x26  Code  Lc  w25qxx.o [1]
W25QXX_Write_SR          0x800'28cd   0x4e  Code  Lc  w25qxx.o [1]
__NVIC_GetPriorityGrouping
                         0x800'1b1b    0xa  Code  Lc  stm32h7xx_hal_cortex.o [1]
__NVIC_SetPriority       0x800'1b25   0x24  Code  Lc  stm32h7xx_hal_cortex.o [1]
__NVIC_SetPriorityGrouping
                         0x800'1b01   0x1a  Code  Lc  stm32h7xx_hal_cortex.o [1]
__aeabi_memset           0x800'2a95         Code  Gb  ABImemset.o [4]
__cmain                  0x800'3055         Code  Gb  cmain.o [4]
__exit                   0x800'3089   0x14  Code  Gb  exit.o [5]
__iar_Memset             0x800'2a95         Code  Gb  ABImemset.o [4]
__iar_Memset_word        0x800'2a9d         Code  Gb  ABImemset.o [4]
__iar_copy_init3         0x800'2fb5   0x2e  Code  Gb  copy_init3.o [4]
__iar_data_init3         0x800'2fe5   0x28  Code  Gb  data_init.o [4]
__iar_init_vfp           0x800'300d         Code  Gb  fpinit_M.o [3]
__iar_program_start      0x800'30fd         Code  Gb  cstartup_M.o [4]
__iar_zero_init3         0x800'2afb   0x3a  Code  Gb  zero_init3.o [4]
__low_level_init         0x800'3073    0x4  Code  Gb  low_level_init.o [2]
__vector_table           0x800'0000         Data  Gb  startup_stm32h750xx.o [1]
_call_main               0x800'3061         Code  Gb  cmain.o [4]
_exit                    0x800'307d         Code  Gb  cexit.o [4]
_main                    0x800'306f         Code  Gb  cmain.o [4]
exit                     0x800'3077    0x4  Code  Gb  exit.o [2]
hqspi                   0x2000'0010   0x4c  Data  Gb  quadspi.o [1]
hrtc                    0x2000'005c   0x24  Data  Gb  rtc.o [1]
main                     0x800'211d   0xa2  Code  Gb  main.o [1]
memset                   0x800'22c9   0x14  Code  Gb  memset.o [4]
uwTick                  0x2000'0088    0x4  Data  Gb  stm32h7xx_hal.o [1]
uwTickFreq              0x2000'000c    0x1  Data  Gb  stm32h7xx_hal.o [1]
uwTickPrio              0x2000'0000    0x4  Data  Gb  stm32h7xx_hal.o [1]


[1] = F:\WQA\Boot\EWARM\Boot\Obj
[2] = dl7M_tln.a
[3] = m7M_tlv.a
[4] = rt7M_tl.a
[5] = shb_l.a

  13'042 bytes of readonly  code memory
      70 bytes of readonly  data memory
   4'746 bytes of readwrite data memory

Errors: none
Warnings: none
