###############################################################################
#
# IAR ELF Linker V8.40.1.212/W32 for ARM                  09/Sep/2021  21:51:03
# Copyright 2007-2019 IAR Systems AB.
#
#    Output file  =  F:\lxf\SW\Boot\EWARM\Boot\Exe\Boot.out
#    Map file     =  F:\lxf\SW\Boot\EWARM\Boot\List\Boot.map
#    Command line =
#        -f C:\Users\walker\AppData\Local\Temp\EWDD97.tmp
#        (F:\lxf\SW\Boot\EWARM\Boot\Obj\gpio.o
#        F:\lxf\SW\Boot\EWARM\Boot\Obj\main.o
#        F:\lxf\SW\Boot\EWARM\Boot\Obj\quadspi.o
#        F:\lxf\SW\Boot\EWARM\Boot\Obj\startup_stm32h750xx.o
#        F:\lxf\SW\Boot\EWARM\Boot\Obj\stm32h7xx_hal.o
#        F:\lxf\SW\Boot\EWARM\Boot\Obj\stm32h7xx_hal_cortex.o
#        F:\lxf\SW\Boot\EWARM\Boot\Obj\stm32h7xx_hal_dma.o
#        F:\lxf\SW\Boot\EWARM\Boot\Obj\stm32h7xx_hal_dma_ex.o
#        F:\lxf\SW\Boot\EWARM\Boot\Obj\stm32h7xx_hal_exti.o
#        F:\lxf\SW\Boot\EWARM\Boot\Obj\stm32h7xx_hal_flash.o
#        F:\lxf\SW\Boot\EWARM\Boot\Obj\stm32h7xx_hal_flash_ex.o
#        F:\lxf\SW\Boot\EWARM\Boot\Obj\stm32h7xx_hal_gpio.o
#        F:\lxf\SW\Boot\EWARM\Boot\Obj\stm32h7xx_hal_hsem.o
#        F:\lxf\SW\Boot\EWARM\Boot\Obj\stm32h7xx_hal_i2c.o
#        F:\lxf\SW\Boot\EWARM\Boot\Obj\stm32h7xx_hal_i2c_ex.o
#        F:\lxf\SW\Boot\EWARM\Boot\Obj\stm32h7xx_hal_mdma.o
#        F:\lxf\SW\Boot\EWARM\Boot\Obj\stm32h7xx_hal_msp.o
#        F:\lxf\SW\Boot\EWARM\Boot\Obj\stm32h7xx_hal_pwr.o
#        F:\lxf\SW\Boot\EWARM\Boot\Obj\stm32h7xx_hal_pwr_ex.o
#        F:\lxf\SW\Boot\EWARM\Boot\Obj\stm32h7xx_hal_qspi.o
#        F:\lxf\SW\Boot\EWARM\Boot\Obj\stm32h7xx_hal_rcc.o
#        F:\lxf\SW\Boot\EWARM\Boot\Obj\stm32h7xx_hal_rcc_ex.o
#        F:\lxf\SW\Boot\EWARM\Boot\Obj\stm32h7xx_hal_tim.o
#        F:\lxf\SW\Boot\EWARM\Boot\Obj\stm32h7xx_hal_tim_ex.o
#        F:\lxf\SW\Boot\EWARM\Boot\Obj\stm32h7xx_it.o
#        F:\lxf\SW\Boot\EWARM\Boot\Obj\system_stm32h7xx.o
#        F:\lxf\SW\Boot\EWARM\Boot\Obj\w25qxx.o --redirect _Printf=_PrintfFull
#        --redirect _Scanf=_ScanfFull --no_out_extension -o
#        F:\lxf\SW\Boot\EWARM\Boot\Exe\Boot.out --map
#        F:\lxf\SW\Boot\EWARM\Boot\List\Boot.map --config
#        F:\lxf\SW\Boot\EWARM/stm32h750xx_flash.icf --semihosting --entry
#        __iar_program_start --vfe --text_out locale)
#
###############################################################################

*******************************************************************************
*** RUNTIME MODEL ATTRIBUTES
***

CppFlavor       = *
__SystemLibrary = DLib
__dlib_version  = 6


*******************************************************************************
*** HEAP SELECTION
***

The basic heap was selected because no calls to memory allocation
functions were found in the application outside of system library
functions, and there are calls to deallocation functions in the
application.


*******************************************************************************
*** PLACEMENT SUMMARY
***

"A0":  place at address 0x800'0000 { ro section .intvec };
"P1":  place in [from 0x800'0000 to 0x801'ffff] { ro };
define block CSTACK with size = 4608, alignment = 8 { };
define block HEAP with size = 4608, alignment = 8 { };
"P2":  place in [from 0x2000'0000 to 0x2001'ffff] {
          rw, block CSTACK, block HEAP };
initialize by copy { rw };

  Section            Kind         Address    Size  Object
  -------            ----         -------    ----  ------
"A0":                                       0x298
  .intvec            ro code   0x800'0000   0x298  startup_stm32h750xx.o [1]
                             - 0x800'0298   0x298

"P1":                                      0x2c10
  .text              ro code   0x800'0298   0xc78  stm32h7xx_hal_rcc_ex.o [1]
  .text              ro code   0x800'0f10     0xc  stm32h7xx_hal.o [1]
  .text              ro code   0x800'0f1c   0xb18  stm32h7xx_hal_rcc.o [1]
  .text              ro code   0x800'1a34    0x58  stm32h7xx_hal.o [1]
  .text              ro code   0x800'1a8c    0x74  stm32h7xx_hal.o [1]
  .text              ro code   0x800'1b00   0x100  stm32h7xx_hal_cortex.o [1]
  .text              ro code   0x800'1c00    0x20  stm32h7xx_hal_msp.o [1]
  .text              ro code   0x800'1c20   0x3a4  stm32h7xx_hal_qspi.o [1]
  .text              ro code   0x800'1fc4   0x138  quadspi.o [1]
  .text              ro code   0x800'20fc   0x1b0  main.o [1]
  .text              ro code   0x800'22ac    0x14  memset.o [4]
  .text              ro code   0x800'22c0   0x254  stm32h7xx_hal_gpio.o [1]
  .text              ro code   0x800'2514    0x54  gpio.o [1]
  .text              ro code   0x800'2568   0x3a0  w25qxx.o [1]
  .text              ro code   0x800'2908    0x58  stm32h7xx_hal_pwr_ex.o [1]
  .text              ro code   0x800'2960    0x66  ABImemset.o [4]
  .text              ro code   0x800'29c6    0x3a  zero_init3.o [4]
  .text              ro code   0x800'2a00   0x124  system_stm32h7xx.o [1]
  .text              ro code   0x800'2b24    0x2e  copy_init3.o [4]
  .text              ro code   0x800'2b54    0x28  data_init.o [4]
  .text              ro code   0x800'2b7c    0x22  fpinit_M.o [3]
  .iar.init_table    const     0x800'2ba0    0x24  - Linker created -
  .text              ro code   0x800'2bc4    0x1e  cmain.o [4]
  .text              ro code   0x800'2be2     0x4  low_level_init.o [2]
  .text              ro code   0x800'2be6     0x4  exit.o [2]
  .text              ro code   0x800'2bec     0xa  cexit.o [4]
  .text              ro code   0x800'2bf8    0x14  exit.o [5]
  .text              ro code   0x800'2c0c    0x18  stm32h7xx_hal.o [1]
  .text              ro code   0x800'2c24    0x18  stm32h7xx_it.o [1]
  .rodata            const     0x800'2c3c    0x10  system_stm32h7xx.o [1]
  .text              ro code   0x800'2c4c    0x10  startup_stm32h750xx.o [1]
  Initializer bytes  const     0x800'2c5c    0x10  <for P2-1>
  .text              ro code   0x800'2c6c     0xc  cstartup_M.o [4]
  .text              ro code   0x800'2c78     0x4  startup_stm32h750xx.o [1]
  .text              ro code   0x800'2c7c     0x4  startup_stm32h750xx.o [1]
  .text              ro code   0x800'2c80     0x4  startup_stm32h750xx.o [1]
  .text              ro code   0x800'2c84     0x4  startup_stm32h750xx.o [1]
  .text              ro code   0x800'2c88     0x4  startup_stm32h750xx.o [1]
  .text              ro code   0x800'2c8c     0x4  startup_stm32h750xx.o [1]
  .text              ro code   0x800'2c90     0x4  startup_stm32h750xx.o [1]
  .text              ro code   0x800'2c94     0x4  startup_stm32h750xx.o [1]
  .text              ro code   0x800'2c98     0x4  startup_stm32h750xx.o [1]
  .text              ro code   0x800'2c9c     0x4  startup_stm32h750xx.o [1]
  .text              ro code   0x800'2ca0     0x4  startup_stm32h750xx.o [1]
  .text              ro code   0x800'2ca4     0x4  startup_stm32h750xx.o [1]
  .text              ro code   0x800'2ca8     0x4  startup_stm32h750xx.o [1]
  .text              ro code   0x800'2cac     0x4  startup_stm32h750xx.o [1]
  .text              ro code   0x800'2cb0     0x4  startup_stm32h750xx.o [1]
  .text              ro code   0x800'2cb4     0x4  startup_stm32h750xx.o [1]
  .text              ro code   0x800'2cb8     0x4  startup_stm32h750xx.o [1]
  .text              ro code   0x800'2cbc     0x4  startup_stm32h750xx.o [1]
  .text              ro code   0x800'2cc0     0x4  startup_stm32h750xx.o [1]
  .text              ro code   0x800'2cc4     0x4  startup_stm32h750xx.o [1]
  .text              ro code   0x800'2cc8     0x4  startup_stm32h750xx.o [1]
  .text              ro code   0x800'2ccc     0x4  startup_stm32h750xx.o [1]
  .text              ro code   0x800'2cd0     0x4  startup_stm32h750xx.o [1]
  .text              ro code   0x800'2cd4     0x4  startup_stm32h750xx.o [1]
  .text              ro code   0x800'2cd8     0x4  startup_stm32h750xx.o [1]
  .text              ro code   0x800'2cdc     0x4  startup_stm32h750xx.o [1]
  .text              ro code   0x800'2ce0     0x4  startup_stm32h750xx.o [1]
  .text              ro code   0x800'2ce4     0x4  startup_stm32h750xx.o [1]
  .text              ro code   0x800'2ce8     0x4  startup_stm32h750xx.o [1]
  .text              ro code   0x800'2cec     0x4  startup_stm32h750xx.o [1]
  .text              ro code   0x800'2cf0     0x4  startup_stm32h750xx.o [1]
  .text              ro code   0x800'2cf4     0x4  startup_stm32h750xx.o [1]
  .text              ro code   0x800'2cf8     0x4  startup_stm32h750xx.o [1]
  .text              ro code   0x800'2cfc     0x4  startup_stm32h750xx.o [1]
  .text              ro code   0x800'2d00     0x4  startup_stm32h750xx.o [1]
  .text              ro code   0x800'2d04     0x4  startup_stm32h750xx.o [1]
  .text              ro code   0x800'2d08     0x4  startup_stm32h750xx.o [1]
  .text              ro code   0x800'2d0c     0x4  startup_stm32h750xx.o [1]
  .text              ro code   0x800'2d10     0x4  startup_stm32h750xx.o [1]
  .text              ro code   0x800'2d14     0x4  startup_stm32h750xx.o [1]
  .text              ro code   0x800'2d18     0x4  startup_stm32h750xx.o [1]
  .text              ro code   0x800'2d1c     0x4  startup_stm32h750xx.o [1]
  .text              ro code   0x800'2d20     0x4  startup_stm32h750xx.o [1]
  .text              ro code   0x800'2d24     0x4  startup_stm32h750xx.o [1]
  .text              ro code   0x800'2d28     0x4  startup_stm32h750xx.o [1]
  .text              ro code   0x800'2d2c     0x4  startup_stm32h750xx.o [1]
  .text              ro code   0x800'2d30     0x4  startup_stm32h750xx.o [1]
  .text              ro code   0x800'2d34     0x4  startup_stm32h750xx.o [1]
  .text              ro code   0x800'2d38     0x4  startup_stm32h750xx.o [1]
  .text              ro code   0x800'2d3c     0x4  startup_stm32h750xx.o [1]
  .text              ro code   0x800'2d40     0x4  startup_stm32h750xx.o [1]
  .text              ro code   0x800'2d44     0x4  startup_stm32h750xx.o [1]
  .text              ro code   0x800'2d48     0x4  startup_stm32h750xx.o [1]
  .text              ro code   0x800'2d4c     0x4  startup_stm32h750xx.o [1]
  .text              ro code   0x800'2d50     0x4  startup_stm32h750xx.o [1]
  .text              ro code   0x800'2d54     0x4  startup_stm32h750xx.o [1]
  .text              ro code   0x800'2d58     0x4  startup_stm32h750xx.o [1]
  .text              ro code   0x800'2d5c     0x4  startup_stm32h750xx.o [1]
  .text              ro code   0x800'2d60     0x4  startup_stm32h750xx.o [1]
  .text              ro code   0x800'2d64     0x4  startup_stm32h750xx.o [1]
  .text              ro code   0x800'2d68     0x4  startup_stm32h750xx.o [1]
  .text              ro code   0x800'2d6c     0x4  startup_stm32h750xx.o [1]
  .text              ro code   0x800'2d70     0x4  startup_stm32h750xx.o [1]
  .text              ro code   0x800'2d74     0x4  startup_stm32h750xx.o [1]
  .text              ro code   0x800'2d78     0x4  startup_stm32h750xx.o [1]
  .text              ro code   0x800'2d7c     0x4  startup_stm32h750xx.o [1]
  .text              ro code   0x800'2d80     0x4  startup_stm32h750xx.o [1]
  .text              ro code   0x800'2d84     0x4  startup_stm32h750xx.o [1]
  .text              ro code   0x800'2d88     0x4  startup_stm32h750xx.o [1]
  .text              ro code   0x800'2d8c     0x4  startup_stm32h750xx.o [1]
  .text              ro code   0x800'2d90     0x4  startup_stm32h750xx.o [1]
  .text              ro code   0x800'2d94     0x4  startup_stm32h750xx.o [1]
  .text              ro code   0x800'2d98     0x4  startup_stm32h750xx.o [1]
  .text              ro code   0x800'2d9c     0x4  startup_stm32h750xx.o [1]
  .text              ro code   0x800'2da0     0x4  startup_stm32h750xx.o [1]
  .text              ro code   0x800'2da4     0x4  startup_stm32h750xx.o [1]
  .text              ro code   0x800'2da8     0x4  startup_stm32h750xx.o [1]
  .text              ro code   0x800'2dac     0x4  startup_stm32h750xx.o [1]
  .text              ro code   0x800'2db0     0x4  startup_stm32h750xx.o [1]
  .text              ro code   0x800'2db4     0x4  startup_stm32h750xx.o [1]
  .text              ro code   0x800'2db8     0x4  startup_stm32h750xx.o [1]
  .text              ro code   0x800'2dbc     0x4  startup_stm32h750xx.o [1]
  .text              ro code   0x800'2dc0     0x4  startup_stm32h750xx.o [1]
  .text              ro code   0x800'2dc4     0x4  startup_stm32h750xx.o [1]
  .text              ro code   0x800'2dc8     0x4  startup_stm32h750xx.o [1]
  .text              ro code   0x800'2dcc     0x4  startup_stm32h750xx.o [1]
  .text              ro code   0x800'2dd0     0x4  startup_stm32h750xx.o [1]
  .text              ro code   0x800'2dd4     0x4  startup_stm32h750xx.o [1]
  .text              ro code   0x800'2dd8     0x4  startup_stm32h750xx.o [1]
  .text              ro code   0x800'2ddc     0x4  startup_stm32h750xx.o [1]
  .text              ro code   0x800'2de0     0x4  startup_stm32h750xx.o [1]
  .text              ro code   0x800'2de4     0x4  startup_stm32h750xx.o [1]
  .text              ro code   0x800'2de8     0x4  startup_stm32h750xx.o [1]
  .text              ro code   0x800'2dec     0x4  startup_stm32h750xx.o [1]
  .text              ro code   0x800'2df0     0x4  startup_stm32h750xx.o [1]
  .text              ro code   0x800'2df4     0x4  startup_stm32h750xx.o [1]
  .text              ro code   0x800'2df8     0x4  startup_stm32h750xx.o [1]
  .text              ro code   0x800'2dfc     0x4  startup_stm32h750xx.o [1]
  .text              ro code   0x800'2e00     0x4  startup_stm32h750xx.o [1]
  .text              ro code   0x800'2e04     0x4  startup_stm32h750xx.o [1]
  .text              ro code   0x800'2e08     0x4  startup_stm32h750xx.o [1]
  .text              ro code   0x800'2e0c     0x4  startup_stm32h750xx.o [1]
  .text              ro code   0x800'2e10     0x4  startup_stm32h750xx.o [1]
  .text              ro code   0x800'2e14     0x4  startup_stm32h750xx.o [1]
  .text              ro code   0x800'2e18     0x4  startup_stm32h750xx.o [1]
  .text              ro code   0x800'2e1c     0x4  startup_stm32h750xx.o [1]
  .text              ro code   0x800'2e20     0x4  startup_stm32h750xx.o [1]
  .text              ro code   0x800'2e24     0x4  startup_stm32h750xx.o [1]
  .text              ro code   0x800'2e28     0x4  startup_stm32h750xx.o [1]
  .text              ro code   0x800'2e2c     0x4  startup_stm32h750xx.o [1]
  .text              ro code   0x800'2e30     0x4  startup_stm32h750xx.o [1]
  .text              ro code   0x800'2e34     0x4  startup_stm32h750xx.o [1]
  .text              ro code   0x800'2e38     0x4  startup_stm32h750xx.o [1]
  .text              ro code   0x800'2e3c     0x4  startup_stm32h750xx.o [1]
  .text              ro code   0x800'2e40     0x4  startup_stm32h750xx.o [1]
  .text              ro code   0x800'2e44     0x4  startup_stm32h750xx.o [1]
  .text              ro code   0x800'2e48     0x4  startup_stm32h750xx.o [1]
  .text              ro code   0x800'2e4c     0x4  startup_stm32h750xx.o [1]
  .text              ro code   0x800'2e50     0x4  startup_stm32h750xx.o [1]
  .text              ro code   0x800'2e54     0x4  startup_stm32h750xx.o [1]
  .text              ro code   0x800'2e58     0x4  startup_stm32h750xx.o [1]
  .text              ro code   0x800'2e5c     0x4  startup_stm32h750xx.o [1]
  .text              ro code   0x800'2e60     0x4  startup_stm32h750xx.o [1]
  .text              ro code   0x800'2e64     0x4  startup_stm32h750xx.o [1]
  .text              ro code   0x800'2e68     0x4  startup_stm32h750xx.o [1]
  .text              ro code   0x800'2e6c     0x4  startup_stm32h750xx.o [1]
  .text              ro code   0x800'2e70     0x4  startup_stm32h750xx.o [1]
  .text              ro code   0x800'2e74     0x4  startup_stm32h750xx.o [1]
  .text              ro code   0x800'2e78     0x4  startup_stm32h750xx.o [1]
  .text              ro code   0x800'2e7c     0x4  startup_stm32h750xx.o [1]
  .text              ro code   0x800'2e80     0x4  startup_stm32h750xx.o [1]
  .text              ro code   0x800'2e84     0x4  startup_stm32h750xx.o [1]
  .text              ro code   0x800'2e88     0x4  startup_stm32h750xx.o [1]
  .text              ro code   0x800'2e8c     0x4  startup_stm32h750xx.o [1]
  .text              ro code   0x800'2e90     0x4  startup_stm32h750xx.o [1]
  .text              ro code   0x800'2e94     0x4  startup_stm32h750xx.o [1]
  .text              ro code   0x800'2e98     0x4  startup_stm32h750xx.o [1]
  .text              ro code   0x800'2e9c     0x4  startup_stm32h750xx.o [1]
  .text              ro code   0x800'2ea0     0x4  startup_stm32h750xx.o [1]
  .text              ro code   0x800'2ea4     0x4  startup_stm32h750xx.o [1]
  .rodata            const     0x800'2ea8     0x0  zero_init3.o [4]
  .rodata            const     0x800'2ea8     0x0  copy_init3.o [4]
                             - 0x800'2ea8  0x2c10

"P2", part 1 of 3:                           0x10
  P2-1                        0x2000'0000     0xd  <Init block>
    .data            inited   0x2000'0000     0x4  stm32h7xx_hal.o [1]
    .data            inited   0x2000'0004     0x4  system_stm32h7xx.o [1]
    .data            inited   0x2000'0008     0x4  system_stm32h7xx.o [1]
    .data            inited   0x2000'000c     0x1  stm32h7xx_hal.o [1]
                            - 0x2000'000d     0xd

"P2", part 2 of 3:                           0x5c
  .bss               zero     0x2000'0010    0x4c  quadspi.o [1]
  .bss               zero     0x2000'005c     0x4  main.o [1]
  .bss               zero     0x2000'0060     0x4  main.o [1]
  .bss               zero     0x2000'0064     0x4  stm32h7xx_hal.o [1]
  .bss               zero     0x2000'0068     0x1  w25qxx.o [1]
                            - 0x2000'0069    0x59

"P2", part 3 of 3:                         0x1200
  CSTACK                      0x2000'0070  0x1200  <Block>
    CSTACK           uninit   0x2000'0070  0x1200  <Block tail>
                            - 0x2000'1270  0x1200

Unused ranges:

         From           To      Size
         ----           --      ----
   0x800'2ea8   0x801'ffff  0x1'd158
  0x2000'006c  0x2000'006f       0x4
  0x2000'1270  0x2001'ffff  0x1'ed90


*******************************************************************************
*** INIT TABLE
***

          Address      Size
          -------      ----
Zero (__iar_zero_init3)
    1 destination range, total size 0x59:
          0x2000'0010  0x59

Copy (__iar_copy_init3)
    1 source range, total size 0x10 (123% of destination):
           0x800'2c5c  0x10
    1 destination range, total size 0xd:
          0x2000'0000   0xd



*******************************************************************************
*** MODULE SUMMARY
***

    Module                  ro code  ro data  rw data
    ------                  -------  -------  -------
command line/config:
    -------------------------------------------------
    Total:

F:\lxf\SW\Boot\EWARM\Boot\Obj: [1]
    gpio.o                       84
    main.o                      432                 8
    quadspi.o                   312                76
    startup_stm32h750xx.o     1'240
    stm32h7xx_hal.o             240        5        9
    stm32h7xx_hal_cortex.o      256
    stm32h7xx_hal_gpio.o        596
    stm32h7xx_hal_msp.o          32
    stm32h7xx_hal_pwr_ex.o       88
    stm32h7xx_hal_qspi.o        932
    stm32h7xx_hal_rcc.o       2'840
    stm32h7xx_hal_rcc_ex.o    3'192
    stm32h7xx_it.o               24
    system_stm32h7xx.o          292       24        8
    w25qxx.o                    928                 1
    -------------------------------------------------
    Total:                   11'488       29      102

dl7M_tln.a: [2]
    exit.o                        4
    low_level_init.o              4
    -------------------------------------------------
    Total:                        8

m7M_tlv.a: [3]
    fpinit_M.o                   34
    -------------------------------------------------
    Total:                       34

rt7M_tl.a: [4]
    ABImemset.o                 102
    cexit.o                      10
    cmain.o                      30
    copy_init3.o                 46
    cstartup_M.o                 12
    data_init.o                  40
    memset.o                     20
    zero_init3.o                 58
    -------------------------------------------------
    Total:                      318

shb_l.a: [5]
    exit.o                       20
    -------------------------------------------------
    Total:                       20

    Gaps                          6        2
    Linker created                        39    4'608
-----------------------------------------------------
    Grand Total:             11'874       70    4'710


*******************************************************************************
*** ENTRY LIST
***

Entry                       Address   Size  Type      Object
-----                       -------   ----  ----      ------
.iar.init_table$$Base    0x800'2ba0          --   Gb  - Linker created -
.iar.init_table$$Limit   0x800'2bc4          --   Gb  - Linker created -
?main                    0x800'2bc5         Code  Gb  cmain.o [4]
BusFault_Handler         0x800'2c2b    0x2  Code  Gb  stm32h7xx_it.o [1]
CSTACK$$Base            0x2000'0070          --   Gb  - Linker created -
CSTACK$$Limit           0x2000'1270          --   Gb  - Linker created -
D1CorePrescTable         0x800'2c3c   0x10  Data  Gb  system_stm32h7xx.o [1]
DebugMon_Handler         0x800'2c31    0x2  Code  Gb  stm32h7xx_it.o [1]
Error_Handler            0x800'22a9    0x4  Code  Gb  main.o [1]
HAL_GPIO_Init            0x800'22c1  0x21a  Code  Gb  stm32h7xx_hal_gpio.o [1]
HAL_GetREVID             0x800'1ae1    0xa  Code  Gb  stm32h7xx_hal.o [1]
HAL_GetTick              0x800'0f11    0xc  Code  Wk  stm32h7xx_hal.o [1]
HAL_IncTick              0x800'2c0d   0x18  Code  Wk  stm32h7xx_hal.o [1]
HAL_Init                 0x800'1a8d   0x54  Code  Gb  stm32h7xx_hal.o [1]
HAL_InitTick             0x800'1a35   0x58  Code  Wk  stm32h7xx_hal.o [1]
HAL_MspInit              0x800'1c01   0x20  Code  Gb  stm32h7xx_hal_msp.o [1]
HAL_NVIC_SetPriority     0x800'1bbb   0x20  Code  Gb  stm32h7xx_hal_cortex.o [1]
HAL_NVIC_SetPriorityGrouping
                         0x800'1bb3    0x8  Code  Gb  stm32h7xx_hal_cortex.o [1]
HAL_PWREx_ConfigSupply   0x800'2909   0x4e  Code  Gb  stm32h7xx_hal_pwr_ex.o [1]
HAL_QSPI_Init            0x800'1c21   0xb0  Code  Gb  stm32h7xx_hal_qspi.o [1]
HAL_QSPI_MemoryMapped    0x800'1cd9   0xa0  Code  Gb  stm32h7xx_hal_qspi.o [1]
HAL_QSPI_MspInit         0x800'1ffd   0xe2  Code  Gb  quadspi.o [1]
HAL_QSPI_SetTimeout      0x800'1d79    0x4  Code  Gb  stm32h7xx_hal_qspi.o [1]
HAL_RCCEx_PeriphCLKConfig
                         0x800'0299  0xa1a  Code  Gb  stm32h7xx_hal_rcc_ex.o [1]
HAL_RCC_ClockConfig      0x800'0f1d  0x28a  Code  Gb  stm32h7xx_hal_rcc.o [1]
HAL_RCC_GetSysClockFreq
                         0x800'11a9  0x1ea  Code  Gb  stm32h7xx_hal_rcc.o [1]
HAL_RCC_OscConfig        0x800'13e9  0x64c  Code  Wk  stm32h7xx_hal_rcc.o [1]
HAL_SYSTICK_Config       0x800'1bdb    0x8  Code  Gb  stm32h7xx_hal_cortex.o [1]
HardFault_Handler        0x800'2c27    0x2  Code  Gb  stm32h7xx_it.o [1]
Jump2App                 0x800'20fd   0x20  Code  Gb  main.o [1]
JumpAddress             0x2000'0060    0x4  Data  Gb  main.o [1]
Jump_To_Application     0x2000'005c    0x4  Data  Gb  main.o [1]
MX_GPIO_Init             0x800'2515   0x54  Code  Gb  gpio.o [1]
MX_QUADSPI_Init          0x800'1fc5   0x38  Code  Gb  quadspi.o [1]
MemManage_Handler        0x800'2c29    0x2  Code  Gb  stm32h7xx_it.o [1]
NMI_Handler              0x800'2c25    0x2  Code  Gb  stm32h7xx_it.o [1]
NVIC_EncodePriority      0x800'1b49   0x3c  Code  Lc  stm32h7xx_hal_cortex.o [1]
PendSV_Handler           0x800'2c33    0x2  Code  Gb  stm32h7xx_it.o [1]
QSPI_Config              0x800'1dcd  0x1f8  Code  Lc  stm32h7xx_hal_qspi.o [1]
QSPI_Receive             0x800'2631   0x9a  Code  Lc  w25qxx.o [1]
QSPI_Send_CMD            0x800'259b   0x96  Code  Lc  w25qxx.o [1]
QSPI_Transmit            0x800'26cb   0x86  Code  Lc  w25qxx.o [1]
QSPI_WaitFlagStateUntilTimeout
                         0x800'1d7d   0x50  Code  Lc  stm32h7xx_hal_qspi.o [1]
QSPI_Wait_Flag           0x800'2569   0x32  Code  Lc  w25qxx.o [1]
RCCEx_PLL2_Config        0x800'0cd9  0x10e  Code  Lc  stm32h7xx_hal_rcc_ex.o [1]
RCCEx_PLL3_Config        0x800'0de7  0x10e  Code  Lc  stm32h7xx_hal_rcc_ex.o [1]
Region$$Table$$Base      0x800'2ba0          --   Gb  - Linker created -
Region$$Table$$Limit     0x800'2bc4          --   Gb  - Linker created -
SVC_Handler              0x800'2c2f    0x2  Code  Gb  stm32h7xx_it.o [1]
SysTick_Config           0x800'1b85   0x2e  Code  Lc  stm32h7xx_hal_cortex.o [1]
SysTick_Handler          0x800'2c35    0x8  Code  Gb  stm32h7xx_it.o [1]
SystemClock_Config       0x800'21bb   0xc4  Code  Gb  main.o [1]
SystemCoreClock         0x2000'0004    0x4  Data  Gb  system_stm32h7xx.o [1]
SystemD2Clock           0x2000'0008    0x4  Data  Gb  system_stm32h7xx.o [1]
SystemInit               0x800'2a01   0xc2  Code  Gb  system_stm32h7xx.o [1]
UsageFault_Handler       0x800'2c2d    0x2  Code  Gb  stm32h7xx_it.o [1]
W25QXX_EnableMemoryMapped
                         0x800'2851   0x4c  Code  Gb  w25qxx.o [1]
W25QXX_Init              0x800'28c1   0x48  Code  Gb  w25qxx.o [1]
W25QXX_QPI_MODE         0x2000'0068    0x1  Data  Lc  w25qxx.o [1]
W25QXX_Qspi_Enable       0x800'281d   0x34  Code  Lc  w25qxx.o [1]
W25QXX_ReadSR            0x800'2751   0x58  Code  Lc  w25qxx.o [1]
W25QXX_Write_Enable      0x800'27f7   0x26  Code  Lc  w25qxx.o [1]
W25QXX_Write_SR          0x800'27a9   0x4e  Code  Lc  w25qxx.o [1]
__NVIC_GetPriorityGrouping
                         0x800'1b1b    0xa  Code  Lc  stm32h7xx_hal_cortex.o [1]
__NVIC_SetPriority       0x800'1b25   0x24  Code  Lc  stm32h7xx_hal_cortex.o [1]
__NVIC_SetPriorityGrouping
                         0x800'1b01   0x1a  Code  Lc  stm32h7xx_hal_cortex.o [1]
__aeabi_memset           0x800'2961         Code  Gb  ABImemset.o [4]
__cmain                  0x800'2bc5         Code  Gb  cmain.o [4]
__exit                   0x800'2bf9   0x14  Code  Gb  exit.o [5]
__iar_Memset             0x800'2961         Code  Gb  ABImemset.o [4]
__iar_Memset_word        0x800'2969         Code  Gb  ABImemset.o [4]
__iar_copy_init3         0x800'2b25   0x2e  Code  Gb  copy_init3.o [4]
__iar_data_init3         0x800'2b55   0x28  Code  Gb  data_init.o [4]
__iar_init_vfp           0x800'2b7d         Code  Gb  fpinit_M.o [3]
__iar_program_start      0x800'2c6d         Code  Gb  cstartup_M.o [4]
__iar_zero_init3         0x800'29c7   0x3a  Code  Gb  zero_init3.o [4]
__low_level_init         0x800'2be3    0x4  Code  Gb  low_level_init.o [2]
__vector_table           0x800'0000         Data  Gb  startup_stm32h750xx.o [1]
_call_main               0x800'2bd1         Code  Gb  cmain.o [4]
_exit                    0x800'2bed         Code  Gb  cexit.o [4]
_main                    0x800'2bdf         Code  Gb  cmain.o [4]
exit                     0x800'2be7    0x4  Code  Gb  exit.o [2]
hqspi                   0x2000'0010   0x4c  Data  Gb  quadspi.o [1]
main                     0x800'211d   0x9e  Code  Gb  main.o [1]
memset                   0x800'22ad   0x14  Code  Gb  memset.o [4]
uwTick                  0x2000'0064    0x4  Data  Gb  stm32h7xx_hal.o [1]
uwTickFreq              0x2000'000c    0x1  Data  Gb  stm32h7xx_hal.o [1]
uwTickPrio              0x2000'0000    0x4  Data  Gb  stm32h7xx_hal.o [1]


[1] = F:\lxf\SW\Boot\EWARM\Boot\Obj
[2] = dl7M_tln.a
[3] = m7M_tlv.a
[4] = rt7M_tl.a
[5] = shb_l.a

  11'874 bytes of readonly  code memory
      70 bytes of readonly  data memory
   4'710 bytes of readwrite data memory

Errors: none
Warnings: none
