###############################################################################
#
# IAR ELF Linker V8.40.1.212/W32 for ARM                  18/Oct/2021  17:35:20
# Copyright 2007-2019 IAR Systems AB.
#
#    Output file  =  F:\WQA\App\EWARM\App\Exe\App.out
#    Map file     =  F:\WQA\App\EWARM\App\List\App.map
#    Command line =
#        -f C:\Users\walker\AppData\Local\Temp\EW7559.tmp
#        (F:\WQA\App\EWARM\App\Obj\adc.o F:\WQA\App\EWARM\App\Obj\bsp.o
#        F:\WQA\App\EWARM\App\Obj\bsp_adc.o F:\WQA\App\EWARM\App\Obj\bsp_cli.o
#        F:\WQA\App\EWARM\App\Obj\bsp_dwt.o
#        F:\WQA\App\EWARM\App\Obj\bsp_eeprom.o
#        F:\WQA\App\EWARM\App\Obj\bsp_lcd.o F:\WQA\App\EWARM\App\Obj\bsp_sdio.o
#        F:\WQA\App\EWARM\App\Obj\bsp_touch.o F:\WQA\App\EWARM\App\Obj\file.o
#        F:\WQA\App\EWARM\App\Obj\fx_directory_attributes_read.o
#        F:\WQA\App\EWARM\App\Obj\fx_directory_attributes_set.o
#        F:\WQA\App\EWARM\App\Obj\fx_directory_create.o
#        F:\WQA\App\EWARM\App\Obj\fx_directory_default_get.o
#        F:\WQA\App\EWARM\App\Obj\fx_directory_default_get_copy.o
#        F:\WQA\App\EWARM\App\Obj\fx_directory_default_set.o
#        F:\WQA\App\EWARM\App\Obj\fx_directory_delete.o
#        F:\WQA\App\EWARM\App\Obj\fx_directory_entry_read.o
#        F:\WQA\App\EWARM\App\Obj\fx_directory_entry_write.o
#        F:\WQA\App\EWARM\App\Obj\fx_directory_exFAT_entry_read.o
#        F:\WQA\App\EWARM\App\Obj\fx_directory_exFAT_entry_write.o
#        F:\WQA\App\EWARM\App\Obj\fx_directory_exFAT_free_search.o
#        F:\WQA\App\EWARM\App\Obj\fx_directory_exFAT_unicode_entry_write.o
#        F:\WQA\App\EWARM\App\Obj\fx_directory_first_entry_find.o
#        F:\WQA\App\EWARM\App\Obj\fx_directory_first_full_entry_find.o
#        F:\WQA\App\EWARM\App\Obj\fx_directory_free_search.o
#        F:\WQA\App\EWARM\App\Obj\fx_directory_information_get.o
#        F:\WQA\App\EWARM\App\Obj\fx_directory_local_path_clear.o
#        F:\WQA\App\EWARM\App\Obj\fx_directory_local_path_get.o
#        F:\WQA\App\EWARM\App\Obj\fx_directory_local_path_get_copy.o
#        F:\WQA\App\EWARM\App\Obj\fx_directory_local_path_restore.o
#        F:\WQA\App\EWARM\App\Obj\fx_directory_local_path_set.o
#        F:\WQA\App\EWARM\App\Obj\fx_directory_long_name_get.o
#        F:\WQA\App\EWARM\App\Obj\fx_directory_long_name_get_extended.o
#        F:\WQA\App\EWARM\App\Obj\fx_directory_name_extract.o
#        F:\WQA\App\EWARM\App\Obj\fx_directory_name_test.o
#        F:\WQA\App\EWARM\App\Obj\fx_directory_next_entry_find.o
#        F:\WQA\App\EWARM\App\Obj\fx_directory_next_full_entry_find.o
#        F:\WQA\App\EWARM\App\Obj\fx_directory_rename.o
#        F:\WQA\App\EWARM\App\Obj\fx_directory_search.o
#        F:\WQA\App\EWARM\App\Obj\fx_directory_short_name_get.o
#        F:\WQA\App\EWARM\App\Obj\fx_directory_short_name_get_extended.o
#        F:\WQA\App\EWARM\App\Obj\fx_fault_tolerant_add_bitmap_log.o
#        F:\WQA\App\EWARM\App\Obj\fx_fault_tolerant_add_checksum_log.o
#        F:\WQA\App\EWARM\App\Obj\fx_fault_tolerant_add_dir_log.o
#        F:\WQA\App\EWARM\App\Obj\fx_fault_tolerant_add_FAT_log.o
#        F:\WQA\App\EWARM\App\Obj\fx_fault_tolerant_apply_logs.o
#        F:\WQA\App\EWARM\App\Obj\fx_fault_tolerant_calculate_checksum.o
#        F:\WQA\App\EWARM\App\Obj\fx_fault_tolerant_cleanup_FAT_chain.o
#        F:\WQA\App\EWARM\App\Obj\fx_fault_tolerant_create_log_file.o
#        F:\WQA\App\EWARM\App\Obj\fx_fault_tolerant_enable.o
#        F:\WQA\App\EWARM\App\Obj\fx_fault_tolerant_read_directory_sector.o
#        F:\WQA\App\EWARM\App\Obj\fx_fault_tolerant_read_FAT.o
#        F:\WQA\App\EWARM\App\Obj\fx_fault_tolerant_read_log_file.o
#        F:\WQA\App\EWARM\App\Obj\fx_fault_tolerant_recover.o
#        F:\WQA\App\EWARM\App\Obj\fx_fault_tolerant_reset_log_file.o
#        F:\WQA\App\EWARM\App\Obj\fx_fault_tolerant_set_FAT_chain.o
#        F:\WQA\App\EWARM\App\Obj\fx_fault_tolerant_transaction_end.o
#        F:\WQA\App\EWARM\App\Obj\fx_fault_tolerant_transaction_fail.o
#        F:\WQA\App\EWARM\App\Obj\fx_fault_tolerant_transaction_start.o
#        F:\WQA\App\EWARM\App\Obj\fx_fault_tolerant_write_log_file.o
#        F:\WQA\App\EWARM\App\Obj\fx_file_allocate.o
#        F:\WQA\App\EWARM\App\Obj\fx_file_attributes_read.o
#        F:\WQA\App\EWARM\App\Obj\fx_file_attributes_set.o
#        F:\WQA\App\EWARM\App\Obj\fx_file_best_effort_allocate.o
#        F:\WQA\App\EWARM\App\Obj\fx_file_close.o
#        F:\WQA\App\EWARM\App\Obj\fx_file_create.o
#        F:\WQA\App\EWARM\App\Obj\fx_file_date_time_set.o
#        F:\WQA\App\EWARM\App\Obj\fx_file_delete.o
#        F:\WQA\App\EWARM\App\Obj\fx_file_extended_allocate.o
#        F:\WQA\App\EWARM\App\Obj\fx_file_extended_best_effort_allocate.o
#        F:\WQA\App\EWARM\App\Obj\fx_file_extended_relative_seek.o
#        F:\WQA\App\EWARM\App\Obj\fx_file_extended_seek.o
#        F:\WQA\App\EWARM\App\Obj\fx_file_extended_truncate.o
#        F:\WQA\App\EWARM\App\Obj\fx_file_extended_truncate_release.o
#        F:\WQA\App\EWARM\App\Obj\fx_file_open.o
#        F:\WQA\App\EWARM\App\Obj\fx_file_read.o
#        F:\WQA\App\EWARM\App\Obj\fx_file_relative_seek.o
#        F:\WQA\App\EWARM\App\Obj\fx_file_rename.o
#        F:\WQA\App\EWARM\App\Obj\fx_file_seek.o
#        F:\WQA\App\EWARM\App\Obj\fx_file_truncate.o
#        F:\WQA\App\EWARM\App\Obj\fx_file_truncate_release.o
#        F:\WQA\App\EWARM\App\Obj\fx_file_write.o
#        F:\WQA\App\EWARM\App\Obj\fx_file_write_notify_set.o
#        F:\WQA\App\EWARM\App\Obj\fx_media_abort.o
#        F:\WQA\App\EWARM\App\Obj\fx_media_boot_info_extract.o
#        F:\WQA\App\EWARM\App\Obj\fx_media_cache_invalidate.o
#        F:\WQA\App\EWARM\App\Obj\fx_media_check.o
#        F:\WQA\App\EWARM\App\Obj\fx_media_check_FAT_chain_check.o
#        F:\WQA\App\EWARM\App\Obj\fx_media_check_lost_cluster_check.o
#        F:\WQA\App\EWARM\App\Obj\fx_media_close.o
#        F:\WQA\App\EWARM\App\Obj\fx_media_close_notify_set.o
#        F:\WQA\App\EWARM\App\Obj\fx_media_exFAT_format.o
#        F:\WQA\App\EWARM\App\Obj\fx_media_extended_space_available.o
#        F:\WQA\App\EWARM\App\Obj\fx_media_flush.o
#        F:\WQA\App\EWARM\App\Obj\fx_media_format.o
#        F:\WQA\App\EWARM\App\Obj\fx_media_format_oem_name_set.o
#        F:\WQA\App\EWARM\App\Obj\fx_media_format_type_set.o
#        F:\WQA\App\EWARM\App\Obj\fx_media_format_volume_id_set.o
#        F:\WQA\App\EWARM\App\Obj\fx_media_open.o
#        F:\WQA\App\EWARM\App\Obj\fx_media_open_notify_set.o
#        F:\WQA\App\EWARM\App\Obj\fx_media_read.o
#        F:\WQA\App\EWARM\App\Obj\fx_media_space_available.o
#        F:\WQA\App\EWARM\App\Obj\fx_media_volume_get.o
#        F:\WQA\App\EWARM\App\Obj\fx_media_volume_get_extended.o
#        F:\WQA\App\EWARM\App\Obj\fx_media_volume_set.o
#        F:\WQA\App\EWARM\App\Obj\fx_media_write.o
#        F:\WQA\App\EWARM\App\Obj\fx_partition_offset_calculate.o
#        F:\WQA\App\EWARM\App\Obj\fx_ram_driver.o
#        F:\WQA\App\EWARM\App\Obj\fx_stm32_sdio_driver.o
#        F:\WQA\App\EWARM\App\Obj\fx_system_date_get.o
#        F:\WQA\App\EWARM\App\Obj\fx_system_date_set.o
#        F:\WQA\App\EWARM\App\Obj\fx_system_initialize.o
#        F:\WQA\App\EWARM\App\Obj\fx_system_time_get.o
#        F:\WQA\App\EWARM\App\Obj\fx_system_time_set.o
#        F:\WQA\App\EWARM\App\Obj\fx_system_timer_entry.o
#        F:\WQA\App\EWARM\App\Obj\fx_trace_event_insert.o
#        F:\WQA\App\EWARM\App\Obj\fx_trace_event_update.o
#        F:\WQA\App\EWARM\App\Obj\fx_trace_object_register.o
#        F:\WQA\App\EWARM\App\Obj\fx_trace_object_unregister.o
#        F:\WQA\App\EWARM\App\Obj\fx_unicode_directory_create.o
#        F:\WQA\App\EWARM\App\Obj\fx_unicode_directory_entry_change.o
#        F:\WQA\App\EWARM\App\Obj\fx_unicode_directory_entry_read.o
#        F:\WQA\App\EWARM\App\Obj\fx_unicode_directory_rename.o
#        F:\WQA\App\EWARM\App\Obj\fx_unicode_directory_search.o
#        F:\WQA\App\EWARM\App\Obj\fx_unicode_file_create.o
#        F:\WQA\App\EWARM\App\Obj\fx_unicode_file_rename.o
#        F:\WQA\App\EWARM\App\Obj\fx_unicode_length_get.o
#        F:\WQA\App\EWARM\App\Obj\fx_unicode_length_get_extended.o
#        F:\WQA\App\EWARM\App\Obj\fx_unicode_name_get.o
#        F:\WQA\App\EWARM\App\Obj\fx_unicode_name_get_extended.o
#        F:\WQA\App\EWARM\App\Obj\fx_unicode_short_name_get.o
#        F:\WQA\App\EWARM\App\Obj\fx_unicode_short_name_get_extended.o
#        F:\WQA\App\EWARM\App\Obj\fx_utility_16_unsigned_read.o
#        F:\WQA\App\EWARM\App\Obj\fx_utility_16_unsigned_write.o
#        F:\WQA\App\EWARM\App\Obj\fx_utility_32_unsigned_read.o
#        F:\WQA\App\EWARM\App\Obj\fx_utility_32_unsigned_write.o
#        F:\WQA\App\EWARM\App\Obj\fx_utility_64_unsigned_read.o
#        F:\WQA\App\EWARM\App\Obj\fx_utility_64_unsigned_write.o
#        F:\WQA\App\EWARM\App\Obj\fx_utility_absolute_path_get.o
#        F:\WQA\App\EWARM\App\Obj\fx_utility_exFAT_allocate_new_cluster.o
#        F:\WQA\App\EWARM\App\Obj\fx_utility_exFAT_bitmap_cache_prepare.o
#        F:\WQA\App\EWARM\App\Obj\fx_utility_exFAT_bitmap_cache_update.o
#        F:\WQA\App\EWARM\App\Obj\fx_utility_exFAT_bitmap_flush.o
#        F:\WQA\App\EWARM\App\Obj\fx_utility_exFAT_bitmap_free_cluster_find.o
#        F:\WQA\App\EWARM\App\Obj\fx_utility_exFAT_bitmap_initialize.o
#        F:\WQA\App\EWARM\App\Obj\fx_utility_exFAT_bitmap_start_sector_get.o
#        F:\WQA\App\EWARM\App\Obj\fx_utility_exFAT_cluster_free.o
#        F:\WQA\App\EWARM\App\Obj\fx_utility_exFAT_cluster_state_get.o
#        F:\WQA\App\EWARM\App\Obj\fx_utility_exFAT_cluster_state_set.o
#        F:\WQA\App\EWARM\App\Obj\fx_utility_exFAT_geometry_check.o
#        F:\WQA\App\EWARM\App\Obj\fx_utility_exFAT_name_hash_get.o
#        F:\WQA\App\EWARM\App\Obj\fx_utility_exFAT_size_calculate.o
#        F:\WQA\App\EWARM\App\Obj\fx_utility_exFAT_system_area_checksum_verify.o
#        F:\WQA\App\EWARM\App\Obj\fx_utility_exFAT_system_area_checksum_write.o
#        F:\WQA\App\EWARM\App\Obj\fx_utility_exFAT_system_area_format.o
#        F:\WQA\App\EWARM\App\Obj\fx_utility_exFAT_system_sector_write.o
#        F:\WQA\App\EWARM\App\Obj\fx_utility_exFAT_unicode_name_hash_get.o
#        F:\WQA\App\EWARM\App\Obj\fx_utility_exFAT_upcase_table.o
#        F:\WQA\App\EWARM\App\Obj\fx_utility_FAT_entry_read.o
#        F:\WQA\App\EWARM\App\Obj\fx_utility_FAT_entry_write.o
#        F:\WQA\App\EWARM\App\Obj\fx_utility_FAT_flush.o
#        F:\WQA\App\EWARM\App\Obj\fx_utility_FAT_map_flush.o
#        F:\WQA\App\EWARM\App\Obj\fx_utility_FAT_sector_get.o
#        F:\WQA\App\EWARM\App\Obj\fx_utility_logical_sector_cache_entry_read.o
#        F:\WQA\App\EWARM\App\Obj\fx_utility_logical_sector_flush.o
#        F:\WQA\App\EWARM\App\Obj\fx_utility_logical_sector_read.o
#        F:\WQA\App\EWARM\App\Obj\fx_utility_logical_sector_write.o
#        F:\WQA\App\EWARM\App\Obj\fx_utility_memory_copy.o
#        F:\WQA\App\EWARM\App\Obj\fx_utility_memory_set.o
#        F:\WQA\App\EWARM\App\Obj\fx_utility_string_length_get.o
#        F:\WQA\App\EWARM\App\Obj\fx_utility_token_length_get.o
#        F:\WQA\App\EWARM\App\Obj\fxe_directory_attributes_read.o
#        F:\WQA\App\EWARM\App\Obj\fxe_directory_attributes_set.o
#        F:\WQA\App\EWARM\App\Obj\fxe_directory_create.o
#        F:\WQA\App\EWARM\App\Obj\fxe_directory_default_get.o
#        F:\WQA\App\EWARM\App\Obj\fxe_directory_default_get_copy.o
#        F:\WQA\App\EWARM\App\Obj\fxe_directory_default_set.o
#        F:\WQA\App\EWARM\App\Obj\fxe_directory_delete.o
#        F:\WQA\App\EWARM\App\Obj\fxe_directory_first_entry_find.o
#        F:\WQA\App\EWARM\App\Obj\fxe_directory_first_full_entry_find.o
#        F:\WQA\App\EWARM\App\Obj\fxe_directory_information_get.o
#        F:\WQA\App\EWARM\App\Obj\fxe_directory_local_path_clear.o
#        F:\WQA\App\EWARM\App\Obj\fxe_directory_local_path_get.o
#        F:\WQA\App\EWARM\App\Obj\fxe_directory_local_path_get_copy.o
#        F:\WQA\App\EWARM\App\Obj\fxe_directory_local_path_restore.o
#        F:\WQA\App\EWARM\App\Obj\fxe_directory_local_path_set.o
#        F:\WQA\App\EWARM\App\Obj\fxe_directory_long_name_get.o
#        F:\WQA\App\EWARM\App\Obj\fxe_directory_long_name_get_extended.o
#        F:\WQA\App\EWARM\App\Obj\fxe_directory_name_test.o
#        F:\WQA\App\EWARM\App\Obj\fxe_directory_next_entry_find.o
#        F:\WQA\App\EWARM\App\Obj\fxe_directory_next_full_entry_find.o
#        F:\WQA\App\EWARM\App\Obj\fxe_directory_rename.o
#        F:\WQA\App\EWARM\App\Obj\fxe_directory_short_name_get.o
#        F:\WQA\App\EWARM\App\Obj\fxe_directory_short_name_get_extended.o
#        F:\WQA\App\EWARM\App\Obj\fxe_fault_tolerant_enable.o
#        F:\WQA\App\EWARM\App\Obj\fxe_file_allocate.o
#        F:\WQA\App\EWARM\App\Obj\fxe_file_attributes_read.o
#        F:\WQA\App\EWARM\App\Obj\fxe_file_attributes_set.o
#        F:\WQA\App\EWARM\App\Obj\fxe_file_best_effort_allocate.o
#        F:\WQA\App\EWARM\App\Obj\fxe_file_close.o
#        F:\WQA\App\EWARM\App\Obj\fxe_file_create.o
#        F:\WQA\App\EWARM\App\Obj\fxe_file_date_time_set.o
#        F:\WQA\App\EWARM\App\Obj\fxe_file_delete.o
#        F:\WQA\App\EWARM\App\Obj\fxe_file_extended_allocate.o
#        F:\WQA\App\EWARM\App\Obj\fxe_file_extended_best_effort_allocate.o
#        F:\WQA\App\EWARM\App\Obj\fxe_file_extended_relative_seek.o
#        F:\WQA\App\EWARM\App\Obj\fxe_file_extended_seek.o
#        F:\WQA\App\EWARM\App\Obj\fxe_file_extended_truncate.o
#        F:\WQA\App\EWARM\App\Obj\fxe_file_extended_truncate_release.o
#        F:\WQA\App\EWARM\App\Obj\fxe_file_open.o
#        F:\WQA\App\EWARM\App\Obj\fxe_file_read.o
#        F:\WQA\App\EWARM\App\Obj\fxe_file_relative_seek.o
#        F:\WQA\App\EWARM\App\Obj\fxe_file_rename.o
#        F:\WQA\App\EWARM\App\Obj\fxe_file_seek.o
#        F:\WQA\App\EWARM\App\Obj\fxe_file_truncate.o
#        F:\WQA\App\EWARM\App\Obj\fxe_file_truncate_release.o
#        F:\WQA\App\EWARM\App\Obj\fxe_file_write.o
#        F:\WQA\App\EWARM\App\Obj\fxe_file_write_notify_set.o
#        F:\WQA\App\EWARM\App\Obj\fxe_media_abort.o
#        F:\WQA\App\EWARM\App\Obj\fxe_media_cache_invalidate.o
#        F:\WQA\App\EWARM\App\Obj\fxe_media_check.o
#        F:\WQA\App\EWARM\App\Obj\fxe_media_close.o
#        F:\WQA\App\EWARM\App\Obj\fxe_media_close_notify_set.o
#        F:\WQA\App\EWARM\App\Obj\fxe_media_exFAT_format.o
#        F:\WQA\App\EWARM\App\Obj\fxe_media_extended_space_available.o
#        F:\WQA\App\EWARM\App\Obj\fxe_media_flush.o
#        F:\WQA\App\EWARM\App\Obj\fxe_media_format.o
#        F:\WQA\App\EWARM\App\Obj\fxe_media_open.o
#        F:\WQA\App\EWARM\App\Obj\fxe_media_open_notify_set.o
#        F:\WQA\App\EWARM\App\Obj\fxe_media_read.o
#        F:\WQA\App\EWARM\App\Obj\fxe_media_space_available.o
#        F:\WQA\App\EWARM\App\Obj\fxe_media_volume_get.o
#        F:\WQA\App\EWARM\App\Obj\fxe_media_volume_get_extended.o
#        F:\WQA\App\EWARM\App\Obj\fxe_media_volume_set.o
#        F:\WQA\App\EWARM\App\Obj\fxe_media_write.o
#        F:\WQA\App\EWARM\App\Obj\fxe_system_date_get.o
#        F:\WQA\App\EWARM\App\Obj\fxe_system_date_set.o
#        F:\WQA\App\EWARM\App\Obj\fxe_system_time_get.o
#        F:\WQA\App\EWARM\App\Obj\fxe_system_time_set.o
#        F:\WQA\App\EWARM\App\Obj\fxe_unicode_directory_create.o
#        F:\WQA\App\EWARM\App\Obj\fxe_unicode_directory_rename.o
#        F:\WQA\App\EWARM\App\Obj\fxe_unicode_file_create.o
#        F:\WQA\App\EWARM\App\Obj\fxe_unicode_file_rename.o
#        F:\WQA\App\EWARM\App\Obj\fxe_unicode_name_get.o
#        F:\WQA\App\EWARM\App\Obj\fxe_unicode_name_get_extended.o
#        F:\WQA\App\EWARM\App\Obj\fxe_unicode_short_name_get.o
#        F:\WQA\App\EWARM\App\Obj\fxe_unicode_short_name_get_extended.o
#        F:\WQA\App\EWARM\App\Obj\gpio.o F:\WQA\App\EWARM\App\Obj\ltdc.o
#        F:\WQA\App\EWARM\App\Obj\lv_anim.o
#        F:\WQA\App\EWARM\App\Obj\lv_animimg.o
#        F:\WQA\App\EWARM\App\Obj\lv_arc.o F:\WQA\App\EWARM\App\Obj\lv_area.o
#        F:\WQA\App\EWARM\App\Obj\lv_async.o F:\WQA\App\EWARM\App\Obj\lv_bar.o
#        F:\WQA\App\EWARM\App\Obj\lv_bidi.o F:\WQA\App\EWARM\App\Obj\lv_btn.o
#        F:\WQA\App\EWARM\App\Obj\lv_btnmatrix.o
#        F:\WQA\App\EWARM\App\Obj\lv_calendar.o
#        F:\WQA\App\EWARM\App\Obj\lv_calendar_header_arrow.o
#        F:\WQA\App\EWARM\App\Obj\lv_calendar_header_dropdown.o
#        F:\WQA\App\EWARM\App\Obj\lv_canvas.o
#        F:\WQA\App\EWARM\App\Obj\lv_chart.o
#        F:\WQA\App\EWARM\App\Obj\lv_checkbox.o
#        F:\WQA\App\EWARM\App\Obj\lv_color.o
#        F:\WQA\App\EWARM\App\Obj\lv_colorwheel.o
#        F:\WQA\App\EWARM\App\Obj\lv_disp.o
#        F:\WQA\App\EWARM\App\Obj\lv_draw_arc.o
#        F:\WQA\App\EWARM\App\Obj\lv_draw_blend.o
#        F:\WQA\App\EWARM\App\Obj\lv_draw_img.o
#        F:\WQA\App\EWARM\App\Obj\lv_draw_label.o
#        F:\WQA\App\EWARM\App\Obj\lv_draw_line.o
#        F:\WQA\App\EWARM\App\Obj\lv_draw_mask.o
#        F:\WQA\App\EWARM\App\Obj\lv_draw_rect.o
#        F:\WQA\App\EWARM\App\Obj\lv_draw_triangle.o
#        F:\WQA\App\EWARM\App\Obj\lv_dropdown.o
#        F:\WQA\App\EWARM\App\Obj\lv_event.o
#        F:\WQA\App\EWARM\App\Obj\lv_extra.o F:\WQA\App\EWARM\App\Obj\lv_flex.o
#        F:\WQA\App\EWARM\App\Obj\lv_font.o
#        F:\WQA\App\EWARM\App\Obj\lv_font_dejavu_16_persian_hebrew.o
#        F:\WQA\App\EWARM\App\Obj\lv_font_fmt_txt.o
#        F:\WQA\App\EWARM\App\Obj\lv_font_loader.o
#        F:\WQA\App\EWARM\App\Obj\lv_font_montserrat_10.o
#        F:\WQA\App\EWARM\App\Obj\lv_font_montserrat_12.o
#        F:\WQA\App\EWARM\App\Obj\lv_font_montserrat_12_subpx.o
#        F:\WQA\App\EWARM\App\Obj\lv_font_montserrat_14.o
#        F:\WQA\App\EWARM\App\Obj\lv_font_montserrat_16.o
#        F:\WQA\App\EWARM\App\Obj\lv_font_montserrat_18.o
#        F:\WQA\App\EWARM\App\Obj\lv_font_montserrat_20.o
#        F:\WQA\App\EWARM\App\Obj\lv_font_montserrat_22.o
#        F:\WQA\App\EWARM\App\Obj\lv_font_montserrat_24.o
#        F:\WQA\App\EWARM\App\Obj\lv_font_montserrat_26.o
#        F:\WQA\App\EWARM\App\Obj\lv_font_montserrat_28.o
#        F:\WQA\App\EWARM\App\Obj\lv_font_montserrat_28_compressed.o
#        F:\WQA\App\EWARM\App\Obj\lv_font_montserrat_30.o
#        F:\WQA\App\EWARM\App\Obj\lv_font_montserrat_32.o
#        F:\WQA\App\EWARM\App\Obj\lv_font_montserrat_34.o
#        F:\WQA\App\EWARM\App\Obj\lv_font_montserrat_36.o
#        F:\WQA\App\EWARM\App\Obj\lv_font_montserrat_38.o
#        F:\WQA\App\EWARM\App\Obj\lv_font_montserrat_40.o
#        F:\WQA\App\EWARM\App\Obj\lv_font_montserrat_42.o
#        F:\WQA\App\EWARM\App\Obj\lv_font_montserrat_44.o
#        F:\WQA\App\EWARM\App\Obj\lv_font_montserrat_46.o
#        F:\WQA\App\EWARM\App\Obj\lv_font_montserrat_48.o
#        F:\WQA\App\EWARM\App\Obj\lv_font_montserrat_8.o
#        F:\WQA\App\EWARM\App\Obj\lv_font_simsun_16_cjk.o
#        F:\WQA\App\EWARM\App\Obj\lv_font_unscii_16.o
#        F:\WQA\App\EWARM\App\Obj\lv_font_unscii_8.o
#        F:\WQA\App\EWARM\App\Obj\lv_fs.o F:\WQA\App\EWARM\App\Obj\lv_gc.o
#        F:\WQA\App\EWARM\App\Obj\lv_gpu_nxp_pxp.o
#        F:\WQA\App\EWARM\App\Obj\lv_gpu_nxp_pxp_osa.o
#        F:\WQA\App\EWARM\App\Obj\lv_gpu_nxp_vglite.o
#        F:\WQA\App\EWARM\App\Obj\lv_gpu_stm32_dma2d.o
#        F:\WQA\App\EWARM\App\Obj\lv_grid.o F:\WQA\App\EWARM\App\Obj\lv_group.o
#        F:\WQA\App\EWARM\App\Obj\lv_hal_disp.o
#        F:\WQA\App\EWARM\App\Obj\lv_hal_indev.o
#        F:\WQA\App\EWARM\App\Obj\lv_hal_tick.o
#        F:\WQA\App\EWARM\App\Obj\lv_img.o
#        F:\WQA\App\EWARM\App\Obj\lv_img_buf.o
#        F:\WQA\App\EWARM\App\Obj\lv_img_cache.o
#        F:\WQA\App\EWARM\App\Obj\lv_img_decoder.o
#        F:\WQA\App\EWARM\App\Obj\lv_imgbtn.o
#        F:\WQA\App\EWARM\App\Obj\lv_indev.o
#        F:\WQA\App\EWARM\App\Obj\lv_indev_scroll.o
#        F:\WQA\App\EWARM\App\Obj\lv_keyboard.o
#        F:\WQA\App\EWARM\App\Obj\lv_label.o F:\WQA\App\EWARM\App\Obj\lv_led.o
#        F:\WQA\App\EWARM\App\Obj\lv_line.o F:\WQA\App\EWARM\App\Obj\lv_list.o
#        F:\WQA\App\EWARM\App\Obj\lv_ll.o F:\WQA\App\EWARM\App\Obj\lv_log.o
#        F:\WQA\App\EWARM\App\Obj\lv_math.o F:\WQA\App\EWARM\App\Obj\lv_mem.o
#        F:\WQA\App\EWARM\App\Obj\lv_meter.o
#        F:\WQA\App\EWARM\App\Obj\lv_msgbox.o F:\WQA\App\EWARM\App\Obj\lv_obj.o
#        F:\WQA\App\EWARM\App\Obj\lv_obj_class.o
#        F:\WQA\App\EWARM\App\Obj\lv_obj_draw.o
#        F:\WQA\App\EWARM\App\Obj\lv_obj_pos.o
#        F:\WQA\App\EWARM\App\Obj\lv_obj_scroll.o
#        F:\WQA\App\EWARM\App\Obj\lv_obj_style.o
#        F:\WQA\App\EWARM\App\Obj\lv_obj_style_gen.o
#        F:\WQA\App\EWARM\App\Obj\lv_obj_tree.o
#        F:\WQA\App\EWARM\App\Obj\lv_objx_templ.o
#        F:\WQA\App\EWARM\App\Obj\lv_port_disp.o
#        F:\WQA\App\EWARM\App\Obj\lv_port_indev.o
#        F:\WQA\App\EWARM\App\Obj\lv_printf.o
#        F:\WQA\App\EWARM\App\Obj\lv_refr.o
#        F:\WQA\App\EWARM\App\Obj\lv_roller.o
#        F:\WQA\App\EWARM\App\Obj\lv_slider.o
#        F:\WQA\App\EWARM\App\Obj\lv_span.o
#        F:\WQA\App\EWARM\App\Obj\lv_spinbox.o
#        F:\WQA\App\EWARM\App\Obj\lv_spinner.o
#        F:\WQA\App\EWARM\App\Obj\lv_style.o
#        F:\WQA\App\EWARM\App\Obj\lv_style_gen.o
#        F:\WQA\App\EWARM\App\Obj\lv_switch.o
#        F:\WQA\App\EWARM\App\Obj\lv_table.o
#        F:\WQA\App\EWARM\App\Obj\lv_tabview.o
#        F:\WQA\App\EWARM\App\Obj\lv_templ.o
#        F:\WQA\App\EWARM\App\Obj\lv_textarea.o
#        F:\WQA\App\EWARM\App\Obj\lv_theme.o
#        F:\WQA\App\EWARM\App\Obj\lv_theme_basic.o
#        F:\WQA\App\EWARM\App\Obj\lv_theme_default.o
#        F:\WQA\App\EWARM\App\Obj\lv_theme_mono.o
#        F:\WQA\App\EWARM\App\Obj\lv_tileview.o
#        F:\WQA\App\EWARM\App\Obj\lv_timer.o F:\WQA\App\EWARM\App\Obj\lv_tlsf.o
#        F:\WQA\App\EWARM\App\Obj\lv_txt.o F:\WQA\App\EWARM\App\Obj\lv_txt_ap.o
#        F:\WQA\App\EWARM\App\Obj\lv_utils.o F:\WQA\App\EWARM\App\Obj\lv_win.o
#        F:\WQA\App\EWARM\App\Obj\main.o F:\WQA\App\EWARM\App\Obj\rtc.o
#        F:\WQA\App\EWARM\App\Obj\sdmmc.o
#        F:\WQA\App\EWARM\App\Obj\startup_stm32h750xx.o
#        F:\WQA\App\EWARM\App\Obj\stm32h7xx_hal.o
#        F:\WQA\App\EWARM\App\Obj\stm32h7xx_hal_adc.o
#        F:\WQA\App\EWARM\App\Obj\stm32h7xx_hal_adc_ex.o
#        F:\WQA\App\EWARM\App\Obj\stm32h7xx_hal_cortex.o
#        F:\WQA\App\EWARM\App\Obj\stm32h7xx_hal_dma.o
#        F:\WQA\App\EWARM\App\Obj\stm32h7xx_hal_dma_ex.o
#        F:\WQA\App\EWARM\App\Obj\stm32h7xx_hal_exti.o
#        F:\WQA\App\EWARM\App\Obj\stm32h7xx_hal_flash.o
#        F:\WQA\App\EWARM\App\Obj\stm32h7xx_hal_flash_ex.o
#        F:\WQA\App\EWARM\App\Obj\stm32h7xx_hal_gpio.o
#        F:\WQA\App\EWARM\App\Obj\stm32h7xx_hal_hsem.o
#        F:\WQA\App\EWARM\App\Obj\stm32h7xx_hal_i2c.o
#        F:\WQA\App\EWARM\App\Obj\stm32h7xx_hal_i2c_ex.o
#        F:\WQA\App\EWARM\App\Obj\stm32h7xx_hal_ltdc.o
#        F:\WQA\App\EWARM\App\Obj\stm32h7xx_hal_ltdc_ex.o
#        F:\WQA\App\EWARM\App\Obj\stm32h7xx_hal_mdma.o
#        F:\WQA\App\EWARM\App\Obj\stm32h7xx_hal_msp.o
#        F:\WQA\App\EWARM\App\Obj\stm32h7xx_hal_pcd.o
#        F:\WQA\App\EWARM\App\Obj\stm32h7xx_hal_pcd_ex.o
#        F:\WQA\App\EWARM\App\Obj\stm32h7xx_hal_pwr.o
#        F:\WQA\App\EWARM\App\Obj\stm32h7xx_hal_pwr_ex.o
#        F:\WQA\App\EWARM\App\Obj\stm32h7xx_hal_rcc.o
#        F:\WQA\App\EWARM\App\Obj\stm32h7xx_hal_rcc_ex.o
#        F:\WQA\App\EWARM\App\Obj\stm32h7xx_hal_rtc.o
#        F:\WQA\App\EWARM\App\Obj\stm32h7xx_hal_rtc_ex.o
#        F:\WQA\App\EWARM\App\Obj\stm32h7xx_hal_sd.o
#        F:\WQA\App\EWARM\App\Obj\stm32h7xx_hal_sd_ex.o
#        F:\WQA\App\EWARM\App\Obj\stm32h7xx_hal_tim.o
#        F:\WQA\App\EWARM\App\Obj\stm32h7xx_hal_tim_ex.o
#        F:\WQA\App\EWARM\App\Obj\stm32h7xx_hal_timebase_tim.o
#        F:\WQA\App\EWARM\App\Obj\stm32h7xx_hal_uart.o
#        F:\WQA\App\EWARM\App\Obj\stm32h7xx_hal_uart_ex.o
#        F:\WQA\App\EWARM\App\Obj\stm32h7xx_it.o
#        F:\WQA\App\EWARM\App\Obj\stm32h7xx_ll_delayblock.o
#        F:\WQA\App\EWARM\App\Obj\stm32h7xx_ll_sdmmc.o
#        F:\WQA\App\EWARM\App\Obj\stm32h7xx_ll_usb.o
#        F:\WQA\App\EWARM\App\Obj\system_stm32h7xx.o
#        F:\WQA\App\EWARM\App\Obj\task.o F:\WQA\App\EWARM\App\Obj\tim.o
#        F:\WQA\App\EWARM\App\Obj\tx_block_allocate.o
#        F:\WQA\App\EWARM\App\Obj\tx_block_pool_cleanup.o
#        F:\WQA\App\EWARM\App\Obj\tx_block_pool_create.o
#        F:\WQA\App\EWARM\App\Obj\tx_block_pool_delete.o
#        F:\WQA\App\EWARM\App\Obj\tx_block_pool_info_get.o
#        F:\WQA\App\EWARM\App\Obj\tx_block_pool_initialize.o
#        F:\WQA\App\EWARM\App\Obj\tx_block_pool_performance_info_get.o
#        F:\WQA\App\EWARM\App\Obj\tx_block_pool_performance_system_info_get.o
#        F:\WQA\App\EWARM\App\Obj\tx_block_pool_prioritize.o
#        F:\WQA\App\EWARM\App\Obj\tx_block_release.o
#        F:\WQA\App\EWARM\App\Obj\tx_byte_allocate.o
#        F:\WQA\App\EWARM\App\Obj\tx_byte_pool_cleanup.o
#        F:\WQA\App\EWARM\App\Obj\tx_byte_pool_create.o
#        F:\WQA\App\EWARM\App\Obj\tx_byte_pool_delete.o
#        F:\WQA\App\EWARM\App\Obj\tx_byte_pool_info_get.o
#        F:\WQA\App\EWARM\App\Obj\tx_byte_pool_initialize.o
#        F:\WQA\App\EWARM\App\Obj\tx_byte_pool_performance_info_get.o
#        F:\WQA\App\EWARM\App\Obj\tx_byte_pool_performance_system_info_get.o
#        F:\WQA\App\EWARM\App\Obj\tx_byte_pool_prioritize.o
#        F:\WQA\App\EWARM\App\Obj\tx_byte_pool_search.o
#        F:\WQA\App\EWARM\App\Obj\tx_byte_release.o
#        F:\WQA\App\EWARM\App\Obj\tx_event_flags_cleanup.o
#        F:\WQA\App\EWARM\App\Obj\tx_event_flags_create.o
#        F:\WQA\App\EWARM\App\Obj\tx_event_flags_delete.o
#        F:\WQA\App\EWARM\App\Obj\tx_event_flags_get.o
#        F:\WQA\App\EWARM\App\Obj\tx_event_flags_info_get.o
#        F:\WQA\App\EWARM\App\Obj\tx_event_flags_initialize.o
#        F:\WQA\App\EWARM\App\Obj\tx_event_flags_performance_info_get.o
#        F:\WQA\App\EWARM\App\Obj\tx_event_flags_performance_system_info_get.o
#        F:\WQA\App\EWARM\App\Obj\tx_event_flags_set.o
#        F:\WQA\App\EWARM\App\Obj\tx_event_flags_set_notify.o
#        F:\WQA\App\EWARM\App\Obj\tx_iar.o
#        F:\WQA\App\EWARM\App\Obj\tx_initialize_high_level.o
#        F:\WQA\App\EWARM\App\Obj\tx_initialize_kernel_enter.o
#        F:\WQA\App\EWARM\App\Obj\tx_initialize_kernel_setup.o
#        F:\WQA\App\EWARM\App\Obj\tx_initialize_low_level.o
#        F:\WQA\App\EWARM\App\Obj\tx_misra.o
#        F:\WQA\App\EWARM\App\Obj\tx_mutex_cleanup.o
#        F:\WQA\App\EWARM\App\Obj\tx_mutex_create.o
#        F:\WQA\App\EWARM\App\Obj\tx_mutex_delete.o
#        F:\WQA\App\EWARM\App\Obj\tx_mutex_get.o
#        F:\WQA\App\EWARM\App\Obj\tx_mutex_info_get.o
#        F:\WQA\App\EWARM\App\Obj\tx_mutex_initialize.o
#        F:\WQA\App\EWARM\App\Obj\tx_mutex_performance_info_get.o
#        F:\WQA\App\EWARM\App\Obj\tx_mutex_performance_system_info_get.o
#        F:\WQA\App\EWARM\App\Obj\tx_mutex_prioritize.o
#        F:\WQA\App\EWARM\App\Obj\tx_mutex_priority_change.o
#        F:\WQA\App\EWARM\App\Obj\tx_mutex_put.o
#        F:\WQA\App\EWARM\App\Obj\tx_queue_cleanup.o
#        F:\WQA\App\EWARM\App\Obj\tx_queue_create.o
#        F:\WQA\App\EWARM\App\Obj\tx_queue_delete.o
#        F:\WQA\App\EWARM\App\Obj\tx_queue_flush.o
#        F:\WQA\App\EWARM\App\Obj\tx_queue_front_send.o
#        F:\WQA\App\EWARM\App\Obj\tx_queue_info_get.o
#        F:\WQA\App\EWARM\App\Obj\tx_queue_initialize.o
#        F:\WQA\App\EWARM\App\Obj\tx_queue_performance_info_get.o
#        F:\WQA\App\EWARM\App\Obj\tx_queue_performance_system_info_get.o
#        F:\WQA\App\EWARM\App\Obj\tx_queue_prioritize.o
#        F:\WQA\App\EWARM\App\Obj\tx_queue_receive.o
#        F:\WQA\App\EWARM\App\Obj\tx_queue_send.o
#        F:\WQA\App\EWARM\App\Obj\tx_queue_send_notify.o
#        F:\WQA\App\EWARM\App\Obj\tx_semaphore_ceiling_put.o
#        F:\WQA\App\EWARM\App\Obj\tx_semaphore_cleanup.o
#        F:\WQA\App\EWARM\App\Obj\tx_semaphore_create.o
#        F:\WQA\App\EWARM\App\Obj\tx_semaphore_delete.o
#        F:\WQA\App\EWARM\App\Obj\tx_semaphore_get.o
#        F:\WQA\App\EWARM\App\Obj\tx_semaphore_info_get.o
#        F:\WQA\App\EWARM\App\Obj\tx_semaphore_initialize.o
#        F:\WQA\App\EWARM\App\Obj\tx_semaphore_performance_info_get.o
#        F:\WQA\App\EWARM\App\Obj\tx_semaphore_performance_system_info_get.o
#        F:\WQA\App\EWARM\App\Obj\tx_semaphore_prioritize.o
#        F:\WQA\App\EWARM\App\Obj\tx_semaphore_put.o
#        F:\WQA\App\EWARM\App\Obj\tx_semaphore_put_notify.o
#        F:\WQA\App\EWARM\App\Obj\tx_thread_context_restore.o
#        F:\WQA\App\EWARM\App\Obj\tx_thread_context_save.o
#        F:\WQA\App\EWARM\App\Obj\tx_thread_create.o
#        F:\WQA\App\EWARM\App\Obj\tx_thread_delete.o
#        F:\WQA\App\EWARM\App\Obj\tx_thread_entry_exit_notify.o
#        F:\WQA\App\EWARM\App\Obj\tx_thread_identify.o
#        F:\WQA\App\EWARM\App\Obj\tx_thread_info_get.o
#        F:\WQA\App\EWARM\App\Obj\tx_thread_initialize.o
#        F:\WQA\App\EWARM\App\Obj\tx_thread_interrupt_control.o
#        F:\WQA\App\EWARM\App\Obj\tx_thread_interrupt_disable.o
#        F:\WQA\App\EWARM\App\Obj\tx_thread_interrupt_restore.o
#        F:\WQA\App\EWARM\App\Obj\tx_thread_performance_info_get.o
#        F:\WQA\App\EWARM\App\Obj\tx_thread_performance_system_info_get.o
#        F:\WQA\App\EWARM\App\Obj\tx_thread_preemption_change.o
#        F:\WQA\App\EWARM\App\Obj\tx_thread_priority_change.o
#        F:\WQA\App\EWARM\App\Obj\tx_thread_relinquish.o
#        F:\WQA\App\EWARM\App\Obj\tx_thread_reset.o
#        F:\WQA\App\EWARM\App\Obj\tx_thread_resume.o
#        F:\WQA\App\EWARM\App\Obj\tx_thread_schedule.o
#        F:\WQA\App\EWARM\App\Obj\tx_thread_shell_entry.o
#        F:\WQA\App\EWARM\App\Obj\tx_thread_sleep.o
#        F:\WQA\App\EWARM\App\Obj\tx_thread_stack_analyze.o
#        F:\WQA\App\EWARM\App\Obj\tx_thread_stack_build.o
#        F:\WQA\App\EWARM\App\Obj\tx_thread_stack_error_handler.o
#        F:\WQA\App\EWARM\App\Obj\tx_thread_stack_error_notify.o
#        F:\WQA\App\EWARM\App\Obj\tx_thread_suspend.o
#        F:\WQA\App\EWARM\App\Obj\tx_thread_system_preempt_check.o
#        F:\WQA\App\EWARM\App\Obj\tx_thread_system_resume.o
#        F:\WQA\App\EWARM\App\Obj\tx_thread_system_return.o
#        F:\WQA\App\EWARM\App\Obj\tx_thread_system_suspend.o
#        F:\WQA\App\EWARM\App\Obj\tx_thread_terminate.o
#        F:\WQA\App\EWARM\App\Obj\tx_thread_time_slice.o
#        F:\WQA\App\EWARM\App\Obj\tx_thread_time_slice_change.o
#        F:\WQA\App\EWARM\App\Obj\tx_thread_timeout.o
#        F:\WQA\App\EWARM\App\Obj\tx_thread_wait_abort.o
#        F:\WQA\App\EWARM\App\Obj\tx_time_get.o
#        F:\WQA\App\EWARM\App\Obj\tx_time_set.o
#        F:\WQA\App\EWARM\App\Obj\tx_timer_activate.o
#        F:\WQA\App\EWARM\App\Obj\tx_timer_change.o
#        F:\WQA\App\EWARM\App\Obj\tx_timer_create.o
#        F:\WQA\App\EWARM\App\Obj\tx_timer_deactivate.o
#        F:\WQA\App\EWARM\App\Obj\tx_timer_delete.o
#        F:\WQA\App\EWARM\App\Obj\tx_timer_expiration_process.o
#        F:\WQA\App\EWARM\App\Obj\tx_timer_info_get.o
#        F:\WQA\App\EWARM\App\Obj\tx_timer_initialize.o
#        F:\WQA\App\EWARM\App\Obj\tx_timer_interrupt.o
#        F:\WQA\App\EWARM\App\Obj\tx_timer_performance_info_get.o
#        F:\WQA\App\EWARM\App\Obj\tx_timer_performance_system_info_get.o
#        F:\WQA\App\EWARM\App\Obj\tx_timer_system_activate.o
#        F:\WQA\App\EWARM\App\Obj\tx_timer_system_deactivate.o
#        F:\WQA\App\EWARM\App\Obj\tx_timer_thread_entry.o
#        F:\WQA\App\EWARM\App\Obj\tx_trace_buffer_full_notify.o
#        F:\WQA\App\EWARM\App\Obj\tx_trace_disable.o
#        F:\WQA\App\EWARM\App\Obj\tx_trace_enable.o
#        F:\WQA\App\EWARM\App\Obj\tx_trace_event_filter.o
#        F:\WQA\App\EWARM\App\Obj\tx_trace_event_unfilter.o
#        F:\WQA\App\EWARM\App\Obj\tx_trace_initialize.o
#        F:\WQA\App\EWARM\App\Obj\tx_trace_interrupt_control.o
#        F:\WQA\App\EWARM\App\Obj\tx_trace_isr_enter_insert.o
#        F:\WQA\App\EWARM\App\Obj\tx_trace_isr_exit_insert.o
#        F:\WQA\App\EWARM\App\Obj\tx_trace_object_register.o
#        F:\WQA\App\EWARM\App\Obj\tx_trace_object_unregister.o
#        F:\WQA\App\EWARM\App\Obj\tx_trace_user_event_insert.o
#        F:\WQA\App\EWARM\App\Obj\txe_block_allocate.o
#        F:\WQA\App\EWARM\App\Obj\txe_block_pool_create.o
#        F:\WQA\App\EWARM\App\Obj\txe_block_pool_delete.o
#        F:\WQA\App\EWARM\App\Obj\txe_block_pool_info_get.o
#        F:\WQA\App\EWARM\App\Obj\txe_block_pool_prioritize.o
#        F:\WQA\App\EWARM\App\Obj\txe_block_release.o
#        F:\WQA\App\EWARM\App\Obj\txe_byte_allocate.o
#        F:\WQA\App\EWARM\App\Obj\txe_byte_pool_create.o
#        F:\WQA\App\EWARM\App\Obj\txe_byte_pool_delete.o
#        F:\WQA\App\EWARM\App\Obj\txe_byte_pool_info_get.o
#        F:\WQA\App\EWARM\App\Obj\txe_byte_pool_prioritize.o
#        F:\WQA\App\EWARM\App\Obj\txe_byte_release.o
#        F:\WQA\App\EWARM\App\Obj\txe_event_flags_create.o
#        F:\WQA\App\EWARM\App\Obj\txe_event_flags_delete.o
#        F:\WQA\App\EWARM\App\Obj\txe_event_flags_get.o
#        F:\WQA\App\EWARM\App\Obj\txe_event_flags_info_get.o
#        F:\WQA\App\EWARM\App\Obj\txe_event_flags_set.o
#        F:\WQA\App\EWARM\App\Obj\txe_event_flags_set_notify.o
#        F:\WQA\App\EWARM\App\Obj\txe_mutex_create.o
#        F:\WQA\App\EWARM\App\Obj\txe_mutex_delete.o
#        F:\WQA\App\EWARM\App\Obj\txe_mutex_get.o
#        F:\WQA\App\EWARM\App\Obj\txe_mutex_info_get.o
#        F:\WQA\App\EWARM\App\Obj\txe_mutex_prioritize.o
#        F:\WQA\App\EWARM\App\Obj\txe_mutex_put.o
#        F:\WQA\App\EWARM\App\Obj\txe_queue_create.o
#        F:\WQA\App\EWARM\App\Obj\txe_queue_delete.o
#        F:\WQA\App\EWARM\App\Obj\txe_queue_flush.o
#        F:\WQA\App\EWARM\App\Obj\txe_queue_front_send.o
#        F:\WQA\App\EWARM\App\Obj\txe_queue_info_get.o
#        F:\WQA\App\EWARM\App\Obj\txe_queue_prioritize.o
#        F:\WQA\App\EWARM\App\Obj\txe_queue_receive.o
#        F:\WQA\App\EWARM\App\Obj\txe_queue_send.o
#        F:\WQA\App\EWARM\App\Obj\txe_queue_send_notify.o
#        F:\WQA\App\EWARM\App\Obj\txe_semaphore_ceiling_put.o
#        F:\WQA\App\EWARM\App\Obj\txe_semaphore_create.o
#        F:\WQA\App\EWARM\App\Obj\txe_semaphore_delete.o
#        F:\WQA\App\EWARM\App\Obj\txe_semaphore_get.o
#        F:\WQA\App\EWARM\App\Obj\txe_semaphore_info_get.o
#        F:\WQA\App\EWARM\App\Obj\txe_semaphore_prioritize.o
#        F:\WQA\App\EWARM\App\Obj\txe_semaphore_put.o
#        F:\WQA\App\EWARM\App\Obj\txe_semaphore_put_notify.o
#        F:\WQA\App\EWARM\App\Obj\txe_thread_create.o
#        F:\WQA\App\EWARM\App\Obj\txe_thread_delete.o
#        F:\WQA\App\EWARM\App\Obj\txe_thread_entry_exit_notify.o
#        F:\WQA\App\EWARM\App\Obj\txe_thread_info_get.o
#        F:\WQA\App\EWARM\App\Obj\txe_thread_preemption_change.o
#        F:\WQA\App\EWARM\App\Obj\txe_thread_priority_change.o
#        F:\WQA\App\EWARM\App\Obj\txe_thread_relinquish.o
#        F:\WQA\App\EWARM\App\Obj\txe_thread_reset.o
#        F:\WQA\App\EWARM\App\Obj\txe_thread_resume.o
#        F:\WQA\App\EWARM\App\Obj\txe_thread_suspend.o
#        F:\WQA\App\EWARM\App\Obj\txe_thread_terminate.o
#        F:\WQA\App\EWARM\App\Obj\txe_thread_time_slice_change.o
#        F:\WQA\App\EWARM\App\Obj\txe_thread_wait_abort.o
#        F:\WQA\App\EWARM\App\Obj\txe_timer_activate.o
#        F:\WQA\App\EWARM\App\Obj\txe_timer_change.o
#        F:\WQA\App\EWARM\App\Obj\txe_timer_create.o
#        F:\WQA\App\EWARM\App\Obj\txe_timer_deactivate.o
#        F:\WQA\App\EWARM\App\Obj\txe_timer_delete.o
#        F:\WQA\App\EWARM\App\Obj\txe_timer_info_get.o
#        F:\WQA\App\EWARM\App\Obj\usart.o F:\WQA\App\EWARM\App\Obj\usb_device.o
#        F:\WQA\App\EWARM\App\Obj\usbd_cdc.o
#        F:\WQA\App\EWARM\App\Obj\usbd_cdc_if.o
#        F:\WQA\App\EWARM\App\Obj\usbd_conf.o
#        F:\WQA\App\EWARM\App\Obj\usbd_core.o
#        F:\WQA\App\EWARM\App\Obj\usbd_ctlreq.o
#        F:\WQA\App\EWARM\App\Obj\usbd_desc.o
#        F:\WQA\App\EWARM\App\Obj\usbd_ioreq.o --redirect _Printf=_PrintfFull
#        --redirect _Scanf=_ScanfFull --no_out_extension -o
#        F:\WQA\App\EWARM\App\Exe\App.out --map
#        F:\WQA\App\EWARM\App\List\App.map --config
#        F:\WQA\App\EWARM/stm32h750xx_flash.icf --semihosting --entry
#        __iar_program_start --vfe --text_out locale)
#
###############################################################################

*******************************************************************************
*** RUNTIME MODEL ATTRIBUTES
***

CppFlavor       = *
__SystemLibrary = DLib
__dlib_version  = 6


*******************************************************************************
*** HEAP SELECTION
***

The basic heap was selected because no calls to memory allocation
functions were found in the application outside of system library
functions, and there are calls to deallocation functions in the
application.


*******************************************************************************
*** PLACEMENT SUMMARY
***

"A0":  place at address 0x9000'0000 { ro section .intvec };
"P1":  place in [from 0x9000'0000 to 0x91ff'ffff] { ro };
define block CSTACK with size = 16K, alignment = 8 { };
define block HEAP with size = 16K, alignment = 8 { };
"P2":  place in [from 0x2000'0000 to 0x2001'ffff] {
          rw, block CSTACK, block HEAP };
initialize by copy { rw };

  Section            Kind         Address      Size  Object
  -------            ----         -------      ----  ------
"P2", part 1 of 3:                            0x6b1
  P2-1                        0x2000'0000     0x6b1  <Init block>
    .data            inited   0x2000'0000     0x400  file.o [1]
    .data            inited   0x2000'0400      0x64  fx_system_initialize.o [1]
    .data            inited   0x2000'0464       0x4  stm32h7xx_hal.o [1]
    .data            inited   0x2000'0468       0x4  system_stm32h7xx.o [1]
    .data            inited   0x2000'046c       0x4  system_stm32h7xx.o [1]
    .data            inited   0x2000'0470       0x4  tx_thread_initialize.o [1]
    .data            inited   0x2000'0474       0xc  usbd_cdc.o [1]
    .data            inited   0x2000'0480      0x38  usbd_cdc.o [1]
    .data            inited   0x2000'04b8      0x44  usbd_cdc.o [1]
    .data            inited   0x2000'04fc      0x44  usbd_cdc.o [1]
    .data            inited   0x2000'0540      0x44  usbd_cdc.o [1]
    .data            inited   0x2000'0584      0x14  usbd_cdc_if.o [1]
    .data            inited   0x2000'0598      0x1c  usbd_desc.o [1]
    .data            inited   0x2000'05b4      0x14  usbd_desc.o [1]
    .data            inited   0x2000'05c8       0x4  usbd_desc.o [1]
    .data            inited   0x2000'05cc      0x1c  usbd_desc.o [1]
    .data            inited   0x2000'05e8      0x38  xlocale_c.o [2]
    .data            inited   0x2000'0620      0x48  xlocale_c.o [2]
    .data            inited   0x2000'0668      0x48  xfiles.o [2]
    .data            inited   0x2000'06b0       0x1  stm32h7xx_hal.o [1]
                            - 0x2000'06b1     0x6b1

"P2", part 2 of 3:                           0x7fe8
  .bss               zero     0x2000'06b8    0x24b8  file.o [1]
  .bss               zero     0x2000'2b70    0x1000  task.o [1]
  .bss               zero     0x2000'3b70     0x800  task.o [1]
  .bss               zero     0x2000'4370     0x800  task.o [1]
  .bss               zero     0x2000'4b70     0x800  usbd_cdc_if.o [1]
  .bss               zero     0x2000'5370     0x800  usbd_cdc_if.o [1]
  .bss               zero     0x2000'5b70     0x408  usbd_conf.o [1]
  .bss               zero     0x2000'5f80     0x400  file.o [1]
  .bss               zero     0x2000'6380     0x400  task.o [1]
  .bss               zero     0x2000'6780     0x400  task.o [1]
  .bss               zero     0x2000'6b80     0x400  tx_timer_initialize.o [1]
  .bss               zero     0x2000'6f80     0x2d0  usb_device.o [1]
  .bss               zero     0x2000'7250     0x220  usbd_conf.o [1]
  .bss               zero     0x2000'7480     0x200  fx_stm32_sdio_driver.o [1]
  .bss               zero     0x2000'7680     0x200  usbd_desc.o [1]
  .bss               zero     0x2000'7880     0x1e0  file.o [1]
  .bss               zero     0x2000'7a60     0x100  bsp_cli.o [1]
  .bss               zero     0x2000'7b60     0x100  file.o [1]
  .bss               zero     0x2000'7c60      0xb4  task.o [1]
  .bss               zero     0x2000'7d14      0xb4  task.o [1]
  .bss               zero     0x2000'7dc8      0xb4  task.o [1]
  .bss               zero     0x2000'7e7c      0xb4  task.o [1]
  .bss               zero     0x2000'7f30      0xb4  task.o [1]
  .bss               zero     0x2000'7fe4      0xb4  tx_timer_initialize.o [1]
  .bss               zero     0x2000'8098      0xa8  ltdc.o [1]
  .bss               zero     0x2000'8140      0x90  usart.o [1]
  .bss               zero     0x2000'81d0      0x80  tx_thread_initialize.o [1]
  .bss               zero     0x2000'8250      0x80  tx_timer_initialize.o [1]
  .bss               zero     0x2000'82d0      0x7c  sdmmc.o [1]
  .bss               zero     0x2000'834c      0x64  adc.o [1]
  .bss               zero     0x2000'83b0      0x50  xfiles.o [2]
  .bss               zero     0x2000'8400      0x4c  stm32h7xx_hal_timebase_tim.o [1]
  .bss               zero     0x2000'844c      0x4c  tim.o [1]
  .bss               zero     0x2000'8498      0x44  bsp_cli.o [1]
  .bss               zero     0x2000'84dc      0x34  task.o [1]
  .bss               zero     0x2000'8510      0x2c  fx_system_initialize.o [1]
  .bss               zero     0x2000'853c      0x24  rtc.o [1]
  .bss               zero     0x2000'8560      0x20  fx_stm32_sdio_driver.o [1]
  .bss               zero     0x2000'8580      0x10  bsp_cli.o [1]
  FREE_MEM           zero     0x2000'8590      0x10  tx_initialize_low_level.o [1]
  .bss               zero     0x2000'85a0       0x4  bsp_adc.o [1]
  .bss               zero     0x2000'85a4       0x4  bsp_adc.o [1]
  .bss               zero     0x2000'85a8       0x4  bsp_eeprom.o [1]
  .bss               zero     0x2000'85ac       0x4  bsp_eeprom.o [1]
  .bss               zero     0x2000'85b0       0x4  bsp_touch.o [1]
  .bss               zero     0x2000'85b4       0x4  fx_system_initialize.o [1]
  .bss               zero     0x2000'85b8       0x4  fx_system_initialize.o [1]
  .bss               zero     0x2000'85bc       0x4  fx_system_initialize.o [1]
  .bss               zero     0x2000'85c0       0x4  fx_system_initialize.o [1]
  .bss               zero     0x2000'85c4       0x4  fx_system_initialize.o [1]
  .bss               zero     0x2000'85c8       0x4  fx_system_initialize.o [1]
  .bss               zero     0x2000'85cc       0x4  fx_system_initialize.o [1]
  .bss               zero     0x2000'85d0       0x4  fx_system_initialize.o [1]
  .bss               zero     0x2000'85d4       0x4  fx_system_initialize.o [1]
  .bss               zero     0x2000'85d8       0x4  stm32h7xx_hal.o [1]
  .bss               zero     0x2000'85dc       0x4  task.o [1]
  .bss               zero     0x2000'85e0       0x4  task.o [1]
  .bss               zero     0x2000'85e4       0x4  task.o [1]
  .bss               zero     0x2000'85e8       0x4  task.o [1]
  .bss               zero     0x2000'85ec       0x4  tx_initialize_high_level.o [1]
  .bss               zero     0x2000'85f0       0x4  tx_initialize_high_level.o [1]
  .bss               zero     0x2000'85f4       0x4  tx_initialize_high_level.o [1]
  .bss               zero     0x2000'85f8       0x4  tx_initialize_high_level.o [1]
  .bss               zero     0x2000'85fc       0x4  tx_initialize_high_level.o [1]
  .bss               zero     0x2000'8600       0x4  tx_initialize_high_level.o [1]
  .bss               zero     0x2000'8604       0x4  tx_initialize_high_level.o [1]
  .bss               zero     0x2000'8608       0x4  tx_initialize_high_level.o [1]
  .bss               zero     0x2000'860c       0x4  tx_initialize_high_level.o [1]
  .bss               zero     0x2000'8610       0x4  tx_initialize_high_level.o [1]
  .bss               zero     0x2000'8614       0x4  tx_initialize_high_level.o [1]
  .bss               zero     0x2000'8618       0x4  tx_initialize_high_level.o [1]
  .bss               zero     0x2000'861c       0x4  tx_initialize_high_level.o [1]
  .bss               zero     0x2000'8620       0x4  tx_thread_initialize.o [1]
  .bss               zero     0x2000'8624       0x4  tx_thread_initialize.o [1]
  .bss               zero     0x2000'8628       0x4  tx_thread_initialize.o [1]
  .bss               zero     0x2000'862c       0x4  tx_thread_initialize.o [1]
  .bss               zero     0x2000'8630       0x4  tx_thread_initialize.o [1]
  .bss               zero     0x2000'8634       0x4  tx_thread_initialize.o [1]
  .bss               zero     0x2000'8638       0x4  tx_thread_initialize.o [1]
  .bss               zero     0x2000'863c       0x4  tx_thread_initialize.o [1]
  .bss               zero     0x2000'8640       0x4  tx_thread_initialize.o [1]
  .bss               zero     0x2000'8644       0x4  tx_thread_initialize.o [1]
  .bss               zero     0x2000'8648       0x4  tx_thread_initialize.o [1]
  .bss               zero     0x2000'864c       0x4  tx_thread_initialize.o [1]
  .bss               zero     0x2000'8650       0x4  tx_timer_initialize.o [1]
  .bss               zero     0x2000'8654       0x4  tx_timer_initialize.o [1]
  .bss               zero     0x2000'8658       0x4  tx_timer_initialize.o [1]
  .bss               zero     0x2000'865c       0x4  tx_timer_initialize.o [1]
  .bss               zero     0x2000'8660       0x4  tx_timer_initialize.o [1]
  .bss               zero     0x2000'8664       0x4  tx_timer_initialize.o [1]
  .bss               zero     0x2000'8668       0x4  tx_timer_initialize.o [1]
  .bss               zero     0x2000'866c       0x4  tx_timer_initialize.o [1]
  .bss               zero     0x2000'8670       0x4  tx_timer_initialize.o [1]
  .bss               zero     0x2000'8674       0x4  tx_timer_initialize.o [1]
  .bss               zero     0x2000'8678       0x4  tx_timer_initialize.o [1]
  .bss               zero     0x2000'867c       0x4  tx_timer_initialize.o [1]
  .bss               zero     0x2000'8680       0x4  tx_timer_initialize.o [1]
  .bss               zero     0x2000'8684       0x4  xfail_s.o [2]
  .bss               zero     0x2000'8688       0x2  bsp_cli.o [1]
  .bss               zero     0x2000'868a       0x2  bsp_eeprom.o [1]
  .bss               zero     0x2000'868c       0x2  bsp_eeprom.o [1]
  .bss               zero     0x2000'868e       0x2  bsp_touch.o [1]
  .bss               zero     0x2000'8690       0x2  bsp_touch.o [1]
  .bss               zero     0x2000'8692       0x2  bsp_touch.o [1]
  .bss               zero     0x2000'8694       0x1  bsp_eeprom.o [1]
  .bss               zero     0x2000'8695       0x1  bsp_eeprom.o [1]
  .bss               zero     0x2000'8696       0x1  fx_stm32_sdio_driver.o [1]
  .bss               zero     0x2000'8697       0x1  task.o [1]
  .bss               zero     0x2000'8698       0x1  usbd_ctlreq.o [1]
                            - 0x2000'8699    0x7fe5

"P2", part 3 of 3:                           0x4000
  CSTACK                      0x2000'86a0    0x4000  <Block>
    CSTACK           uninit   0x2000'86a0    0x4000  <Block tail>
                            - 0x2000'c6a0    0x4000

Absolute sections:                         0x4'0000
  .bss               zero     0x3000'0000  0x4'0000  file.o [1]
                            - 0x3004'0000  0x4'0000

"A0":                                         0x298
  .intvec            ro code  0x9000'0000     0x298  startup_stm32h750xx.o [1]
                            - 0x9000'0298     0x298

"P1":                                      0x1'9bfa
  .text              ro code  0x9000'0298    0x19f0  stm32h7xx_hal_rcc_ex.o [1]
  .text              ro code  0x9000'1c88       0xc  stm32h7xx_hal.o [1]
  .text              ro code  0x9000'1c94     0xc48  stm32h7xx_hal_rcc.o [1]
  .text              ro code  0x9000'28dc      0xd0  stm32h7xx_hal_timebase_tim.o [1]
  .text              ro code  0x9000'29ac      0x74  stm32h7xx_hal.o [1]
  .text              ro code  0x9000'2a20     0x1e4  stm32h7xx_hal_cortex.o [1]
  .text              ro code  0x9000'2c04     0x9fc  stm32h7xx_hal_tim.o [1]
  .text              ro code  0x9000'3600      0x20  stm32h7xx_hal_msp.o [1]
  .text              ro code  0x9000'3620      0xf4  tim.o [1]
  .text              ro code  0x9000'3714       0x2  stm32h7xx_hal_tim.o [1]
  .text              ro code  0x9000'3716       0x2  stm32h7xx_hal_tim.o [1]
  .text              ro code  0x9000'3718       0x2  stm32h7xx_hal_tim.o [1]
  .text              ro code  0x9000'371a       0x2  stm32h7xx_hal_tim.o [1]
  .text              ro code  0x9000'371c     0x2a4  main.o [1]
  .text              ro code  0x9000'39c0       0x2  stm32h7xx_hal_tim_ex.o [1]
  .text              ro code  0x9000'39c2       0x2  stm32h7xx_hal_tim_ex.o [1]
  .text              ro code  0x9000'39c4       0x2  stm32h7xx_hal_tim.o [1]
  .text              ro code  0x9000'39c6       0x2  stm32h7xx_hal_tim_ex.o [1]
  .text              ro code  0x9000'39c8      0x14  memset.o [4]
  .text              ro code  0x9000'39dc     0x428  stm32h7xx_hal_gpio.o [1]
  .text              ro code  0x9000'3e04     0x160  gpio.o [1]
  .text              ro code  0x9000'3f64     0x108  rtc.o [1]
  .text              ro code  0x9000'406c     0x130  usart.o [1]
  .text              ro code  0x9000'419c     0x268  ltdc.o [1]
  .text              ro code  0x9000'4404     0x160  adc.o [1]
  .text              ro code  0x9000'4564      0x5c  usb_device.o [1]
  .text              ro code  0x9000'45c0     0x174  sdmmc.o [1]
  .text              ro code  0x9000'4734      0x48  tx_initialize_kernel_enter.o [1]
  .text              ro code  0x9000'477c      0x66  ABImemset.o [4]
  .text              ro code  0x9000'47e2      0x3a  zero_init3.o [4]
  .text              ro code  0x9000'481c      0x64  stm32h7xx_hal_pwr_ex.o [1]
  .text              ro code  0x9000'4880      0x10  stm32h7xx_hal_pwr.o [1]
  .text              ro code  0x9000'4890      0x18  stm32h7xx_hal.o [1]
  .text              ro code  0x9000'48a8     0x446  stm32h7xx_hal_rtc.o [1]
  .text              ro code  0x9000'4cee      0x1e  xencoding_8859_1.o [2]
  .text              ro code  0x9000'4d0c      0x1a  stm32h7xx_hal_rtc_ex.o [1]
  .text              ro code  0x9000'4d26      0x1a  xsnprout.o [2]
  .text              ro code  0x9000'4d40     0x92c  stm32h7xx_hal_uart.o [1]
  .text              ro code  0x9000'566c     0x170  stm32h7xx_hal_uart_ex.o [1]
  .text              ro code  0x9000'57dc     0x414  stm32h7xx_hal_ltdc.o [1]
  .text              ro code  0x9000'5bf0     0xd60  stm32h7xx_hal_adc.o [1]
  .text              ro code  0x9000'6950     0x174  stm32h7xx_hal_adc_ex.o [1]
  .text              ro code  0x9000'6ac4     0x436  usbd_core.o [1]
  .text              ro code  0x9000'6efa       0xa  xsprout.o [2]
  .text              ro code  0x9000'6f04     0x410  usbd_cdc.o [1]
  .text              ro code  0x9000'7314    0x1090  stm32h7xx_hal_sd.o [1]
  .text              ro code  0x9000'83a4      0x74  tx_initialize_low_level.o [1]
  .text              ro code  0x9000'8418      0x84  tx_initialize_high_level.o [1]
  .text              ro code  0x9000'849c     0x306  task.o [1]
  .rodata            const    0x9000'87a2       0x2  bsp_cli.o [1]
  .text              ro code  0x9000'87a4      0xc0  tx_thread_schedule.o [1]
  .text              ro code  0x9000'8864     0x230  I64DivMod.o [4]
  .text              ro code  0x9000'8a94      0xa6  ABImemcpy.o [4]
  .rodata            const    0x9000'8b3a       0x2  xlocale_c.o [2]
  .text              ro code  0x9000'8b3c     0x438  usbd_conf.o [1]
  .text              ro code  0x9000'8f74     0x8ac  usbd_ctlreq.o [1]
  .text              ro code  0x9000'9820      0xac  usbd_ioreq.o [1]
  .text              ro code  0x9000'98cc     0x7c8  stm32h7xx_ll_sdmmc.o [1]
  .text              ro code  0x9000'a094      0x28  stm32h7xx_hal.o [1]
  .text              ro code  0x9000'a0bc      0xa6  bsp_sdio.o [1]
  .text              ro code  0x9000'a162       0x2  stm32h7xx_hal_sd.o [1]
  .text              ro code  0x9000'a164       0x2  stm32h7xx_hal_sd.o [1]
  .text              ro code  0x9000'a166       0x2  stm32h7xx_hal_sd.o [1]
  .text              ro code  0x9000'a168       0x2  stm32h7xx_hal_sd.o [1]
  .rodata            const    0x9000'a16a       0x2  xlocale_c.o [2]
  .text              ro code  0x9000'a16c      0xb8  tx_timer_interrupt.o [1]
  .text              ro code  0x9000'a224      0xac  tx_thread_initialize.o [1]
  .text              ro code  0x9000'a2d0      0xf8  tx_timer_initialize.o [1]
  .text              ro code  0x9000'a3c8     0x190  txe_thread_create.o [1]
  .text              ro code  0x9000'a558      0x80  bsp.o [1]
  .text              ro code  0x9000'a5d8      0x9c  tx_thread_sleep.o [1]
  .text              ro code  0x9000'a674     0x3ac  bsp_cli.o [1]
  .text              ro code  0x9000'aa20      0xec  txe_mutex_create.o [1]
  .text              ro code  0x9000'ab0c      0x3c  vsnprint.o [2]
  .text              ro code  0x9000'ab48      0x90  txe_mutex_get.o [1]
  .text              ro code  0x9000'abd8      0x28  printf.o [2]
  .text              ro code  0x9000'ac00      0x58  txe_mutex_put.o [1]
  .text              ro code  0x9000'ac58     0x6f0  file.o [1]
  .text              ro code  0x9000'b348       0x2  I64DivZer.o [4]
  .rodata            const    0x9000'b34a       0x1  xlocale_c.o [2]
  .text              ro code  0x9000'b34c     0xd38  stm32h7xx_hal_pcd.o [1]
  .text              ro code  0x9000'c084      0xa2  stm32h7xx_hal_pcd_ex.o [1]
  .text              ro code  0x9000'c128     0x54c  fx_stm32_sdio_driver.o [1]
  .text              ro code  0x9000'c674       0x2  bsp_sdio.o [1]
  .text              ro code  0x9000'c678      0x28  tx_timer_expiration_process.o [1]
  .text              ro code  0x9000'c6a0     0x178  tx_thread_time_slice.o [1]
  .text              ro code  0x9000'c818     0x1a8  tx_thread_create.o [1]
  .text              ro code  0x9000'c9c0      0xd0  tx_thread_system_preempt_check.o [1]
  .text              ro code  0x9000'ca90      0x6a  bsp_dwt.o [1]
  .text              ro code  0x9000'cafc     0x4e4  bsp_eeprom.o [1]
  .text              ro code  0x9000'cfe0     0x44c  bsp_lcd.o [1]
  .text              ro code  0x9000'd42c     0x68c  bsp_touch.o [1]
  .text              ro code  0x9000'dab8      0xcc  bsp_adc.o [1]
  .text              ro code  0x9000'db84     0x340  tx_thread_system_suspend.o [1]
  .text              ro code  0x9000'dec4      0x46  strcasecmp.o [2]
  .text              ro code  0x9000'df0c      0x16  strchr.o [4]
  .text              ro code  0x9000'df24      0x12  strcmp.o [4]
  .text              ro code  0x9000'df36     0x4bc  qsort.o [2]
  .text              ro code  0x9000'e3f4      0x36  strlen.o [4]
  .text              ro code  0x9000'e42c      0x80  tx_mutex_create.o [1]
  .text              ro code  0x9000'e4ac    0x10c6  xprintffull.o [2]
  .text              ro code  0x9000'f574     0x144  tx_mutex_get.o [1]
  .text              ro code  0x9000'f6b8     0x2b8  tx_mutex_put.o [1]
  .text              ro code  0x9000'f970      0xbc  fx_system_initialize.o [1]
  .text              ro code  0x9000'fa2c     0x100  fxe_media_open.o [1]
  .text              ro code  0x9000'fb2c      0x6c  fxe_directory_next_full_entry_find.o [1]
  .text              ro code  0x9000'fb98      0x4c  fxe_media_extended_space_available.o [1]
  .text              ro code  0x9000'fbe4      0x44  fxe_media_close.o [1]
  .text              ro code  0x9000'fc28      0x48  fxe_file_create.o [1]
  .text              ro code  0x9000'fc70      0xcc  fxe_file_open.o [1]
  .text              ro code  0x9000'fd3c      0x48  fxe_file_seek.o [1]
  .text              ro code  0x9000'fd84      0x50  fxe_file_write.o [1]
  .text              ro code  0x9000'fdd4      0x44  fxe_file_close.o [1]
  .text              ro code  0x9000'fe18      0x44  fxe_media_flush.o [1]
  .text              ro code  0x9000'fe5c      0x58  fxe_file_read.o [1]
  .text              ro code  0x9000'feb4      0x48  fxe_directory_create.o [1]
  .text              ro code  0x9000'fefc      0x48  fxe_directory_delete.o [1]
  .text              ro code  0x9000'ff44      0x48  fxe_file_delete.o [1]
  .text              ro code  0x9000'ff8c      0x40  sprintf.o [2]
  .text              ro code  0x9000'ffcc     0x14c  iar_Stoulx.o [2]
  .text              ro code  0x9001'0118     0xfa4  stm32h7xx_ll_usb.o [1]
  .text              ro code  0x9001'10bc      0x18  tx_time_get.o [1]
  .text              ro code  0x9001'10d4      0xe0  txe_semaphore_create.o [1]
  .text              ro code  0x9001'11b4      0x64  txe_semaphore_delete.o [1]
  .text              ro code  0x9001'1218      0x6c  txe_semaphore_get.o [1]
  .text              ro code  0x9001'1284     0x1ea  fx_partition_offset_calculate.o [1]
  .text              ro code  0x9001'1470      0x24  txe_semaphore_put.o [1]
  .text              ro code  0x9001'1494      0x1e  fx_utility_memory_copy.o [1]
  .text              ro code  0x9001'14b4     0x314  tx_thread_system_resume.o [1]
  .text              ro code  0x9001'17c8      0x24  tx_thread_stack_error_handler.o [1]
  .text              ro code  0x9001'17ec      0x90  tx_thread_stack_analyze.o [1]
  .text              ro code  0x9001'187c      0x44  tx_thread_stack_build.o [1]
  .text              ro code  0x9001'18c0      0x78  tx_timer_system_activate.o [1]
  .text              ro code  0x9001'1938      0x14  tolower.o [2]
  .text              ro code  0x9001'194c      0x96  ABImemmove.o [4]
  .text              ro code  0x9001'19e4      0xa8  xlocale_c.o [2]
  .text              ro code  0x9001'1a8c      0x40  xfail_s.o [2]
  .text              ro code  0x9001'1acc      0x58  memchr.o [4]
  .text              ro code  0x9001'1b24      0x70  frexp.o [3]
  .text              ro code  0x9001'1b94      0x2e  DblCmpLe.o [3]
  .text              ro code  0x9001'1bc4      0x2e  DblCmpGe.o [3]
  .text              ro code  0x9001'1bf4     0x104  ldexp.o [3]
  .text              ro code  0x9001'1cf8       0xe  DblToS32.o [3]
  .text              ro code  0x9001'1d06       0xe  S32ToDbl.o [3]
  .text              ro code  0x9001'1d14      0x12  DblSub.o [3]
  .text              ro code  0x9001'1d26      0x12  DblDiv.o [3]
  .text              ro code  0x9001'1d38       0xe  DblToU32.o [3]
  .text              ro code  0x9001'1d46       0xe  U32ToDbl.o [3]
  .text              ro code  0x9001'1d54      0x12  DblMul.o [3]
  .text              ro code  0x9001'1d66       0xa  xmbcurmax.o [2]
  .text              ro code  0x9001'1d70     0x108  tx_mutex_priority_change.o [1]
  .text              ro code  0x9001'1e78     0x100  tx_mutex_prioritize.o [1]
  .text              ro code  0x9001'1f78      0x9c  tx_timer_create.o [1]
  .text              ro code  0x9001'2014      0x18  tx_thread_identify.o [1]
  .text              ro code  0x9001'202c      0xd0  tx_thread_preemption_change.o [1]
  .text              ro code  0x9001'20fc     0x7d0  fx_media_open.o [1]
  .text              ro code  0x9001'28cc     0x368  fx_directory_next_full_entry_find.o [1]
  .text              ro code  0x9001'2c34      0x5c  fx_media_extended_space_available.o [1]
  .text              ro code  0x9001'2c90     0x2bc  fx_media_close.o [1]
  .text              ro code  0x9001'2f4c     0x170  fx_file_create.o [1]
  .text              ro code  0x9001'30bc     0x464  fx_file_open.o [1]
  .text              ro code  0x9001'3520      0x12  fx_file_seek.o [1]
  .text              ro code  0x9001'3534     0x684  fx_file_write.o [1]
  .text              ro code  0x9001'3bb8      0xec  fx_file_close.o [1]
  .text              ro code  0x9001'3ca4     0x244  fx_media_flush.o [1]
  .text              ro code  0x9001'3ee8     0x340  fx_file_read.o [1]
  .text              ro code  0x9001'4228     0x424  fx_directory_create.o [1]
  .text              ro code  0x9001'464c     0x254  fx_directory_delete.o [1]
  .text              ro code  0x9001'48a0     0x1a4  fx_file_delete.o [1]
  .text              ro code  0x9001'4a44      0x14  isspace.o [2]
  .text              ro code  0x9001'4a58      0x74  tx_semaphore_create.o [1]
  .text              ro code  0x9001'4acc      0xc8  tx_semaphore_delete.o [1]
  .text              ro code  0x9001'4b94      0xbc  tx_semaphore_get.o [1]
  .text              ro code  0x9001'4c50      0x88  tx_semaphore_put.o [1]
  .text              ro code  0x9001'4cd8      0x36  tx_timer_system_deactivate.o [1]
  .text              ro code  0x9001'4d0e       0x6  abort.o [2]
  .text              ro code  0x9001'4d14      0xde  fx_media_boot_info_extract.o [1]
  .text              ro code  0x9001'4df2       0xc  fx_utility_16_unsigned_read.o [1]
  .text              ro code  0x9001'4dfe     0x320  fx_utility_FAT_entry_read.o [1]
  .text              ro code  0x9001'511e      0x18  fx_utility_32_unsigned_read.o [1]
  .text              ro code  0x9001'5136     0x34a  fx_utility_logical_sector_flush.o [1]
  .text              ro code  0x9001'5480     0x552  fx_directory_entry_read.o [1]
  .text              ro code  0x9001'59d2     0x8f4  fx_directory_entry_write.o [1]
  .text              ro code  0x9001'62c8      0xd4  fx_media_abort.o [1]
  .text              ro code  0x9001'639c     0x46e  fx_utility_FAT_flush.o [1]
  .text              ro code  0x9001'680a      0xe4  fx_utility_FAT_map_flush.o [1]
  .text              ro code  0x9001'68ee      0x16  fx_utility_32_unsigned_write.o [1]
  .text              ro code  0x9001'6904      0xec  tx_mutex_delete.o [1]
  .text              ro code  0x9001'69f0     0x6fc  fx_directory_search.o [1]
  .text              ro code  0x9001'70ec      0x66  fx_directory_name_extract.o [1]
  .text              ro code  0x9001'7154     0x5b8  fx_directory_free_search.o [1]
  .text              ro code  0x9001'770c     0x278  fx_file_extended_seek.o [1]
  .text              ro code  0x9001'7984     0x152  fx_utility_FAT_entry_write.o [1]
  .text              ro code  0x9001'7ad6     0x39c  fx_utility_logical_sector_read.o [1]
  .text              ro code  0x9001'7e72     0x22a  fx_utility_logical_sector_write.o [1]
  .text              ro code  0x9001'809c      0x14  exit.o [5]
  .text              ro code  0x9001'80b0       0xa  fx_utility_16_unsigned_write.o [1]
  .text              ro code  0x9001'80ba     0x374  fx_utility_logical_sector_cache_entry_read.o [1]
  .text              ro code  0x9001'8430     0x19c  fx_system_timer_entry.o [1]
  .text              ro code  0x9001'85cc     0x168  tx_timer_thread_entry.o [1]
  .text              ro code  0x9001'8734     0x15e  usbd_desc.o [1]
  .text              ro code  0x9001'8894     0x124  system_stm32h7xx.o [1]
  .text              ro code  0x9001'89b8      0xf4  tx_mutex_cleanup.o [1]
  .text              ro code  0x9001'8aac      0xa4  tx_semaphore_cleanup.o [1]
  .text              ro code  0x9001'8b50      0x90  usbd_cdc_if.o [1]
  .text              ro code  0x9001'8be0      0x8c  tx_thread_shell_entry.o [1]
  .text              ro code  0x9001'8c6c      0x78  lz77_init_single.o [4]
  .rodata            const    0x9001'8ce4      0x58  file.o [1]
  .rodata            const    0x9001'8d3c      0x58  task.o [1]
  .rodata            const    0x9001'8d94      0x50  iar_Stoulx.o [2]
  .text              ro code  0x9001'8de4      0x50  tx_thread_timeout.o [1]
  .rodata            const    0x9001'8e34      0x4c  file.o [1]
  .rodata            const    0x9001'8e80      0x48  file.o [1]
  .rodata            const    0x9001'8ec8      0x48  file.o [1]
  .rodata            const    0x9001'8f10      0x44  bsp_cli.o [1]
  .rodata            const    0x9001'8f54      0x44  bsp_cli.o [1]
  .rodata            const    0x9001'8f98      0x44  file.o [1]
  .rodata            const    0x9001'8fdc      0x44  file.o [1]
  .rodata            const    0x9001'9020      0x44  task.o [1]
  .rodata            const    0x9001'9064      0x40  file.o [1]
  .rodata            const    0x9001'90a4      0x40  task.o [1]
  .rodata            const    0x9001'90e4      0x38  file.o [1]
  .text              ro code  0x9001'911c      0x38  stm32h7xx_it.o [1]
  .rodata            const    0x9001'9154      0x30  file.o [1]
  .rodata            const    0x9001'9184      0x30  task.o [1]
  .rodata            const    0x9001'91b4      0x28  file.o [1]
  .rodata            const    0x9001'91dc      0x28  file.o [1]
  .rodata            const    0x9001'9204      0x28  file.o [1]
  .rodata            const    0x9001'922c      0x28  file.o [1]
  .rodata            const    0x9001'9254      0x28  file.o [1]
  .rodata            const    0x9001'927c      0x28  file.o [1]
  .text              ro code  0x9001'92a4      0x28  data_init.o [4]
  .rodata            const    0x9001'92cc      0x24  bsp_cli.o [1]
  .rodata            const    0x9001'92f0      0x24  file.o [1]
  .rodata            const    0x9001'9314      0x24  file.o [1]
  .rodata            const    0x9001'9338      0x24  file.o [1]
  .rodata            const    0x9001'935c      0x24  file.o [1]
  .rodata            const    0x9001'9380      0x24  file.o [1]
  .rodata            const    0x9001'93a4      0x24  file.o [1]
  .text              ro code  0x9001'93c8      0x22  fpinit_M.o [3]
  .iar.init_table    const    0x9001'93ec      0x28  - Linker created -
  .rodata            const    0x9001'9414      0x20  file.o [1]
  .rodata            const    0x9001'9434      0x20  file.o [1]
  .rodata            const    0x9001'9454      0x20  file.o [1]
  .rodata            const    0x9001'9474      0x20  file.o [1]
  .rodata            const    0x9001'9494      0x20  file.o [1]
  .rodata            const    0x9001'94b4      0x20  fx_stm32_sdio_driver.o [1]
  .text              ro code  0x9001'94d4      0x1e  cmain.o [4]
  .text              ro code  0x9001'94f2       0x4  low_level_init.o [2]
  .text              ro code  0x9001'94f6       0x4  exit.o [2]
  .text              ro code  0x9001'94fc       0xa  cexit.o [4]
  .rodata            const    0x9001'9508      0x1c  bsp_adc.o [1]
  .rodata            const    0x9001'9524      0x1c  file.o [1]
  .rodata            const    0x9001'9540      0x1c  file.o [1]
  .rodata            const    0x9001'955c      0x1c  file.o [1]
  .rodata            const    0x9001'9578      0x1c  file.o [1]
  .rodata            const    0x9001'9594      0x1c  file.o [1]
  .rodata            const    0x9001'95b0      0x1c  file.o [1]
  .rodata            const    0x9001'95cc      0x1c  file.o [1]
  .rodata            const    0x9001'95e8      0x1c  file.o [1]
  .rodata            const    0x9001'9604      0x1c  file.o [1]
  .rodata            const    0x9001'9620      0x1c  task.o [1]
  .rodata            const    0x9001'963c      0x18  file.o [1]
  .rodata            const    0x9001'9654      0x18  file.o [1]
  .rodata            const    0x9001'966c      0x18  file.o [1]
  .rodata            const    0x9001'9684      0x18  file.o [1]
  .rodata            const    0x9001'969c      0x18  file.o [1]
  .rodata            const    0x9001'96b4      0x18  file.o [1]
  .rodata            const    0x9001'96cc      0x18  file.o [1]
  .rodata            const    0x9001'96e4      0x18  stm32h7xx_hal_uart.o [1]
  .rodata            const    0x9001'96fc      0x18  task.o [1]
  .rodata            const    0x9001'9714      0x18  usbd_desc.o [1]
  .text              ro code  0x9001'972c      0x16  xprout.o [2]
  .text              ro code  0x9001'9744       0xc  putchar.o [2]
  .rodata            const    0x9001'9750      0x14  bsp.o [1]
  .rodata            const    0x9001'9764      0x14  bsp.o [1]
  .rodata            const    0x9001'9778      0x14  bsp_adc.o [1]
  .rodata            const    0x9001'978c      0x14  bsp_cli.o [1]
  .rodata            const    0x9001'97a0      0x14  bsp_cli.o [1]
  .rodata            const    0x9001'97b4      0x14  bsp_lcd.o [1]
  .rodata            const    0x9001'97c8      0x14  bsp_touch.o [1]
  .rodata            const    0x9001'97dc      0x14  file.o [1]
  .rodata            const    0x9001'97f0      0x14  file.o [1]
  .rodata            const    0x9001'9804      0x14  file.o [1]
  .rodata            const    0x9001'9818      0x14  fx_media_open.o [1]
  .rodata            const    0x9001'982c      0x14  fx_system_initialize.o [1]
  .rodata            const    0x9001'9840      0x14  tx_timer_initialize.o [1]
  .rodata            const    0x9001'9854      0x14  usbd_desc.o [1]
  .rodata            const    0x9001'9868      0x10  bsp.o [1]
  .rodata            const    0x9001'9878      0x10  bsp_lcd.o [1]
  .rodata            const    0x9001'9888      0x10  bsp_lcd.o [1]
  .rodata            const    0x9001'9898      0x10  file.o [1]
  .rodata            const    0x9001'98a8      0x10  file.o [1]
  .rodata            const    0x9001'98b8      0x10  file.o [1]
  .rodata            const    0x9001'98c8      0x10  file.o [1]
  .rodata            const    0x9001'98d8      0x10  system_stm32h7xx.o [1]
  .rodata            const    0x9001'98e8      0x10  task.o [1]
  .rodata            const    0x9001'98f8      0x10  task.o [1]
  .rodata            const    0x9001'9908      0x10  task.o [1]
  .rodata            const    0x9001'9918      0x10  task.o [1]
  .rodata            const    0x9001'9928      0x10  task.o [1]
  .rodata            const    0x9001'9938      0x10  task.o [1]
  .rodata            const    0x9001'9948      0x10  usbd_desc.o [1]
  .text              ro code  0x9001'9958      0x10  startup_stm32h750xx.o [1]
  .rodata            const    0x9001'9968       0xc  bsp_touch.o [1]
  .rodata            const    0x9001'9974       0xc  file.o [1]
  .rodata            const    0x9001'9980       0xc  file.o [1]
  .rodata            const    0x9001'998c       0xc  file.o [1]
  .rodata            const    0x9001'9998       0xc  file.o [1]
  .rodata            const    0x9001'99a4       0xc  file.o [1]
  .rodata            const    0x9001'99b0       0xc  file.o [1]
  .rodata            const    0x9001'99bc       0xc  usbd_desc.o [1]
  .text              ro code  0x9001'99c8       0xc  cstartup_M.o [4]
  cli.cmd.0          const    0x9001'99d4       0xc  bsp_cli.o [1]
  cli.cmd.1          const    0x9001'99e0       0xc  bsp.o [1]
  cli.cmd.1          const    0x9001'99ec       0xc  bsp_adc.o [1]
  cli.cmd.1          const    0x9001'99f8       0xc  bsp_cli.o [1]
  cli.cmd.1          const    0x9001'9a04       0xc  bsp_cli.o [1]
  cli.cmd.1          const    0x9001'9a10       0xc  bsp_lcd.o [1]
  cli.cmd.1          const    0x9001'9a1c       0xc  bsp_touch.o [1]
  cli.cmd.1          const    0x9001'9a28       0xc  file.o [1]
  cli.cmd.1          const    0x9001'9a34       0xc  task.o [1]
  cli.cmd.2          const    0x9001'9a40       0xc  bsp_cli.o [1]
  .rodata            const    0x9001'9a4c       0x8  bsp_cli.o [1]
  .rodata            const    0x9001'9a54       0x8  file.o [1]
  .rodata            const    0x9001'9a5c       0x8  file.o [1]
  .rodata            const    0x9001'9a64       0x8  file.o [1]
  .rodata            const    0x9001'9a6c       0x8  file.o [1]
  .rodata            const    0x9001'9a74       0x8  file.o [1]
  .rodata            const    0x9001'9a7c       0x8  stm32h7xx_hal_uart_ex.o [1]
  .rodata            const    0x9001'9a84       0x8  stm32h7xx_hal_uart_ex.o [1]
  .rodata            const    0x9001'9a8c       0x8  task.o [1]
  .rodata            const    0x9001'9a94       0x4  bsp.o [1]
  .rodata            const    0x9001'9a98       0x4  bsp_adc.o [1]
  .rodata            const    0x9001'9a9c       0x4  bsp_lcd.o [1]
  .text              ro code  0x9001'9aa0       0x4  startup_stm32h750xx.o [1]
  .text              ro code  0x9001'9aa4       0x4  startup_stm32h750xx.o [1]
  .text              ro code  0x9001'9aa8       0x4  startup_stm32h750xx.o [1]
  .text              ro code  0x9001'9aac       0x4  startup_stm32h750xx.o [1]
  .text              ro code  0x9001'9ab0       0x4  startup_stm32h750xx.o [1]
  .text              ro code  0x9001'9ab4       0x4  startup_stm32h750xx.o [1]
  .text              ro code  0x9001'9ab8       0x4  startup_stm32h750xx.o [1]
  .text              ro code  0x9001'9abc       0x4  startup_stm32h750xx.o [1]
  .text              ro code  0x9001'9ac0       0x4  startup_stm32h750xx.o [1]
  .text              ro code  0x9001'9ac4       0x4  startup_stm32h750xx.o [1]
  .text              ro code  0x9001'9ac8       0x4  startup_stm32h750xx.o [1]
  .text              ro code  0x9001'9acc       0x4  startup_stm32h750xx.o [1]
  .text              ro code  0x9001'9ad0       0x4  startup_stm32h750xx.o [1]
  .text              ro code  0x9001'9ad4       0x4  startup_stm32h750xx.o [1]
  .text              ro code  0x9001'9ad8       0x4  startup_stm32h750xx.o [1]
  .text              ro code  0x9001'9adc       0x4  startup_stm32h750xx.o [1]
  .text              ro code  0x9001'9ae0       0x4  startup_stm32h750xx.o [1]
  .text              ro code  0x9001'9ae4       0x4  startup_stm32h750xx.o [1]
  .text              ro code  0x9001'9ae8       0x4  startup_stm32h750xx.o [1]
  .text              ro code  0x9001'9aec       0x4  startup_stm32h750xx.o [1]
  .text              ro code  0x9001'9af0       0x4  startup_stm32h750xx.o [1]
  .text              ro code  0x9001'9af4       0x4  startup_stm32h750xx.o [1]
  .text              ro code  0x9001'9af8       0x4  startup_stm32h750xx.o [1]
  .text              ro code  0x9001'9afc       0x4  startup_stm32h750xx.o [1]
  .text              ro code  0x9001'9b00       0x4  startup_stm32h750xx.o [1]
  .text              ro code  0x9001'9b04       0x4  startup_stm32h750xx.o [1]
  .text              ro code  0x9001'9b08       0x4  startup_stm32h750xx.o [1]
  .text              ro code  0x9001'9b0c       0x4  startup_stm32h750xx.o [1]
  .text              ro code  0x9001'9b10       0x4  startup_stm32h750xx.o [1]
  .text              ro code  0x9001'9b14       0x4  startup_stm32h750xx.o [1]
  .text              ro code  0x9001'9b18       0x4  startup_stm32h750xx.o [1]
  .text              ro code  0x9001'9b1c       0x4  startup_stm32h750xx.o [1]
  .text              ro code  0x9001'9b20       0x4  startup_stm32h750xx.o [1]
  .text              ro code  0x9001'9b24       0x4  startup_stm32h750xx.o [1]
  .text              ro code  0x9001'9b28       0x4  startup_stm32h750xx.o [1]
  .text              ro code  0x9001'9b2c       0x4  startup_stm32h750xx.o [1]
  .text              ro code  0x9001'9b30       0x4  startup_stm32h750xx.o [1]
  .text              ro code  0x9001'9b34       0x4  startup_stm32h750xx.o [1]
  .text              ro code  0x9001'9b38       0x4  startup_stm32h750xx.o [1]
  .text              ro code  0x9001'9b3c       0x4  startup_stm32h750xx.o [1]
  .text              ro code  0x9001'9b40       0x4  startup_stm32h750xx.o [1]
  .text              ro code  0x9001'9b44       0x4  startup_stm32h750xx.o [1]
  .text              ro code  0x9001'9b48       0x4  startup_stm32h750xx.o [1]
  .text              ro code  0x9001'9b4c       0x4  startup_stm32h750xx.o [1]
  .text              ro code  0x9001'9b50       0x4  startup_stm32h750xx.o [1]
  .text              ro code  0x9001'9b54       0x4  startup_stm32h750xx.o [1]
  .text              ro code  0x9001'9b58       0x4  startup_stm32h750xx.o [1]
  .text              ro code  0x9001'9b5c       0x4  startup_stm32h750xx.o [1]
  .text              ro code  0x9001'9b60       0x4  startup_stm32h750xx.o [1]
  .text              ro code  0x9001'9b64       0x4  startup_stm32h750xx.o [1]
  .text              ro code  0x9001'9b68       0x4  startup_stm32h750xx.o [1]
  .text              ro code  0x9001'9b6c       0x4  startup_stm32h750xx.o [1]
  .text              ro code  0x9001'9b70       0x4  startup_stm32h750xx.o [1]
  .text              ro code  0x9001'9b74       0x4  startup_stm32h750xx.o [1]
  .text              ro code  0x9001'9b78       0x4  startup_stm32h750xx.o [1]
  .text              ro code  0x9001'9b7c       0x4  startup_stm32h750xx.o [1]
  .text              ro code  0x9001'9b80       0x4  startup_stm32h750xx.o [1]
  .text              ro code  0x9001'9b84       0x4  startup_stm32h750xx.o [1]
  .text              ro code  0x9001'9b88       0x4  startup_stm32h750xx.o [1]
  .text              ro code  0x9001'9b8c       0x4  startup_stm32h750xx.o [1]
  .text              ro code  0x9001'9b90       0x4  startup_stm32h750xx.o [1]
  .text              ro code  0x9001'9b94       0x4  startup_stm32h750xx.o [1]
  .text              ro code  0x9001'9b98       0x4  startup_stm32h750xx.o [1]
  .text              ro code  0x9001'9b9c       0x4  startup_stm32h750xx.o [1]
  .text              ro code  0x9001'9ba0       0x4  startup_stm32h750xx.o [1]
  .text              ro code  0x9001'9ba4       0x4  startup_stm32h750xx.o [1]
  .text              ro code  0x9001'9ba8       0x4  startup_stm32h750xx.o [1]
  .text              ro code  0x9001'9bac       0x4  startup_stm32h750xx.o [1]
  .text              ro code  0x9001'9bb0       0x4  startup_stm32h750xx.o [1]
  .text              ro code  0x9001'9bb4       0x4  startup_stm32h750xx.o [1]
  .text              ro code  0x9001'9bb8       0x4  startup_stm32h750xx.o [1]
  .text              ro code  0x9001'9bbc       0x4  startup_stm32h750xx.o [1]
  .text              ro code  0x9001'9bc0       0x4  startup_stm32h750xx.o [1]
  .text              ro code  0x9001'9bc4       0x4  startup_stm32h750xx.o [1]
  .text              ro code  0x9001'9bc8       0x4  startup_stm32h750xx.o [1]
  .text              ro code  0x9001'9bcc       0x4  startup_stm32h750xx.o [1]
  .text              ro code  0x9001'9bd0       0x4  startup_stm32h750xx.o [1]
  .text              ro code  0x9001'9bd4       0x4  startup_stm32h750xx.o [1]
  .text              ro code  0x9001'9bd8       0x4  startup_stm32h750xx.o [1]
  .text              ro code  0x9001'9bdc       0x4  startup_stm32h750xx.o [1]
  .text              ro code  0x9001'9be0       0x4  startup_stm32h750xx.o [1]
  .text              ro code  0x9001'9be4       0x4  startup_stm32h750xx.o [1]
  .text              ro code  0x9001'9be8       0x4  startup_stm32h750xx.o [1]
  .text              ro code  0x9001'9bec       0x4  startup_stm32h750xx.o [1]
  .text              ro code  0x9001'9bf0       0x4  startup_stm32h750xx.o [1]
  .text              ro code  0x9001'9bf4       0x4  startup_stm32h750xx.o [1]
  .text              ro code  0x9001'9bf8       0x4  startup_stm32h750xx.o [1]
  .text              ro code  0x9001'9bfc       0x4  startup_stm32h750xx.o [1]
  .text              ro code  0x9001'9c00       0x4  startup_stm32h750xx.o [1]
  .text              ro code  0x9001'9c04       0x4  startup_stm32h750xx.o [1]
  .text              ro code  0x9001'9c08       0x4  startup_stm32h750xx.o [1]
  .text              ro code  0x9001'9c0c       0x4  startup_stm32h750xx.o [1]
  .text              ro code  0x9001'9c10       0x4  startup_stm32h750xx.o [1]
  .text              ro code  0x9001'9c14       0x4  startup_stm32h750xx.o [1]
  .text              ro code  0x9001'9c18       0x4  startup_stm32h750xx.o [1]
  .text              ro code  0x9001'9c1c       0x4  startup_stm32h750xx.o [1]
  .text              ro code  0x9001'9c20       0x4  startup_stm32h750xx.o [1]
  .text              ro code  0x9001'9c24       0x4  startup_stm32h750xx.o [1]
  .text              ro code  0x9001'9c28       0x4  startup_stm32h750xx.o [1]
  .text              ro code  0x9001'9c2c       0x4  startup_stm32h750xx.o [1]
  .text              ro code  0x9001'9c30       0x4  startup_stm32h750xx.o [1]
  .text              ro code  0x9001'9c34       0x4  startup_stm32h750xx.o [1]
  .text              ro code  0x9001'9c38       0x4  startup_stm32h750xx.o [1]
[...]
_fx_utility_logical_sector_flush
                        0x9001'5137     0x34a  Code  Gb  fx_utility_logical_sector_flush.o [1]
_fx_utility_logical_sector_read
                        0x9001'7ad7     0x39c  Code  Gb  fx_utility_logical_sector_read.o [1]
_fx_utility_logical_sector_write
                        0x9001'7e73     0x22a  Code  Gb  fx_utility_logical_sector_write.o [1]
_fx_utility_memory_copy
                        0x9001'1495      0x1e  Code  Gb  fx_utility_memory_copy.o [1]
_fx_utility_partition_get
                        0x9001'13bb      0xb4  Code  Gb  fx_partition_offset_calculate.o [1]
_fx_version_id          0x2000'0400      0x64  Data  Gb  fx_system_initialize.o [1]
_fxe_directory_create   0x9000'feb5      0x48  Code  Gb  fxe_directory_create.o [1]
_fxe_directory_delete   0x9000'fefd      0x48  Code  Gb  fxe_directory_delete.o [1]
_fxe_directory_next_full_entry_find
                        0x9000'fb2d      0x6c  Code  Gb  fxe_directory_next_full_entry_find.o [1]
_fxe_file_close         0x9000'fdd5      0x44  Code  Gb  fxe_file_close.o [1]
_fxe_file_create        0x9000'fc29      0x48  Code  Gb  fxe_file_create.o [1]
_fxe_file_delete        0x9000'ff45      0x48  Code  Gb  fxe_file_delete.o [1]
_fxe_file_open          0x9000'fc71      0xcc  Code  Gb  fxe_file_open.o [1]
_fxe_file_read          0x9000'fe5d      0x58  Code  Gb  fxe_file_read.o [1]
_fxe_file_seek          0x9000'fd3d      0x48  Code  Gb  fxe_file_seek.o [1]
_fxe_file_write         0x9000'fd85      0x50  Code  Gb  fxe_file_write.o [1]
_fxe_media_close        0x9000'fbe5      0x44  Code  Gb  fxe_media_close.o [1]
_fxe_media_extended_space_available
                        0x9000'fb99      0x4c  Code  Gb  fxe_media_extended_space_available.o [1]
_fxe_media_flush        0x9000'fe19      0x44  Code  Gb  fxe_media_flush.o [1]
_fxe_media_open         0x9000'fa2d     0x100  Code  Gb  fxe_media_open.o [1]
_gLocale_mblen          0x9001'1a79       0x4  Code  Gb  xlocale_c.o [2]
_gLocale_mblenInt       0x9001'1a3d      0x2c  Code  Gb  xlocale_c.o [2]
_gLocale_wctomb         0x9001'1a7d       0x4  Code  Gb  xlocale_c.o [2]
_gLocale_wctombInt      0x9001'1a75       0x4  Code  Gb  xlocale_c.o [2]
_main                   0x9001'94ef            Code  Gb  cmain.o [4]
_tx_block_pool_created_count
                        0x2000'8610       0x4  Data  Gb  tx_initialize_high_level.o [1]
_tx_block_pool_created_ptr
                        0x2000'860c       0x4  Data  Gb  tx_initialize_high_level.o [1]
_tx_build_options       0x2000'8648       0x4  Data  Gb  tx_thread_initialize.o [1]
_tx_byte_pool_created_count
                        0x2000'8618       0x4  Data  Gb  tx_initialize_high_level.o [1]
_tx_byte_pool_created_ptr
                        0x2000'8614       0x4  Data  Gb  tx_initialize_high_level.o [1]
_tx_event_flags_created_count
                        0x2000'8600       0x4  Data  Gb  tx_initialize_high_level.o [1]
_tx_event_flags_created_ptr
                        0x2000'85fc       0x4  Data  Gb  tx_initialize_high_level.o [1]
_tx_initialize_high_level
                        0x9000'8419      0x84  Code  Gb  tx_initialize_high_level.o [1]
_tx_initialize_kernel_enter
                        0x9000'4735      0x48  Code  Gb  tx_initialize_kernel_enter.o [1]
_tx_initialize_low_level
                        0x9000'83a5            Code  Gb  tx_initialize_low_level.o [1]
_tx_initialize_unused_memory
                        0x2000'861c       0x4  Data  Gb  tx_initialize_high_level.o [1]
_tx_mutex_cleanup       0x9001'89b9      0x98  Code  Gb  tx_mutex_cleanup.o [1]
_tx_mutex_create        0x9000'e42d      0x80  Code  Gb  tx_mutex_create.o [1]
_tx_mutex_created_count
                        0x2000'8608       0x4  Data  Gb  tx_initialize_high_level.o [1]
_tx_mutex_created_ptr   0x2000'8604       0x4  Data  Gb  tx_initialize_high_level.o [1]
_tx_mutex_delete        0x9001'6905      0xec  Code  Gb  tx_mutex_delete.o [1]
_tx_mutex_get           0x9000'f575     0x144  Code  Gb  tx_mutex_get.o [1]
_tx_mutex_prioritize    0x9001'1e79     0x100  Code  Gb  tx_mutex_prioritize.o [1]
_tx_mutex_priority_change
                        0x9001'1d71     0x108  Code  Gb  tx_mutex_priority_change.o [1]
_tx_mutex_put           0x9000'f6b9     0x2b8  Code  Gb  tx_mutex_put.o [1]
_tx_mutex_thread_release
                        0x9001'8a51      0x50  Code  Gb  tx_mutex_cleanup.o [1]
_tx_queue_created_count
                        0x2000'85f8       0x4  Data  Gb  tx_initialize_high_level.o [1]
_tx_queue_created_ptr   0x2000'85f4       0x4  Data  Gb  tx_initialize_high_level.o [1]
_tx_semaphore_cleanup   0x9001'8aad      0xa4  Code  Gb  tx_semaphore_cleanup.o [1]
_tx_semaphore_create    0x9001'4a59      0x74  Code  Gb  tx_semaphore_create.o [1]
_tx_semaphore_created_count
                        0x2000'85f0       0x4  Data  Gb  tx_initialize_high_level.o [1]
_tx_semaphore_created_ptr
                        0x2000'85ec       0x4  Data  Gb  tx_initialize_high_level.o [1]
_tx_semaphore_delete    0x9001'4acd      0xc8  Code  Gb  tx_semaphore_delete.o [1]
_tx_semaphore_get       0x9001'4b95      0xbc  Code  Gb  tx_semaphore_get.o [1]
_tx_semaphore_put       0x9001'4c51      0x88  Code  Gb  tx_semaphore_put.o [1]
_tx_thread_application_stack_error_handler
                        0x2000'864c       0x4  Data  Gb  tx_thread_initialize.o [1]
_tx_thread_create       0x9000'c819     0x1a8  Code  Gb  tx_thread_create.o [1]
_tx_thread_created_count
                        0x2000'8630       0x4  Data  Gb  tx_thread_initialize.o [1]
_tx_thread_created_ptr  0x2000'862c       0x4  Data  Gb  tx_thread_initialize.o [1]
_tx_thread_current_ptr  0x2000'8624       0x4  Data  Gb  tx_thread_initialize.o [1]
_tx_thread_execute_ptr  0x2000'8628       0x4  Data  Gb  tx_thread_initialize.o [1]
_tx_thread_highest_priority
                        0x2000'863c       0x4  Data  Gb  tx_thread_initialize.o [1]
_tx_thread_identify     0x9001'2015      0x18  Code  Gb  tx_thread_identify.o [1]
_tx_thread_initialize   0x9000'a225      0xac  Code  Gb  tx_thread_initialize.o [1]
_tx_thread_mutex_release
                        0x2000'8644       0x4  Data  Gb  tx_thread_initialize.o [1]
_tx_thread_preempt_disable
                        0x2000'8640       0x4  Data  Gb  tx_thread_initialize.o [1]
_tx_thread_preempted_maps
                        0x2000'8638       0x4  Data  Gb  tx_thread_initialize.o [1]
_tx_thread_preemption_change
                        0x9001'202d      0xd0  Code  Gb  tx_thread_preemption_change.o [1]
_tx_thread_priority_list
                        0x2000'81d0      0x80  Data  Gb  tx_thread_initialize.o [1]
_tx_thread_priority_maps
                        0x2000'8634       0x4  Data  Gb  tx_thread_initialize.o [1]
_tx_thread_schedule     0x9000'87a5            Code  Gb  tx_thread_schedule.o [1]
_tx_thread_shell_entry  0x9001'8be1      0x8c  Code  Gb  tx_thread_shell_entry.o [1]
_tx_thread_sleep        0x9000'a5d9      0x9c  Code  Gb  tx_thread_sleep.o [1]
_tx_thread_stack_analyze
                        0x9001'17ed      0x90  Code  Gb  tx_thread_stack_analyze.o [1]
_tx_thread_stack_build  0x9001'187d            Code  Gb  tx_thread_stack_build.o [1]
_tx_thread_stack_error_handler
                        0x9001'17c9      0x24  Code  Gb  tx_thread_stack_error_handler.o [1]
_tx_thread_system_preempt_check
                        0x9000'c9c1      0xd0  Code  Gb  tx_thread_system_preempt_check.o [1]
_tx_thread_system_resume
                        0x9001'14b5     0x314  Code  Gb  tx_thread_system_resume.o [1]
_tx_thread_system_stack_ptr
                        0x2000'8620       0x4  Data  Gb  tx_thread_initialize.o [1]
_tx_thread_system_state
                        0x2000'0470       0x4  Data  Gb  tx_thread_initialize.o [1]
_tx_thread_system_suspend
                        0x9000'db85     0x340  Code  Gb  tx_thread_system_suspend.o [1]
_tx_thread_time_slice   0x9000'c6a1     0x178  Code  Gb  tx_thread_time_slice.o [1]
_tx_thread_timeout      0x9001'8de5      0x50  Code  Gb  tx_thread_timeout.o [1]
_tx_time_get            0x9001'10bd      0x18  Code  Gb  tx_time_get.o [1]
_tx_timer_create        0x9001'1f79      0x9c  Code  Gb  tx_timer_create.o [1]
_tx_timer_created_count
                        0x2000'866c       0x4  Data  Gb  tx_timer_initialize.o [1]
_tx_timer_created_ptr   0x2000'8668       0x4  Data  Gb  tx_timer_initialize.o [1]
_tx_timer_current_ptr   0x2000'8660       0x4  Data  Gb  tx_timer_initialize.o [1]
_tx_timer_expiration_process
                        0x9000'c679      0x28  Code  Gb  tx_timer_expiration_process.o [1]
_tx_timer_expired       0x2000'8664       0x4  Data  Gb  tx_timer_initialize.o [1]
_tx_timer_expired_time_slice
                        0x2000'8654       0x4  Data  Gb  tx_timer_initialize.o [1]
_tx_timer_expired_timer_ptr
                        0x2000'8670       0x4  Data  Gb  tx_timer_initialize.o [1]
_tx_timer_initialize    0x9000'a2d1      0xf8  Code  Gb  tx_timer_initialize.o [1]
_tx_timer_interrupt     0x9000'a16d            Code  Gb  tx_timer_interrupt.o [1]
_tx_timer_list          0x2000'8250      0x80  Data  Gb  tx_timer_initialize.o [1]
_tx_timer_list_end      0x2000'865c       0x4  Data  Gb  tx_timer_initialize.o [1]
_tx_timer_list_start    0x2000'8658       0x4  Data  Gb  tx_timer_initialize.o [1]
_tx_timer_priority      0x2000'867c       0x4  Data  Gb  tx_timer_initialize.o [1]
_tx_timer_stack_size    0x2000'8678       0x4  Data  Gb  tx_timer_initialize.o [1]
_tx_timer_stack_start   0x2000'8674       0x4  Data  Gb  tx_timer_initialize.o [1]
_tx_timer_system_activate
                        0x9001'18c1      0x78  Code  Gb  tx_timer_system_activate.o [1]
_tx_timer_system_clock  0x2000'8650       0x4  Data  Gb  tx_timer_initialize.o [1]
_tx_timer_system_deactivate
                        0x9001'4cd9      0x36  Code  Gb  tx_timer_system_deactivate.o [1]
_tx_timer_thread        0x2000'7fe4      0xb4  Data  Gb  tx_timer_initialize.o [1]
_tx_timer_thread_entry  0x9001'85cd     0x168  Code  Gb  tx_timer_thread_entry.o [1]
_tx_timer_thread_stack_area
                        0x2000'6b80     0x400  Data  Gb  tx_timer_initialize.o [1]
_tx_timer_time_slice    0x2000'8680       0x4  Data  Gb  tx_timer_initialize.o [1]
_txe_mutex_create       0x9000'aa21      0xec  Code  Gb  txe_mutex_create.o [1]
_txe_mutex_get          0x9000'ab49      0x90  Code  Gb  txe_mutex_get.o [1]
_txe_mutex_put          0x9000'ac01      0x58  Code  Gb  txe_mutex_put.o [1]
_txe_semaphore_create   0x9001'10d5      0xe0  Code  Gb  txe_semaphore_create.o [1]
_txe_semaphore_delete   0x9001'11b5      0x64  Code  Gb  txe_semaphore_delete.o [1]
_txe_semaphore_get      0x9001'1219      0x6c  Code  Gb  txe_semaphore_get.o [1]
_txe_semaphore_put      0x9001'1471      0x24  Code  Gb  txe_semaphore_put.o [1]
_txe_thread_create      0x9000'a3c9     0x190  Code  Gb  txe_thread_create.o [1]
abort                   0x9001'4d0f       0x6  Code  Gb  abort.o [2]
adjust_heap             0x9000'e095      0x86  Code  Lc  qsort.o [2]
atoi                    0x9001'010d       0x2  Code  Gb  iar_Stoulx.o [2]
bsp_DelayMS             0x9000'cae9      0x12  Code  Gb  bsp_dwt.o [1]
bsp_DelayUS             0x9000'caad      0x26  Code  Gb  bsp_dwt.o [1]
bsp_Init                0x9000'a559      0x18  Code  Gb  bsp.o [1]
bsp_InitCLI             0x9000'a8c1      0x1a  Code  Gb  bsp_cli.o [1]
bsp_InitDWT             0x9000'ca91      0x1c  Code  Gb  bsp_dwt.o [1]
bsp_InitEEPROM          0x9000'cfd1      0x10  Code  Gb  bsp_eeprom.o [1]
bsp_InitLCD             0x9000'd33b      0x4c  Code  Gb  bsp_lcd.o [1]
bsp_InitTOUCH           0x9000'da27      0x1a  Code  Gb  bsp_touch.o [1]
bsp_RunPer1ms           0x9000'a571      0x10  Code  Gb  bsp.o [1]
bsp_adc_RunPeriod       0x9000'dab9      0x90  Code  Gb  bsp_adc.o [1]
bsp_adc_RunPeriod::adc_tick
                        0x2000'85a4       0x4  Data  Lc  bsp_adc.o [1]
bsp_cli_process         0x9000'a883      0x3e  Code  Gb  bsp_cli.o [1]
bsp_cli_read            0x9000'a797      0x12  Code  Gb  bsp_cli.o [1]
bsp_eeprom_load         0x9000'cfc1      0x10  Code  Gb  bsp_eeprom.o [1]
bsp_eeprom_read_byte    0x9000'cd5d      0x5e  Code  Gb  bsp_eeprom.o [1]
bsp_eeprom_read_word    0x9000'ce41      0x36  Code  Gb  bsp_eeprom.o [1]
bsp_eeprom_save         0x9000'cfb1      0x10  Code  Gb  bsp_eeprom.o [1]
bsp_eeprom_save_or_load
                        0x9000'ce79     0x112  Code  Gb  bsp_eeprom.o [1]
bsp_eeprom_write_byte   0x9000'cdbb      0x56  Code  Gb  bsp_eeprom.o [1]
bsp_eeprom_write_word   0x9000'ce11      0x30  Code  Gb  bsp_eeprom.o [1]
bsp_lcd_clear           0x9000'd321      0x1a  Code  Gb  bsp_lcd.o [1]
bsp_lcd_draw_circle     0x9000'd0f9     0x104  Code  Gb  bsp_lcd.o [1]
bsp_lcd_draw_line       0x9000'cffd      0xfc  Code  Gb  bsp_lcd.o [1]
bsp_lcd_draw_point      0x9000'cfe1      0x1c  Code  Gb  bsp_lcd.o [1]
bsp_lcd_fill            0x9000'd1fd     0x124  Code  Gb  bsp_lcd.o [1]
bsp_touch_RunPeriod     0x9000'da41      0x20  Code  Gb  bsp_touch.o [1]
bsp_touch_RunPeriod::touch_tick
                        0x2000'85b0       0x4  Data  Lc  bsp_touch.o [1]
bsp_touch_Scan          0x9000'd765      0xd0  Code  Gb  bsp_touch.o [1]
bsp_touch_adjust        0x9000'd835     0x1f2  Code  Gb  bsp_touch.o [1]
check_sd_status         0x9000'c129      0x26  Code  Lc  fx_stm32_sdio_driver.o [1]
cmd_item_comparer       0x9000'a8db      0x14  Code  Lc  bsp_cli.o [1]
cmd_tbl_end             0x9001'9a40       0xc  Data  Lc  bsp_cli.o [1]
cmd_tbl_start           0x9001'99d4       0xc  Data  Lc  bsp_cli.o [1]
digits                  0x9001'8dbc      0x28  Data  Lc  iar_Stoulx.o [2]
do_adc_get              0x9000'db49      0x1e  Code  Lc  bsp_adc.o [1]
do_filex_cmd            0x9000'b1d5      0x74  Code  Lc  file.o [1]
do_help                 0x9000'a8ef      0xee  Code  Lc  bsp_cli.o [1]
do_lcd_ctl              0x9000'd387      0x5e  Code  Lc  bsp_lcd.o [1]
do_rtc_cmd              0x9000'a581      0x4c  Code  Lc  bsp.o [1]
do_show_os_info         0x9000'8789       0xe  Code  Lc  task.o [1]
do_touch_adjust         0x9000'da61      0x1e  Code  Lc  bsp_touch.o [1]
entry_name              0x2000'7b60     0x100  Data  Gb  file.o [1]
exit                    0x9001'94f7       0x4  Code  Gb  exit.o [2]
find_cmd                0x9000'a7d5      0x24  Code  Lc  bsp_cli.o [1]
fputc                   0x9000'416f      0x18  Code  Gb  usart.o [1]
fx_file                 0x2000'7880     0x1e0  Data  Gb  file.o [1]
fx_stm32_sd_driver      0x9000'c14f     0x2ca  Code  Gb  fx_stm32_sdio_driver.o [1]
g_power_voltage         0x2000'85a0       0x4  Data  Gb  bsp_adc.o [1]
g_sys_para_lcd_bklight  0x2000'8695       0x1  Data  Gb  bsp_eeprom.o [1]
g_sys_para_touch_flg    0x2000'8694       0x1  Data  Gb  bsp_eeprom.o [1]
g_sys_para_touch_x_fac  0x2000'85a8       0x4  Data  Gb  bsp_eeprom.o [1]
g_sys_para_touch_x_off  0x2000'868a       0x2  Data  Gb  bsp_eeprom.o [1]
g_sys_para_touch_y_fac  0x2000'85ac       0x4  Data  Gb  bsp_eeprom.o [1]
g_sys_para_touch_y_off  0x2000'868c       0x2  Data  Gb  bsp_eeprom.o [1]
g_touch_sta             0x2000'8692       0x2  Data  Gb  bsp_touch.o [1]
g_touch_x               0x2000'868e       0x2  Data  Gb  bsp_touch.o [1]
g_touch_y               0x2000'8690       0x2  Data  Gb  bsp_touch.o [1]
hUsbDeviceFS            0x2000'6f80     0x2d0  Data  Gb  usb_device.o [1]
hadc1                   0x2000'834c      0x64  Data  Gb  adc.o [1]
hltdc                   0x2000'8098      0xa8  Data  Gb  ltdc.o [1]
hpcd_USB_OTG_FS         0x2000'5b70     0x408  Data  Gb  usbd_conf.o [1]
hrtc                    0x2000'853c      0x24  Data  Gb  rtc.o [1]
hsd2                    0x2000'82d0      0x7c  Data  Gb  sdmmc.o [1]
htim14                  0x2000'844c      0x4c  Data  Gb  tim.o [1]
htim7                   0x2000'8400      0x4c  Data  Gb  stm32h7xx_hal_timebase_tim.o [1]
huart3                  0x2000'8140      0x90  Data  Gb  usart.o [1]
intro_sort              0x9000'e11b     0x2c0  Code  Lc  qsort.o [2]
is_initialized          0x2000'8696       0x1  Data  Lc  fx_stm32_sdio_driver.o [1]
isspace                 0x9001'4a45      0x14  Code  Gb  isspace.o [2]
ldexp                   0x9001'1c09            Code  Gb  ldexp.o [3]
ldexpl                  0x9001'1c09            Code  Gb  ldexp.o [3]
localeconv              0x9001'1a81       0x4  Code  Gb  xlocale_c.o [2]
main                    0x9000'371d      0xb8  Code  Gb  main.o [1]
med3                    0x9000'e045      0x50  Code  Lc  qsort.o [2]
media_memory            0x3000'0000  0x4'0000  Data  Gb  file.o [1]
memchr                  0x9001'1acd            Code  Gb  memchr.o [4]
memset                  0x9000'39c9      0x14  Code  Gb  memset.o [4]
ndigs                   0x9001'8d94      0x28  Data  Lc  iar_Stoulx.o [2]
obuf                    0x2000'83b0      0x50  Data  Lc  xfiles.o [2]
printf                  0x9000'abd9      0x28  Code  Gb  printf.o [2]
process_line            0x9000'a84f      0x34  Code  Lc  bsp_cli.o [1]
putchar                 0x9001'9745       0xc  Code  Gb  putchar.o [2]
qsort                   0x9000'e3db      0x18  Code  Gb  qsort.o [2]
rbrecv                  0x2000'8580      0x10  Data  Lc  bsp_cli.o [1]
recvbuf                 0x2000'8498      0x44  Data  Lc  bsp_cli.o [1]
recvcnt                 0x2000'8688       0x2  Data  Lc  bsp_cli.o [1]
ring_buf_get            0x9000'a717      0x80  Code  Gb  bsp_cli.o [1]
ring_buf_init           0x9000'a675      0x20  Code  Gb  bsp_cli.o [1]
ring_buf_put            0x9000'a695      0x82  Code  Gb  bsp_cli.o [1]
rot3                    0x9000'df8d      0x68  Code  Lc  qsort.o [2]
rotate                  0x9000'dffb      0x4a  Code  Lc  qsort.o [2]
rxbuf                   0x2000'7a60     0x100  Data  Lc  bsp_cli.o [1]
scalbln                 0x9001'1c09            Code  Gb  ldexp.o [3]
scalblnl                0x9001'1c09            Code  Gb  ldexp.o [3]
scalbn                  0x9001'1c09            Code  Gb  ldexp.o [3]
scalbnl                 0x9001'1c09            Code  Gb  ldexp.o [3]
scale                   0x9000'f4c9      0x46  Code  Lc  xprintffull.o [2]
scratch                 0x2000'7480     0x200  Data  Gb  fx_stm32_sdio_driver.o [1]
sd_read_data            0x9000'c42d     0x120  Code  Lc  fx_stm32_sdio_driver.o [1]
sd_write_data           0x9000'c54d     0x10e  Code  Lc  fx_stm32_sdio_driver.o [1]
sdio_disk               0x2000'06b8    0x24b8  Data  Gb  file.o [1]
sec_hand                0x2000'8684       0x4  Data  Lc  xfail_s.o [2]
sprintf                 0x9000'ff8d      0x40  Code  Gb  sprintf.o [2]
strcasecmp              0x9000'dec5      0x46  Code  Gb  strcasecmp.o [2]
strchr                  0x9000'df0d            Code  Gb  strchr.o [4]
strcmp                  0x9000'df25            Code  Gb  strcmp.o [4]
strlen                  0x9000'e3f5            Code  Gb  strlen.o [4]
strsplit                0x9000'a7f9      0x56  Code  Lc  bsp_cli.o [1]
swap                    0x9000'df37      0x56  Code  Lc  qsort.o [2]
tolower                 0x9001'1939      0x14  Code  Gb  tolower.o [2]
transfer_semaphore      0x2000'8560      0x20  Data  Lc  fx_stm32_sdio_driver.o [1]
tx_application_define   0x9000'849d      0x8e  Code  Gb  task.o [1]
tx_thread_fpu_disable   0x9000'8853            Code  Gb  tx_thread_schedule.o [1]
tx_thread_fpu_enable    0x9000'8853            Code  Gb  tx_thread_schedule.o [1]
uwTick                  0x2000'85d8       0x4  Data  Gb  stm32h7xx_hal.o [1]
uwTickFreq              0x2000'06b0       0x1  Data  Gb  stm32h7xx_hal.o [1]
uwTickPrio              0x2000'0464       0x4  Data  Gb  stm32h7xx_hal.o [1]
vsnprintf               0x9000'ab0d      0x3c  Code  Gb  vsnprint.o [2]


[1] = F:\WQA\App\EWARM\App\Obj
[2] = dl7M_tlf.a
[3] = m7M_tlv.a
[4] = rt7M_tl.a
[5] = shb_l.a

  102'465 bytes of readonly  code memory
    3'665 bytes of readonly  data memory
   50'838 bytes of readwrite data memory (+ 262'144 absolute)

Errors: none
Warnings: none
