###############################################################################
#
# IAR ELF Linker V8.40.1.212/W32 for ARM                  26/Sep/2021  01:00:39
# Copyright 2007-2019 IAR Systems AB.
#
#    Output file  =  F:\WQA\App\EWARM\App\Exe\App.out
#    Map file     =  F:\WQA\App\EWARM\App\List\App.map
#    Command line =
#        -f C:\Users\walker\AppData\Local\Temp\EW9AB3.tmp
#        (F:\WQA\App\EWARM\App\Obj\App_SysFunction.o
#        F:\WQA\App\EWARM\App\Obj\bsp.o F:\WQA\App\EWARM\App\Obj\bsp_dwt.o
#        F:\WQA\App\EWARM\App\Obj\bsp_eeprom.o
#        F:\WQA\App\EWARM\App\Obj\bsp_lcd.o
#        F:\WQA\App\EWARM\App\Obj\bsp_touch.o F:\WQA\App\EWARM\App\Obj\dma2d.o
#        F:\WQA\App\EWARM\App\Obj\gpio.o
#        F:\WQA\App\EWARM\App\Obj\GUI_resources.o
#        F:\WQA\App\EWARM\App\Obj\GUI_specifications.o
#        F:\WQA\App\EWARM\App\Obj\gui_task.o
#        F:\WQA\App\EWARM\App\Obj\gx_accordion_menu_create.o
#        F:\WQA\App\EWARM\App\Obj\gx_accordion_menu_draw.o
#        F:\WQA\App\EWARM\App\Obj\gx_accordion_menu_event_process.o
#        F:\WQA\App\EWARM\App\Obj\gx_accordion_menu_position.o
#        F:\WQA\App\EWARM\App\Obj\gx_animation_canvas_define.o
#        F:\WQA\App\EWARM\App\Obj\gx_animation_complete.o
#        F:\WQA\App\EWARM\App\Obj\gx_animation_create.o
#        F:\WQA\App\EWARM\App\Obj\gx_animation_delete.o
#        F:\WQA\App\EWARM\App\Obj\gx_animation_drag_disable.o
#        F:\WQA\App\EWARM\App\Obj\gx_animation_drag_enable.o
#        F:\WQA\App\EWARM\App\Obj\gx_animation_drag_event_process.o
#        F:\WQA\App\EWARM\App\Obj\gx_animation_drag_tracking.o
#        F:\WQA\App\EWARM\App\Obj\gx_animation_drag_tracking_start.o
#        F:\WQA\App\EWARM\App\Obj\gx_animation_landing_speed_set.o
#        F:\WQA\App\EWARM\App\Obj\gx_animation_slide_landing.o
#        F:\WQA\App\EWARM\App\Obj\gx_animation_slide_landing_start.o
#        F:\WQA\App\EWARM\App\Obj\gx_animation_start.o
#        F:\WQA\App\EWARM\App\Obj\gx_animation_stop.o
#        F:\WQA\App\EWARM\App\Obj\gx_animation_update.o
#        F:\WQA\App\EWARM\App\Obj\gx_binres_language_count_get.o
#        F:\WQA\App\EWARM\App\Obj\gx_binres_language_info_load.o
#        F:\WQA\App\EWARM\App\Obj\gx_binres_language_table_load.o
#        F:\WQA\App\EWARM\App\Obj\gx_binres_theme_load.o
#        F:\WQA\App\EWARM\App\Obj\gx_brush_default.o
#        F:\WQA\App\EWARM\App\Obj\gx_brush_define.o
#        F:\WQA\App\EWARM\App\Obj\gx_button_background_draw.o
#        F:\WQA\App\EWARM\App\Obj\gx_button_create.o
#        F:\WQA\App\EWARM\App\Obj\gx_button_deselect.o
#        F:\WQA\App\EWARM\App\Obj\gx_button_draw.o
#        F:\WQA\App\EWARM\App\Obj\gx_button_event_process.o
#        F:\WQA\App\EWARM\App\Obj\gx_button_select.o
#        F:\WQA\App\EWARM\App\Obj\gx_button_siblings_deselect.o
#        F:\WQA\App\EWARM\App\Obj\gx_canvas_alpha_set.o
#        F:\WQA\App\EWARM\App\Obj\gx_canvas_arc_draw.o
#        F:\WQA\App\EWARM\App\Obj\gx_canvas_block_move.o
#        F:\WQA\App\EWARM\App\Obj\gx_canvas_circle_draw.o
#        F:\WQA\App\EWARM\App\Obj\gx_canvas_composite_create.o
#        F:\WQA\App\EWARM\App\Obj\gx_canvas_create.o
#        F:\WQA\App\EWARM\App\Obj\gx_canvas_delete.o
#        F:\WQA\App\EWARM\App\Obj\gx_canvas_dirty_mark.o
#        F:\WQA\App\EWARM\App\Obj\gx_canvas_drawing_complete.o
#        F:\WQA\App\EWARM\App\Obj\gx_canvas_drawing_initiate.o
#        F:\WQA\App\EWARM\App\Obj\gx_canvas_ellipse_draw.o
#        F:\WQA\App\EWARM\App\Obj\gx_canvas_glyphs_draw.o
#        F:\WQA\App\EWARM\App\Obj\gx_canvas_hardware_layer_bind.o
#        F:\WQA\App\EWARM\App\Obj\gx_canvas_hide.o
#        F:\WQA\App\EWARM\App\Obj\gx_canvas_line_draw.o
#        F:\WQA\App\EWARM\App\Obj\gx_canvas_memory_define.o
#        F:\WQA\App\EWARM\App\Obj\gx_canvas_mouse_define.o
#        F:\WQA\App\EWARM\App\Obj\gx_canvas_mouse_hide.o
#        F:\WQA\App\EWARM\App\Obj\gx_canvas_mouse_show.o
#        F:\WQA\App\EWARM\App\Obj\gx_canvas_offset_set.o
#        F:\WQA\App\EWARM\App\Obj\gx_canvas_pie_draw.o
#        F:\WQA\App\EWARM\App\Obj\gx_canvas_pixel_draw.o
#        F:\WQA\App\EWARM\App\Obj\gx_canvas_pixelmap_blend.o
#        F:\WQA\App\EWARM\App\Obj\gx_canvas_pixelmap_draw.o
#        F:\WQA\App\EWARM\App\Obj\gx_canvas_pixelmap_get.o
#        F:\WQA\App\EWARM\App\Obj\gx_canvas_pixelmap_rotate.o
#        F:\WQA\App\EWARM\App\Obj\gx_canvas_pixelmap_tile.o
#        F:\WQA\App\EWARM\App\Obj\gx_canvas_polygon_draw.o
#        F:\WQA\App\EWARM\App\Obj\gx_canvas_rectangle_draw.o
#        F:\WQA\App\EWARM\App\Obj\gx_canvas_rotated_text_draw.o
#        F:\WQA\App\EWARM\App\Obj\gx_canvas_shift.o
#        F:\WQA\App\EWARM\App\Obj\gx_canvas_show.o
#        F:\WQA\App\EWARM\App\Obj\gx_canvas_text_draw.o
#        F:\WQA\App\EWARM\App\Obj\gx_checkbox_create.o
#        F:\WQA\App\EWARM\App\Obj\gx_checkbox_draw.o
#        F:\WQA\App\EWARM\App\Obj\gx_checkbox_event_process.o
#        F:\WQA\App\EWARM\App\Obj\gx_checkbox_pixelmap_set.o
#        F:\WQA\App\EWARM\App\Obj\gx_checkbox_select.o
#        F:\WQA\App\EWARM\App\Obj\gx_circular_gauge_angle_get.o
#        F:\WQA\App\EWARM\App\Obj\gx_circular_gauge_angle_increment_calculate.o
#        F:\WQA\App\EWARM\App\Obj\gx_circular_gauge_angle_set.o
#        F:\WQA\App\EWARM\App\Obj\gx_circular_gauge_animation_set.o
#        F:\WQA\App\EWARM\App\Obj\gx_circular_gauge_background_draw.o
#        F:\WQA\App\EWARM\App\Obj\gx_circular_gauge_create.o
#        F:\WQA\App\EWARM\App\Obj\gx_circular_gauge_draw.o
#        F:\WQA\App\EWARM\App\Obj\gx_circular_gauge_event_process.o
#        F:\WQA\App\EWARM\App\Obj\gx_circular_gauge_needle_dirty_mark.o
#        F:\WQA\App\EWARM\App\Obj\gx_circular_gauge_needle_rectangle_calculate.o
#        F:\WQA\App\EWARM\App\Obj\gx_circular_gauge_needle_rotate.o
#        F:\WQA\App\EWARM\App\Obj\gx_context_brush_default.o
#        F:\WQA\App\EWARM\App\Obj\gx_context_brush_define.o
#        F:\WQA\App\EWARM\App\Obj\gx_context_brush_get.o
#        F:\WQA\App\EWARM\App\Obj\gx_context_brush_pattern_set.o
#        F:\WQA\App\EWARM\App\Obj\gx_context_brush_set.o
#        F:\WQA\App\EWARM\App\Obj\gx_context_brush_style_set.o
#        F:\WQA\App\EWARM\App\Obj\gx_context_brush_width_set.o
#        F:\WQA\App\EWARM\App\Obj\gx_context_color_get.o
#        F:\WQA\App\EWARM\App\Obj\gx_context_fill_color_set.o
#        F:\WQA\App\EWARM\App\Obj\gx_context_font_get.o
#        F:\WQA\App\EWARM\App\Obj\gx_context_font_set.o
#        F:\WQA\App\EWARM\App\Obj\gx_context_line_color_set.o
#        F:\WQA\App\EWARM\App\Obj\gx_context_pixelmap_get.o
#        F:\WQA\App\EWARM\App\Obj\gx_context_pixelmap_set.o
#        F:\WQA\App\EWARM\App\Obj\gx_context_raw_brush_define.o
#        F:\WQA\App\EWARM\App\Obj\gx_context_raw_fill_color_set.o
#        F:\WQA\App\EWARM\App\Obj\gx_context_raw_line_color_set.o
#        F:\WQA\App\EWARM\App\Obj\gx_context_string_get.o
#        F:\WQA\App\EWARM\App\Obj\gx_display_active_language_set.o
#        F:\WQA\App\EWARM\App\Obj\gx_display_canvas_dirty.o
#        F:\WQA\App\EWARM\App\Obj\gx_display_color_set.o
#        F:\WQA\App\EWARM\App\Obj\gx_display_color_table_set.o
#        F:\WQA\App\EWARM\App\Obj\gx_display_create.o
#        F:\WQA\App\EWARM\App\Obj\gx_display_delete.o
#        F:\WQA\App\EWARM\App\Obj\gx_display_driver_1555xrgb_canvas_blend.o
#        F:\WQA\App\EWARM\App\Obj\gx_display_driver_1555xrgb_jpeg_draw.o
#        F:\WQA\App\EWARM\App\Obj\gx_display_driver_1555xrgb_native_color_get.o
#        F:\WQA\App\EWARM\App\Obj\gx_display_driver_1555xrgb_pixel_blend.o
#        F:\WQA\App\EWARM\App\Obj\gx_display_driver_1555xrgb_pixelmap_rotate.o
#        F:\WQA\App\EWARM\App\Obj\gx_display_driver_1555xrgb_png_draw.o
#        F:\WQA\App\EWARM\App\Obj\gx_display_driver_1555xrgb_setup.o
#        F:\WQA\App\EWARM\App\Obj\gx_display_driver_16bpp_block_move.o
#        F:\WQA\App\EWARM\App\Obj\gx_display_driver_16bpp_canvas_copy.o
#        F:\WQA\App\EWARM\App\Obj\gx_display_driver_16bpp_horizontal_line_draw.o
#        F:\WQA\App\EWARM\App\Obj\gx_display_driver_16bpp_horizontal_pattern_line_draw.o
#        F:\WQA\App\EWARM\App\Obj\gx_display_driver_16bpp_mouse_capture.o
#        F:\WQA\App\EWARM\App\Obj\gx_display_driver_16bpp_mouse_restore.o
#        F:\WQA\App\EWARM\App\Obj\gx_display_driver_16bpp_pixel_write.o
#        F:\WQA\App\EWARM\App\Obj\gx_display_driver_16bpp_pixelmap_blend.o
#        F:\WQA\App\EWARM\App\Obj\gx_display_driver_16bpp_pixelmap_draw.o
#        F:\WQA\App\EWARM\App\Obj\gx_display_driver_16bpp_pixelmap_rotate.o
#        F:\WQA\App\EWARM\App\Obj\gx_display_driver_16bpp_rotated_block_move.o
#        F:\WQA\App\EWARM\App\Obj\gx_display_driver_16bpp_rotated_canvas_copy.o
#        F:\WQA\App\EWARM\App\Obj\gx_display_driver_16bpp_rotated_horizontal_line_draw.o
#        F:\WQA\App\EWARM\App\Obj\gx_display_driver_16bpp_rotated_horizontal_pattern_line_draw.o
#        F:\WQA\App\EWARM\App\Obj\gx_display_driver_16bpp_rotated_pixel_write.o
#        F:\WQA\App\EWARM\App\Obj\gx_display_driver_16bpp_rotated_pixelmap_blend.o
#        F:\WQA\App\EWARM\App\Obj\gx_display_driver_16bpp_rotated_pixelmap_draw.o
#        F:\WQA\App\EWARM\App\Obj\gx_display_driver_16bpp_rotated_pixelmap_rotate.o
#        F:\WQA\App\EWARM\App\Obj\gx_display_driver_16bpp_rotated_simple_line_draw.o
#        F:\WQA\App\EWARM\App\Obj\gx_display_driver_16bpp_rotated_vertical_line_draw.o
#        F:\WQA\App\EWARM\App\Obj\gx_display_driver_16bpp_rotated_vertical_pattern_line_draw.o
#        F:\WQA\App\EWARM\App\Obj\gx_display_driver_16bpp_row_pitch_get.o
#        F:\WQA\App\EWARM\App\Obj\gx_display_driver_16bpp_simple_line_draw.o
#        F:\WQA\App\EWARM\App\Obj\gx_display_driver_16bpp_vertical_line_draw.o
#        F:\WQA\App\EWARM\App\Obj\gx_display_driver_16bpp_vertical_pattern_line_draw.o
#        F:\WQA\App\EWARM\App\Obj\gx_display_driver_1bpp_block_move.o
#        F:\WQA\App\EWARM\App\Obj\gx_display_driver_1bpp_canvas_copy.o
#        F:\WQA\App\EWARM\App\Obj\gx_display_driver_1bpp_glyph_1bpp_draw.o
#        F:\WQA\App\EWARM\App\Obj\gx_display_driver_1bpp_horizontal_line_draw.o
#        F:\WQA\App\EWARM\App\Obj\gx_display_driver_1bpp_horizontal_pattern_line_draw.o
#        F:\WQA\App\EWARM\App\Obj\gx_display_driver_1bpp_horizontal_pixelmap_line_draw.o
#        F:\WQA\App\EWARM\App\Obj\gx_display_driver_1bpp_mouse_capture.o
#        F:\WQA\App\EWARM\App\Obj\gx_display_driver_1bpp_mouse_restore.o
#        F:\WQA\App\EWARM\App\Obj\gx_display_driver_1bpp_native_color_get.o
#        F:\WQA\App\EWARM\App\Obj\gx_display_driver_1bpp_pixel_write.o
#        F:\WQA\App\EWARM\App\Obj\gx_display_driver_1bpp_pixelmap_draw.o
#        F:\WQA\App\EWARM\App\Obj\gx_display_driver_1bpp_pixelmap_rotate.o
#        F:\WQA\App\EWARM\App\Obj\gx_display_driver_1bpp_row_pitch_get.o
#        F:\WQA\App\EWARM\App\Obj\gx_display_driver_1bpp_simple_line_draw.o
#        F:\WQA\App\EWARM\App\Obj\gx_display_driver_1bpp_vertical_line_draw.o
#        F:\WQA\App\EWARM\App\Obj\gx_display_driver_1bpp_vertical_pattern_line_draw.o
#        F:\WQA\App\EWARM\App\Obj\gx_display_driver_24xrgb_canvas_blend.o
#        F:\WQA\App\EWARM\App\Obj\gx_display_driver_24xrgb_jpeg_draw.o
#        F:\WQA\App\EWARM\App\Obj\gx_display_driver_24xrgb_mouse_capture.o
#        F:\WQA\App\EWARM\App\Obj\gx_display_driver_24xrgb_mouse_restore.o
#        F:\WQA\App\EWARM\App\Obj\gx_display_driver_24xrgb_native_color_get.o
#        F:\WQA\App\EWARM\App\Obj\gx_display_driver_24xrgb_pixel_blend.o
#        F:\WQA\App\EWARM\App\Obj\gx_display_driver_24xrgb_pixelmap_blend.o
#        F:\WQA\App\EWARM\App\Obj\gx_display_driver_24xrgb_png_draw.o
#        F:\WQA\App\EWARM\App\Obj\gx_display_driver_24xrgb_rotated_canvas_blend.o
#        F:\WQA\App\EWARM\App\Obj\gx_display_driver_24xrgb_rotated_jpeg_draw.o
#        F:\WQA\App\EWARM\App\Obj\gx_display_driver_24xrgb_rotated_pixel_blend.o
#        F:\WQA\App\EWARM\App\Obj\gx_display_driver_24xrgb_rotated_png_draw.o
#        F:\WQA\App\EWARM\App\Obj\gx_display_driver_24xrgb_rotated_setup.o
#        F:\WQA\App\EWARM\App\Obj\gx_display_driver_24xrgb_setup.o
#        F:\WQA\App\EWARM\App\Obj\gx_display_driver_32argb_native_color_get.o
#        F:\WQA\App\EWARM\App\Obj\gx_display_driver_32argb_pixel_blend.o
#        F:\WQA\App\EWARM\App\Obj\gx_display_driver_32argb_pixelmap_blend.o
#        F:\WQA\App\EWARM\App\Obj\gx_display_driver_32argb_pixelmap_draw.o
#        F:\WQA\App\EWARM\App\Obj\gx_display_driver_32argb_rotated_pixel_blend.o
#        F:\WQA\App\EWARM\App\Obj\gx_display_driver_32argb_rotated_setup.o
#        F:\WQA\App\EWARM\App\Obj\gx_display_driver_32argb_setup.o
#        F:\WQA\App\EWARM\App\Obj\gx_display_driver_32bpp_block_move.o
#        F:\WQA\App\EWARM\App\Obj\gx_display_driver_32bpp_canvas_copy.o
#        F:\WQA\App\EWARM\App\Obj\gx_display_driver_32bpp_glyph_1bit_draw.o
#        F:\WQA\App\EWARM\App\Obj\gx_display_driver_32bpp_horizontal_line_draw.o
#        F:\WQA\App\EWARM\App\Obj\gx_display_driver_32bpp_horizontal_pattern_line_draw.o
#        F:\WQA\App\EWARM\App\Obj\gx_display_driver_32bpp_horizontal_pixelmap_line_draw.o
#        F:\WQA\App\EWARM\App\Obj\gx_display_driver_32bpp_pixel_write.o
#        F:\WQA\App\EWARM\App\Obj\gx_display_driver_32bpp_pixelmap_draw.o
#        F:\WQA\App\EWARM\App\Obj\gx_display_driver_32bpp_pixelmap_rotate.o
#        F:\WQA\App\EWARM\App\Obj\gx_display_driver_32bpp_rotated_block_move.o
#        F:\WQA\App\EWARM\App\Obj\gx_display_driver_32bpp_rotated_canvas_copy.o
#        F:\WQA\App\EWARM\App\Obj\gx_display_driver_32bpp_rotated_glyph_1bit_draw.o
#        F:\WQA\App\EWARM\App\Obj\gx_display_driver_32bpp_rotated_horizontal_line_draw.o
#        F:\WQA\App\EWARM\App\Obj\gx_display_driver_32bpp_rotated_horizontal_pattern_line_draw.o
#        F:\WQA\App\EWARM\App\Obj\gx_display_driver_32bpp_rotated_horizontal_pixelmap_line_draw.o
#        F:\WQA\App\EWARM\App\Obj\gx_display_driver_32bpp_rotated_pixel_write.o
#        F:\WQA\App\EWARM\App\Obj\gx_display_driver_32bpp_rotated_pixelmap_blend.o
#        F:\WQA\App\EWARM\App\Obj\gx_display_driver_32bpp_rotated_pixelmap_draw.o
#        F:\WQA\App\EWARM\App\Obj\gx_display_driver_32bpp_rotated_pixelmap_rotate.o
#        F:\WQA\App\EWARM\App\Obj\gx_display_driver_32bpp_rotated_simple_line_draw.o
#        F:\WQA\App\EWARM\App\Obj\gx_display_driver_32bpp_rotated_vertical_line_draw.o
#        F:\WQA\App\EWARM\App\Obj\gx_display_driver_32bpp_rotated_vertical_pattern_line_draw.o
#        F:\WQA\App\EWARM\App\Obj\gx_display_driver_32bpp_row_pitch_get.o
#        F:\WQA\App\EWARM\App\Obj\gx_display_driver_32bpp_simple_line_draw.o
#        F:\WQA\App\EWARM\App\Obj\gx_display_driver_32bpp_vertical_line_draw.o
#        F:\WQA\App\EWARM\App\Obj\gx_display_driver_32bpp_vertical_pattern_line_draw.o
#        F:\WQA\App\EWARM\App\Obj\gx_display_driver_332rgb_native_color_get.o
#        F:\WQA\App\EWARM\App\Obj\gx_display_driver_332rgb_pixel_blend.o
#        F:\WQA\App\EWARM\App\Obj\gx_display_driver_332rgb_pixelmap_draw.o
#        F:\WQA\App\EWARM\App\Obj\gx_display_driver_332rgb_pixelmap_rotate.o
#        F:\WQA\App\EWARM\App\Obj\gx_display_driver_332rgb_setup.o
#        F:\WQA\App\EWARM\App\Obj\gx_display_driver_4444argb_canvas_blend.o
#        F:\WQA\App\EWARM\App\Obj\gx_display_driver_4444argb_horizontal_pixelmap_line_draw.o
#        F:\WQA\App\EWARM\App\Obj\gx_display_driver_4444argb_native_color_get.o
#        F:\WQA\App\EWARM\App\Obj\gx_display_driver_4444argb_pixel_blend.o
#        F:\WQA\App\EWARM\App\Obj\gx_display_driver_4444argb_pixelmap_draw.o
#        F:\WQA\App\EWARM\App\Obj\gx_display_driver_4444argb_pixelmap_rotate.o
#        F:\WQA\App\EWARM\App\Obj\gx_display_driver_4444argb_setup.o
#        F:\WQA\App\EWARM\App\Obj\gx_display_driver_4bpp_block_move.o
#        F:\WQA\App\EWARM\App\Obj\gx_display_driver_4bpp_canvas_copy.o
#        F:\WQA\App\EWARM\App\Obj\gx_display_driver_4bpp_glyph_1bit_draw.o
#        F:\WQA\App\EWARM\App\Obj\gx_display_driver_4bpp_glyph_4bit_draw.o
#        F:\WQA\App\EWARM\App\Obj\gx_display_driver_4bpp_grayscale_setup.o
#        F:\WQA\App\EWARM\App\Obj\gx_display_driver_4bpp_horizontal_line_draw.o
#        F:\WQA\App\EWARM\App\Obj\gx_display_driver_4bpp_horizontal_pattern_line_draw.o
#        F:\WQA\App\EWARM\App\Obj\gx_display_driver_4bpp_horizontal_pixelmap_line_draw.o
#        F:\WQA\App\EWARM\App\Obj\gx_display_driver_4bpp_mouse_capture.o
#        F:\WQA\App\EWARM\App\Obj\gx_display_driver_4bpp_mouse_restore.o
#        F:\WQA\App\EWARM\App\Obj\gx_display_driver_4bpp_native_color_get.o
#        F:\WQA\App\EWARM\App\Obj\gx_display_driver_4bpp_pixel_write.o
#        F:\WQA\App\EWARM\App\Obj\gx_display_driver_4bpp_pixelmap_draw.o
#        F:\WQA\App\EWARM\App\Obj\gx_display_driver_4bpp_pixelmap_rotate.o
#        F:\WQA\App\EWARM\App\Obj\gx_display_driver_4bpp_row_pitch_get.o
#        F:\WQA\App\EWARM\App\Obj\gx_display_driver_4bpp_simple_line_draw.o
#        F:\WQA\App\EWARM\App\Obj\gx_display_driver_4bpp_vertical_line_draw.o
#        F:\WQA\App\EWARM\App\Obj\gx_display_driver_4bpp_vertical_pattern_line_draw.o
#        F:\WQA\App\EWARM\App\Obj\gx_display_driver_565rgb_canvas_blend.o
#        F:\WQA\App\EWARM\App\Obj\gx_display_driver_565rgb_glyph_1bit_draw.o
#        F:\WQA\App\EWARM\App\Obj\gx_display_driver_565rgb_horizontal_pixelmap_line_draw.o
#        F:\WQA\App\EWARM\App\Obj\gx_display_driver_565rgb_jpeg_draw.o
#        F:\WQA\App\EWARM\App\Obj\gx_display_driver_565rgb_native_color_get.o
#        F:\WQA\App\EWARM\App\Obj\gx_display_driver_565rgb_pixel_blend.o
#        F:\WQA\App\EWARM\App\Obj\gx_display_driver_565rgb_png_draw.o
#        F:\WQA\App\EWARM\App\Obj\gx_display_driver_565rgb_rotated_canvas_blend.o
#        F:\WQA\App\EWARM\App\Obj\gx_display_driver_565rgb_rotated_glyph_1bit_draw.o
#        F:\WQA\App\EWARM\App\Obj\gx_display_driver_565rgb_rotated_horizontal_pixelmap_line_draw.o
#        F:\WQA\App\EWARM\App\Obj\gx_display_driver_565rgb_rotated_jpeg_draw.o
#        F:\WQA\App\EWARM\App\Obj\gx_display_driver_565rgb_rotated_pixel_blend.o
#        F:\WQA\App\EWARM\App\Obj\gx_display_driver_565rgb_rotated_png_draw.o
#        F:\WQA\App\EWARM\App\Obj\gx_display_driver_565rgb_rotated_setup.o
#        F:\WQA\App\EWARM\App\Obj\gx_display_driver_565rgb_setup.o
#        F:\WQA\App\EWARM\App\Obj\gx_display_driver_8bit_palette_native_color_get.o
#        F:\WQA\App\EWARM\App\Obj\gx_display_driver_8bit_palette_rotated_setup.o
#        F:\WQA\App\EWARM\App\Obj\gx_display_driver_8bit_palette_setup.o
#        F:\WQA\App\EWARM\App\Obj\gx_display_driver_8bpp_block_move.o
#        F:\WQA\App\EWARM\App\Obj\gx_display_driver_8bpp_canvas_copy.o
#        F:\WQA\App\EWARM\App\Obj\gx_display_driver_8bpp_glyph_1bit_draw.o
#        F:\WQA\App\EWARM\App\Obj\gx_display_driver_8bpp_glyph_3bit_draw.o
#        F:\WQA\App\EWARM\App\Obj\gx_display_driver_8bpp_glyph_4bit_draw.o
#        F:\WQA\App\EWARM\App\Obj\gx_display_driver_8bpp_horizontal_line_draw.o
#        F:\WQA\App\EWARM\App\Obj\gx_display_driver_8bpp_horizontal_pattern_line_draw.o
#        F:\WQA\App\EWARM\App\Obj\gx_display_driver_8bpp_horizontal_pixelmap_line_draw.o
#        F:\WQA\App\EWARM\App\Obj\gx_display_driver_8bpp_mouse_capture.o
#        F:\WQA\App\EWARM\App\Obj\gx_display_driver_8bpp_mouse_restore.o
#        F:\WQA\App\EWARM\App\Obj\gx_display_driver_8bpp_pixel_write.o
#        F:\WQA\App\EWARM\App\Obj\gx_display_driver_8bpp_pixelmap_blend.o
#        F:\WQA\App\EWARM\App\Obj\gx_display_driver_8bpp_pixelmap_draw.o
#        F:\WQA\App\EWARM\App\Obj\gx_display_driver_8bpp_pixelmap_rotate.o
#        F:\WQA\App\EWARM\App\Obj\gx_display_driver_8bpp_rotated_block_move.o
#        F:\WQA\App\EWARM\App\Obj\gx_display_driver_8bpp_rotated_canvas_copy.o
#        F:\WQA\App\EWARM\App\Obj\gx_display_driver_8bpp_rotated_glyph_1bit_draw.o
#        F:\WQA\App\EWARM\App\Obj\gx_display_driver_8bpp_rotated_glyph_3bit_draw.o
#        F:\WQA\App\EWARM\App\Obj\gx_display_driver_8bpp_rotated_glyph_4bit_draw.o
#        F:\WQA\App\EWARM\App\Obj\gx_display_driver_8bpp_rotated_horizontal_line_draw.o
#        F:\WQA\App\EWARM\App\Obj\gx_display_driver_8bpp_rotated_horizontal_pattern_line_draw.o
#        F:\WQA\App\EWARM\App\Obj\gx_display_driver_8bpp_rotated_horizontal_pixelmap_line_draw.o
#        F:\WQA\App\EWARM\App\Obj\gx_display_driver_8bpp_rotated_pixel_write.o
#        F:\WQA\App\EWARM\App\Obj\gx_display_driver_8bpp_rotated_pixelmap_draw.o
#        F:\WQA\App\EWARM\App\Obj\gx_display_driver_8bpp_rotated_pixelmap_rotate.o
#        F:\WQA\App\EWARM\App\Obj\gx_display_driver_8bpp_rotated_simple_line_draw.o
#        F:\WQA\App\EWARM\App\Obj\gx_display_driver_8bpp_rotated_vertical_line_draw.o
#        F:\WQA\App\EWARM\App\Obj\gx_display_driver_8bpp_rotated_vertical_pattern_line_draw.o
#        F:\WQA\App\EWARM\App\Obj\gx_display_driver_8bpp_row_pitch_get.o
#        F:\WQA\App\EWARM\App\Obj\gx_display_driver_8bpp_simple_line_draw.o
#        F:\WQA\App\EWARM\App\Obj\gx_display_driver_8bpp_vertical_line_draw.o
#        F:\WQA\App\EWARM\App\Obj\gx_display_driver_8bpp_vertical_pattern_line_draw.o
#        F:\WQA\App\EWARM\App\Obj\gx_display_driver_arc_clipping_get.o
#        F:\WQA\App\EWARM\App\Obj\gx_display_driver_generic_aliased_arc_draw.o
#        F:\WQA\App\EWARM\App\Obj\gx_display_driver_generic_aliased_circle_draw.o
#        F:\WQA\App\EWARM\App\Obj\gx_display_driver_generic_aliased_ellipse_draw.o
#        F:\WQA\App\EWARM\App\Obj\gx_display_driver_generic_aliased_filled_circle_draw.o
#        F:\WQA\App\EWARM\App\Obj\gx_display_driver_generic_aliased_fixed_point_line_draw.o
#        F:\WQA\App\EWARM\App\Obj\gx_display_driver_generic_aliased_line_draw.o
#        F:\WQA\App\EWARM\App\Obj\gx_display_driver_generic_aliased_wide_arc_draw.o
#        F:\WQA\App\EWARM\App\Obj\gx_display_driver_generic_aliased_wide_circle_draw.o
#        F:\WQA\App\EWARM\App\Obj\gx_display_driver_generic_aliased_wide_ellipse_draw.o
#        F:\WQA\App\EWARM\App\Obj\gx_display_driver_generic_aliased_wide_line_draw.o
#        F:\WQA\App\EWARM\App\Obj\gx_display_driver_generic_alphamap_draw.o
#        F:\WQA\App\EWARM\App\Obj\gx_display_driver_generic_arc_draw.o
#        F:\WQA\App\EWARM\App\Obj\gx_display_driver_generic_arc_fill.o
#        F:\WQA\App\EWARM\App\Obj\gx_display_driver_generic_circle_draw.o
#        F:\WQA\App\EWARM\App\Obj\gx_display_driver_generic_circle_fill.o
#        F:\WQA\App\EWARM\App\Obj\gx_display_driver_generic_drawing_complete.o
#        F:\WQA\App\EWARM\App\Obj\gx_display_driver_generic_drawing_initiate.o
#        F:\WQA\App\EWARM\App\Obj\gx_display_driver_generic_ellipse_draw.o
#        F:\WQA\App\EWARM\App\Obj\gx_display_driver_generic_ellipse_fill.o
#        F:\WQA\App\EWARM\App\Obj\gx_display_driver_generic_filled_circle_draw.o
#        F:\WQA\App\EWARM\App\Obj\gx_display_driver_generic_glyph_4bpp_draw.o
#        F:\WQA\App\EWARM\App\Obj\gx_display_driver_generic_glyph_8bpp_draw.o
#        F:\WQA\App\EWARM\App\Obj\gx_display_driver_generic_mouse_cursor_define.o
#        F:\WQA\App\EWARM\App\Obj\gx_display_driver_generic_mouse_draw.o
#        F:\WQA\App\EWARM\App\Obj\gx_display_driver_generic_mouse_enable.o
#        F:\WQA\App\EWARM\App\Obj\gx_display_driver_generic_mouse_position_set.o
#        F:\WQA\App\EWARM\App\Obj\gx_display_driver_generic_pie_fill.o
#        F:\WQA\App\EWARM\App\Obj\gx_display_driver_generic_polygon_draw.o
#        F:\WQA\App\EWARM\App\Obj\gx_display_driver_generic_polygon_fill.o
#        F:\WQA\App\EWARM\App\Obj\gx_display_driver_generic_rotated_alphamap_draw.o
#        F:\WQA\App\EWARM\App\Obj\gx_display_driver_generic_rotated_arc_fill.o
#        F:\WQA\App\EWARM\App\Obj\gx_display_driver_generic_rotated_circle_fill.o
#        F:\WQA\App\EWARM\App\Obj\gx_display_driver_generic_rotated_ellipse_fill.o
#        F:\WQA\App\EWARM\App\Obj\gx_display_driver_generic_rotated_glyph_4bit_draw.o
#        F:\WQA\App\EWARM\App\Obj\gx_display_driver_generic_rotated_glyph_8bit_draw.o
#        F:\WQA\App\EWARM\App\Obj\gx_display_driver_generic_rotated_pie_fill.o
#        F:\WQA\App\EWARM\App\Obj\gx_display_driver_generic_rotated_polygon_fill.o
#        F:\WQA\App\EWARM\App\Obj\gx_display_driver_generic_rotated_wide_line_fill.o
#        F:\WQA\App\EWARM\App\Obj\gx_display_driver_generic_simple_pie_fill.o
#        F:\WQA\App\EWARM\App\Obj\gx_display_driver_generic_simple_wide_line_draw.o
#        F:\WQA\App\EWARM\App\Obj\gx_display_driver_generic_wide_arc_draw.o
#        F:\WQA\App\EWARM\App\Obj\gx_display_driver_generic_wide_circle_draw.o
#        F:\WQA\App\EWARM\App\Obj\gx_display_driver_generic_wide_ellipse_draw.o
#        F:\WQA\App\EWARM\App\Obj\gx_display_driver_generic_wide_line_fill.o
#        F:\WQA\App\EWARM\App\Obj\gx_display_driver_generic_wide_line_points_calculate.o
#        F:\WQA\App\EWARM\App\Obj\gx_display_driver_horizontal_line_alpha_draw.o
#        F:\WQA\App\EWARM\App\Obj\gx_display_driver_monochrome_setup.o
#        F:\WQA\App\EWARM\App\Obj\gx_display_driver_simple_line_alpha_draw.o
#        F:\WQA\App\EWARM\App\Obj\gx_display_driver_stm32h7_565rgb.o
#        F:\WQA\App\EWARM\App\Obj\gx_display_driver_vertical_line_alpha_draw.o
#        F:\WQA\App\EWARM\App\Obj\gx_display_font_table_set.o
#        F:\WQA\App\EWARM\App\Obj\gx_display_language_table_get.o
#        F:\WQA\App\EWARM\App\Obj\gx_display_language_table_set.o
#        F:\WQA\App\EWARM\App\Obj\gx_display_pixelmap_table_set.o
#        F:\WQA\App\EWARM\App\Obj\gx_display_string_get.o
#        F:\WQA\App\EWARM\App\Obj\gx_display_string_table_get.o
#        F:\WQA\App\EWARM\App\Obj\gx_display_theme_install.o
#        F:\WQA\App\EWARM\App\Obj\gx_drop_list_background_draw.o
#        F:\WQA\App\EWARM\App\Obj\gx_drop_list_close.o
#        F:\WQA\App\EWARM\App\Obj\gx_drop_list_create.o
#        F:\WQA\App\EWARM\App\Obj\gx_drop_list_draw.o
#        F:\WQA\App\EWARM\App\Obj\gx_drop_list_event_process.o
#        F:\WQA\App\EWARM\App\Obj\gx_drop_list_open.o
#        F:\WQA\App\EWARM\App\Obj\gx_drop_list_pixelmap_set.o
#        F:\WQA\App\EWARM\App\Obj\gx_drop_list_popup_get.o
#        F:\WQA\App\EWARM\App\Obj\gx_generic_scroll_wheel_children_position.o
#        F:\WQA\App\EWARM\App\Obj\gx_generic_scroll_wheel_create.o
#        F:\WQA\App\EWARM\App\Obj\gx_generic_scroll_wheel_down_wrap.o
#        F:\WQA\App\EWARM\App\Obj\gx_generic_scroll_wheel_draw.o
#        F:\WQA\App\EWARM\App\Obj\gx_generic_scroll_wheel_event_process.o
#        F:\WQA\App\EWARM\App\Obj\gx_generic_scroll_wheel_row_height_set.o
#        F:\WQA\App\EWARM\App\Obj\gx_generic_scroll_wheel_scroll.o
#        F:\WQA\App\EWARM\App\Obj\gx_generic_scroll_wheel_total_rows_set.o
#        F:\WQA\App\EWARM\App\Obj\gx_generic_scroll_wheel_up_wrap.o
#        F:\WQA\App\EWARM\App\Obj\gx_generic_scroll_wheel_wrap_style_check.o
#        F:\WQA\App\EWARM\App\Obj\gx_horizontal_list_children_position.o
#        F:\WQA\App\EWARM\App\Obj\gx_horizontal_list_create.o
#        F:\WQA\App\EWARM\App\Obj\gx_horizontal_list_event_process.o
#        F:\WQA\App\EWARM\App\Obj\gx_horizontal_list_left_wrap.o
#        F:\WQA\App\EWARM\App\Obj\gx_horizontal_list_page_index_set.o
#        F:\WQA\App\EWARM\App\Obj\gx_horizontal_list_right_wrap.o
#        F:\WQA\App\EWARM\App\Obj\gx_horizontal_list_scroll.o
#        F:\WQA\App\EWARM\App\Obj\gx_horizontal_list_scroll_info_get.o
#        F:\WQA\App\EWARM\App\Obj\gx_horizontal_list_selected_index_get.o
#        F:\WQA\App\EWARM\App\Obj\gx_horizontal_list_selected_set.o
#        F:\WQA\App\EWARM\App\Obj\gx_horizontal_list_selected_visible.o
#        F:\WQA\App\EWARM\App\Obj\gx_horizontal_list_selected_widget_get.o
#        F:\WQA\App\EWARM\App\Obj\gx_horizontal_list_slide_back_check.o
#        F:\WQA\App\EWARM\App\Obj\gx_horizontal_list_total_columns_set.o
#        F:\WQA\App\EWARM\App\Obj\gx_horizontal_scrollbar_create.o
#        F:\WQA\App\EWARM\App\Obj\gx_icon_background_draw.o
#        F:\WQA\App\EWARM\App\Obj\gx_icon_button_create.o
#        F:\WQA\App\EWARM\App\Obj\gx_icon_button_draw.o
#        F:\WQA\App\EWARM\App\Obj\gx_icon_button_pixelmap_set.o
#        F:\WQA\App\EWARM\App\Obj\gx_icon_create.o
#        F:\WQA\App\EWARM\App\Obj\gx_icon_draw.o
#        F:\WQA\App\EWARM\App\Obj\gx_icon_event_process.o
#        F:\WQA\App\EWARM\App\Obj\gx_icon_pixelmap_set.o
#        F:\WQA\App\EWARM\App\Obj\gx_icon_pixelmap_update.o
#        F:\WQA\App\EWARM\App\Obj\gx_image_reader_colorspace_convert.o
#        F:\WQA\App\EWARM\App\Obj\gx_image_reader_create.o
#        F:\WQA\App\EWARM\App\Obj\gx_image_reader_image_decode.o
#        F:\WQA\App\EWARM\App\Obj\gx_image_reader_jpeg_decode.o
#        F:\WQA\App\EWARM\App\Obj\gx_image_reader_nearest_palette_color_get.o
#        F:\WQA\App\EWARM\App\Obj\gx_image_reader_palette_set.o
#        F:\WQA\App\EWARM\App\Obj\gx_image_reader_pixel_read_callback_set.o
#        F:\WQA\App\EWARM\App\Obj\gx_image_reader_pixel_write_callback_set.o
#        F:\WQA\App\EWARM\App\Obj\gx_image_reader_png_decode.o
#        F:\WQA\App\EWARM\App\Obj\gx_image_reader_rle_encode.o
#        F:\WQA\App\EWARM\App\Obj\gx_image_reader_start.o
#        F:\WQA\App\EWARM\App\Obj\gx_line_chart_axis_draw.o
#        F:\WQA\App\EWARM\App\Obj\gx_line_chart_create.o
#        F:\WQA\App\EWARM\App\Obj\gx_line_chart_data_draw.o
#        F:\WQA\App\EWARM\App\Obj\gx_line_chart_draw.o
#        F:\WQA\App\EWARM\App\Obj\gx_line_chart_update.o
#        F:\WQA\App\EWARM\App\Obj\gx_line_chart_y_scale_calculate.o
#        F:\WQA\App\EWARM\App\Obj\gx_menu_create.o
#        F:\WQA\App\EWARM\App\Obj\gx_menu_draw.o
#        F:\WQA\App\EWARM\App\Obj\gx_menu_event_process.o
#        F:\WQA\App\EWARM\App\Obj\gx_menu_insert.o
#        F:\WQA\App\EWARM\App\Obj\gx_menu_position.o
#        F:\WQA\App\EWARM\App\Obj\gx_menu_remove.o
#        F:\WQA\App\EWARM\App\Obj\gx_menu_text_draw.o
#        F:\WQA\App\EWARM\App\Obj\gx_menu_text_offset_set.o
#        F:\WQA\App\EWARM\App\Obj\gx_monochrome_driver_disabled_button_line_draw.o
#        F:\WQA\App\EWARM\App\Obj\gx_multi_line_text_button_create.o
#        F:\WQA\App\EWARM\App\Obj\gx_multi_line_text_button_draw.o
#        F:\WQA\App\EWARM\App\Obj\gx_multi_line_text_button_event_process.o
#        F:\WQA\App\EWARM\App\Obj\gx_multi_line_text_button_line_pointers_set.o
#        F:\WQA\App\EWARM\App\Obj\gx_multi_line_text_button_text_draw.o
#        F:\WQA\App\EWARM\App\Obj\gx_multi_line_text_button_text_id_set.o
#        F:\WQA\App\EWARM\App\Obj\gx_multi_line_text_button_text_set.o
#        F:\WQA\App\EWARM\App\Obj\gx_multi_line_text_input_backspace.o
#        F:\WQA\App\EWARM\App\Obj\gx_multi_line_text_input_buffer_clear.o
#        F:\WQA\App\EWARM\App\Obj\gx_multi_line_text_input_buffer_get.o
#        F:\WQA\App\EWARM\App\Obj\gx_multi_line_text_input_char_insert.o
#        F:\WQA\App\EWARM\App\Obj\gx_multi_line_text_input_char_remove.o
#        F:\WQA\App\EWARM\App\Obj\gx_multi_line_text_input_copy.o
#        F:\WQA\App\EWARM\App\Obj\gx_multi_line_text_input_create.o
#        F:\WQA\App\EWARM\App\Obj\gx_multi_line_text_input_cursor_pos_calculate.o
#        F:\WQA\App\EWARM\App\Obj\gx_multi_line_text_input_cursor_pos_get.o
#        F:\WQA\App\EWARM\App\Obj\gx_multi_line_text_input_cursor_pos_update.o
#        F:\WQA\App\EWARM\App\Obj\gx_multi_line_text_input_cursor_visible.o
#        F:\WQA\App\EWARM\App\Obj\gx_multi_line_text_input_cut.o
#        F:\WQA\App\EWARM\App\Obj\gx_multi_line_text_input_delete.o
#        F:\WQA\App\EWARM\App\Obj\gx_multi_line_text_input_down_arrow.o
#        F:\WQA\App\EWARM\App\Obj\gx_multi_line_text_input_draw.o
#        F:\WQA\App\EWARM\App\Obj\gx_multi_line_text_input_end.o
#        F:\WQA\App\EWARM\App\Obj\gx_multi_line_text_input_event_process.o
#        F:\WQA\App\EWARM\App\Obj\gx_multi_line_text_input_fill_color_set.o
#        F:\WQA\App\EWARM\App\Obj\gx_multi_line_text_input_highlight_rectangle_get.o
#        F:\WQA\App\EWARM\App\Obj\gx_multi_line_text_input_home.o
#        F:\WQA\App\EWARM\App\Obj\gx_multi_line_text_input_keydown_process.o
#        F:\WQA\App\EWARM\App\Obj\gx_multi_line_text_input_left_arrow.o
#        F:\WQA\App\EWARM\App\Obj\gx_multi_line_text_input_mark_down.o
#        F:\WQA\App\EWARM\App\Obj\gx_multi_line_text_input_mark_end.o
#        F:\WQA\App\EWARM\App\Obj\gx_multi_line_text_input_mark_home.o
#        F:\WQA\App\EWARM\App\Obj\gx_multi_line_text_input_mark_next.o
#        F:\WQA\App\EWARM\App\Obj\gx_multi_line_text_input_mark_previous.o
#        F:\WQA\App\EWARM\App\Obj\gx_multi_line_text_input_mark_up.o
#        F:\WQA\App\EWARM\App\Obj\gx_multi_line_text_input_paste.o
#        F:\WQA\App\EWARM\App\Obj\gx_multi_line_text_input_right_arrow.o
#        F:\WQA\App\EWARM\App\Obj\gx_multi_line_text_input_style_add.o
#        F:\WQA\App\EWARM\App\Obj\gx_multi_line_text_input_style_remove.o
#        F:\WQA\App\EWARM\App\Obj\gx_multi_line_text_input_style_set.o
#        F:\WQA\App\EWARM\App\Obj\gx_multi_line_text_input_text_color_set.o
#        F:\WQA\App\EWARM\App\Obj\gx_multi_line_text_input_text_rectangle_get.o
#        F:\WQA\App\EWARM\App\Obj\gx_multi_line_text_input_text_select.o
#        F:\WQA\App\EWARM\App\Obj\gx_multi_line_text_input_text_set.o
#        F:\WQA\App\EWARM\App\Obj\gx_multi_line_text_input_up_arrow.o
#        F:\WQA\App\EWARM\App\Obj\gx_multi_line_text_view_create.o
#        F:\WQA\App\EWARM\App\Obj\gx_multi_line_text_view_display_info_get.o
#        F:\WQA\App\EWARM\App\Obj\gx_multi_line_text_view_draw.o
#        F:\WQA\App\EWARM\App\Obj\gx_multi_line_text_view_event_process.o
#        F:\WQA\App\EWARM\App\Obj\gx_multi_line_text_view_font_set.o
#        F:\WQA\App\EWARM\App\Obj\gx_multi_line_text_view_line_cache_update.o
#        F:\WQA\App\EWARM\App\Obj\gx_multi_line_text_view_line_space_set.o
#        F:\WQA\App\EWARM\App\Obj\gx_multi_line_text_view_scroll.o
#        F:\WQA\App\EWARM\App\Obj\gx_multi_line_text_view_scroll_info_get.o
#        F:\WQA\App\EWARM\App\Obj\gx_multi_line_text_view_string_total_rows_compute.o
#        F:\WQA\App\EWARM\App\Obj\gx_multi_line_text_view_text_color_set.o
#        F:\WQA\App\EWARM\App\Obj\gx_multi_line_text_view_text_draw.o
#        F:\WQA\App\EWARM\App\Obj\gx_multi_line_text_view_text_id_set.o
#        F:\WQA\App\EWARM\App\Obj\gx_multi_line_text_view_text_set.o
#        F:\WQA\App\EWARM\App\Obj\gx_multi_line_text_view_visible_rows_compute.o
#        F:\WQA\App\EWARM\App\Obj\gx_multi_line_text_view_whitespace_set.o
#        F:\WQA\App\EWARM\App\Obj\gx_numeric_pixelmap_prompt_create.o
#        F:\WQA\App\EWARM\App\Obj\gx_numeric_pixelmap_prompt_format.o
#        F:\WQA\App\EWARM\App\Obj\gx_numeric_pixelmap_prompt_format_function_set.o
#        F:\WQA\App\EWARM\App\Obj\gx_numeric_pixelmap_prompt_value_set.o
#        F:\WQA\App\EWARM\App\Obj\gx_numeric_prompt_create.o
#        F:\WQA\App\EWARM\App\Obj\gx_numeric_prompt_format.o
#        F:\WQA\App\EWARM\App\Obj\gx_numeric_prompt_format_function_set.o
#        F:\WQA\App\EWARM\App\Obj\gx_numeric_prompt_value_set.o
#        F:\WQA\App\EWARM\App\Obj\gx_numeric_scroll_wheel_create.o
#        F:\WQA\App\EWARM\App\Obj\gx_numeric_scroll_wheel_range_set.o
#        F:\WQA\App\EWARM\App\Obj\gx_numeric_scroll_wheel_text_get.o
#        F:\WQA\App\EWARM\App\Obj\gx_pixelmap_button_create.o
#        F:\WQA\App\EWARM\App\Obj\gx_pixelmap_button_draw.o
#        F:\WQA\App\EWARM\App\Obj\gx_pixelmap_button_event_process.o
#        F:\WQA\App\EWARM\App\Obj\gx_pixelmap_button_pixelmap_set.o
#        F:\WQA\App\EWARM\App\Obj\gx_pixelmap_button_transparent_detect.o
#        F:\WQA\App\EWARM\App\Obj\gx_pixelmap_prompt_background_draw.o
#        F:\WQA\App\EWARM\App\Obj\gx_pixelmap_prompt_create.o
#        F:\WQA\App\EWARM\App\Obj\gx_pixelmap_prompt_draw.o
#        F:\WQA\App\EWARM\App\Obj\gx_pixelmap_prompt_pixelmap_set.o
#        F:\WQA\App\EWARM\App\Obj\gx_pixelmap_slider_create.o
#        F:\WQA\App\EWARM\App\Obj\gx_pixelmap_slider_draw.o
#        F:\WQA\App\EWARM\App\Obj\gx_pixelmap_slider_event_process.o
#        F:\WQA\App\EWARM\App\Obj\gx_pixelmap_slider_pixelmap_set.o
#        F:\WQA\App\EWARM\App\Obj\gx_pixelmap_slider_pixelmap_update.o
#        F:\WQA\App\EWARM\App\Obj\gx_popup_list_event_process.o
#        F:\WQA\App\EWARM\App\Obj\gx_progress_bar_background_draw.o
#        F:\WQA\App\EWARM\App\Obj\gx_progress_bar_create.o
#        F:\WQA\App\EWARM\App\Obj\gx_progress_bar_draw.o
#        F:\WQA\App\EWARM\App\Obj\gx_progress_bar_event_process.o
#        F:\WQA\App\EWARM\App\Obj\gx_progress_bar_font_set.o
#        F:\WQA\App\EWARM\App\Obj\gx_progress_bar_info_set.o
#        F:\WQA\App\EWARM\App\Obj\gx_progress_bar_pixelmap_set.o
#        F:\WQA\App\EWARM\App\Obj\gx_progress_bar_range_set.o
#        F:\WQA\App\EWARM\App\Obj\gx_progress_bar_text_color_set.o
#        F:\WQA\App\EWARM\App\Obj\gx_progress_bar_text_draw.o
#        F:\WQA\App\EWARM\App\Obj\gx_progress_bar_value_set.o
#        F:\WQA\App\EWARM\App\Obj\gx_prompt_create.o
#        F:\WQA\App\EWARM\App\Obj\gx_prompt_draw.o
#        F:\WQA\App\EWARM\App\Obj\gx_prompt_event_process.o
#        F:\WQA\App\EWARM\App\Obj\gx_prompt_font_set.o
#        F:\WQA\App\EWARM\App\Obj\gx_prompt_text_color_set.o
#        F:\WQA\App\EWARM\App\Obj\gx_prompt_text_draw.o
#        F:\WQA\App\EWARM\App\Obj\gx_prompt_text_get.o
#        F:\WQA\App\EWARM\App\Obj\gx_prompt_text_id_set.o
#        F:\WQA\App\EWARM\App\Obj\gx_prompt_text_set.o
#        F:\WQA\App\EWARM\App\Obj\gx_radial_progress_bar_anchor_set.o
#        F:\WQA\App\EWARM\App\Obj\gx_radial_progress_bar_background_draw.o
#        F:\WQA\App\EWARM\App\Obj\gx_radial_progress_bar_create.o
#        F:\WQA\App\EWARM\App\Obj\gx_radial_progress_bar_draw.o
#        F:\WQA\App\EWARM\App\Obj\gx_radial_progress_bar_event_process.o
#        F:\WQA\App\EWARM\App\Obj\gx_radial_progress_bar_font_set.o
#        F:\WQA\App\EWARM\App\Obj\gx_radial_progress_bar_info_set.o
#        F:\WQA\App\EWARM\App\Obj\gx_radial_progress_bar_resize.o
#        F:\WQA\App\EWARM\App\Obj\gx_radial_progress_bar_size_update.o
#        F:\WQA\App\EWARM\App\Obj\gx_radial_progress_bar_text_color_set.o
#        F:\WQA\App\EWARM\App\Obj\gx_radial_progress_bar_text_draw.o
#        F:\WQA\App\EWARM\App\Obj\gx_radial_progress_bar_value_calculate.o
#        F:\WQA\App\EWARM\App\Obj\gx_radial_progress_bar_value_set.o
#        F:\WQA\App\EWARM\App\Obj\gx_radial_slider_anchor_angle_calculate.o
#        F:\WQA\App\EWARM\App\Obj\gx_radial_slider_anchor_angles_set.o
#        F:\WQA\App\EWARM\App\Obj\gx_radial_slider_angle_calculate.o
#        F:\WQA\App\EWARM\App\Obj\gx_radial_slider_angle_set.o
#        F:\WQA\App\EWARM\App\Obj\gx_radial_slider_animation_set.o
#        F:\WQA\App\EWARM\App\Obj\gx_radial_slider_animation_start.o
#        F:\WQA\App\EWARM\App\Obj\gx_radial_slider_animation_update.o
#        F:\WQA\App\EWARM\App\Obj\gx_radial_slider_create.o
#        F:\WQA\App\EWARM\App\Obj\gx_radial_slider_draw.o
#        F:\WQA\App\EWARM\App\Obj\gx_radial_slider_event_process.o
#        F:\WQA\App\EWARM\App\Obj\gx_radial_slider_info_get.o
#        F:\WQA\App\EWARM\App\Obj\gx_radial_slider_info_set.o
#        F:\WQA\App\EWARM\App\Obj\gx_radial_slider_needle_rectangle_calculate.o
#        F:\WQA\App\EWARM\App\Obj\gx_radial_slider_pixelmap_set.o
#        F:\WQA\App\EWARM\App\Obj\gx_radio_button_create.o
#        F:\WQA\App\EWARM\App\Obj\gx_radio_button_draw.o
#        F:\WQA\App\EWARM\App\Obj\gx_radio_button_pixelmap_set.o
#        F:\WQA\App\EWARM\App\Obj\gx_rich_text_view_context_peek.o
#        F:\WQA\App\EWARM\App\Obj\gx_rich_text_view_context_pop.o
#        F:\WQA\App\EWARM\App\Obj\gx_rich_text_view_context_push.o
#        F:\WQA\App\EWARM\App\Obj\gx_rich_text_view_context_reset.o
#        F:\WQA\App\EWARM\App\Obj\gx_rich_text_view_context_restore.o
#        F:\WQA\App\EWARM\App\Obj\gx_rich_text_view_context_save.o
#        F:\WQA\App\EWARM\App\Obj\gx_rich_text_view_create.o
#        F:\WQA\App\EWARM\App\Obj\gx_rich_text_view_draw.o
#        F:\WQA\App\EWARM\App\Obj\gx_rich_text_view_fonts_set.o
#        F:\WQA\App\EWARM\App\Obj\gx_rich_text_view_line_info_get.o
#        F:\WQA\App\EWARM\App\Obj\gx_rich_text_view_scroll_info_get.o
#        F:\WQA\App\EWARM\App\Obj\gx_rich_text_view_tag_enter.o
#        F:\WQA\App\EWARM\App\Obj\gx_rich_text_view_text_draw.o
#        F:\WQA\App\EWARM\App\Obj\gx_rich_text_view_text_total_height_calculate.o
#        F:\WQA\App\EWARM\App\Obj\gx_screen_stack_create.o
#        F:\WQA\App\EWARM\App\Obj\gx_screen_stack_pop.o
#        F:\WQA\App\EWARM\App\Obj\gx_screen_stack_push.o
#        F:\WQA\App\EWARM\App\Obj\gx_screen_stack_reset.o
#        F:\WQA\App\EWARM\App\Obj\gx_scroll_thumb_create.o
#        F:\WQA\App\EWARM\App\Obj\gx_scroll_thumb_draw.o
#        F:\WQA\App\EWARM\App\Obj\gx_scroll_thumb_event_process.o
#        F:\WQA\App\EWARM\App\Obj\gx_scroll_thumb_shift_limit.o
#        F:\WQA\App\EWARM\App\Obj\gx_scroll_wheel_create.o
#        F:\WQA\App\EWARM\App\Obj\gx_scroll_wheel_event_process.o
#        F:\WQA\App\EWARM\App\Obj\gx_scroll_wheel_gradient_alpha_set.o
#        F:\WQA\App\EWARM\App\Obj\gx_scroll_wheel_gradient_create.o
#        F:\WQA\App\EWARM\App\Obj\gx_scroll_wheel_row_height_set.o
#        F:\WQA\App\EWARM\App\Obj\gx_scroll_wheel_scroll.o
#        F:\WQA\App\EWARM\App\Obj\gx_scroll_wheel_selected_background_set.o
#        F:\WQA\App\EWARM\App\Obj\gx_scroll_wheel_selected_get.o
#        F:\WQA\App\EWARM\App\Obj\gx_scroll_wheel_selected_row_calculate.o
#        F:\WQA\App\EWARM\App\Obj\gx_scroll_wheel_selected_set.o
#        F:\WQA\App\EWARM\App\Obj\gx_scroll_wheel_speed_set.o
#        F:\WQA\App\EWARM\App\Obj\gx_scroll_wheel_total_rows_set.o
#        F:\WQA\App\EWARM\App\Obj\gx_scroll_wheel_wrap_style_check.o
#        F:\WQA\App\EWARM\App\Obj\gx_scrollbar_draw.o
#        F:\WQA\App\EWARM\App\Obj\gx_scrollbar_event_process.o
#        F:\WQA\App\EWARM\App\Obj\gx_scrollbar_limit_check.o
#        F:\WQA\App\EWARM\App\Obj\gx_scrollbar_reset.o
#        F:\WQA\App\EWARM\App\Obj\gx_scrollbar_size_update.o
#        F:\WQA\App\EWARM\App\Obj\gx_scrollbar_thumb_position_calculate.o
#        F:\WQA\App\EWARM\App\Obj\gx_scrollbar_value_calculate.o
#        F:\WQA\App\EWARM\App\Obj\gx_scrollbar_value_set.o
#        F:\WQA\App\EWARM\App\Obj\gx_single_line_text_input_backspace.o
#        F:\WQA\App\EWARM\App\Obj\gx_single_line_text_input_buffer_clear.o
#        F:\WQA\App\EWARM\App\Obj\gx_single_line_text_input_buffer_get.o
#        F:\WQA\App\EWARM\App\Obj\gx_single_line_text_input_character_delete.o
#        F:\WQA\App\EWARM\App\Obj\gx_single_line_text_input_character_insert.o
#        F:\WQA\App\EWARM\App\Obj\gx_single_line_text_input_copy.o
#        F:\WQA\App\EWARM\App\Obj\gx_single_line_text_input_create.o
#        F:\WQA\App\EWARM\App\Obj\gx_single_line_text_input_cut.o
#        F:\WQA\App\EWARM\App\Obj\gx_single_line_text_input_draw.o
#        F:\WQA\App\EWARM\App\Obj\gx_single_line_text_input_draw_position_get.o
#        F:\WQA\App\EWARM\App\Obj\gx_single_line_text_input_end.o
#        F:\WQA\App\EWARM\App\Obj\gx_single_line_text_input_event_process.o
#        F:\WQA\App\EWARM\App\Obj\gx_single_line_text_input_fill_color_set.o
#        F:\WQA\App\EWARM\App\Obj\gx_single_line_text_input_home.o
#        F:\WQA\App\EWARM\App\Obj\gx_single_line_text_input_keydown_process.o
#        F:\WQA\App\EWARM\App\Obj\gx_single_line_text_input_left_arrow.o
#        F:\WQA\App\EWARM\App\Obj\gx_single_line_text_input_mark_end.o
#        F:\WQA\App\EWARM\App\Obj\gx_single_line_text_input_mark_home.o
#        F:\WQA\App\EWARM\App\Obj\gx_single_line_text_input_mark_next.o
#        F:\WQA\App\EWARM\App\Obj\gx_single_line_text_input_mark_previous.o
#        F:\WQA\App\EWARM\App\Obj\gx_single_line_text_input_paste.o
#        F:\WQA\App\EWARM\App\Obj\gx_single_line_text_input_position_get.o
#        F:\WQA\App\EWARM\App\Obj\gx_single_line_text_input_position_update.o
#        F:\WQA\App\EWARM\App\Obj\gx_single_line_text_input_right_arrow.o
#        F:\WQA\App\EWARM\App\Obj\gx_single_line_text_input_style_add.o
#        F:\WQA\App\EWARM\App\Obj\gx_single_line_text_input_style_remove.o
#        F:\WQA\App\EWARM\App\Obj\gx_single_line_text_input_style_set.o
#        F:\WQA\App\EWARM\App\Obj\gx_single_line_text_input_text_color_set.o
#        F:\WQA\App\EWARM\App\Obj\gx_single_line_text_input_text_rectangle_get.o
#        F:\WQA\App\EWARM\App\Obj\gx_single_line_text_input_text_select.o
#        F:\WQA\App\EWARM\App\Obj\gx_single_line_text_input_text_set.o
#        F:\WQA\App\EWARM\App\Obj\gx_slider_create.o
#        F:\WQA\App\EWARM\App\Obj\gx_slider_draw.o
#        F:\WQA\App\EWARM\App\Obj\gx_slider_event_process.o
#        F:\WQA\App\EWARM\App\Obj\gx_slider_info_set.o
#        F:\WQA\App\EWARM\App\Obj\gx_slider_needle_draw.o
#        F:\WQA\App\EWARM\App\Obj\gx_slider_needle_position_get.o
#        F:\WQA\App\EWARM\App\Obj\gx_slider_tickmarks_draw.o
#        F:\WQA\App\EWARM\App\Obj\gx_slider_travel_get.o
#        F:\WQA\App\EWARM\App\Obj\gx_slider_value_calculate.o
#        F:\WQA\App\EWARM\App\Obj\gx_slider_value_set.o
#        F:\WQA\App\EWARM\App\Obj\gx_sprite_create.o
#        F:\WQA\App\EWARM\App\Obj\gx_sprite_current_frame_set.o
#        F:\WQA\App\EWARM\App\Obj\gx_sprite_draw.o
#        F:\WQA\App\EWARM\App\Obj\gx_sprite_event_process.o
#        F:\WQA\App\EWARM\App\Obj\gx_sprite_frame_list_set.o
#        F:\WQA\App\EWARM\App\Obj\gx_sprite_start.o
#        F:\WQA\App\EWARM\App\Obj\gx_sprite_stop.o
#        F:\WQA\App\EWARM\App\Obj\gx_sprite_update.o
#        F:\WQA\App\EWARM\App\Obj\gx_string_scroll_wheel_create.o
#        F:\WQA\App\EWARM\App\Obj\gx_string_scroll_wheel_event_process.o
#        F:\WQA\App\EWARM\App\Obj\gx_string_scroll_wheel_string_id_list_set.o
#        F:\WQA\App\EWARM\App\Obj\gx_string_scroll_wheel_string_list_set.o
#        F:\WQA\App\EWARM\App\Obj\gx_string_scroll_wheel_text_get.o
#        F:\WQA\App\EWARM\App\Obj\gx_system_active_language_set.o
#        F:\WQA\App\EWARM\App\Obj\gx_system_all_canvas_dirty.o
#        F:\WQA\App\EWARM\App\Obj\gx_system_all_views_free.o
#        F:\WQA\App\EWARM\App\Obj\gx_system_animation_free.o
#        F:\WQA\App\EWARM\App\Obj\gx_system_animation_get.o
#        F:\WQA\App\EWARM\App\Obj\gx_system_bidi_text_disable.o
#        F:\WQA\App\EWARM\App\Obj\gx_system_bidi_text_enable.o
#        F:\WQA\App\EWARM\App\Obj\gx_system_canvas_refresh.o
#        F:\WQA\App\EWARM\App\Obj\gx_system_clipboard_get.o
#        F:\WQA\App\EWARM\App\Obj\gx_system_clipboard_put.o
#        F:\WQA\App\EWARM\App\Obj\gx_system_dirty_list_remove.o
#        F:\WQA\App\EWARM\App\Obj\gx_system_dirty_list_trim.o
#        F:\WQA\App\EWARM\App\Obj\gx_system_dirty_mark.o
#        F:\WQA\App\EWARM\App\Obj\gx_system_dirty_partial_add.o
#        F:\WQA\App\EWARM\App\Obj\gx_system_draw_context_get.o
#        F:\WQA\App\EWARM\App\Obj\gx_system_error_process.o
#        F:\WQA\App\EWARM\App\Obj\gx_system_event_dispatch.o
#        F:\WQA\App\EWARM\App\Obj\gx_system_event_fold.o
#        F:\WQA\App\EWARM\App\Obj\gx_system_event_remove.o
#        F:\WQA\App\EWARM\App\Obj\gx_system_event_send.o
#        F:\WQA\App\EWARM\App\Obj\gx_system_focus_claim.o
#        F:\WQA\App\EWARM\App\Obj\gx_system_font_4bpp.o
#        F:\WQA\App\EWARM\App\Obj\gx_system_font_8bpp.o
#        F:\WQA\App\EWARM\App\Obj\gx_system_font_mono.o
#        F:\WQA\App\EWARM\App\Obj\gx_system_free_view_get.o
#        F:\WQA\App\EWARM\App\Obj\gx_system_initialize.o
#        F:\WQA\App\EWARM\App\Obj\gx_system_input_capture.o
#        F:\WQA\App\EWARM\App\Obj\gx_system_input_release.o
#        F:\WQA\App\EWARM\App\Obj\gx_system_language_table_get.o
#        F:\WQA\App\EWARM\App\Obj\gx_system_language_table_set.o
#        F:\WQA\App\EWARM\App\Obj\gx_system_lock.o
#        F:\WQA\App\EWARM\App\Obj\gx_system_memory_allocator_set.o
#        F:\WQA\App\EWARM\App\Obj\gx_system_pen_configure.o
#        F:\WQA\App\EWARM\App\Obj\gx_system_pen_flick_test.o
#        F:\WQA\App\EWARM\App\Obj\gx_system_pen_speed_init.o
#        F:\WQA\App\EWARM\App\Obj\gx_system_pen_speed_update.o
#        F:\WQA\App\EWARM\App\Obj\gx_system_private_string.o
#        F:\WQA\App\EWARM\App\Obj\gx_system_root_view_add.o
#        F:\WQA\App\EWARM\App\Obj\gx_system_rtos_bind.o
#        F:\WQA\App\EWARM\App\Obj\gx_system_screen_stack_create.o
#        F:\WQA\App\EWARM\App\Obj\gx_system_screen_stack_get.o
#        F:\WQA\App\EWARM\App\Obj\gx_system_screen_stack_pop.o
#        F:\WQA\App\EWARM\App\Obj\gx_system_screen_stack_push.o
#        F:\WQA\App\EWARM\App\Obj\gx_system_screen_stack_reset.o
#        F:\WQA\App\EWARM\App\Obj\gx_system_scroll_appearance_get.o
#        F:\WQA\App\EWARM\App\Obj\gx_system_scroll_appearance_set.o
#        F:\WQA\App\EWARM\App\Obj\gx_system_start.o
#        F:\WQA\App\EWARM\App\Obj\gx_system_string_get.o
#        F:\WQA\App\EWARM\App\Obj\gx_system_string_table_get.o
#        F:\WQA\App\EWARM\App\Obj\gx_system_string_width_get.o
#        F:\WQA\App\EWARM\App\Obj\gx_system_text_render_style_set.o
#        F:\WQA\App\EWARM\App\Obj\gx_system_thread_entry.o
#        F:\WQA\App\EWARM\App\Obj\gx_system_timer_expiration.o
#        F:\WQA\App\EWARM\App\Obj\gx_system_timer_start.o
#        F:\WQA\App\EWARM\App\Obj\gx_system_timer_stop.o
#        F:\WQA\App\EWARM\App\Obj\gx_system_timer_update.o
#        F:\WQA\App\EWARM\App\Obj\gx_system_top_root_find.o
#        F:\WQA\App\EWARM\App\Obj\gx_system_top_widget_find.o
#        F:\WQA\App\EWARM\App\Obj\gx_system_unlock.o
#        F:\WQA\App\EWARM\App\Obj\gx_system_version_string_get.o
#        F:\WQA\App\EWARM\App\Obj\gx_system_view_add.o
#        F:\WQA\App\EWARM\App\Obj\gx_system_view_fold.o
#        F:\WQA\App\EWARM\App\Obj\gx_system_view_split.o
#        F:\WQA\App\EWARM\App\Obj\gx_system_views_free.o
#        F:\WQA\App\EWARM\App\Obj\gx_system_views_update.o
#        F:\WQA\App\EWARM\App\Obj\gx_system_widget_find.o
#        F:\WQA\App\EWARM\App\Obj\gx_text_button_create.o
#        F:\WQA\App\EWARM\App\Obj\gx_text_button_draw.o
#        F:\WQA\App\EWARM\App\Obj\gx_text_button_event_process.o
#        F:\WQA\App\EWARM\App\Obj\gx_text_button_font_set.o
#        F:\WQA\App\EWARM\App\Obj\gx_text_button_text_color_set.o
#        F:\WQA\App\EWARM\App\Obj\gx_text_button_text_draw.o
#        F:\WQA\App\EWARM\App\Obj\gx_text_button_text_get.o
#        F:\WQA\App\EWARM\App\Obj\gx_text_button_text_id_set.o
#        F:\WQA\App\EWARM\App\Obj\gx_text_button_text_set.o
#        F:\WQA\App\EWARM\App\Obj\gx_text_input_cursor_blink_interval_set.o
#        F:\WQA\App\EWARM\App\Obj\gx_text_input_cursor_dirty_rectangle_get.o
#        F:\WQA\App\EWARM\App\Obj\gx_text_input_cursor_draw.o
#        F:\WQA\App\EWARM\App\Obj\gx_text_input_cursor_height_set.o
#        F:\WQA\App\EWARM\App\Obj\gx_text_input_cursor_width_set.o
#        F:\WQA\App\EWARM\App\Obj\gx_text_scroll_wheel_callback_set.o
#        F:\WQA\App\EWARM\App\Obj\gx_text_scroll_wheel_create.o
#        F:\WQA\App\EWARM\App\Obj\gx_text_scroll_wheel_draw.o
#        F:\WQA\App\EWARM\App\Obj\gx_text_scroll_wheel_dynamic_bidi_text_delete.o
#        F:\WQA\App\EWARM\App\Obj\gx_text_scroll_wheel_event_process.o
#        F:\WQA\App\EWARM\App\Obj\gx_text_scroll_wheel_font_set.o
#        F:\WQA\App\EWARM\App\Obj\gx_text_scroll_wheel_text_color_set.o
#        F:\WQA\App\EWARM\App\Obj\gx_touch_driver_generic_resistive.o
#        F:\WQA\App\EWARM\App\Obj\gx_tree_view_create.o
#        F:\WQA\App\EWARM\App\Obj\gx_tree_view_draw.o
#        F:\WQA\App\EWARM\App\Obj\gx_tree_view_event_process.o
#        F:\WQA\App\EWARM\App\Obj\gx_tree_view_indentation_set.o
#        F:\WQA\App\EWARM\App\Obj\gx_tree_view_position.o
#        F:\WQA\App\EWARM\App\Obj\gx_tree_view_root_line_color_set.o
#        F:\WQA\App\EWARM\App\Obj\gx_tree_view_root_pixelmap_set.o
#        F:\WQA\App\EWARM\App\Obj\gx_tree_view_scroll.o
#        F:\WQA\App\EWARM\App\Obj\gx_tree_view_scroll_info_get.o
#        F:\WQA\App\EWARM\App\Obj\gx_tree_view_selected_get.o
#        F:\WQA\App\EWARM\App\Obj\gx_tree_view_selected_set.o
#        F:\WQA\App\EWARM\App\Obj\gx_utility_1555xrgb_pixelmap_resize.o
#        F:\WQA\App\EWARM\App\Obj\gx_utility_1555xrgb_pixelmap_rotate.o
#        F:\WQA\App\EWARM\App\Obj\gx_utility_16bpp_pixelmap_resize.o
#        F:\WQA\App\EWARM\App\Obj\gx_utility_1bpp_pixelmap_resize.o
#        F:\WQA\App\EWARM\App\Obj\gx_utility_1bpp_pixelmap_rotate.o
#        F:\WQA\App\EWARM\App\Obj\gx_utility_32argb_pixelmap_resize.o
#        F:\WQA\App\EWARM\App\Obj\gx_utility_32argb_pixelmap_rotate.o
#        F:\WQA\App\EWARM\App\Obj\gx_utility_332rgb_pixelmap_rotate.o
#        F:\WQA\App\EWARM\App\Obj\gx_utility_4444argb_pixelmap_resize.o
#        F:\WQA\App\EWARM\App\Obj\gx_utility_4444argb_pixelmap_rotate.o
#        F:\WQA\App\EWARM\App\Obj\gx_utility_4bpp_pixelmap_resize.o
#        F:\WQA\App\EWARM\App\Obj\gx_utility_4bpp_pixelmap_rotate.o
#        F:\WQA\App\EWARM\App\Obj\gx_utility_565rgb_pixelmap_rotate.o
#        F:\WQA\App\EWARM\App\Obj\gx_utility_8bpp_pixelmap_resize.o
#        F:\WQA\App\EWARM\App\Obj\gx_utility_8bpp_pixelmap_rotate.o
#        F:\WQA\App\EWARM\App\Obj\gx_utility_alphamap_create.o
#        F:\WQA\App\EWARM\App\Obj\gx_utility_bidi_arabic_shaping.o
#        F:\WQA\App\EWARM\App\Obj\gx_utility_bidi_bracket_pair_get.o
#        F:\WQA\App\EWARM\App\Obj\gx_utility_bidi_character_type_get.o
#        F:\WQA\App\EWARM\App\Obj\gx_utility_bidi_mirroring_get.o
#        F:\WQA\App\EWARM\App\Obj\gx_utility_bidi_paragraph_reorder.o
#        F:\WQA\App\EWARM\App\Obj\gx_utility_bidi_resolved_text_info_delete.o
#        F:\WQA\App\EWARM\App\Obj\gx_utility_canvas_to_bmp.o
#        F:\WQA\App\EWARM\App\Obj\gx_utility_circle_point_get.o
#        F:\WQA\App\EWARM\App\Obj\gx_utility_easing_function_calculate.o
#        F:\WQA\App\EWARM\App\Obj\gx_utility_gradient_create.o
#        F:\WQA\App\EWARM\App\Obj\gx_utility_gradient_delete.o
#        F:\WQA\App\EWARM\App\Obj\gx_utility_ltoa.o
#        F:\WQA\App\EWARM\App\Obj\gx_utility_math_acos.o
#        F:\WQA\App\EWARM\App\Obj\gx_utility_math_asin.o
#        F:\WQA\App\EWARM\App\Obj\gx_utility_math_cos.o
#        F:\WQA\App\EWARM\App\Obj\gx_utility_math_sin.o
#        F:\WQA\App\EWARM\App\Obj\gx_utility_math_sqrt.o
#        F:\WQA\App\EWARM\App\Obj\gx_utility_pixelmap_resize.o
#        F:\WQA\App\EWARM\App\Obj\gx_utility_pixelmap_rotate.o
#        F:\WQA\App\EWARM\App\Obj\gx_utility_pixelmap_simple_rotate.o
#        F:\WQA\App\EWARM\App\Obj\gx_utility_rectangle_center.o
#        F:\WQA\App\EWARM\App\Obj\gx_utility_rectangle_center_find.o
#        F:\WQA\App\EWARM\App\Obj\gx_utility_rectangle_combine.o
#        F:\WQA\App\EWARM\App\Obj\gx_utility_rectangle_compare.o
#        F:\WQA\App\EWARM\App\Obj\gx_utility_rectangle_define.o
#        F:\WQA\App\EWARM\App\Obj\gx_utility_rectangle_inside_detect.o
#        F:\WQA\App\EWARM\App\Obj\gx_utility_rectangle_overlap_detect.o
#        F:\WQA\App\EWARM\App\Obj\gx_utility_rectangle_point_detect.o
#        F:\WQA\App\EWARM\App\Obj\gx_utility_rectangle_resize.o
#        F:\WQA\App\EWARM\App\Obj\gx_utility_rectangle_shift.o
#        F:\WQA\App\EWARM\App\Obj\gx_utility_string_compare.o
#        F:\WQA\App\EWARM\App\Obj\gx_utility_string_length_check.o
#        F:\WQA\App\EWARM\App\Obj\gx_utility_string_to_alphamap.o
#        F:\WQA\App\EWARM\App\Obj\gx_utility_thai_glyph_shaping.o
#        F:\WQA\App\EWARM\App\Obj\gx_utility_unicode_to_utf8.o
#        F:\WQA\App\EWARM\App\Obj\gx_utility_utf8_string_backward_character_length_get.o
#        F:\WQA\App\EWARM\App\Obj\gx_utility_utf8_string_character_get.o
#        F:\WQA\App\EWARM\App\Obj\gx_vertical_list_children_position.o
#        F:\WQA\App\EWARM\App\Obj\gx_vertical_list_create.o
#        F:\WQA\App\EWARM\App\Obj\gx_vertical_list_down_wrap.o
#        F:\WQA\App\EWARM\App\Obj\gx_vertical_list_event_process.o
#        F:\WQA\App\EWARM\App\Obj\gx_vertical_list_page_index_set.o
#        F:\WQA\App\EWARM\App\Obj\gx_vertical_list_scroll.o
#        F:\WQA\App\EWARM\App\Obj\gx_vertical_list_scroll_info_get.o
#        F:\WQA\App\EWARM\App\Obj\gx_vertical_list_selected_index_get.o
#        F:\WQA\App\EWARM\App\Obj\gx_vertical_list_selected_set.o
#        F:\WQA\App\EWARM\App\Obj\gx_vertical_list_selected_visible.o
#        F:\WQA\App\EWARM\App\Obj\gx_vertical_list_selected_widget_get.o
#        F:\WQA\App\EWARM\App\Obj\gx_vertical_list_slide_back_check.o
#        F:\WQA\App\EWARM\App\Obj\gx_vertical_list_total_rows_set.o
#        F:\WQA\App\EWARM\App\Obj\gx_vertical_list_up_wrap.o
#        F:\WQA\App\EWARM\App\Obj\gx_vertical_scrollbar_create.o
#        F:\WQA\App\EWARM\App\Obj\gx_widget_allocate.o
#        F:\WQA\App\EWARM\App\Obj\gx_widget_attach.o
#        F:\WQA\App\EWARM\App\Obj\gx_widget_back_attach.o
#        F:\WQA\App\EWARM\App\Obj\gx_widget_back_link.o
#        F:\WQA\App\EWARM\App\Obj\gx_widget_back_move.o
#        F:\WQA\App\EWARM\App\Obj\gx_widget_background_draw.o
#        F:\WQA\App\EWARM\App\Obj\gx_widget_block_move.o
#        F:\WQA\App\EWARM\App\Obj\gx_widget_border_draw.o
#        F:\WQA\App\EWARM\App\Obj\gx_widget_border_style_set.o
#        F:\WQA\App\EWARM\App\Obj\gx_widget_border_width_get.o
#        F:\WQA\App\EWARM\App\Obj\gx_widget_canvas_get.o
#        F:\WQA\App\EWARM\App\Obj\gx_widget_child_clipping_update.o
#        F:\WQA\App\EWARM\App\Obj\gx_widget_child_detect.o
#        F:\WQA\App\EWARM\App\Obj\gx_widget_child_focus_assign.o
#        F:\WQA\App\EWARM\App\Obj\gx_widget_children_draw.o
#        F:\WQA\App\EWARM\App\Obj\gx_widget_children_event_process.o
#        F:\WQA\App\EWARM\App\Obj\gx_widget_client_get.o
#        F:\WQA\App\EWARM\App\Obj\gx_widget_client_index_get.o
#        F:\WQA\App\EWARM\App\Obj\gx_widget_clipping_update.o
#        F:\WQA\App\EWARM\App\Obj\gx_widget_color_get.o
#        F:\WQA\App\EWARM\App\Obj\gx_widget_context_fill_set.o
#        F:\WQA\App\EWARM\App\Obj\gx_widget_create.o
#        F:\WQA\App\EWARM\App\Obj\gx_widget_created_test.o
#        F:\WQA\App\EWARM\App\Obj\gx_widget_delete.o
#        F:\WQA\App\EWARM\App\Obj\gx_widget_detach.o
#        F:\WQA\App\EWARM\App\Obj\gx_widget_draw.o
#        F:\WQA\App\EWARM\App\Obj\gx_widget_draw_set.o
#        F:\WQA\App\EWARM\App\Obj\gx_widget_event_generate.o
#        F:\WQA\App\EWARM\App\Obj\gx_widget_event_process.o
#        F:\WQA\App\EWARM\App\Obj\gx_widget_event_process_set.o
#        F:\WQA\App\EWARM\App\Obj\gx_widget_event_to_parent.o
#        F:\WQA\App\EWARM\App\Obj\gx_widget_fill_color_set.o
#        F:\WQA\App\EWARM\App\Obj\gx_widget_find.o
#        F:\WQA\App\EWARM\App\Obj\gx_widget_first_child_get.o
#        F:\WQA\App\EWARM\App\Obj\gx_widget_first_client_child_get.o
#        F:\WQA\App\EWARM\App\Obj\gx_widget_focus_next.o
#        F:\WQA\App\EWARM\App\Obj\gx_widget_focus_previous.o
#        F:\WQA\App\EWARM\App\Obj\gx_widget_font_get.o
#        F:\WQA\App\EWARM\App\Obj\gx_widget_free.o
#        F:\WQA\App\EWARM\App\Obj\gx_widget_front_move.o
#        F:\WQA\App\EWARM\App\Obj\gx_widget_height_get.o
#        F:\WQA\App\EWARM\App\Obj\gx_widget_hide.o
#        F:\WQA\App\EWARM\App\Obj\gx_widget_last_child_get.o
#        F:\WQA\App\EWARM\App\Obj\gx_widget_last_client_child_get.o
#        F:\WQA\App\EWARM\App\Obj\gx_widget_link.o
#        F:\WQA\App\EWARM\App\Obj\gx_widget_nav_order_initialize.o
#        F:\WQA\App\EWARM\App\Obj\gx_widget_next_client_child_get.o
#        F:\WQA\App\EWARM\App\Obj\gx_widget_next_sibling_get.o
#        F:\WQA\App\EWARM\App\Obj\gx_widget_parent_get.o
#        F:\WQA\App\EWARM\App\Obj\gx_widget_pixelmap_get.o
#        F:\WQA\App\EWARM\App\Obj\gx_widget_previous_sibling_get.o
#        F:\WQA\App\EWARM\App\Obj\gx_widget_resize.o
#        F:\WQA\App\EWARM\App\Obj\gx_widget_scroll_shift.o
#        F:\WQA\App\EWARM\App\Obj\gx_widget_shift.o
#        F:\WQA\App\EWARM\App\Obj\gx_widget_show.o
#        F:\WQA\App\EWARM\App\Obj\gx_widget_status_add.o
#        F:\WQA\App\EWARM\App\Obj\gx_widget_status_get.o
#        F:\WQA\App\EWARM\App\Obj\gx_widget_status_remove.o
#        F:\WQA\App\EWARM\App\Obj\gx_widget_status_test.o
#        F:\WQA\App\EWARM\App\Obj\gx_widget_string_get.o
#        F:\WQA\App\EWARM\App\Obj\gx_widget_style_add.o
#        F:\WQA\App\EWARM\App\Obj\gx_widget_style_get.o
#        F:\WQA\App\EWARM\App\Obj\gx_widget_style_remove.o
#        F:\WQA\App\EWARM\App\Obj\gx_widget_style_set.o
#        F:\WQA\App\EWARM\App\Obj\gx_widget_text_blend.o
#        F:\WQA\App\EWARM\App\Obj\gx_widget_text_draw.o
#        F:\WQA\App\EWARM\App\Obj\gx_widget_text_id_draw.o
#        F:\WQA\App\EWARM\App\Obj\gx_widget_top_visible_child_find.o
#        F:\WQA\App\EWARM\App\Obj\gx_widget_transparent_pixelmap_detect.o
#        F:\WQA\App\EWARM\App\Obj\gx_widget_type_find.o
#        F:\WQA\App\EWARM\App\Obj\gx_widget_unlink.o
#        F:\WQA\App\EWARM\App\Obj\gx_widget_width_get.o
#        F:\WQA\App\EWARM\App\Obj\gx_window_background_draw.o
#        F:\WQA\App\EWARM\App\Obj\gx_window_border_draw.o
#        F:\WQA\App\EWARM\App\Obj\gx_window_client_height_get.o
#        F:\WQA\App\EWARM\App\Obj\gx_window_client_scroll.o
#        F:\WQA\App\EWARM\App\Obj\gx_window_client_width_get.o
#        F:\WQA\App\EWARM\App\Obj\gx_window_close.o
#        F:\WQA\App\EWARM\App\Obj\gx_window_create.o
#        F:\WQA\App\EWARM\App\Obj\gx_window_draw.o
#        F:\WQA\App\EWARM\App\Obj\gx_window_event_process.o
#        F:\WQA\App\EWARM\App\Obj\gx_window_execute.o
#        F:\WQA\App\EWARM\App\Obj\gx_window_root_create.o
#        F:\WQA\App\EWARM\App\Obj\gx_window_root_delete.o
#        F:\WQA\App\EWARM\App\Obj\gx_window_root_event_process.o
#        F:\WQA\App\EWARM\App\Obj\gx_window_root_find.o
#        F:\WQA\App\EWARM\App\Obj\gx_window_scroll.o
#        F:\WQA\App\EWARM\App\Obj\gx_window_scroll_info_get.o
#        F:\WQA\App\EWARM\App\Obj\gx_window_scrollbar_find.o
#        F:\WQA\App\EWARM\App\Obj\gx_window_view_update_detect.o
#        F:\WQA\App\EWARM\App\Obj\gx_window_wallpaper_get.o
#        F:\WQA\App\EWARM\App\Obj\gx_window_wallpaper_set.o
#        F:\WQA\App\EWARM\App\Obj\gxe_accordion_menu_create.o
#        F:\WQA\App\EWARM\App\Obj\gxe_accordion_menu_event_process.o
#        F:\WQA\App\EWARM\App\Obj\gxe_accordion_menu_position.o
#        F:\WQA\App\EWARM\App\Obj\gxe_animation_canvas_define.o
#        F:\WQA\App\EWARM\App\Obj\gxe_animation_create.o
#        F:\WQA\App\EWARM\App\Obj\gxe_animation_delete.o
#        F:\WQA\App\EWARM\App\Obj\gxe_animation_drag_disable.o
#        F:\WQA\App\EWARM\App\Obj\gxe_animation_drag_enable.o
#        F:\WQA\App\EWARM\App\Obj\gxe_animation_landing_speed_set.o
#        F:\WQA\App\EWARM\App\Obj\gxe_animation_start.o
#        F:\WQA\App\EWARM\App\Obj\gxe_animation_stop.o
#        F:\WQA\App\EWARM\App\Obj\gxe_binres_language_count_get.o
#        F:\WQA\App\EWARM\App\Obj\gxe_binres_language_info_load.o
#        F:\WQA\App\EWARM\App\Obj\gxe_binres_language_table_load.o
#        F:\WQA\App\EWARM\App\Obj\gxe_binres_theme_load.o
#        F:\WQA\App\EWARM\App\Obj\gxe_brush_default.o
#        F:\WQA\App\EWARM\App\Obj\gxe_brush_define.o
#        F:\WQA\App\EWARM\App\Obj\gxe_button_create.o
#        F:\WQA\App\EWARM\App\Obj\gxe_button_deselect.o
#        F:\WQA\App\EWARM\App\Obj\gxe_button_event_process.o
#        F:\WQA\App\EWARM\App\Obj\gxe_button_select.o
#        F:\WQA\App\EWARM\App\Obj\gxe_canvas_alpha_set.o
#        F:\WQA\App\EWARM\App\Obj\gxe_canvas_arc_draw.o
#        F:\WQA\App\EWARM\App\Obj\gxe_canvas_block_move.o
#        F:\WQA\App\EWARM\App\Obj\gxe_canvas_circle_draw.o
#        F:\WQA\App\EWARM\App\Obj\gxe_canvas_create.o
#        F:\WQA\App\EWARM\App\Obj\gxe_canvas_delete.o
#        F:\WQA\App\EWARM\App\Obj\gxe_canvas_drawing_complete.o
#        F:\WQA\App\EWARM\App\Obj\gxe_canvas_drawing_initiate.o
#        F:\WQA\App\EWARM\App\Obj\gxe_canvas_ellipse_draw.o
#        F:\WQA\App\EWARM\App\Obj\gxe_canvas_hardware_layer_bind.o
#        F:\WQA\App\EWARM\App\Obj\gxe_canvas_hide.o
#        F:\WQA\App\EWARM\App\Obj\gxe_canvas_line_draw.o
#        F:\WQA\App\EWARM\App\Obj\gxe_canvas_memory_define.o
#        F:\WQA\App\EWARM\App\Obj\gxe_canvas_mouse_define.o
#        F:\WQA\App\EWARM\App\Obj\gxe_canvas_mouse_hide.o
#        F:\WQA\App\EWARM\App\Obj\gxe_canvas_mouse_show.o
#        F:\WQA\App\EWARM\App\Obj\gxe_canvas_offset_set.o
#        F:\WQA\App\EWARM\App\Obj\gxe_canvas_pie_draw.o
#        F:\WQA\App\EWARM\App\Obj\gxe_canvas_pixel_draw.o
#        F:\WQA\App\EWARM\App\Obj\gxe_canvas_pixelmap_blend.o
#        F:\WQA\App\EWARM\App\Obj\gxe_canvas_pixelmap_draw.o
#        F:\WQA\App\EWARM\App\Obj\gxe_canvas_pixelmap_get.o
#        F:\WQA\App\EWARM\App\Obj\gxe_canvas_pixelmap_rotate.o
#        F:\WQA\App\EWARM\App\Obj\gxe_canvas_pixelmap_tile.o
#        F:\WQA\App\EWARM\App\Obj\gxe_canvas_polygon_draw.o
#        F:\WQA\App\EWARM\App\Obj\gxe_canvas_rectangle_draw.o
#        F:\WQA\App\EWARM\App\Obj\gxe_canvas_rotated_text_draw.o
#        F:\WQA\App\EWARM\App\Obj\gxe_canvas_shift.o
#        F:\WQA\App\EWARM\App\Obj\gxe_canvas_show.o
#        F:\WQA\App\EWARM\App\Obj\gxe_canvas_text_draw.o
#        F:\WQA\App\EWARM\App\Obj\gxe_checkbox_create.o
#        F:\WQA\App\EWARM\App\Obj\gxe_checkbox_event_process.o
#        F:\WQA\App\EWARM\App\Obj\gxe_checkbox_pixelmap_set.o
#        F:\WQA\App\EWARM\App\Obj\gxe_checkbox_select.o
#        F:\WQA\App\EWARM\App\Obj\gxe_circular_gauge_angle_get.o
#        F:\WQA\App\EWARM\App\Obj\gxe_circular_gauge_angle_set.o
#        F:\WQA\App\EWARM\App\Obj\gxe_circular_gauge_animation_set.o
#        F:\WQA\App\EWARM\App\Obj\gxe_circular_gauge_create.o
#        F:\WQA\App\EWARM\App\Obj\gxe_circular_gauge_event_process.o
#        F:\WQA\App\EWARM\App\Obj\gxe_context_brush_default.o
#        F:\WQA\App\EWARM\App\Obj\gxe_context_brush_define.o
#        F:\WQA\App\EWARM\App\Obj\gxe_context_brush_get.o
#        F:\WQA\App\EWARM\App\Obj\gxe_context_brush_pattern_set.o
#        F:\WQA\App\EWARM\App\Obj\gxe_context_brush_set.o
#        F:\WQA\App\EWARM\App\Obj\gxe_context_brush_style_set.o
#        F:\WQA\App\EWARM\App\Obj\gxe_context_brush_width_set.o
#        F:\WQA\App\EWARM\App\Obj\gxe_context_color_get.o
#        F:\WQA\App\EWARM\App\Obj\gxe_context_fill_color_set.o
#        F:\WQA\App\EWARM\App\Obj\gxe_context_font_get.o
#        F:\WQA\App\EWARM\App\Obj\gxe_context_font_set.o
#        F:\WQA\App\EWARM\App\Obj\gxe_context_line_color_set.o
#        F:\WQA\App\EWARM\App\Obj\gxe_context_pixelmap_get.o
#        F:\WQA\App\EWARM\App\Obj\gxe_context_pixelmap_set.o
#        F:\WQA\App\EWARM\App\Obj\gxe_context_raw_brush_define.o
#        F:\WQA\App\EWARM\App\Obj\gxe_context_raw_fill_color_set.o
#        F:\WQA\App\EWARM\App\Obj\gxe_context_raw_line_color_set.o
#        F:\WQA\App\EWARM\App\Obj\gxe_context_string_get.o
#        F:\WQA\App\EWARM\App\Obj\gxe_display_active_language_set.o
#        F:\WQA\App\EWARM\App\Obj\gxe_display_color_set.o
#        F:\WQA\App\EWARM\App\Obj\gxe_display_color_table_set.o
#        F:\WQA\App\EWARM\App\Obj\gxe_display_create.o
#        F:\WQA\App\EWARM\App\Obj\gxe_display_delete.o
#        F:\WQA\App\EWARM\App\Obj\gxe_display_font_table_set.o
#        F:\WQA\App\EWARM\App\Obj\gxe_display_language_table_get.o
#        F:\WQA\App\EWARM\App\Obj\gxe_display_language_table_set.o
#        F:\WQA\App\EWARM\App\Obj\gxe_display_pixelmap_table_set.o
#        F:\WQA\App\EWARM\App\Obj\gxe_display_string_get.o
#        F:\WQA\App\EWARM\App\Obj\gxe_display_string_table_get.o
#        F:\WQA\App\EWARM\App\Obj\gxe_display_theme_install.o
#        F:\WQA\App\EWARM\App\Obj\gxe_drop_list_close.o
#        F:\WQA\App\EWARM\App\Obj\gxe_drop_list_create.o
#        F:\WQA\App\EWARM\App\Obj\gxe_drop_list_event_process.o
#        F:\WQA\App\EWARM\App\Obj\gxe_drop_list_open.o
#        F:\WQA\App\EWARM\App\Obj\gxe_drop_list_pixelmap_set.o
#        F:\WQA\App\EWARM\App\Obj\gxe_drop_list_popup_get.o
#        F:\WQA\App\EWARM\App\Obj\gxe_generic_scroll_wheel_children_position.o
#        F:\WQA\App\EWARM\App\Obj\gxe_generic_scroll_wheel_create.o
#        F:\WQA\App\EWARM\App\Obj\gxe_generic_scroll_wheel_event_process.o
#        F:\WQA\App\EWARM\App\Obj\gxe_generic_scroll_wheel_row_height_set.o
#        F:\WQA\App\EWARM\App\Obj\gxe_generic_scroll_wheel_total_rows_set.o
#        F:\WQA\App\EWARM\App\Obj\gxe_horizontal_list_children_position.o
#        F:\WQA\App\EWARM\App\Obj\gxe_horizontal_list_create.o
#        F:\WQA\App\EWARM\App\Obj\gxe_horizontal_list_event_process.o
#        F:\WQA\App\EWARM\App\Obj\gxe_horizontal_list_page_index_set.o
#        F:\WQA\App\EWARM\App\Obj\gxe_horizontal_list_selected_index_get.o
#        F:\WQA\App\EWARM\App\Obj\gxe_horizontal_list_selected_set.o
#        F:\WQA\App\EWARM\App\Obj\gxe_horizontal_list_selected_widget_get.o
#        F:\WQA\App\EWARM\App\Obj\gxe_horizontal_list_total_columns_set.o
#        F:\WQA\App\EWARM\App\Obj\gxe_horizontal_scrollbar_create.o
#        F:\WQA\App\EWARM\App\Obj\gxe_icon_button_create.o
#        F:\WQA\App\EWARM\App\Obj\gxe_icon_button_pixelmap_set.o
#        F:\WQA\App\EWARM\App\Obj\gxe_icon_create.o
#        F:\WQA\App\EWARM\App\Obj\gxe_icon_event_process.o
#        F:\WQA\App\EWARM\App\Obj\gxe_icon_pixelmap_set.o
#        F:\WQA\App\EWARM\App\Obj\gxe_image_reader_create.o
#        F:\WQA\App\EWARM\App\Obj\gxe_image_reader_palette_set.o
#        F:\WQA\App\EWARM\App\Obj\gxe_image_reader_start.o
#        F:\WQA\App\EWARM\App\Obj\gxe_line_chart_create.o
#        F:\WQA\App\EWARM\App\Obj\gxe_line_chart_update.o
#        F:\WQA\App\EWARM\App\Obj\gxe_line_chart_y_scale_calculate.o
#        F:\WQA\App\EWARM\App\Obj\gxe_menu_create.o
#        F:\WQA\App\EWARM\App\Obj\gxe_menu_event_process.o
#        F:\WQA\App\EWARM\App\Obj\gxe_menu_insert.o
#        F:\WQA\App\EWARM\App\Obj\gxe_menu_remove.o
#        F:\WQA\App\EWARM\App\Obj\gxe_menu_text_offset_set.o
#        F:\WQA\App\EWARM\App\Obj\gxe_multi_line_text_button_create.o
#        F:\WQA\App\EWARM\App\Obj\gxe_multi_line_text_button_event_process.o
#        F:\WQA\App\EWARM\App\Obj\gxe_multi_line_text_button_text_id_set.o
#        F:\WQA\App\EWARM\App\Obj\gxe_multi_line_text_button_text_set.o
#        F:\WQA\App\EWARM\App\Obj\gxe_multi_line_text_input_backspace.o
#        F:\WQA\App\EWARM\App\Obj\gxe_multi_line_text_input_buffer_clear.o
#        F:\WQA\App\EWARM\App\Obj\gxe_multi_line_text_input_buffer_get.o
#        F:\WQA\App\EWARM\App\Obj\gxe_multi_line_text_input_char_insert.o
#        F:\WQA\App\EWARM\App\Obj\gxe_multi_line_text_input_create.o
#        F:\WQA\App\EWARM\App\Obj\gxe_multi_line_text_input_cursor_pos_get.o
#        F:\WQA\App\EWARM\App\Obj\gxe_multi_line_text_input_delete.o
#        F:\WQA\App\EWARM\App\Obj\gxe_multi_line_text_input_down_arrow.o
#        F:\WQA\App\EWARM\App\Obj\gxe_multi_line_text_input_end.o
#        F:\WQA\App\EWARM\App\Obj\gxe_multi_line_text_input_event_process.o
#        F:\WQA\App\EWARM\App\Obj\gxe_multi_line_text_input_fill_color_set.o
#        F:\WQA\App\EWARM\App\Obj\gxe_multi_line_text_input_home.o
#        F:\WQA\App\EWARM\App\Obj\gxe_multi_line_text_input_left_arrow.o
#        F:\WQA\App\EWARM\App\Obj\gxe_multi_line_text_input_right_arrow.o
#        F:\WQA\App\EWARM\App\Obj\gxe_multi_line_text_input_style_add.o
#        F:\WQA\App\EWARM\App\Obj\gxe_multi_line_text_input_style_remove.o
#        F:\WQA\App\EWARM\App\Obj\gxe_multi_line_text_input_style_set.o
#        F:\WQA\App\EWARM\App\Obj\gxe_multi_line_text_input_text_color_set.o
#        F:\WQA\App\EWARM\App\Obj\gxe_multi_line_text_input_text_select.o
#        F:\WQA\App\EWARM\App\Obj\gxe_multi_line_text_input_text_set.o
#        F:\WQA\App\EWARM\App\Obj\gxe_multi_line_text_input_up_arrow.o
#        F:\WQA\App\EWARM\App\Obj\gxe_multi_line_text_view_create.o
#        F:\WQA\App\EWARM\App\Obj\gxe_multi_line_text_view_event_process.o
#        F:\WQA\App\EWARM\App\Obj\gxe_multi_line_text_view_font_set.o
#        F:\WQA\App\EWARM\App\Obj\gxe_multi_line_text_view_line_space_set.o
#        F:\WQA\App\EWARM\App\Obj\gxe_multi_line_text_view_scroll_info_get.o
#        F:\WQA\App\EWARM\App\Obj\gxe_multi_line_text_view_text_color_set.o
#        F:\WQA\App\EWARM\App\Obj\gxe_multi_line_text_view_text_id_set.o
#        F:\WQA\App\EWARM\App\Obj\gxe_multi_line_text_view_text_set.o
#        F:\WQA\App\EWARM\App\Obj\gxe_multi_line_text_view_whitespace_set.o
#        F:\WQA\App\EWARM\App\Obj\gxe_numeric_pixelmap_prompt_create.o
#        F:\WQA\App\EWARM\App\Obj\gxe_numeric_pixelmap_prompt_format_function_set.o
#        F:\WQA\App\EWARM\App\Obj\gxe_numeric_pixelmap_prompt_value_set.o
#        F:\WQA\App\EWARM\App\Obj\gxe_numeric_prompt_create.o
#        F:\WQA\App\EWARM\App\Obj\gxe_numeric_prompt_format_function_set.o
#        F:\WQA\App\EWARM\App\Obj\gxe_numeric_prompt_value_set.o
#        F:\WQA\App\EWARM\App\Obj\gxe_numeric_scroll_wheel_create.o
#        F:\WQA\App\EWARM\App\Obj\gxe_numeric_scroll_wheel_range_set.o
#        F:\WQA\App\EWARM\App\Obj\gxe_pixelmap_button_create.o
#        F:\WQA\App\EWARM\App\Obj\gxe_pixelmap_button_event_process.o
#        F:\WQA\App\EWARM\App\Obj\gxe_pixelmap_button_pixelmap_set.o
#        F:\WQA\App\EWARM\App\Obj\gxe_pixelmap_prompt_create.o
#        F:\WQA\App\EWARM\App\Obj\gxe_pixelmap_prompt_pixelmap_set.o
#        F:\WQA\App\EWARM\App\Obj\gxe_pixelmap_slider_create.o
#        F:\WQA\App\EWARM\App\Obj\gxe_pixelmap_slider_event_process.o
#        F:\WQA\App\EWARM\App\Obj\gxe_pixelmap_slider_pixelmap_set.o
#        F:\WQA\App\EWARM\App\Obj\gxe_progress_bar_create.o
#        F:\WQA\App\EWARM\App\Obj\gxe_progress_bar_event_process.o
#        F:\WQA\App\EWARM\App\Obj\gxe_progress_bar_font_set.o
#        F:\WQA\App\EWARM\App\Obj\gxe_progress_bar_info_set.o
#        F:\WQA\App\EWARM\App\Obj\gxe_progress_bar_pixelmap_set.o
#        F:\WQA\App\EWARM\App\Obj\gxe_progress_bar_range_set.o
#        F:\WQA\App\EWARM\App\Obj\gxe_progress_bar_text_color_set.o
#        F:\WQA\App\EWARM\App\Obj\gxe_progress_bar_value_set.o
#        F:\WQA\App\EWARM\App\Obj\gxe_prompt_create.o
#        F:\WQA\App\EWARM\App\Obj\gxe_prompt_event_process.o
#        F:\WQA\App\EWARM\App\Obj\gxe_prompt_font_set.o
#        F:\WQA\App\EWARM\App\Obj\gxe_prompt_text_color_set.o
#        F:\WQA\App\EWARM\App\Obj\gxe_prompt_text_get.o
#        F:\WQA\App\EWARM\App\Obj\gxe_prompt_text_id_set.o
#        F:\WQA\App\EWARM\App\Obj\gxe_prompt_text_set.o
#        F:\WQA\App\EWARM\App\Obj\gxe_radial_progress_bar_anchor_set.o
#        F:\WQA\App\EWARM\App\Obj\gxe_radial_progress_bar_create.o
#        F:\WQA\App\EWARM\App\Obj\gxe_radial_progress_bar_event_process.o
#        F:\WQA\App\EWARM\App\Obj\gxe_radial_progress_bar_font_set.o
#        F:\WQA\App\EWARM\App\Obj\gxe_radial_progress_bar_info_set.o
#        F:\WQA\App\EWARM\App\Obj\gxe_radial_progress_bar_text_color_set.o
#        F:\WQA\App\EWARM\App\Obj\gxe_radial_progress_bar_value_set.o
#        F:\WQA\App\EWARM\App\Obj\gxe_radial_slider_anchor_angles_set.o
#        F:\WQA\App\EWARM\App\Obj\gxe_radial_slider_angle_set.o
#        F:\WQA\App\EWARM\App\Obj\gxe_radial_slider_animation_set.o
#        F:\WQA\App\EWARM\App\Obj\gxe_radial_slider_animation_start.o
#        F:\WQA\App\EWARM\App\Obj\gxe_radial_slider_create.o
#        F:\WQA\App\EWARM\App\Obj\gxe_radial_slider_event_process.o
#        F:\WQA\App\EWARM\App\Obj\gxe_radial_slider_info_get.o
#        F:\WQA\App\EWARM\App\Obj\gxe_radial_slider_info_set.o
#        F:\WQA\App\EWARM\App\Obj\gxe_radial_slider_pixelmap_set.o
#        F:\WQA\App\EWARM\App\Obj\gxe_radio_button_create.o
#        F:\WQA\App\EWARM\App\Obj\gxe_radio_button_pixelmap_set.o
#        F:\WQA\App\EWARM\App\Obj\gxe_rich_text_view_create.o
#        F:\WQA\App\EWARM\App\Obj\gxe_rich_text_view_fonts_set.o
#        F:\WQA\App\EWARM\App\Obj\gxe_screen_stack_create.o
#        F:\WQA\App\EWARM\App\Obj\gxe_screen_stack_pop.o
#        F:\WQA\App\EWARM\App\Obj\gxe_screen_stack_push.o
#        F:\WQA\App\EWARM\App\Obj\gxe_screen_stack_reset.o
#        F:\WQA\App\EWARM\App\Obj\gxe_scroll_thumb_create.o
#        F:\WQA\App\EWARM\App\Obj\gxe_scroll_thumb_event_process.o
#        F:\WQA\App\EWARM\App\Obj\gxe_scroll_wheel_create.o
#        F:\WQA\App\EWARM\App\Obj\gxe_scroll_wheel_event_process.o
#        F:\WQA\App\EWARM\App\Obj\gxe_scroll_wheel_gradient_alpha_set.o
#        F:\WQA\App\EWARM\App\Obj\gxe_scroll_wheel_row_height_set.o
#        F:\WQA\App\EWARM\App\Obj\gxe_scroll_wheel_selected_background_set.o
#        F:\WQA\App\EWARM\App\Obj\gxe_scroll_wheel_selected_get.o
#        F:\WQA\App\EWARM\App\Obj\gxe_scroll_wheel_selected_set.o
#        F:\WQA\App\EWARM\App\Obj\gxe_scroll_wheel_speed_set.o
#        F:\WQA\App\EWARM\App\Obj\gxe_scroll_wheel_total_rows_set.o
#        F:\WQA\App\EWARM\App\Obj\gxe_scrollbar_event_process.o
#        F:\WQA\App\EWARM\App\Obj\gxe_scrollbar_limit_check.o
#        F:\WQA\App\EWARM\App\Obj\gxe_scrollbar_reset.o
#        F:\WQA\App\EWARM\App\Obj\gxe_scrollbar_value_set.o
#        F:\WQA\App\EWARM\App\Obj\gxe_single_line_text_input_backspace.o
#        F:\WQA\App\EWARM\App\Obj\gxe_single_line_text_input_buffer_clear.o
#        F:\WQA\App\EWARM\App\Obj\gxe_single_line_text_input_buffer_get.o
#        F:\WQA\App\EWARM\App\Obj\gxe_single_line_text_input_character_delete.o
#        F:\WQA\App\EWARM\App\Obj\gxe_single_line_text_input_character_insert.o
#        F:\WQA\App\EWARM\App\Obj\gxe_single_line_text_input_create.o
#        F:\WQA\App\EWARM\App\Obj\gxe_single_line_text_input_draw_position_get.o
#        F:\WQA\App\EWARM\App\Obj\gxe_single_line_text_input_end.o
#        F:\WQA\App\EWARM\App\Obj\gxe_single_line_text_input_event_process.o
#        F:\WQA\App\EWARM\App\Obj\gxe_single_line_text_input_fill_color_set.o
#        F:\WQA\App\EWARM\App\Obj\gxe_single_line_text_input_home.o
#        F:\WQA\App\EWARM\App\Obj\gxe_single_line_text_input_left_arrow.o
#        F:\WQA\App\EWARM\App\Obj\gxe_single_line_text_input_position_get.o
#        F:\WQA\App\EWARM\App\Obj\gxe_single_line_text_input_right_arrow.o
#        F:\WQA\App\EWARM\App\Obj\gxe_single_line_text_input_style_add.o
#        F:\WQA\App\EWARM\App\Obj\gxe_single_line_text_input_style_remove.o
#        F:\WQA\App\EWARM\App\Obj\gxe_single_line_text_input_style_set.o
#        F:\WQA\App\EWARM\App\Obj\gxe_single_line_text_input_text_color_set.o
#        F:\WQA\App\EWARM\App\Obj\gxe_single_line_text_input_text_select.o
#        F:\WQA\App\EWARM\App\Obj\gxe_single_line_text_input_text_set.o
#        F:\WQA\App\EWARM\App\Obj\gxe_slider_create.o
#        F:\WQA\App\EWARM\App\Obj\gxe_slider_event_process.o
#        F:\WQA\App\EWARM\App\Obj\gxe_slider_info_set.o
#        F:\WQA\App\EWARM\App\Obj\gxe_slider_needle_position_get.o
#        F:\WQA\App\EWARM\App\Obj\gxe_slider_travel_get.o
#        F:\WQA\App\EWARM\App\Obj\gxe_slider_value_calculate.o
#        F:\WQA\App\EWARM\App\Obj\gxe_slider_value_set.o
#        F:\WQA\App\EWARM\App\Obj\gxe_sprite_create.o
#        F:\WQA\App\EWARM\App\Obj\gxe_sprite_current_frame_set.o
#        F:\WQA\App\EWARM\App\Obj\gxe_sprite_frame_list_set.o
#        F:\WQA\App\EWARM\App\Obj\gxe_sprite_start.o
#        F:\WQA\App\EWARM\App\Obj\gxe_sprite_stop.o
#        F:\WQA\App\EWARM\App\Obj\gxe_string_scroll_wheel_create.o
#        F:\WQA\App\EWARM\App\Obj\gxe_string_scroll_wheel_event_process.o
#        F:\WQA\App\EWARM\App\Obj\gxe_string_scroll_wheel_string_id_list_set.o
#        F:\WQA\App\EWARM\App\Obj\gxe_string_scroll_wheel_string_list_set.o
#        F:\WQA\App\EWARM\App\Obj\gxe_system_active_language_set.o
#        F:\WQA\App\EWARM\App\Obj\gxe_system_animation_free.o
#        F:\WQA\App\EWARM\App\Obj\gxe_system_animation_get.o
#        F:\WQA\App\EWARM\App\Obj\gxe_system_canvas_refresh.o
#        F:\WQA\App\EWARM\App\Obj\gxe_system_dirty_mark.o
#        F:\WQA\App\EWARM\App\Obj\gxe_system_dirty_partial_add.o
#        F:\WQA\App\EWARM\App\Obj\gxe_system_draw_context_get.o
#        F:\WQA\App\EWARM\App\Obj\gxe_system_event_fold.o
#        F:\WQA\App\EWARM\App\Obj\gxe_system_event_send.o
#        F:\WQA\App\EWARM\App\Obj\gxe_system_focus_claim.o
#        F:\WQA\App\EWARM\App\Obj\gxe_system_initialize.o
#        F:\WQA\App\EWARM\App\Obj\gxe_system_language_table_get.o
#        F:\WQA\App\EWARM\App\Obj\gxe_system_language_table_set.o
#        F:\WQA\App\EWARM\App\Obj\gxe_system_memory_allocator_set.o
#        F:\WQA\App\EWARM\App\Obj\gxe_system_pen_configure.o
[...]
char_31                 0x9003'0cfc    0x50  Data  Lc  gx_system_font_8bpp.o [1]
char_32                 0x9002'fba8    0x64  Data  Lc  gx_system_font_8bpp.o [1]
char_33                 0x9002'fc0c    0x64  Data  Lc  gx_system_font_8bpp.o [1]
char_34                 0x9002'fc70    0x64  Data  Lc  gx_system_font_8bpp.o [1]
char_35                 0x9002'fcd4    0x64  Data  Lc  gx_system_font_8bpp.o [1]
char_36                 0x9002'fd38    0x64  Data  Lc  gx_system_font_8bpp.o [1]
char_37                 0x9002'fd9c    0x64  Data  Lc  gx_system_font_8bpp.o [1]
char_38                 0x9002'fe00    0x64  Data  Lc  gx_system_font_8bpp.o [1]
char_39                 0x9002'fe64    0x64  Data  Lc  gx_system_font_8bpp.o [1]
char_3a                 0x9003'2940    0x1c  Data  Lc  gx_system_font_8bpp.o [1]
char_3b                 0x9003'214c    0x34  Data  Lc  gx_system_font_8bpp.o [1]
char_3c                 0x9003'1c74    0x40  Data  Lc  gx_system_font_8bpp.o [1]
char_3d                 0x9003'22d4    0x30  Data  Lc  gx_system_font_8bpp.o [1]
char_3e                 0x9003'1cb4    0x40  Data  Lc  gx_system_font_8bpp.o [1]
char_3f                 0x9003'0a10    0x54  Data  Lc  gx_system_font_8bpp.o [1]
char_40                 0x9002'c630    0xe4  Data  Lc  gx_system_font_8bpp.o [1]
char_41                 0x9002'e5cc    0x78  Data  Lc  gx_system_font_8bpp.o [1]
char_42                 0x9002'f318    0x6c  Data  Lc  gx_system_font_8bpp.o [1]
char_43                 0x9002'e644    0x78  Data  Lc  gx_system_font_8bpp.o [1]
char_44                 0x9002'e6bc    0x78  Data  Lc  gx_system_font_8bpp.o [1]
char_45                 0x9003'05c8    0x60  Data  Lc  gx_system_font_8bpp.o [1]
char_46                 0x9003'0628    0x60  Data  Lc  gx_system_font_8bpp.o [1]
char_47                 0x9002'e734    0x78  Data  Lc  gx_system_font_8bpp.o [1]
char_48                 0x9002'e7ac    0x78  Data  Lc  gx_system_font_8bpp.o [1]
char_49                 0x9003'24ec    0x24  Data  Lc  gx_system_font_8bpp.o [1]
char_4a                 0x9003'0688    0x60  Data  Lc  gx_system_font_8bpp.o [1]
char_4b                 0x9002'e824    0x78  Data  Lc  gx_system_font_8bpp.o [1]
char_4c                 0x9003'06e8    0x60  Data  Lc  gx_system_font_8bpp.o [1]
char_4d                 0x9002'de2c    0x84  Data  Lc  gx_system_font_8bpp.o [1]
char_4e                 0x9002'e89c    0x78  Data  Lc  gx_system_font_8bpp.o [1]
char_4f                 0x9002'da78    0x90  Data  Lc  gx_system_font_8bpp.o [1]
char_50                 0x9002'f384    0x6c  Data  Lc  gx_system_font_8bpp.o [1]
char_51                 0x9002'd054    0xb4  Data  Lc  gx_system_font_8bpp.o [1]
char_52                 0x9002'f3f0    0x6c  Data  Lc  gx_system_font_8bpp.o [1]
char_53                 0x9002'f45c    0x6c  Data  Lc  gx_system_font_8bpp.o [1]
char_54                 0x9002'e914    0x78  Data  Lc  gx_system_font_8bpp.o [1]
char_55                 0x9002'e98c    0x78  Data  Lc  gx_system_font_8bpp.o [1]
char_56                 0x9002'ea04    0x78  Data  Lc  gx_system_font_8bpp.o [1]
char_57                 0x9002'd464    0xa8  Data  Lc  gx_system_font_8bpp.o [1]
char_58                 0x9002'f4c8    0x6c  Data  Lc  gx_system_font_8bpp.o [1]
char_59                 0x9002'ea7c    0x78  Data  Lc  gx_system_font_8bpp.o [1]
char_5a                 0x9002'f534    0x6c  Data  Lc  gx_system_font_8bpp.o [1]
char_5b                 0x9003'1cf4    0x40  Data  Lc  gx_system_font_8bpp.o [1]
char_5c                 0x9002'f164    0x70  Data  Lc  gx_system_font_8bpp.o [1]
char_5d                 0x9003'1d34    0x40  Data  Lc  gx_system_font_8bpp.o [1]
char_5e                 0x9003'2180    0x34  Data  Lc  gx_system_font_8bpp.o [1]
char_5f                 0x9003'2fa4     0xc  Data  Lc  gx_system_font_8bpp.o [1]
char_60                 0x9003'2fb0     0xc  Data  Lc  gx_system_font_8bpp.o [1]
char_61                 0x9003'1d74    0x40  Data  Lc  gx_system_font_8bpp.o [1]
char_62                 0x9002'eaf4    0x78  Data  Lc  gx_system_font_8bpp.o [1]
char_63                 0x9003'1280    0x48  Data  Lc  gx_system_font_8bpp.o [1]
char_64                 0x9002'eb6c    0x78  Data  Lc  gx_system_font_8bpp.o [1]
char_65                 0x9003'0a64    0x54  Data  Lc  gx_system_font_8bpp.o [1]
char_66                 0x9003'0d4c    0x50  Data  Lc  gx_system_font_8bpp.o [1]
char_67                 0x9002'ebe4    0x78  Data  Lc  gx_system_font_8bpp.o [1]
char_68                 0x9002'f8e4    0x68  Data  Lc  gx_system_font_8bpp.o [1]
char_69                 0x9003'23dc    0x28  Data  Lc  gx_system_font_8bpp.o [1]
char_6a                 0x9003'07a0    0x58  Data  Lc  gx_system_font_8bpp.o [1]
char_6b                 0x9002'f94c    0x68  Data  Lc  gx_system_font_8bpp.o [1]
char_6c                 0x9003'2404    0x28  Data  Lc  gx_system_font_8bpp.o [1]
char_6d                 0x9002'ec5c    0x78  Data  Lc  gx_system_font_8bpp.o [1]
char_6e                 0x9003'12c8    0x48  Data  Lc  gx_system_font_8bpp.o [1]
char_6f                 0x9003'0ab8    0x54  Data  Lc  gx_system_font_8bpp.o [1]
char_70                 0x9002'ecd4    0x78  Data  Lc  gx_system_font_8bpp.o [1]
char_71                 0x9002'ed4c    0x78  Data  Lc  gx_system_font_8bpp.o [1]
char_72                 0x9003'2040    0x38  Data  Lc  gx_system_font_8bpp.o [1]
char_73                 0x9003'1db4    0x40  Data  Lc  gx_system_font_8bpp.o [1]
char_74                 0x9003'1310    0x48  Data  Lc  gx_system_font_8bpp.o [1]
char_75                 0x9003'1358    0x48  Data  Lc  gx_system_font_8bpp.o [1]
char_76                 0x9003'0b0c    0x54  Data  Lc  gx_system_font_8bpp.o [1]
char_77                 0x9002'edc4    0x78  Data  Lc  gx_system_font_8bpp.o [1]
char_78                 0x9003'13a0    0x48  Data  Lc  gx_system_font_8bpp.o [1]
char_79                 0x9002'ee3c    0x78  Data  Lc  gx_system_font_8bpp.o [1]
char_7a                 0x9003'13e8    0x48  Data  Lc  gx_system_font_8bpp.o [1]
char_7b                 0x9003'0d9c    0x50  Data  Lc  gx_system_font_8bpp.o [1]
char_7c                 0x9003'2510    0x24  Data  Lc  gx_system_font_8bpp.o [1]
char_7d                 0x9003'0dec    0x50  Data  Lc  gx_system_font_8bpp.o [1]
char_7e                 0x9003'295c    0x1c  Data  Lc  gx_system_font_8bpp.o [1]
display_1_Chinese_string_table
                        0x9003'0568    0x60  Data  Gb  GUI_resources.o [1]
display_1_STRING_10_Chinese
                        0x9003'2ef0     0xc  Data  Gb  GUI_resources.o [1]
display_1_STRING_11_Chinese
                        0x9003'3038     0x8  Data  Gb  GUI_resources.o [1]
display_1_STRING_1_Chinese
                        0x9003'2ff8     0x8  Data  Gb  GUI_resources.o [1]
display_1_STRING_2_Chinese
                        0x9003'3000     0x8  Data  Gb  GUI_resources.o [1]
display_1_STRING_3_Chinese
                        0x9003'3008     0x8  Data  Gb  GUI_resources.o [1]
display_1_STRING_4_Chinese
                        0x9003'3010     0x8  Data  Gb  GUI_resources.o [1]
display_1_STRING_5_Chinese
                        0x9003'3018     0x8  Data  Gb  GUI_resources.o [1]
display_1_STRING_6_Chinese
                        0x9003'3020     0x8  Data  Gb  GUI_resources.o [1]
display_1_STRING_7_Chinese
                        0x9003'3028     0x8  Data  Gb  GUI_resources.o [1]
display_1_STRING_8_Chinese
                        0x9003'30d4     0x4  Data  Gb  GUI_resources.o [1]
display_1_STRING_9_Chinese
                        0x9003'3030     0x8  Data  Gb  GUI_resources.o [1]
display_1_canvas_control_block
                        0x2000'8c58   0x33c  Data  Gb  GUI_specifications.o [1]
display_1_control_block
                        0x2000'9930   0x124  Data  Gb  GUI_specifications.o [1]
display_1_language_table
                        0x2000'0044     0x4  Data  Gb  GUI_resources.o [1]
display_1_root_window   0x2000'a5f4    0x78  Data  Gb  GUI_specifications.o [1]
display_1_theme_1       0x2000'0048    0x70  Data  Gb  GUI_resources.o [1]
display_1_theme_1_color_table
                        0x9002'ef2c    0x74  Data  Gb  GUI_resources.o [1]
display_1_theme_1_font_table
                        0x2000'0004    0x18  Data  Gb  GUI_resources.o [1]
display_1_theme_1_pixelmap_table
                        0x2000'001c    0x28  Data  Gb  GUI_resources.o [1]
display_1_theme_table   0x2000'00b8     0x4  Data  Gb  GUI_resources.o [1]
exit                    0x9003'27df     0x4  Code  Gb  exit.o [2]
font_SansPro_Regular_ttf_18_aa
                        0x9001'b7f8   0x474  Data  Lc  gx_system_font_8bpp.o [1]
fputc                   0x9000'434b    0x14  Code  Gb  usart.o [1]
g_sys_para_touch_flg    0x2000'aaa2     0x1  Data  Gb  bsp_touch.o [1]
g_sys_para_touch_x_fac  0x2000'a930     0x4  Data  Gb  bsp_touch.o [1]
g_sys_para_touch_x_off  0x2000'aa9e     0x2  Data  Gb  bsp_touch.o [1]
g_sys_para_touch_y_fac  0x2000'a934     0x4  Data  Gb  bsp_touch.o [1]
g_sys_para_touch_y_off  0x2000'aaa0     0x2  Data  Gb  bsp_touch.o [1]
g_touch_sta             0x2000'aa9c     0x2  Data  Gb  bsp_touch.o [1]
g_touch_x               0x2000'aa98     0x2  Data  Gb  bsp_touch.o [1]
g_touch_y               0x2000'aa9a     0x2  Data  Gb  bsp_touch.o [1]
gx_chromeart_canvas_copy
                        0x9001'60db   0x13c  Code  Lc  gx_display_driver_stm32h7_565rgb.o [1]
gx_chromeart_glyph_8bit_draw
                        0x9001'6515   0x14c  Code  Lc  gx_display_driver_stm32h7_565rgb.o [1]
gx_chromeart_horizontal_line_draw
                        0x9001'5f89    0xaa  Code  Lc  gx_display_driver_stm32h7_565rgb.o [1]
gx_chromeart_pixelmap_blend
                        0x9001'639f   0x176  Code  Lc  gx_display_driver_stm32h7_565rgb.o [1]
gx_chromeart_pixelmap_draw
                        0x9001'6217   0x188  Code  Lc  gx_display_driver_stm32h7_565rgb.o [1]
gx_chromeart_vertical_line_draw
                        0x9001'6033    0xa8  Code  Lc  gx_display_driver_stm32h7_565rgb.o [1]
gx_initconfig           0x9000'72cf    0x34  Code  Gb  App_SysFunction.o [1]
gx_studio_action_parent_find
                        0x9000'73e7    0x2c  Code  Lc  GUI_specifications.o [1]
gx_studio_action_target_find
                        0x9000'73ab    0x3c  Code  Lc  GUI_specifications.o [1]
gx_studio_action_target_get
                        0x9000'7349    0x62  Code  Lc  GUI_specifications.o [1]
gx_studio_animation_execute
                        0x9000'7413    0x8c  Code  Lc  GUI_specifications.o [1]
gx_studio_auto_event_handler
                        0x9000'749f   0x1ea  Code  Gb  GUI_specifications.o [1]
gx_studio_display_configure
                        0x9000'7949   0x110  Code  Gb  GUI_specifications.o [1]
gx_studio_named_widget_create
                        0x9000'78f3    0x56  Code  Gb  GUI_specifications.o [1]
gx_studio_nested_widget_create
                        0x9000'77f1    0xe2  Code  Lc  GUI_specifications.o [1]
gx_studio_pixelmap_button_create
                        0x9000'76cb    0x30  Code  Gb  GUI_specifications.o [1]
gx_studio_pixelmap_prompt_create
                        0x9000'773d    0x62  Code  Gb  GUI_specifications.o [1]
gx_studio_prompt_create
                        0x9000'76fb    0x42  Code  Gb  GUI_specifications.o [1]
gx_studio_screen_toggle
                        0x9000'7321    0x28  Code  Lc  GUI_specifications.o [1]
gx_studio_text_button_create
                        0x9000'7689    0x42  Code  Gb  GUI_specifications.o [1]
gx_studio_widget_create
                        0x9000'78d3    0x20  Code  Gb  GUI_specifications.o [1]
gx_studio_window_2_event_process
                        0x9000'77dd     0xa  Code  Lc  GUI_specifications.o [1]
gx_studio_window_2_event_table
                        0x2000'0150    0x18  Data  Lc  GUI_specifications.o [1]
gx_studio_window_create
                        0x9000'779f    0x3e  Code  Gb  GUI_specifications.o [1]
gx_studio_window_event_process
                        0x9000'77e7     0xa  Code  Lc  GUI_specifications.o [1]
gx_studio_window_event_table
                        0x2000'02c0    0x18  Data  Lc  GUI_specifications.o [1]
hdma2d                  0x2000'a66c    0x68  Data  Gb  dma2d.o [1]
hltdc                   0x2000'a3bc    0xa8  Data  Gb  ltdc.o [1]
htim7                   0x2000'a724    0x4c  Data  Gb  stm32h7xx_hal_timebase_tim.o [1]
huart4                  0x2000'a464    0x90  Data  Gb  usart.o [1]
ldexp                   0x9000'ab3d          Code  Gb  ldexp.o [3]
ldexpl                  0x9000'ab3d          Code  Gb  ldexp.o [3]
localeconv              0x9000'a965     0x4  Code  Gb  xlocale_c.o [2]
main                    0x9000'3c49    0xa2  Code  Gb  main.o [1]
memchr                  0x9000'aa01          Code  Gb  memchr.o [4]
memory_allocate         0x9000'72ad    0x1a  Code  Gb  App_SysFunction.o [1]
memory_free             0x9000'72c7     0x8  Code  Gb  App_SysFunction.o [1]
memory_pool             0x2000'a7ac    0x34  Data  Gb  App_SysFunction.o [1]
memset                  0x9000'44ad    0x14  Code  Gb  memset.o [4]
obuf                    0x2000'a6d4    0x50  Data  Lc  xfiles.o [2]
pScreen                 0x2000'a948     0x4  Data  Gb  gui_task.o [1]
printf                  0x9000'63a1    0x28  Code  Gb  printf.o [2]
putchar                 0x9003'2a89     0xc  Code  Gb  putchar.o [2]
root                    0x2000'a94c     0x4  Data  Gb  gui_task.o [1]
scalbln                 0x9000'ab3d          Code  Gb  ldexp.o [3]
scalblnl                0x9000'ab3d          Code  Gb  ldexp.o [3]
scalbn                  0x9000'ab3d          Code  Gb  ldexp.o [3]
scalbnl                 0x9000'ab3d          Code  Gb  ldexp.o [3]
scale                   0x9000'8b8d    0x46  Code  Lc  xprintffull.o [2]
sec_hand                0x2000'aa94     0x4  Data  Lc  xfail_s.o [2]
sin_value_table         0x9002'9298   0x168  Data  Lc  gx_utility_math_sin.o [1]
sqrt_table              0x9002'b60c   0x100  Data  Lc  gx_utility_math_sqrt.o [1]
stm32h7_565rgb_buffer_toggle
                        0x9001'6661    0xee  Code  Lc  gx_display_driver_stm32h7_565rgb.o [1]
stm32h7_graphics_driver_setup_565rgb
                        0x9001'674f    0x34  Code  Gb  gx_display_driver_stm32h7_565rgb.o [1]
strchr                  0x9000'a971          Code  Gb  strchr.o [4]
strcmp                  0x9000'a4a9          Code  Gb  strcmp.o [4]
strlen                  0x9000'a9c9          Code  Gb  strlen.o [4]
strncmp                 0x9000'168d    0x28  Code  Gb  strncmp.o [2]
tx_application_define   0x9000'5779    0x8c  Code  Gb  thread.o [1]
tx_thread_fpu_disable   0x9000'5b53          Code  Gb  tx_thread_schedule.o [1]
tx_thread_fpu_enable    0x9000'5b53          Code  Gb  tx_thread_schedule.o [1]
uwTick                  0x2000'a9e8     0x4  Data  Gb  stm32h7xx_hal.o [1]
uwTickFreq              0x2000'0ba0     0x1  Data  Gb  stm32h7xx_hal.o [1]
uwTickPrio              0x2000'0ac8     0x4  Data  Gb  stm32h7xx_hal.o [1]
vsnprintf               0x9000'62e9    0x3c  Code  Gb  vsnprint.o [2]
window                  0x2000'74a8   0x730  Data  Gb  GUI_specifications.o [1]
window_2                0x2000'9474   0x1bc  Data  Gb  GUI_specifications.o [1]
window_2__guix_id_btn2_gx_event_clicked_actions
                        0x2000'0130    0x20  Data  Gb  GUI_specifications.o [1]
window_2_animation_1    0x2000'0110    0x20  Data  Gb  GUI_specifications.o [1]
window_2_define         0x9003'15a0    0x44  Data  Gb  GUI_specifications.o [1]
window_2_event_chain    0x2000'0168     0x8  Data  Gb  GUI_specifications.o [1]
window_2_pixelmap_button_4_define
                        0x9003'1518    0x44  Data  Gb  GUI_specifications.o [1]
window_2_pixelmap_button_4_properties
                        0x2000'00f0     0xc  Data  Gb  GUI_specifications.o [1]
window_2_prompt_6_define
                        0x9003'14d4    0x44  Data  Gb  GUI_specifications.o [1]
window_2_prompt_6_properties
                        0x2000'00fc    0x14  Data  Gb  GUI_specifications.o [1]
window_2_properties     0x2000'a938     0x4  Data  Gb  GUI_specifications.o [1]
window_2_window_3_define
                        0x9003'155c    0x44  Data  Gb  GUI_specifications.o [1]
window_2_window_3_properties
                        0x2000'a93c     0x4  Data  Gb  GUI_specifications.o [1]
window__guix_id_btn1_gx_event_clicked_actions
                        0x2000'02a0    0x20  Data  Gb  GUI_specifications.o [1]
window_animation_1      0x2000'0280    0x20  Data  Gb  GUI_specifications.o [1]
window_button_1_define  0x9003'1914    0x44  Data  Gb  GUI_specifications.o [1]
window_button_1_properties
                        0x2000'01e4    0x14  Data  Gb  GUI_specifications.o [1]
window_button_2_define  0x9003'18d0    0x44  Data  Gb  GUI_specifications.o [1]
window_button_2_properties
                        0x2000'01f8    0x14  Data  Gb  GUI_specifications.o [1]
window_button_3_define  0x9003'188c    0x44  Data  Gb  GUI_specifications.o [1]
window_button_3_properties
                        0x2000'020c    0x14  Data  Gb  GUI_specifications.o [1]
window_button_define    0x9003'1958    0x44  Data  Gb  GUI_specifications.o [1]
window_button_properties
                        0x2000'01d0    0x14  Data  Gb  GUI_specifications.o [1]
window_define           0x9003'19e0    0x44  Data  Gb  GUI_specifications.o [1]
window_event_chain      0x2000'02d8     0x8  Data  Gb  GUI_specifications.o [1]
window_pixelmap_button_1_define
                        0x9003'177c    0x44  Data  Gb  GUI_specifications.o [1]
window_pixelmap_button_1_properties
                        0x2000'025c     0xc  Data  Gb  GUI_specifications.o [1]
window_pixelmap_button_2_define
                        0x9003'1738    0x44  Data  Gb  GUI_specifications.o [1]
window_pixelmap_button_2_properties
                        0x2000'0268     0xc  Data  Gb  GUI_specifications.o [1]
window_pixelmap_button_3_define
                        0x9003'16f4    0x44  Data  Gb  GUI_specifications.o [1]
window_pixelmap_button_3_properties
                        0x2000'0274     0xc  Data  Gb  GUI_specifications.o [1]
window_pixelmap_button_define
                        0x9003'16b0    0x44  Data  Gb  GUI_specifications.o [1]
window_pixelmap_button_properties
                        0x2000'0170     0xc  Data  Gb  GUI_specifications.o [1]
window_prompt_1_define  0x9003'1804    0x44  Data  Gb  GUI_specifications.o [1]
window_prompt_1_properties
                        0x2000'0234    0x14  Data  Gb  GUI_specifications.o [1]
window_prompt_2_define  0x9003'17c0    0x44  Data  Gb  GUI_specifications.o [1]
window_prompt_2_properties
                        0x2000'0248    0x14  Data  Gb  GUI_specifications.o [1]
window_prompt_3_define  0x9003'166c    0x44  Data  Gb  GUI_specifications.o [1]
window_prompt_3_properties
                        0x2000'017c    0x14  Data  Gb  GUI_specifications.o [1]
window_prompt_4_define  0x9003'1628    0x44  Data  Gb  GUI_specifications.o [1]
window_prompt_4_properties
                        0x2000'0190    0x14  Data  Gb  GUI_specifications.o [1]
window_prompt_5_define  0x9003'15e4    0x44  Data  Gb  GUI_specifications.o [1]
window_prompt_5_properties
                        0x2000'01a4    0x2c  Data  Gb  GUI_specifications.o [1]
window_prompt_define    0x9003'1848    0x44  Data  Gb  GUI_specifications.o [1]
window_prompt_properties
                        0x2000'0220    0x14  Data  Gb  GUI_specifications.o [1]
window_properties       0x2000'a940     0x4  Data  Gb  GUI_specifications.o [1]
window_window_1_define  0x9003'199c    0x44  Data  Gb  GUI_specifications.o [1]
window_window_1_properties
                        0x2000'a944     0x4  Data  Gb  GUI_specifications.o [1]


[1] = F:\WQA\App\EWARM\App\Obj
[2] = dl7M_tlf.a
[3] = m7M_tlv.a
[4] = rt7M_tl.a
[5] = shb_l.a

  136'431 bytes of readonly  code memory
   75'341 bytes of readonly  data memory
   60'065 bytes of readwrite data memory

Errors: none
Warnings: none
