###############################################################################
#
# IAR ELF Linker V8.40.1.212/W32 for ARM                  22/Oct/2021  17:22:27
# Copyright 2007-2019 IAR Systems AB.
#
#    Output file  =  F:\WQA\App\EWARM\App\Exe\App.out
#    Map file     =  F:\WQA\App\EWARM\App\List\App.map
#    Command line =
#        -f C:\Users\walker\AppData\Local\Temp\EWE43A.tmp
#        (F:\WQA\App\EWARM\App\Obj\adc.o F:\WQA\App\EWARM\App\Obj\bsp.o
#        F:\WQA\App\EWARM\App\Obj\bsp_adc.o F:\WQA\App\EWARM\App\Obj\bsp_cli.o
#        F:\WQA\App\EWARM\App\Obj\bsp_dwt.o
#        F:\WQA\App\EWARM\App\Obj\bsp_eeprom.o
#        F:\WQA\App\EWARM\App\Obj\bsp_lcd.o
#        F:\WQA\App\EWARM\App\Obj\bsp_ringbuffer.o
#        F:\WQA\App\EWARM\App\Obj\bsp_sdio.o
#        F:\WQA\App\EWARM\App\Obj\bsp_touch.o
#        F:\WQA\App\EWARM\App\Obj\display_basic.o
#        F:\WQA\App\EWARM\App\Obj\display_win.o F:\WQA\App\EWARM\App\Obj\file.o
#        F:\WQA\App\EWARM\App\Obj\gpio.o F:\WQA\App\EWARM\App\Obj\IconTemp.o
#        F:\WQA\App\EWARM\App\Obj\LChartB.o F:\WQA\App\EWARM\App\Obj\LChartW.o
#        F:\WQA\App\EWARM\App\Obj\LeftB.o F:\WQA\App\EWARM\App\Obj\LeftW.o
#        F:\WQA\App\EWARM\App\Obj\ltdc.o F:\WQA\App\EWARM\App\Obj\main.o
#        F:\WQA\App\EWARM\App\Obj\page_home.o
#        F:\WQA\App\EWARM\App\Obj\page_start.o
#        F:\WQA\App\EWARM\App\Obj\RightB.o F:\WQA\App\EWARM\App\Obj\RightW.o
#        F:\WQA\App\EWARM\App\Obj\rtc.o F:\WQA\App\EWARM\App\Obj\sdmmc.o
#        F:\WQA\App\EWARM\App\Obj\startup_stm32h750xx.o
#        F:\WQA\App\EWARM\App\Obj\stm32h7xx_hal.o
#        F:\WQA\App\EWARM\App\Obj\stm32h7xx_hal_adc.o
#        F:\WQA\App\EWARM\App\Obj\stm32h7xx_hal_adc_ex.o
#        F:\WQA\App\EWARM\App\Obj\stm32h7xx_hal_cortex.o
#        F:\WQA\App\EWARM\App\Obj\stm32h7xx_hal_dma.o
#        F:\WQA\App\EWARM\App\Obj\stm32h7xx_hal_dma_ex.o
#        F:\WQA\App\EWARM\App\Obj\stm32h7xx_hal_exti.o
#        F:\WQA\App\EWARM\App\Obj\stm32h7xx_hal_flash.o
#        F:\WQA\App\EWARM\App\Obj\stm32h7xx_hal_flash_ex.o
#        F:\WQA\App\EWARM\App\Obj\stm32h7xx_hal_gpio.o
#        F:\WQA\App\EWARM\App\Obj\stm32h7xx_hal_hsem.o
#        F:\WQA\App\EWARM\App\Obj\stm32h7xx_hal_i2c.o
#        F:\WQA\App\EWARM\App\Obj\stm32h7xx_hal_i2c_ex.o
#        F:\WQA\App\EWARM\App\Obj\stm32h7xx_hal_ltdc.o
#        F:\WQA\App\EWARM\App\Obj\stm32h7xx_hal_ltdc_ex.o
#        F:\WQA\App\EWARM\App\Obj\stm32h7xx_hal_mdma.o
#        F:\WQA\App\EWARM\App\Obj\stm32h7xx_hal_msp.o
#        F:\WQA\App\EWARM\App\Obj\stm32h7xx_hal_pcd.o
#        F:\WQA\App\EWARM\App\Obj\stm32h7xx_hal_pcd_ex.o
#        F:\WQA\App\EWARM\App\Obj\stm32h7xx_hal_pwr.o
#        F:\WQA\App\EWARM\App\Obj\stm32h7xx_hal_pwr_ex.o
#        F:\WQA\App\EWARM\App\Obj\stm32h7xx_hal_rcc.o
#        F:\WQA\App\EWARM\App\Obj\stm32h7xx_hal_rcc_ex.o
#        F:\WQA\App\EWARM\App\Obj\stm32h7xx_hal_rtc.o
#        F:\WQA\App\EWARM\App\Obj\stm32h7xx_hal_rtc_ex.o
#        F:\WQA\App\EWARM\App\Obj\stm32h7xx_hal_sd.o
#        F:\WQA\App\EWARM\App\Obj\stm32h7xx_hal_sd_ex.o
#        F:\WQA\App\EWARM\App\Obj\stm32h7xx_hal_tim.o
#        F:\WQA\App\EWARM\App\Obj\stm32h7xx_hal_tim_ex.o
#        F:\WQA\App\EWARM\App\Obj\stm32h7xx_hal_timebase_tim.o
#        F:\WQA\App\EWARM\App\Obj\stm32h7xx_hal_uart.o
#        F:\WQA\App\EWARM\App\Obj\stm32h7xx_hal_uart_ex.o
#        F:\WQA\App\EWARM\App\Obj\stm32h7xx_it.o
#        F:\WQA\App\EWARM\App\Obj\stm32h7xx_ll_delayblock.o
#        F:\WQA\App\EWARM\App\Obj\stm32h7xx_ll_sdmmc.o
#        F:\WQA\App\EWARM\App\Obj\stm32h7xx_ll_usb.o
#        F:\WQA\App\EWARM\App\Obj\SYHT_BOLD_20.o
#        F:\WQA\App\EWARM\App\Obj\SYHT_BOLD_32.o
#        F:\WQA\App\EWARM\App\Obj\SYHT_BOLD_40.o
#        F:\WQA\App\EWARM\App\Obj\SYHT_MED_16.o
#        F:\WQA\App\EWARM\App\Obj\system_stm32h7xx.o
#        F:\WQA\App\EWARM\App\Obj\task.o F:\WQA\App\EWARM\App\Obj\tim.o
#        F:\WQA\App\EWARM\App\Obj\usart.o F:\WQA\App\EWARM\App\Obj\usb_device.o
#        F:\WQA\App\EWARM\App\Obj\usbd_cdc.o
#        F:\WQA\App\EWARM\App\Obj\usbd_cdc_if.o
#        F:\WQA\App\EWARM\App\Obj\usbd_conf.o
#        F:\WQA\App\EWARM\App\Obj\usbd_core.o
#        F:\WQA\App\EWARM\App\Obj\usbd_ctlreq.o
#        F:\WQA\App\EWARM\App\Obj\usbd_desc.o
#        F:\WQA\App\EWARM\App\Obj\usbd_ioreq.o --redirect _Printf=_PrintfFull
#        --redirect _Scanf=_ScanfFull --no_out_extension -o
#        F:\WQA\App\EWARM\App\Exe\App.out --map
#        F:\WQA\App\EWARM\App\List\App.map --config
#        F:\WQA\App\EWARM/stm32h750xx_flash.icf --semihosting
#        F:\WQA\App\EWARM\..\Middlewares\FileX\filex.a
#        F:\WQA\App\EWARM\..\Middlewares\GUI\gui.a
#        F:\WQA\App\EWARM\..\Middlewares\ThreadX\threadx.a --entry
#        __iar_program_start --vfe --text_out locale)
#
###############################################################################

*******************************************************************************
*** RUNTIME MODEL ATTRIBUTES
***

CppFlavor       = *
__SystemLibrary = DLib
__dlib_version  = 6


*******************************************************************************
*** HEAP SELECTION
***

The basic heap was selected because no calls to memory allocation
functions were found in the application outside of system library
functions, and there are calls to deallocation functions in the
application.


*******************************************************************************
*** PLACEMENT SUMMARY
***

"A0":  place at address 0x9000'0000 { ro section .intvec };
"P1":  place in [from 0x9000'0000 to 0x91ff'ffff] { ro };
define block CSTACK with size = 16K, alignment = 8 { };
define block HEAP with size = 16K, alignment = 8 { };
"P2":  place in [from 0x2000'0000 to 0x2001'ffff] {
          rw, block CSTACK, block HEAP };
initialize by copy { rw };

  Section            Kind         Address       Size  Object
  -------            ----         -------       ----  ------
"P2", part 1 of 3:                             0x7bd
  P2-1                        0x2000'0000      0x7bd  <Init block>
    .data            inited   0x2000'0000      0x400  file.o [1]
    .data            inited   0x2000'0400       0x10  page_home.o [1]
    .data            inited   0x2000'0410        0x4  page_start.o [1]
    .data            inited   0x2000'0414       0x10  page_start.o [1]
    .data            inited   0x2000'0424        0x4  stm32h7xx_hal.o [1]
    .data            inited   0x2000'0428       0x1c  SYHT_BOLD_20.o [1]
    .data            inited   0x2000'0444       0x10  SYHT_BOLD_20.o [1]
    .data            inited   0x2000'0454       0x1c  SYHT_BOLD_40.o [1]
    .data            inited   0x2000'0470       0x10  SYHT_BOLD_40.o [1]
    .data            inited   0x2000'0480       0x1c  SYHT_MED_16.o [1]
    .data            inited   0x2000'049c       0x10  SYHT_MED_16.o [1]
    .data            inited   0x2000'04ac        0x4  system_stm32h7xx.o [1]
    .data            inited   0x2000'04b0        0x4  system_stm32h7xx.o [1]
    .data            inited   0x2000'04b4        0xc  usbd_cdc.o [1]
    .data            inited   0x2000'04c0       0x38  usbd_cdc.o [1]
    .data            inited   0x2000'04f8       0x44  usbd_cdc.o [1]
    .data            inited   0x2000'053c       0x44  usbd_cdc.o [1]
    .data            inited   0x2000'0580       0x44  usbd_cdc.o [1]
    .data            inited   0x2000'05c4       0x14  usbd_cdc_if.o [1]
    .data            inited   0x2000'05d8       0x1c  usbd_desc.o [1]
    .data            inited   0x2000'05f4       0x14  usbd_desc.o [1]
    .data            inited   0x2000'0608        0x4  usbd_desc.o [1]
    .data            inited   0x2000'060c       0x1c  usbd_desc.o [1]
    .data            inited   0x2000'0628       0x64  fx_system_initialize.o [3]
    .data            inited   0x2000'068c       0x1c  lv_font_roboto_16.o [4]
    .data            inited   0x2000'06a8       0x10  lv_font_roboto_16.o [4]
    .data            inited   0x2000'06b8        0x4  tx_thread_initialize.o [8]
    .data            inited   0x2000'06bc        0x4  lv_txt.o [4]
    .data            inited   0x2000'06c0        0x4  lv_txt.o [4]
    .data            inited   0x2000'06c4        0x4  lv_txt.o [4]
    .data            inited   0x2000'06c8        0x4  lv_txt.o [4]
    .data            inited   0x2000'06cc        0x4  lv_txt.o [4]
    .data            inited   0x2000'06d0        0x4  lv_txt.o [4]
    .data            inited   0x2000'06d4       0x20  lv_draw.o [4]
    .data            inited   0x2000'06f4       0x38  xlocale_c.o [2]
    .data            inited   0x2000'072c       0x48  xlocale_c.o [2]
    .data            inited   0x2000'0774       0x48  xfiles.o [2]
    .data            inited   0x2000'07bc        0x1  stm32h7xx_hal.o [1]
                            - 0x2000'07bd      0x7bd

"P2", part 2 of 3:                          0x1'39c8
  .bss               zero     0x2000'07c0     0x8000  lv_mem.o [4]
  .bss               zero     0x2000'87c0     0x24b8  file.o [1]
  .bss               zero     0x2000'ac78     0x18d8  lv_theme.o [4]
  .bss               zero     0x2000'c550     0x1000  task.o [1]
  .bss               zero     0x2000'd550     0x1000  task.o [1]
  .bss               zero     0x2000'e550      0x800  task.o [1]
  .bss               zero     0x2000'ed50      0x800  task.o [1]
  .bss               zero     0x2000'f550      0x800  usbd_cdc_if.o [1]
  .bss               zero     0x2000'fd50      0x800  usbd_cdc_if.o [1]
  .bss               zero     0x2001'0550      0x408  usbd_conf.o [1]
  .bss               zero     0x2001'0960      0x400  file.o [1]
  .bss               zero     0x2001'0d60      0x400  task.o [1]
  .bss               zero     0x2001'1160      0x400  task.o [1]
  .bss               zero     0x2001'1560      0x400  tx_timer_initialize.o [8]
  .bss               zero     0x2001'1960      0x2d0  usb_device.o [1]
  .bss               zero     0x2001'1c30      0x220  usbd_conf.o [1]
  .bss               zero     0x2001'1e50      0x200  usbd_desc.o [1]
  .bss               zero     0x2001'2060      0x200  fx_stm32_sdio_driver.o [3]
  .bss               zero     0x2001'2260      0x1e0  file.o [1]
  .bss               zero     0x2001'2440      0x1b0  lv_theme_mono.o [4]
  .bss               zero     0x2001'25f0      0x1b0  lv_theme.o [4]
  .bss               zero     0x2001'27a0      0x180  display_win.o [1]
  .bss               zero     0x2001'2920      0x100  bsp_cli.o [1]
  .bss               zero     0x2001'2a20      0x100  file.o [1]
  .bss               zero     0x2001'2b20       0xb4  task.o [1]
  .bss               zero     0x2001'2bd4       0xb4  task.o [1]
  .bss               zero     0x2001'2c88       0xb4  task.o [1]
  .bss               zero     0x2001'2d3c       0xb4  task.o [1]
  .bss               zero     0x2001'2df0       0xb4  task.o [1]
  .bss               zero     0x2001'2ea4       0xb4  task.o [1]
  .bss               zero     0x2001'2f58       0xb4  tx_timer_initialize.o [8]
  .bss               zero     0x2001'300c       0xa8  ltdc.o [1]
  .bss               zero     0x2001'30b4       0x90  usart.o [1]
  .bss               zero     0x2001'3144       0x90  usart.o [1]
  .bss               zero     0x2001'31d4       0x80  tx_thread_initialize.o [8]
  .bss               zero     0x2001'3254       0x80  tx_timer_initialize.o [8]
  .bss               zero     0x2001'32d4       0x7c  sdmmc.o [1]
  .bss               zero     0x2001'3350       0x64  adc.o [1]
  .bss               zero     0x2001'33b4       0x50  xfiles.o [2]
  .bss               zero     0x2001'3404       0x4c  stm32h7xx_hal_timebase_tim.o [1]
  .bss               zero     0x2001'3450       0x4c  tim.o [1]
  .bss               zero     0x2001'349c       0x44  bsp_cli.o [1]
  .bss               zero     0x2001'34e0       0x3c  page_home.o [1]
  .bss               zero     0x2001'351c       0x3c  page_home.o [1]
  .bss               zero     0x2001'3558       0x3c  page_home.o [1]
  .bss               zero     0x2001'3594       0x3c  page_home.o [1]
  .bss               zero     0x2001'35d0       0x3c  page_home.o [1]
  .bss               zero     0x2001'360c       0x3c  page_home.o [1]
  .bss               zero     0x2001'3648       0x3c  page_home.o [1]
  .bss               zero     0x2001'3684       0x3c  page_home.o [1]
  .bss               zero     0x2001'36c0       0x3c  page_start.o [1]
  .bss               zero     0x2001'36fc       0x3c  page_start.o [1]
  .bss               zero     0x2001'3738       0x3c  page_start.o [1]
  .bss               zero     0x2001'3774       0x3c  lv_style.o [4]
  .bss               zero     0x2001'37b0       0x3c  lv_style.o [4]
  .bss               zero     0x2001'37ec       0x3c  lv_style.o [4]
  .bss               zero     0x2001'3828       0x3c  lv_style.o [4]
  .bss               zero     0x2001'3864       0x3c  lv_style.o [4]
  .bss               zero     0x2001'38a0       0x3c  lv_style.o [4]
  .bss               zero     0x2001'38dc       0x3c  lv_style.o [4]
  .bss               zero     0x2001'3918       0x3c  lv_style.o [4]
  .bss               zero     0x2001'3954       0x3c  lv_style.o [4]
  .bss               zero     0x2001'3990       0x3c  lv_style.o [4]
  .bss               zero     0x2001'39cc       0x3c  lv_style.o [4]
  .bss               zero     0x2001'3a08       0x3c  lv_style.o [4]
  .bss               zero     0x2001'3a44       0x3c  lv_style.o [4]
  .bss               zero     0x2001'3a80       0x3c  lv_theme_mono.o [4]
  .bss               zero     0x2001'3abc       0x3c  lv_theme_mono.o [4]
  .bss               zero     0x2001'3af8       0x3c  lv_theme_mono.o [4]
  .bss               zero     0x2001'3b34       0x3c  lv_theme_mono.o [4]
  .bss               zero     0x2001'3b70       0x3c  lv_theme_mono.o [4]
  .bss               zero     0x2001'3bac       0x3c  lv_theme_mono.o [4]
  .bss               zero     0x2001'3be8       0x3c  lv_theme_mono.o [4]
  .bss               zero     0x2001'3c24       0x3c  lv_theme_mono.o [4]
  .bss               zero     0x2001'3c60       0x3c  lv_theme_mono.o [4]
  .bss               zero     0x2001'3c9c       0x3c  lv_theme_mono.o [4]
  .bss               zero     0x2001'3cd8       0x3c  lv_theme_mono.o [4]
  .bss               zero     0x2001'3d14       0x3c  lv_theme_mono.o [4]
  .bss               zero     0x2001'3d50       0x3c  lv_theme_mono.o [4]
  .bss               zero     0x2001'3d8c       0x3c  lv_theme_mono.o [4]
  .bss               zero     0x2001'3dc8       0x3c  lv_theme_mono.o [4]
  .bss               zero     0x2001'3e04       0x3c  lv_theme_mono.o [4]
  .bss               zero     0x2001'3e40       0x34  task.o [1]
  .bss               zero     0x2001'3e74       0x2c  fx_system_initialize.o [3]
  .bss               zero     0x2001'3ea0       0x24  rtc.o [1]
  .bss               zero     0x2001'3ec4       0x20  fx_stm32_sdio_driver.o [3]
  .bss               zero     0x2001'3ee4       0x1c  lv_port_disp.o [4]
  .bss               zero     0x2001'3f00       0x14  page_home.o [1]
  .bss               zero     0x2001'3f14       0x10  bsp_cli.o [1]
  FREE_MEM           zero     0x2001'3f24       0x10  tx_initialize_low_level.o [8]
  .bss               zero     0x2001'3f34        0xc  lv_gc.o [4]
  .bss               zero     0x2001'3f40        0xc  lv_gc.o [4]
  .bss               zero     0x2001'3f4c        0xc  lv_gc.o [4]
  .bss               zero     0x2001'3f58        0xc  lv_gc.o [4]
  .bss               zero     0x2001'3f64        0xc  lv_gc.o [4]
  .bss               zero     0x2001'3f70        0xc  lv_gc.o [4]
  .bss               zero     0x2001'3f7c        0x8  display_basic.o [1]
  .bss               zero     0x2001'3f84        0x4  bsp_adc.o [1]
  .bss               zero     0x2001'3f88        0x4  bsp_adc.o [1]
  .bss               zero     0x2001'3f8c        0x4  bsp_eeprom.o [1]
  .bss               zero     0x2001'3f90        0x4  bsp_eeprom.o [1]
  .bss               zero     0x2001'3f94        0x4  bsp_touch.o [1]
  .bss               zero     0x2001'3f98        0x4  page_home.o [1]
  .bss               zero     0x2001'3f9c        0x4  page_home.o [1]
  .bss               zero     0x2001'3fa0        0x4  page_home.o [1]
  .bss               zero     0x2001'3fa4        0x4  page_home.o [1]
  .bss               zero     0x2001'3fa8        0x4  page_home.o [1]
  .bss               zero     0x2001'3fac        0x4  page_home.o [1]
  .bss               zero     0x2001'3fb0        0x4  page_home.o [1]
  .bss               zero     0x2001'3fb4        0x4  page_home.o [1]
  .bss               zero     0x2001'3fb8        0x4  page_home.o [1]
  .bss               zero     0x2001'3fbc        0x4  page_home.o [1]
  .bss               zero     0x2001'3fc0        0x4  page_home.o [1]
  .bss               zero     0x2001'3fc4        0x4  page_home.o [1]
  .bss               zero     0x2001'3fc8        0x4  page_home.o [1]
  .bss               zero     0x2001'3fcc        0x4  page_home.o [1]
  .bss               zero     0x2001'3fd0        0x4  page_home.o [1]
  .bss               zero     0x2001'3fd4        0x4  page_home.o [1]
  .bss               zero     0x2001'3fd8        0x4  page_home.o [1]
  .bss               zero     0x2001'3fdc        0x4  page_home.o [1]
  .bss               zero     0x2001'3fe0        0x4  page_home.o [1]
  .bss               zero     0x2001'3fe4        0x4  page_home.o [1]
  .bss               zero     0x2001'3fe8        0x4  page_home.o [1]
  .bss               zero     0x2001'3fec        0x4  page_home.o [1]
  .bss               zero     0x2001'3ff0        0x4  page_start.o [1]
  .bss               zero     0x2001'3ff4        0x4  page_start.o [1]
  .bss               zero     0x2001'3ff8        0x4  page_start.o [1]
  .bss               zero     0x2001'3ffc        0x4  page_start.o [1]
  .bss               zero     0x2001'4000        0x4  stm32h7xx_hal.o [1]
  .bss               zero     0x2001'4004        0x4  task.o [1]
  .bss               zero     0x2001'4008        0x4  task.o [1]
  .bss               zero     0x2001'400c        0x4  task.o [1]
  .bss               zero     0x2001'4010        0x4  task.o [1]
  .bss               zero     0x2001'4014        0x4  lv_hal_tick.o [4]
  .bss               zero     0x2001'4018        0x4  lv_cont.o [4]
  .bss               zero     0x2001'401c        0x4  lv_hal_disp.o [4]
  .bss               zero     0x2001'4020        0x4  lv_obj.o [4]
  .bss               zero     0x2001'4024        0x4  lv_obj.o [4]
  .bss               zero     0x2001'4028        0x4  fx_system_initialize.o [3]
  .bss               zero     0x2001'402c        0x4  fx_system_initialize.o [3]
  .bss               zero     0x2001'4030        0x4  fx_system_initialize.o [3]
  .bss               zero     0x2001'4034        0x4  fx_system_initialize.o [3]
  .bss               zero     0x2001'4038        0x4  fx_system_initialize.o [3]
  .bss               zero     0x2001'403c        0x4  fx_system_initialize.o [3]
  .bss               zero     0x2001'4040        0x4  fx_system_initialize.o [3]
  .bss               zero     0x2001'4044        0x4  fx_system_initialize.o [3]
  .bss               zero     0x2001'4048        0x4  fx_system_initialize.o [3]
  .bss               zero     0x2001'404c        0x4  lv_btn.o [4]
  .bss               zero     0x2001'4050        0x4  lv_btn.o [4]
  .bss               zero     0x2001'4054        0x4  lv_btn.o [4]
  .bss               zero     0x2001'4058        0x4  lv_btn.o [4]
  .bss               zero     0x2001'405c        0x4  lv_img.o [4]
  .bss               zero     0x2001'4060        0x4  lv_imgbtn.o [4]
  .bss               zero     0x2001'4064        0x4  lv_imgbtn.o [4]
  .bss               zero     0x2001'4068        0x4  lv_label.o [4]
  .bss               zero     0x2001'406c        0x4  lv_task.o [4]
  .bss               zero     0x2001'4070        0x4  lv_task.o [4]
  .bss               zero     0x2001'4074        0x4  lv_task.o [4]
  .bss               zero     0x2001'4078        0x4  lv_bar.o [4]
  .bss               zero     0x2001'407c        0x4  lv_bar.o [4]
  .bss               zero     0x2001'4080        0x4  lv_port_indev.o [4]
  .bss               zero     0x2001'4084        0x4  lv_theme_mono.o [4]
  .bss               zero     0x2001'4088        0x4  lv_gc.o [4]
  .bss               zero     0x2001'408c        0x4  lv_gc.o [4]
  .bss               zero     0x2001'4090        0x4  lv_gc.o [4]
  .bss               zero     0x2001'4094        0x4  lv_refr.o [4]
  .bss               zero     0x2001'4098        0x4  lv_refr.o [4]
  .bss               zero     0x2001'409c        0x4  lv_mem.o [4]
  .bss               zero     0x2001'40a0        0x4  lv_mem.o [4]
  .bss               zero     0x2001'40a4        0x4  lv_anim.o [4]
  .bss               zero     0x2001'40a8        0x4  lv_indev.o [4]
  .bss               zero     0x2001'40ac        0x4  lv_indev.o [4]
  .bss               zero     0x2001'40b0        0x4  tx_thread_initialize.o [8]
  .bss               zero     0x2001'40b4        0x4  tx_thread_initialize.o [8]
  .bss               zero     0x2001'40b8        0x4  tx_thread_initialize.o [8]
  .bss               zero     0x2001'40bc        0x4  tx_thread_initialize.o [8]
  .bss               zero     0x2001'40c0        0x4  tx_thread_initialize.o [8]
  .bss               zero     0x2001'40c4        0x4  tx_thread_initialize.o [8]
  .bss               zero     0x2001'40c8        0x4  tx_thread_initialize.o [8]
  .bss               zero     0x2001'40cc        0x4  tx_thread_initialize.o [8]
  .bss               zero     0x2001'40d0        0x4  tx_thread_initialize.o [8]
  .bss               zero     0x2001'40d4        0x4  tx_thread_initialize.o [8]
  .bss               zero     0x2001'40d8        0x4  tx_thread_initialize.o [8]
  .bss               zero     0x2001'40dc        0x4  tx_thread_initialize.o [8]
  .bss               zero     0x2001'40e0        0x4  tx_timer_initialize.o [8]
  .bss               zero     0x2001'40e4        0x4  tx_timer_initialize.o [8]
  .bss               zero     0x2001'40e8        0x4  tx_timer_initialize.o [8]
  .bss               zero     0x2001'40ec        0x4  tx_timer_initialize.o [8]
  .bss               zero     0x2001'40f0        0x4  tx_timer_initialize.o [8]
  .bss               zero     0x2001'40f4        0x4  tx_timer_initialize.o [8]
  .bss               zero     0x2001'40f8        0x4  tx_timer_initialize.o [8]
  .bss               zero     0x2001'40fc        0x4  tx_timer_initialize.o [8]
  .bss               zero     0x2001'4100        0x4  tx_timer_initialize.o [8]
  .bss               zero     0x2001'4104        0x4  tx_timer_initialize.o [8]
  .bss               zero     0x2001'4108        0x4  tx_timer_initialize.o [8]
  .bss               zero     0x2001'410c        0x4  tx_timer_initialize.o [8]
  .bss               zero     0x2001'4110        0x4  tx_timer_initialize.o [8]
  .bss               zero     0x2001'4114        0x4  tx_initialize_high_level.o [8]
  .bss               zero     0x2001'4118        0x4  tx_initialize_high_level.o [8]
  .bss               zero     0x2001'411c        0x4  tx_initialize_high_level.o [8]
  .bss               zero     0x2001'4120        0x4  tx_initialize_high_level.o [8]
  .bss               zero     0x2001'4124        0x4  tx_initialize_high_level.o [8]
  .bss               zero     0x2001'4128        0x4  tx_initialize_high_level.o [8]
  .bss               zero     0x2001'412c        0x4  tx_initialize_high_level.o [8]
  .bss               zero     0x2001'4130        0x4  tx_initialize_high_level.o [8]
  .bss               zero     0x2001'4134        0x4  tx_initialize_high_level.o [8]
  .bss               zero     0x2001'4138        0x4  tx_initialize_high_level.o [8]
  .bss               zero     0x2001'413c        0x4  tx_initialize_high_level.o [8]
  .bss               zero     0x2001'4140        0x4  tx_initialize_high_level.o [8]
  .bss               zero     0x2001'4144        0x4  tx_initialize_high_level.o [8]
  .bss               zero     0x2001'4148        0x4  lv_draw.o [4]
  .bss               zero     0x2001'414c        0x4  lv_font_fmt_txt.o [4]
  .bss               zero     0x2001'4150        0x4  lv_font_fmt_txt.o [4]
  .bss               zero     0x2001'4154        0x4  lv_font_fmt_txt.o [4]
  .bss               zero     0x2001'4158        0x4  xfail_s.o [2]
  .bss               zero     0x2001'415c        0x2  bsp_cli.o [1]
  .bss               zero     0x2001'415e        0x2  bsp_eeprom.o [1]
  .bss               zero     0x2001'4160        0x2  bsp_eeprom.o [1]
  .bss               zero     0x2001'4162        0x2  bsp_touch.o [1]
  .bss               zero     0x2001'4164        0x2  bsp_touch.o [1]
  .bss               zero     0x2001'4166        0x2  bsp_touch.o [1]
  .bss               zero     0x2001'4168        0x2  lv_btn.o [4]
  .bss               zero     0x2001'416a        0x2  lv_port_indev.o [4]
  .bss               zero     0x2001'416c        0x2  lv_port_indev.o [4]
  .bss               zero     0x2001'416e        0x2  lv_img_cache.o [4]
  .bss               zero     0x2001'4170        0x1  bsp_eeprom.o [1]
  .bss               zero     0x2001'4171        0x1  bsp_eeprom.o [1]
  .bss               zero     0x2001'4172        0x1  page_home.o [1]
  .bss               zero     0x2001'4173        0x1  task.o [1]
  .bss               zero     0x2001'4174        0x1  usbd_ctlreq.o [1]
  .bss               zero     0x2001'4175        0x1  lv_hal_tick.o [4]
  .bss               zero     0x2001'4176        0x1  lv_obj.o [4]
  .bss               zero     0x2001'4177        0x1  fx_stm32_sdio_driver.o [3]
  .bss               zero     0x2001'4178        0x1  lv_btn.o [4]
  .bss               zero     0x2001'4179        0x1  lv_btn.o [4]
  .bss               zero     0x2001'417a        0x1  lv_btn.o [4]
  .bss               zero     0x2001'417b        0x1  lv_btn.o [4]
  .bss               zero     0x2001'417c        0x1  lv_task.o [4]
  .bss               zero     0x2001'417d        0x1  lv_task.o [4]
  .bss               zero     0x2001'417e        0x1  lv_task.o [4]
  .bss               zero     0x2001'417f        0x1  lv_task.o [4]
  .bss               zero     0x2001'4180        0x1  lv_task.o [4]
  .bss               zero     0x2001'4181        0x1  lv_theme.o [4]
  .bss               zero     0x2001'4182        0x1  lv_anim.o [4]
  .bss               zero     0x2001'4183        0x1  lv_font_fmt_txt.o [4]
  .bss               zero     0x2001'4184        0x1  lv_font_fmt_txt.o [4]
  .bss               zero     0x2001'4185        0x1  lv_font_fmt_txt.o [4]
  .bss               zero     0x2001'4186        0x1  lv_font_fmt_txt.o [4]
                            - 0x2001'4187   0x1'39c7

"P2", part 3 of 3:                            0x4000
  CSTACK                      0x2001'4188     0x4000  <Block>
    CSTACK           uninit   0x2001'4188     0x4000  <Block tail>
                            - 0x2001'8188     0x4000

Absolute sections, part 1 of 2:             0x2'5800
  .bss               zero     0x2402'5800   0x2'5800  lv_port_disp.o [4]
                            - 0x2404'b000   0x2'5800

Absolute sections, part 2 of 2:             0x4'0000
  .bss               zero     0x3000'0000   0x4'0000  file.o [1]
                            - 0x3004'0000   0x4'0000

"A0":                                          0x298
  .intvec            ro code  0x9000'0000      0x298  startup_stm32h750xx.o [1]
                            - 0x9000'0298      0x298

"P1":                                      0x12'503f
  .rodata            const    0x9000'0298   0xd'38d8  SYHT_MED_16.o [1]
  .rodata            const    0x900d'3b70     0xd658  SYHT_MED_16.o [1]
  .rodata            const    0x900e'11c8     0x6e84  SYHT_BOLD_40.o [1]
  .rodata            const    0x900e'804c     0x3598  SYHT_MED_16.o [1]
  .text              ro code  0x900e'b5e4     0x2d30  lv_draw_rect.o [4]
  .text              ro code  0x900e'e314       0xa6  ABImemcpy.o [6]
  .text              ro code  0x900e'e3ba      0x1e2  lv_area.o [4]
  .text              ro code  0x900e'e59c      0x7dc  lv_refr.o [4]
  .text              ro code  0x900e'ed78      0x29e  lv_hal_disp.o [4]
  .text              ro code  0x900e'f016       0x3a  zero_init3.o [6]
  .text              ro code  0x900e'f050      0xf30  lv_draw_basic.o [4]
  .text              ro code  0x900e'ff80       0x60  lv_circ.o [4]
  .text              ro code  0x900e'ffe0       0xac  lv_draw.o [4]
  .text              ro code  0x900f'008c       0x66  ABImemset.o [6]
  .text              ro code  0x900f'00f2       0x1e  xencoding_8859_1.o [2]
  .text              ro code  0x900f'0110       0x46  lv_hal_tick.o [4]
  .text              ro code  0x900f'0156       0x4e  lv_disp.o [4]
  .text              ro code  0x900f'01a4      0x3a4  lv_ll.o [4]
  .text              ro code  0x900f'0548     0x172c  lv_obj.o [4]
  .text              ro code  0x900f'1c74      0x39c  lv_task.o [4]
  .text              ro code  0x900f'2010       0x52  lv_font.o [4]
  .text              ro code  0x900f'2062       0x1a  xsnprout.o [2]
  .text              ro code  0x900f'207c      0x1ec  lv_mem.o [4]
  .text              ro code  0x900f'2268      0x2e0  lv_anim.o [4]
  .text              ro code  0x900f'2548      0x70e  lv_group.o [4]
  .text              ro code  0x900f'2c56        0xa  xsprout.o [2]
  .text              ro code  0x900f'2c60      0xa00  lv_style.o [4]
  .text              ro code  0x900f'3660     0x1438  lv_indev.o [4]
  .text              ro code  0x900f'4a98      0x902  lv_img_decoder.o [4]
  .rodata            const    0x900f'539a        0x2  bsp_cli.o [1]
  .text              ro code  0x900f'539c      0x2e0  lv_img_cache.o [4]
  .text              ro code  0x900f'567c       0xd4  lv_theme.o [4]
  .text              ro code  0x900f'5750      0x116  lv_hal_indev.o [4]
  .rodata            const    0x900f'5866        0x2  display_win.o [1]
  .text              ro code  0x900f'5868      0x358  lv_draw_img.o [4]
  .text              ro code  0x900f'5bc0       0x36  strlen.o [6]
  .rodata            const    0x900f'5bf6        0x2  display_win.o [1]
  .text              ro code  0x900f'5bf8       0x18  strcpy.o [6]
  .text              ro code  0x900f'5c10       0x12  strcmp.o [6]
  .rodata            const    0x900f'5c22        0x2  page_home.o [1]
  .text              ro code  0x900f'5c24      0x692  lv_draw_label.o [4]
  .rodata            const    0x900f'62b6        0x2  page_home.o [1]
  .text              ro code  0x900f'62b8      0x744  lv_txt.o [4]
  .rodata            const    0x900f'69fc     0x27c8  lv_font_roboto_16.o [4]
  .rodata            const    0x900f'91c4     0x1dd0  SYHT_BOLD_20.o [1]
  .rodata            const    0x900f'af94     0x1b00  LeftB.o [1]
  .rodata            const    0x900f'ca94     0x1b00  LeftW.o [1]
  .rodata            const    0x900f'e594     0x1b00  RightB.o [1]
  .rodata            const    0x9010'0094     0x1b00  RightW.o [1]
  .text              ro code  0x9010'1b94     0x19f0  stm32h7xx_hal_rcc_ex.o [1]
  .text              ro code  0x9010'3584        0xc  stm32h7xx_hal.o [1]
  .text              ro code  0x9010'3590      0xc48  stm32h7xx_hal_rcc.o [1]
  .text              ro code  0x9010'41d8       0xd0  stm32h7xx_hal_timebase_tim.o [1]
  .text              ro code  0x9010'42a8       0x74  stm32h7xx_hal.o [1]
  .text              ro code  0x9010'431c      0x1e4  stm32h7xx_hal_cortex.o [1]
  .text              ro code  0x9010'4500      0x9fc  stm32h7xx_hal_tim.o [1]
  .text              ro code  0x9010'4efc       0x20  stm32h7xx_hal_msp.o [1]
  .text              ro code  0x9010'4f1c       0xf4  tim.o [1]
  .text              ro code  0x9010'5010        0x2  stm32h7xx_hal_tim.o [1]
  .text              ro code  0x9010'5012        0x2  stm32h7xx_hal_tim.o [1]
  .text              ro code  0x9010'5014        0x2  stm32h7xx_hal_tim.o [1]
  .text              ro code  0x9010'5016        0x2  stm32h7xx_hal_tim.o [1]
  .text              ro code  0x9010'5018      0x2a8  main.o [1]
  .text              ro code  0x9010'52c0        0x2  stm32h7xx_hal_tim_ex.o [1]
  .text              ro code  0x9010'52c2        0x2  stm32h7xx_hal_tim_ex.o [1]
  .text              ro code  0x9010'52c4        0x2  stm32h7xx_hal_tim.o [1]
  .text              ro code  0x9010'52c6        0x2  stm32h7xx_hal_tim_ex.o [1]
  .text              ro code  0x9010'52c8       0x14  memset.o [6]
  .text              ro code  0x9010'52dc      0x428  stm32h7xx_hal_gpio.o [1]
  .text              ro code  0x9010'5704      0x190  gpio.o [1]
  .text              ro code  0x9010'5894      0x108  rtc.o [1]
  .text              ro code  0x9010'599c      0x224  usart.o [1]
  .text              ro code  0x9010'5bc0      0x268  ltdc.o [1]
  .text              ro code  0x9010'5e28      0x160  adc.o [1]
  .text              ro code  0x9010'5f88       0x5c  usb_device.o [1]
  .text              ro code  0x9010'5fe4      0x174  sdmmc.o [1]
  .text              ro code  0x9010'6158       0x48  tx_initialize_kernel_enter.o [8]
  .text              ro code  0x9010'61a0       0x64  stm32h7xx_hal_pwr_ex.o [1]
  .text              ro code  0x9010'6204       0x10  stm32h7xx_hal_pwr.o [1]
  .text              ro code  0x9010'6214       0x18  stm32h7xx_hal.o [1]
  .text              ro code  0x9010'622c      0x446  stm32h7xx_hal_rtc.o [1]
  .rodata            const    0x9010'6672        0x2  page_home.o [1]
  .text              ro code  0x9010'6674       0x1a  stm32h7xx_hal_rtc_ex.o [1]
  .rodata            const    0x9010'668e        0x2  page_home.o [1]
  .text              ro code  0x9010'6690      0x92c  stm32h7xx_hal_uart.o [1]
  .text              ro code  0x9010'6fbc      0x170  stm32h7xx_hal_uart_ex.o [1]
  .text              ro code  0x9010'712c      0x414  stm32h7xx_hal_ltdc.o [1]
  .text              ro code  0x9010'7540      0xd60  stm32h7xx_hal_adc.o [1]
  .text              ro code  0x9010'82a0      0x174  stm32h7xx_hal_adc_ex.o [1]
  .text              ro code  0x9010'8414      0x436  usbd_core.o [1]
  .rodata            const    0x9010'884a        0x2  page_home.o [1]
  .text              ro code  0x9010'884c      0x410  usbd_cdc.o [1]
  .text              ro code  0x9010'8c5c     0x1090  stm32h7xx_hal_sd.o [1]
  .text              ro code  0x9010'9cec       0x74  tx_initialize_low_level.o [8]
  .text              ro code  0x9010'9d60       0x84  tx_initialize_high_level.o [8]
  .text              ro code  0x9010'9de4      0x38c  task.o [1]
  .text              ro code  0x9010'a170       0xc0  tx_thread_schedule.o [8]
  .text              ro code  0x9010'a230      0x230  I64DivMod.o [6]
  .text              ro code  0x9010'a460      0x438  usbd_conf.o [1]
  .text              ro code  0x9010'a898      0x8ac  usbd_ctlreq.o [1]
  .text              ro code  0x9010'b144       0xac  usbd_ioreq.o [1]
  .text              ro code  0x9010'b1f0      0x7c8  stm32h7xx_ll_sdmmc.o [1]
  .text              ro code  0x9010'b9b8       0x28  stm32h7xx_hal.o [1]
  .text              ro code  0x9010'b9e0       0xa6  bsp_sdio.o [1]
  .text              ro code  0x9010'ba86        0x2  stm32h7xx_hal_sd.o [1]
  .text              ro code  0x9010'ba88        0x2  stm32h7xx_hal_sd.o [1]
  .text              ro code  0x9010'ba8a        0x2  stm32h7xx_hal_sd.o [1]
  .text              ro code  0x9010'ba8c        0x2  stm32h7xx_hal_sd.o [1]
  .rodata            const    0x9010'ba8e        0x2  page_home.o [1]
  .text              ro code  0x9010'ba90       0xb8  tx_timer_interrupt.o [8]
  .text              ro code  0x9010'bb48       0xac  tx_thread_initialize.o [8]
  .text              ro code  0x9010'bbf4       0xf8  tx_timer_initialize.o [8]
  .text              ro code  0x9010'bcec      0x190  txe_thread_create.o [8]
  .text              ro code  0x9010'be7c       0x2e  bsp.o [1]
  .rodata            const    0x9010'beaa        0x2  page_home.o [1]
  .text              ro code  0x9010'beac       0x9c  tx_thread_sleep.o [8]
  .text              ro code  0x9010'bf48      0x2e0  bsp_cli.o [1]
  .text              ro code  0x9010'c228       0xec  txe_mutex_create.o [8]
  .text              ro code  0x9010'c314       0x3c  vsnprint.o [2]
  .text              ro code  0x9010'c350       0x90  txe_mutex_get.o [8]
  .text              ro code  0x9010'c3e0       0x28  printf.o [2]
  .text              ro code  0x9010'c408       0x58  txe_mutex_put.o [8]
  .text              ro code  0x9010'c460      0x6f0  file.o [1]
  .text              ro code  0x9010'cb50       0x7c  lv_port_disp.o [4]
  .text              ro code  0x9010'cbcc       0x80  lv_port_indev.o [4]
  .text              ro code  0x9010'cc4c      0x5d4  lv_theme_mono.o [4]
  .text              ro code  0x9010'd220      0x128  display_win.o [1]
  .text              ro code  0x9010'd348       0xe0  display_basic.o [1]
  .text              ro code  0x9010'd428        0x2  I64DivZer.o [6]
  .rodata            const    0x9010'd42a        0x2  page_start.o [1]
  .text              ro code  0x9010'd42c      0xd38  stm32h7xx_hal_pcd.o [1]
  .text              ro code  0x9010'e164       0xa2  stm32h7xx_hal_pcd_ex.o [1]
  .rodata            const    0x9010'e206        0x2  lv_hal_disp.o [4]
  .text              ro code  0x9010'e208      0x54c  fx_stm32_sdio_driver.o [3]
  .text              ro code  0x9010'e754        0x2  bsp_sdio.o [1]
  .rodata            const    0x9010'e756        0x2  lv_style.o [4]
  .text              ro code  0x9010'e758       0x28  tx_timer_expiration_process.o [8]
  .text              ro code  0x9010'e780      0x178  tx_thread_time_slice.o [8]
  .text              ro code  0x9010'e8f8      0x1a8  tx_thread_create.o [8]
  .text              ro code  0x9010'eaa0       0xd0  tx_thread_system_preempt_check.o [8]
  .text              ro code  0x9010'eb70       0x6a  bsp_dwt.o [1]
  .rodata            const    0x9010'ebda        0x2  lv_style.o [4]
  .text              ro code  0x9010'ebdc      0x4e4  bsp_eeprom.o [1]
  .text              ro code  0x9010'f0c0      0x54c  bsp_lcd.o [1]
  .text              ro code  0x9010'f60c      0x6b4  bsp_touch.o [1]
  .text              ro code  0x9010'fcc0       0xcc  bsp_adc.o [1]
  .text              ro code  0x9010'fd8c      0x340  tx_thread_system_suspend.o [8]
  .text              ro code  0x9011'00cc      0x122  bsp_ringbuffer.o [1]
  .text              ro code  0x9011'01ee       0x46  strcasecmp.o [2]
  .text              ro code  0x9011'0234       0x16  strchr.o [6]
  .text              ro code  0x9011'024a      0x4bc  qsort.o [2]
  .rodata            const    0x9011'0706        0x2  lv_style.o [4]
  .text              ro code  0x9011'0708       0x80  tx_mutex_create.o [8]
  .text              ro code  0x9011'0788     0x10c6  xprintffull.o [2]
  .rodata            const    0x9011'184e        0x2  lv_style.o [4]
  .text              ro code  0x9011'1850      0x144  tx_mutex_get.o [8]
  .text              ro code  0x9011'1994      0x2b8  tx_mutex_put.o [8]
  .text              ro code  0x9011'1c4c       0xbc  fx_system_initialize.o [3]
  .text              ro code  0x9011'1d08      0x100  fxe_media_open.o [3]
  .text              ro code  0x9011'1e08       0x6c  fxe_directory_next_full_entry_find.o [3]
  .text              ro code  0x9011'1e74       0x4c  fxe_media_extended_space_available.o [3]
  .text              ro code  0x9011'1ec0       0x44  fxe_media_close.o [3]
  .text              ro code  0x9011'1f04       0x48  fxe_file_create.o [3]
  .text              ro code  0x9011'1f4c       0xcc  fxe_file_open.o [3]
  .text              ro code  0x9011'2018       0x48  fxe_file_seek.o [3]
  .text              ro code  0x9011'2060       0x50  fxe_file_write.o [3]
  .text              ro code  0x9011'20b0       0x44  fxe_file_close.o [3]
  .text              ro code  0x9011'20f4       0x44  fxe_media_flush.o [3]
  .text              ro code  0x9011'2138       0x58  fxe_file_read.o [3]
  .text              ro code  0x9011'2190       0x48  fxe_directory_create.o [3]
  .text              ro code  0x9011'21d8       0x48  fxe_directory_delete.o [3]
  .text              ro code  0x9011'2220       0x48  fxe_file_delete.o [3]
  .text              ro code  0x9011'2268       0x40  sprintf.o [2]
  .text              ro code  0x9011'22a8      0x14c  iar_Stoulx.o [2]
  .text              ro code  0x9011'23f4      0xd94  lv_cont.o [4]
  .text              ro code  0x9011'3188      0x1ac  page_start.o [1]
  .text              ro code  0x9011'3334      0x80c  page_home.o [1]
  .text              ro code  0x9011'3b40      0xfa4  stm32h7xx_ll_usb.o [1]
  .text              ro code  0x9011'4ae4       0x18  tx_time_get.o [8]
  .text              ro code  0x9011'4afc       0xe0  txe_semaphore_create.o [8]
  .text              ro code  0x9011'4bdc       0x64  txe_semaphore_delete.o [8]
  .text              ro code  0x9011'4c40       0x6c  txe_semaphore_get.o [8]
  .text              ro code  0x9011'4cac      0x1ea  fx_partition_offset_calculate.o [3]
  .rodata            const    0x9011'4e96        0x2  lv_style.o [4]
  .text              ro code  0x9011'4e98       0x24  txe_semaphore_put.o [8]
  .text              ro code  0x9011'4ebc       0x1e  fx_utility_memory_copy.o [3]
  .rodata            const    0x9011'4eda        0x2  lv_style.o [4]
  .text              ro code  0x9011'4edc      0x314  tx_thread_system_resume.o [8]
  .text              ro code  0x9011'51f0       0x24  tx_thread_stack_error_handler.o [8]
  .text              ro code  0x9011'5214       0x90  tx_thread_stack_analyze.o [8]
  .text              ro code  0x9011'52a4       0x44  tx_thread_stack_build.o [8]
  .text              ro code  0x9011'52e8       0x78  tx_timer_system_activate.o [8]
  .text              ro code  0x9011'5360       0x14  tolower.o [2]
  .text              ro code  0x9011'5374       0x96  ABImemmove.o [6]
  .rodata            const    0x9011'540a        0x2  lv_style.o [4]
  .text              ro code  0x9011'540c       0xa8  xlocale_c.o [2]
  .text              ro code  0x9011'54b4       0x40  xfail_s.o [2]
  .text              ro code  0x9011'54f4       0x58  memchr.o [6]
  .text              ro code  0x9011'554c       0x70  frexp.o [5]
  .text              ro code  0x9011'55bc       0x2e  DblCmpLe.o [5]
  .rodata            const    0x9011'55ea        0x2  lv_theme_mono.o [4]
  .text              ro code  0x9011'55ec       0x2e  DblCmpGe.o [5]
  .rodata            const    0x9011'561a        0x2  lv_theme_mono.o [4]
  .text              ro code  0x9011'561c      0x104  ldexp.o [5]
  .text              ro code  0x9011'5720        0xe  DblToS32.o [5]
  .text              ro code  0x9011'572e        0xe  S32ToDbl.o [5]
  .text              ro code  0x9011'573c       0x12  DblSub.o [5]
  .text              ro code  0x9011'574e       0x12  DblDiv.o [5]
  .text              ro code  0x9011'5760        0xe  DblToU32.o [5]
  .text              ro code  0x9011'576e        0xe  U32ToDbl.o [5]
  .text              ro code  0x9011'577c       0x12  DblMul.o [5]
  .text              ro code  0x9011'578e        0xa  xmbcurmax.o [2]
  .text              ro code  0x9011'5798      0x108  tx_mutex_priority_change.o [8]
  .text              ro code  0x9011'58a0      0x100  tx_mutex_prioritize.o [8]
  .text              ro code  0x9011'59a0       0x9c  tx_timer_create.o [8]
  .text              ro code  0x9011'5a3c       0x18  tx_thread_identify.o [8]
  .text              ro code  0x9011'5a54       0xd0  tx_thread_preemption_change.o [8]
  .text              ro code  0x9011'5b24      0x7d0  fx_media_open.o [3]
  .text              ro code  0x9011'62f4      0x368  fx_directory_next_full_entry_find.o [3]
  .text              ro code  0x9011'665c       0x5c  fx_media_extended_space_available.o [3]
  .text              ro code  0x9011'66b8      0x2bc  fx_media_close.o [3]
  .text              ro code  0x9011'6974      0x170  fx_file_create.o [3]
  .text              ro code  0x9011'6ae4      0x464  fx_file_open.o [3]
  .text              ro code  0x9011'6f48       0x12  fx_file_seek.o [3]
  .rodata            const    0x9011'6f5a        0x2  lv_theme_mono.o [4]
  .text              ro code  0x9011'6f5c      0x684  fx_file_write.o [3]
  .text              ro code  0x9011'75e0       0xec  fx_file_close.o [3]
  .text              ro code  0x9011'76cc      0x244  fx_media_flush.o [3]
  .text              ro code  0x9011'7910      0x340  fx_file_read.o [3]
  .text              ro code  0x9011'7c50      0x424  fx_directory_create.o [3]
  .text              ro code  0x9011'8074      0x254  fx_directory_delete.o [3]
  .text              ro code  0x9011'82c8      0x1a4  fx_file_delete.o [3]
  .text              ro code  0x9011'846c       0x14  isspace.o [2]
  .text              ro code  0x9011'8480     0x1220  lv_label.o [4]
  .text              ro code  0x9011'96a0      0x69c  lv_bar.o [4]
  .text              ro code  0x9011'9d3c      0x2fc  lv_imgbtn.o [4]
  .text              ro code  0x9011'a038      0xa88  lv_btn.o [4]
  .text              ro code  0x9011'aac0      0x530  lv_img.o [4]
  .text              ro code  0x9011'aff0       0x74  tx_semaphore_create.o [8]
  .text              ro code  0x9011'b064       0xc8  tx_semaphore_delete.o [8]
  .text              ro code  0x9011'b12c       0xbc  tx_semaphore_get.o [8]
  .text              ro code  0x9011'b1e8       0x88  tx_semaphore_put.o [8]
  .text              ro code  0x9011'b270       0x36  tx_timer_system_deactivate.o [8]
  .text              ro code  0x9011'b2a6        0x6  abort.o [2]
  .text              ro code  0x9011'b2ac       0xde  fx_media_boot_info_extract.o [3]
  .text              ro code  0x9011'b38a        0xc  fx_utility_16_unsigned_read.o [3]
  .text              ro code  0x9011'b396      0x320  fx_utility_FAT_entry_read.o [3]
  .text              ro code  0x9011'b6b6       0x18  fx_utility_32_unsigned_read.o [3]
  .text              ro code  0x9011'b6ce      0x34a  fx_utility_logical_sector_flush.o [3]
  .text              ro code  0x9011'ba18      0x552  fx_directory_entry_read.o [3]
  .text              ro code  0x9011'bf6a      0x8f4  fx_directory_entry_write.o [3]
  .rodata            const    0x9011'c85e        0x2  lv_theme_mono.o [4]
  .text              ro code  0x9011'c860       0xd4  fx_media_abort.o [3]
  .text              ro code  0x9011'c934      0x46e  fx_utility_FAT_flush.o [3]
  .text              ro code  0x9011'cda2       0xe4  fx_utility_FAT_map_flush.o [3]
  .text              ro code  0x9011'ce86       0x16  fx_utility_32_unsigned_write.o [3]
  .text              ro code  0x9011'ce9c       0xec  tx_mutex_delete.o [8]
  .text              ro code  0x9011'cf88      0x6fc  fx_directory_search.o [3]
  .text              ro code  0x9011'd684       0x66  fx_directory_name_extract.o [3]
  .rodata            const    0x9011'd6ea        0x2  lv_theme_mono.o [4]
  .text              ro code  0x9011'd6ec      0x5b8  fx_directory_free_search.o [3]
  .text              ro code  0x9011'dca4      0x278  fx_file_extended_seek.o [3]
  .text              ro code  0x9011'df1c      0x152  fx_utility_FAT_entry_write.o [3]
  .text              ro code  0x9011'e06e      0x39c  fx_utility_logical_sector_read.o [3]
  .text              ro code  0x9011'e40a      0x22a  fx_utility_logical_sector_write.o [3]
  .text              ro code  0x9011'e634     0x1098  lv_printf.o [4]
  .text              ro code  0x9011'f6cc       0x14  exit.o [7]
  .text              ro code  0x9011'f6e0        0xa  fx_utility_16_unsigned_write.o [3]
  .text              ro code  0x9011'f6ea      0x374  fx_utility_logical_sector_cache_entry_read.o [3]
  .rodata            const    0x9011'fa5e        0x2  lv_theme_mono.o [4]
  .rodata            const    0x9011'fa60      0xc00  LChartB.o [1]
  .rodata            const    0x9012'0660      0xc00  LChartW.o [1]
  .text              ro code  0x9012'1260      0x804  lv_font_fmt_txt.o [4]
  .text              ro code  0x9012'1a64       0x58  lv_utils.o [4]
  .rodata            const    0x9012'1abc      0x578  lv_font_roboto_16.o [4]
  .rodata            const    0x9012'2034      0x4c8  lv_font_roboto_16.o [4]
  .rodata            const    0x9012'24fc      0x308  SYHT_BOLD_20.o [1]
  .rodata            const    0x9012'2804      0x300  IconTemp.o [1]
  .rodata            const    0x9012'2b04      0x300  SYHT_BOLD_40.o [1]
  .text              ro code  0x9012'2e04      0x19c  fx_system_timer_entry.o [3]
  .text              ro code  0x9012'2fa0      0x168  tx_timer_thread_entry.o [8]
  .text              ro code  0x9012'3108      0x15e  usbd_desc.o [1]
  .text              ro code  0x9012'3266      0x12a  SYHT_BOLD_20.o [1]
  .text              ro code  0x9012'3390      0x12a  SYHT_BOLD_40.o [1]
  .text              ro code  0x9012'34ba      0x12a  SYHT_MED_16.o [1]
  .text              ro code  0x9012'35e4      0x124  system_stm32h7xx.o [1]
  .text              ro code  0x9012'3708       0xf4  tx_mutex_cleanup.o [8]
  .rodata            const    0x9012'37fc       0xc4  SYHT_BOLD_20.o [1]
  .rodata            const    0x9012'38c0       0xc4  SYHT_BOLD_40.o [1]
  .text              ro code  0x9012'3984       0xa4  tx_semaphore_cleanup.o [8]
  .rodata            const    0x9012'3a28       0x9c  lv_font_roboto_16.o [4]
  .rodata            const    0x9012'3ac4       0x9c  lv_font_roboto_16.o [4]
  .text              ro code  0x9012'3b60       0x90  usbd_cdc_if.o [1]
  .text              ro code  0x9012'3bf0       0x8c  tx_thread_shell_entry.o [8]
  .text              ro code  0x9012'3c7c       0x78  lz77_init_single.o [6]
  .rodata            const    0x9012'3cf4       0x74  lv_font_roboto_16.o [4]
  .rodata            const    0x9012'3d68       0x58  file.o [1]
  .rodata            const    0x9012'3dc0       0x58  task.o [1]
  .rodata            const    0x9012'3e18       0x50  lv_printf.o [4]
  .rodata            const    0x9012'3e68       0x50  iar_Stoulx.o [2]
  .text              ro code  0x9012'3eb8       0x50  tx_thread_timeout.o [8]
  .rodata            const    0x9012'3f08       0x4c  file.o [1]
  .rodata            const    0x9012'3f54       0x48  file.o [1]
  .rodata            const    0x9012'3f9c       0x48  file.o [1]
  .rodata            const    0x9012'3fe4       0x44  bsp_cli.o [1]
  .rodata            const    0x9012'4028       0x44  bsp_cli.o [1]
  .rodata            const    0x9012'406c       0x44  file.o [1]
  .rodata            const    0x9012'40b0       0x44  file.o [1]
  .rodata            const    0x9012'40f4       0x44  task.o [1]
  .rodata            const    0x9012'4138       0x40  file.o [1]
  .rodata            const    0x9012'4178       0x40  task.o [1]
  .rodata            const    0x9012'41b8       0x38  file.o [1]
  .text              ro code  0x9012'41f0       0x38  stm32h7xx_it.o [1]
  .rodata            const    0x9012'4228       0x30  file.o [1]
  .rodata            const    0x9012'4258       0x30  task.o [1]
  .rodata            const    0x9012'4288       0x28  file.o [1]
  .rodata            const    0x9012'42b0       0x28  file.o [1]
  .rodata            const    0x9012'42d8       0x28  file.o [1]
  .rodata            const    0x9012'4300       0x28  file.o [1]
  .rodata            const    0x9012'4328       0x28  file.o [1]
  .rodata            const    0x9012'4350       0x28  file.o [1]
  .rodata            const    0x9012'4378       0x28  lv_font_roboto_16.o [4]
  .text              ro code  0x9012'43a0       0x28  data_init.o [6]
  .rodata            const    0x9012'43c8       0x24  bsp_cli.o [1]
  .rodata            const    0x9012'43ec       0x24  file.o [1]
  .rodata            const    0x9012'4410       0x24  file.o [1]
  .rodata            const    0x9012'4434       0x24  file.o [1]
  .rodata            const    0x9012'4458       0x24  file.o [1]
  .rodata            const    0x9012'447c       0x24  file.o [1]
  .rodata            const    0x9012'44a0       0x24  file.o [1]
  .text              ro code  0x9012'44c4       0x22  fpinit_M.o [5]
  .iar.init_table    const    0x9012'44e8       0x30  - Linker created -
  .rodata            const    0x9012'4518        0x2  lv_theme_mono.o [4]
  .rodata            const    0x9012'451c       0x20  file.o [1]
  .rodata            const    0x9012'453c       0x20  file.o [1]
  .rodata            const    0x9012'455c       0x20  file.o [1]
  .rodata            const    0x9012'457c       0x20  file.o [1]
  .rodata            const    0x9012'459c       0x20  file.o [1]
  .rodata            const    0x9012'45bc       0x20  fx_stm32_sdio_driver.o [3]
  .text              ro code  0x9012'45dc       0x1e  cmain.o [6]
  .text              ro code  0x9012'45fa        0x4  low_level_init.o [2]
  .text              ro code  0x9012'45fe        0x4  exit.o [2]
  .rodata            const    0x9012'4602        0x2  lv_theme_mono.o [4]
  .text              ro code  0x9012'4604        0xa  cexit.o [6]
  .rodata            const    0x9012'460e        0x2  lv_theme_mono.o [4]
  .rodata            const    0x9012'4610       0x1c  bsp_adc.o [1]
  .rodata            const    0x9012'462c       0x1c  file.o [1]
  .rodata            const    0x9012'4648       0x1c  file.o [1]
  .rodata            const    0x9012'4664       0x1c  file.o [1]
  .rodata            const    0x9012'4680       0x1c  file.o [1]
  .rodata            const    0x9012'469c       0x1c  file.o [1]
  .rodata            const    0x9012'46b8       0x1c  file.o [1]
  .rodata            const    0x9012'46d4       0x1c  file.o [1]
  .rodata            const    0x9012'46f0       0x1c  file.o [1]
  .rodata            const    0x9012'470c       0x1c  file.o [1]
  .rodata            const    0x9012'4728       0x1c  page_start.o [1]
  .rodata            const    0x9012'4744       0x1c  task.o [1]
  .rodata            const    0x9012'4760       0x18  file.o [1]
  .rodata            const    0x9012'4778       0x18  file.o [1]
  .rodata            const    0x9012'4790       0x18  file.o [1]
  .rodata            const    0x9012'47a8       0x18  file.o [1]
  .rodata            const    0x9012'47c0       0x18  file.o [1]
  .rodata            const    0x9012'47d8       0x18  file.o [1]
  .rodata            const    0x9012'47f0       0x18  file.o [1]
  .rodata            const    0x9012'4808       0x18  stm32h7xx_hal_uart.o [1]
  .rodata            const    0x9012'4820       0x18  task.o [1]
  .rodata            const    0x9012'4838       0x18  usbd_desc.o [1]
  .text              ro code  0x9012'4850       0x16  xprout.o [2]
  .rodata            const    0x9012'4866        0x2  lv_theme_mono.o [4]
  .text              ro code  0x9012'4868        0xc  putchar.o [2]
  .rodata            const    0x9012'4874       0x14  bsp_adc.o [1]
  .rodata            const    0x9012'4888       0x14  bsp_cli.o [1]
  .rodata            const    0x9012'489c       0x14  bsp_cli.o [1]
  .rodata            const    0x9012'48b0       0x14  bsp_cli.o [1]
  .rodata            const    0x9012'48c4       0x14  bsp_lcd.o [1]
  .rodata            const    0x9012'48d8       0x14  bsp_touch.o [1]
  .rodata            const    0x9012'48ec       0x14  file.o [1]
  .rodata            const    0x9012'4900       0x14  file.o [1]
  .rodata            const    0x9012'4914       0x14  file.o [1]
  .rodata            const    0x9012'4928       0x14  SYHT_BOLD_20.o [1]
  .rodata            const    0x9012'493c       0x14  SYHT_BOLD_40.o [1]
  .rodata            const    0x9012'4950       0x14  SYHT_MED_16.o [1]
  .rodata            const    0x9012'4964       0x14  usbd_desc.o [1]
  .rodata            const    0x9012'4978       0x14  fx_system_initialize.o [3]
  .rodata            const    0x9012'498c       0x14  tx_timer_initialize.o [8]
  .rodata            const    0x9012'49a0       0x14  fx_media_open.o [3]
  .rodata            const    0x9012'49b4       0x10  bsp_cli.o [1]
  .rodata            const    0x9012'49c4       0x10  bsp_cli.o [1]
  .rodata            const    0x9012'49d4       0x10  file.o [1]
  .rodata            const    0x9012'49e4       0x10  file.o [1]
  .rodata            const    0x9012'49f4       0x10  file.o [1]
  .rodata            const    0x9012'4a04       0x10  file.o [1]
  .rodata            const    0x9012'4a14       0x10  page_home.o [1]
  .rodata            const    0x9012'4a24       0x10  system_stm32h7xx.o [1]
  .rodata            const    0x9012'4a34       0x10  task.o [1]
  .rodata            const    0x9012'4a44       0x10  task.o [1]
  .rodata            const    0x9012'4a54       0x10  task.o [1]
  .rodata            const    0x9012'4a64       0x10  task.o [1]
  .rodata            const    0x9012'4a74       0x10  task.o [1]
  .rodata            const    0x9012'4a84       0x10  task.o [1]
  .rodata            const    0x9012'4a94       0x10  task.o [1]
  .rodata            const    0x9012'4aa4       0x10  usbd_desc.o [1]
  .rodata            const    0x9012'4ab4       0x10  lv_img_decoder.o [4]
  .rodata            const    0x9012'4ac4       0x10  lv_font_roboto_16.o [4]
  .rodata            const    0x9012'4ad4       0x10  lv_draw_basic.o [4]
  .text              ro code  0x9012'4ae4       0x10  startup_stm32h750xx.o [1]
  .rodata            const    0x9012'4af4        0xc  bsp_touch.o [1]
  .rodata            const    0x9012'4b00        0xc  file.o [1]
  .rodata            const    0x9012'4b0c        0xc  file.o [1]
  .rodata            const    0x9012'4b18        0xc  file.o [1]
  .rodata            const    0x9012'4b24        0xc  file.o [1]
  .rodata            const    0x9012'4b30        0xc  file.o [1]
  .rodata            const    0x9012'4b3c        0xc  file.o [1]
  .rodata            const    0x9012'4b48        0xc  IconTemp.o [1]
  .rodata            const    0x9012'4b54        0xc  LChartB.o [1]
  .rodata            const    0x9012'4b60        0xc  LChartW.o [1]
  .rodata            const    0x9012'4b6c        0xc  LeftB.o [1]
  .rodata            const    0x9012'4b78        0xc  LeftW.o [1]
  .rodata            const    0x9012'4b84        0xc  page_home.o [1]
  .rodata            const    0x9012'4b90        0xc  page_home.o [1]
  .rodata            const    0x9012'4b9c        0xc  page_home.o [1]
  .rodata            const    0x9012'4ba8        0xc  page_home.o [1]
  .rodata            const    0x9012'4bb4        0xc  page_home.o [1]
  .rodata            const    0x9012'4bc0        0xc  page_home.o [1]
  .rodata            const    0x9012'4bcc        0xc  page_home.o [1]
  .rodata            const    0x9012'4bd8        0xc  page_home.o [1]
  .rodata            const    0x9012'4be4        0xc  page_home.o [1]
  .rodata            const    0x9012'4bf0        0xc  RightB.o [1]
  .rodata            const    0x9012'4bfc        0xc  RightW.o [1]
  .rodata            const    0x9012'4c08        0xc  usbd_desc.o [1]
  .rodata            const    0x9012'4c14        0xc  lv_imgbtn.o [4]
  .rodata            const    0x9012'4c20        0xc  lv_label.o [4]
  .text              ro code  0x9012'4c2c        0xc  cstartup_M.o [6]
  cli.cmd.0          const    0x9012'4c38        0xc  bsp_cli.o [1]
  cli.cmd.1          const    0x9012'4c44        0xc  bsp_adc.o [1]
  cli.cmd.1          const    0x9012'4c50        0xc  bsp_cli.o [1]
  cli.cmd.1          const    0x9012'4c5c        0xc  bsp_cli.o [1]
  cli.cmd.1          const    0x9012'4c68        0xc  bsp_cli.o [1]
  cli.cmd.1          const    0x9012'4c74        0xc  bsp_lcd.o [1]
  cli.cmd.1          const    0x9012'4c80        0xc  bsp_touch.o [1]
  cli.cmd.1          const    0x9012'4c8c        0xc  file.o [1]
  cli.cmd.1          const    0x9012'4c98        0xc  task.o [1]
  cli.cmd.2          const    0x9012'4ca4        0xc  bsp_cli.o [1]
  .rodata            const    0x9012'4cb0        0x8  bsp_cli.o [1]
  .rodata            const    0x9012'4cb8        0x8  bsp_lcd.o [1]
  .rodata            const    0x9012'4cc0        0x8  file.o [1]
  .rodata            const    0x9012'4cc8        0x8  file.o [1]
  .rodata            const    0x9012'4cd0        0x8  file.o [1]
  .rodata            const    0x9012'4cd8        0x8  file.o [1]
  .rodata            const    0x9012'4ce0        0x8  file.o [1]
  .rodata            const    0x9012'4ce8        0x8  page_home.o [1]
  .rodata            const    0x9012'4cf0        0x8  page_home.o [1]
  .rodata            const    0x9012'4cf8        0x8  page_home.o [1]
  .rodata            const    0x9012'4d00        0x8  page_home.o [1]
  .rodata            const    0x9012'4d08        0x8  page_home.o [1]
  .rodata            const    0x9012'4d10        0x8  page_home.o [1]
  .rodata            const    0x9012'4d18        0x8  page_home.o [1]
  .rodata            const    0x9012'4d20        0x8  stm32h7xx_hal_uart_ex.o [1]
  .rodata            const    0x9012'4d28        0x8  stm32h7xx_hal_uart_ex.o [1]
  .rodata            const    0x9012'4d30        0x8  task.o [1]
  .rodata            const    0x9012'4d38        0x8  lv_cont.o [4]
  .rodata            const    0x9012'4d40        0x8  lv_obj.o [4]
  .rodata            const    0x9012'4d48        0x8  lv_btn.o [4]
  .rodata            const    0x9012'4d50        0x8  lv_img.o [4]
  .rodata            const    0x9012'4d58        0x8  lv_label.o [4]
  .rodata            const    0x9012'4d60        0x8  lv_bar.o [4]
  .rodata            const    0x9012'4d68        0x8  lv_draw_rect.o [4]
  .rodata            const    0x9012'4d70        0x8  lv_draw_img.o [4]
  .rodata            const    0x9012'4d78        0x8  lv_txt.o [4]
  .rodata            const    0x9012'4d80        0x8  lv_printf.o [4]
  .rodata            const    0x9012'4d88        0x8  lv_printf.o [4]
  .rodata            const    0x9012'4d90        0x8  lv_draw.o [4]
  .rodata            const    0x9012'4d98        0x8  lv_draw.o [4]
  .rodata            const    0x9012'4da0        0x8  lv_draw.o [4]
  .rodata            const    0x9012'4da8        0x8  lv_draw.o [4]
  .rodata            const    0x9012'4db0        0x4  bsp_adc.o [1]
  .rodata            const    0x9012'4db4        0x4  bsp_cli.o [1]
  .rodata            const    0x9012'4db8        0x4  lv_draw_rect.o [4]
  .rodata            const    0x9012'4dbc        0x4  lv_draw_rect.o [4]
  .rodata            const    0x9012'4dc0        0x4  lv_img_decoder.o [4]
  .rodata            const    0x9012'4dc4        0x4  lv_draw.o [4]
  .rodata            const    0x9012'4dc8        0x4  lv_draw.o [4]
  .rodata            const    0x9012'4dcc        0x4  lv_draw_basic.o [4]
  .text              ro code  0x9012'4dd0        0x4  startup_stm32h750xx.o [1]
  .text              ro code  0x9012'4dd4        0x4  startup_stm32h750xx.o [1]
  .text              ro code  0x9012'4dd8        0x4  startup_stm32h750xx.o [1]
  .text              ro code  0x9012'4ddc        0x4  startup_stm32h750xx.o [1]
  .text              ro code  0x9012'4de0        0x4  startup_stm32h750xx.o [1]
  .text              ro code  0x9012'4de4        0x4  startup_stm32h750xx.o [1]
  .text              ro code  0x9012'4de8        0x4  startup_stm32h750xx.o [1]
  .text              ro code  0x9012'4dec        0x4  startup_stm32h750xx.o [1]
  .text              ro code  0x9012'4df0        0x4  startup_stm32h750xx.o [1]
  .text              ro code  0x9012'4df4        0x4  startup_stm32h750xx.o [1]
  .text              ro code  0x9012'4df8        0x4  startup_stm32h750xx.o [1]
  .text              ro code  0x9012'4dfc        0x4  startup_stm32h750xx.o [1]
  .text              ro code  0x9012'4e00        0x4  startup_stm32h750xx.o [1]
  .text              ro code  0x9012'4e04        0x4  startup_stm32h750xx.o [1]
  .text              ro code  0x9012'4e08        0x4  startup_stm32h750xx.o [1]
  .text              ro code  0x9012'4e0c        0x4  startup_stm32h750xx.o [1]
  .text              ro code  0x9012'4e10        0x4  startup_stm32h750xx.o [1]
  .text              ro code  0x9012'4e14        0x4  startup_stm32h750xx.o [1]
  .text              ro code  0x9012'4e18        0x4  startup_stm32h750xx.o [1]
  .text              ro code  0x9012'4e1c        0x4  startup_stm32h750xx.o [1]
  .text              ro code  0x9012'4e20        0x4  startup_stm32h750xx.o [1]
  .text              ro code  0x9012'4e24        0x4  startup_stm32h750xx.o [1]
  .text              ro code  0x9012'4e28        0x4  startup_stm32h750xx.o [1]
  .text              ro code  0x9012'4e2c        0x4  startup_stm32h750xx.o [1]
  .text              ro code  0x9012'4e30        0x4  startup_stm32h750xx.o [1]
  .text              ro code  0x9012'4e34        0x4  startup_stm32h750xx.o [1]
  .text              ro code  0x9012'4e38        0x4  startup_stm32h750xx.o [1]
  .text              ro code  0x9012'4e3c        0x4  startup_stm32h750xx.o [1]
  .text              ro code  0x9012'4e40        0x4  startup_stm32h750xx.o [1]
  .text              ro code  0x9012'4e44        0x4  startup_stm32h750xx.o [1]
  .text              ro code  0x9012'4e48        0x4  startup_stm32h750xx.o [1]
  .text              ro code  0x9012'4e4c        0x4  startup_stm32h750xx.o [1]
  .text              ro code  0x9012'4e50        0x4  startup_stm32h750xx.o [1]
  .text              ro code  0x9012'4e54        0x4  startup_stm32h750xx.o [1]
  .text              ro code  0x9012'4e58        0x4  startup_stm32h750xx.o [1]
  .text              ro code  0x9012'4e5c        0x4  startup_stm32h750xx.o [1]
  .text              ro code  0x9012'4e60        0x4  startup_stm32h750xx.o [1]
  .text              ro code  0x9012'4e64        0x4  startup_stm32h750xx.o [1]
  .text              ro code  0x9012'4e68        0x4  startup_stm32h750xx.o [1]
  .text              ro code  0x9012'4e6c        0x4  startup_stm32h750xx.o [1]
  .text              ro code  0x9012'4e70        0x4  startup_stm32h750xx.o [1]
  .text              ro code  0x9012'4e74        0x4  startup_stm32h750xx.o [1]
  .text              ro code  0x9012'4e78        0x4  startup_stm32h750xx.o [1]
  .text              ro code  0x9012'4e7c        0x4  startup_stm32h750xx.o [1]
  .text              ro code  0x9012'4e80        0x4  startup_stm32h750xx.o [1]
  .text              ro code  0x9012'4e84        0x4  startup_stm32h750xx.o [1]
  .text              ro code  0x9012'4e88        0x4  startup_stm32h750xx.o [1]
  .text              ro code  0x9012'4e8c        0x4  startup_stm32h750xx.o [1]
  .text              ro code  0x9012'4e90        0x4  startup_stm32h750xx.o [1]
  .text              ro code  0x9012'4e94        0x4  startup_stm32h750xx.o [1]
  .text              ro code  0x9012'4e98        0x4  startup_stm32h750xx.o [1]
  .text              ro code  0x9012'4e9c        0x4  startup_stm32h750xx.o [1]
  .text              ro code  0x9012'4ea0        0x4  startup_stm32h750xx.o [1]
  .text              ro code  0x9012'4ea4        0x4  startup_stm32h750xx.o [1]
  .text              ro code  0x9012'4ea8        0x4  startup_stm32h750xx.o [1]
  .text              ro code  0x9012'4eac        0x4  startup_stm32h750xx.o [1]
  .text              ro code  0x9012'4eb0        0x4  startup_stm32h750xx.o [1]
  .text              ro code  0x9012'4eb4        0x4  startup_stm32h750xx.o [1]
  .text              ro code  0x9012'4eb8        0x4  startup_stm32h750xx.o [1]
  .text              ro code  0x9012'4ebc        0x4  startup_stm32h750xx.o [1]
  .text              ro code  0x9012'4ec0        0x4  startup_stm32h750xx.o [1]
  .text              ro code  0x9012'4ec4        0x4  startup_stm32h750xx.o [1]
  .text              ro code  0x9012'4ec8        0x4  startup_stm32h750xx.o [1]
  .text              ro code  0x9012'4ecc        0x4  startup_stm32h750xx.o [1]
  .text              ro code  0x9012'4ed0        0x4  startup_stm32h750xx.o [1]
  .text              ro code  0x9012'4ed4        0x4  startup_stm32h750xx.o [1]
  .text              ro code  0x9012'4ed8        0x4  startup_stm32h750xx.o [1]
  .text              ro code  0x9012'4edc        0x4  startup_stm32h750xx.o [1]
  .text              ro code  0x9012'4ee0        0x4  startup_stm32h750xx.o [1]
  .text              ro code  0x9012'4ee4        0x4  startup_stm32h750xx.o [1]
  .text              ro code  0x9012'4ee8        0x4  startup_stm32h750xx.o [1]
  .text              ro code  0x9012'4eec        0x4  startup_stm32h750xx.o [1]
  .text              ro code  0x9012'4ef0        0x4  startup_stm32h750xx.o [1]
  .text              ro code  0x9012'4ef4        0x4  startup_stm32h750xx.o [1]
  .text              ro code  0x9012'4ef8        0x4  startup_stm32h750xx.o [1]
  .text              ro code  0x9012'4efc        0x4  startup_stm32h750xx.o [1]
  .text              ro code  0x9012'4f00        0x4  startup_stm32h750xx.o [1]
  .text              ro code  0x9012'4f04        0x4  startup_stm32h750xx.o [1]
  .text              ro code  0x9012'4f08        0x4  startup_stm32h750xx.o [1]
  .text              ro code  0x9012'4f0c        0x4  startup_stm32h750xx.o [1]
  .text              ro code  0x9012'4f10        0x4  startup_stm32h750xx.o [1]
  .text              ro code  0x9012'4f14        0x4  startup_stm32h750xx.o [1]
  .text              ro code  0x9012'4f18        0x4  startup_stm32h750xx.o [1]
  .text              ro code  0x9012'4f1c        0x4  startup_stm32h750xx.o [1]
  .text              ro code  0x9012'4f20        0x4  startup_stm32h750xx.o [1]
  .text              ro code  0x9012'4f24        0x4  startup_stm32h750xx.o [1]
  .text              ro code  0x9012'4f28        0x4  startup_stm32h750xx.o [1]
  .text              ro code  0x9012'4f2c        0x4  startup_stm32h750xx.o [1]
  .text              ro code  0x9012'4f30        0x4  startup_stm32h750xx.o [1]
  .text              ro code  0x9012'4f34        0x4  startup_stm32h750xx.o [1]
  .text              ro code  0x9012'4f38        0x4  startup_stm32h750xx.o [1]
  .text              ro code  0x9012'4f3c        0x4  startup_stm32h750xx.o [1]
  .text              ro code  0x9012'4f40        0x4  startup_stm32h750xx.o [1]
  .text              ro code  0x9012'4f44        0x4  startup_stm32h750xx.o [1]
  .text              ro code  0x9012'4f48        0x4  startup_stm32h750xx.o [1]
  .text              ro code  0x9012'4f4c        0x4  startup_stm32h750xx.o [1]
  .text              ro code  0x9012'4f50        0x4  startup_stm32h750xx.o [1]
  .text              ro code  0x9012'4f54        0x4  startup_stm32h750xx.o [1]
  .text              ro code  0x9012'4f58        0x4  startup_stm32h750xx.o [1]
  .text              ro code  0x9012'4f5c        0x4  startup_stm32h750xx.o [1]
  .text              ro code  0x9012'4f60        0x4  startup_stm32h750xx.o [1]
  .text              ro code  0x9012'4f64        0x4  startup_stm32h750xx.o [1]
  .text              ro code  0x9012'4f68        0x4  startup_stm32h750xx.o [1]
  .text              ro code  0x9012'4f6c        0x4  startup_stm32h750xx.o [1]
  .text              ro code  0x9012'4f70        0x4  startup_stm32h750xx.o [1]
  .text              ro code  0x9012'4f74        0x4  startup_stm32h750xx.o [1]
  .text              ro code  0x9012'4f78        0x4  startup_stm32h750xx.o [1]
  .text              ro code  0x9012'4f7c        0x4  startup_stm32h750xx.o [1]
  .text              ro code  0x9012'4f80        0x4  startup_stm32h750xx.o [1]
  .text              ro code  0x9012'4f84        0x4  startup_stm32h750xx.o [1]
  .text              ro code  0x9012'4f88        0x4  startup_stm32h750xx.o [1]
  .text              ro code  0x9012'4f8c        0x4  startup_stm32h750xx.o [1]
  .text              ro code  0x9012'4f90        0x4  startup_stm32h750xx.o [1]
  .text              ro code  0x9012'4f94        0x4  startup_stm32h750xx.o [1]
  .text              ro code  0x9012'4f98        0x4  startup_stm32h750xx.o [1]
  .text              ro code  0x9012'4f9c        0x4  startup_stm32h750xx.o [1]
  .text              ro code  0x9012'4fa0        0x4  startup_stm32h750xx.o [1]
  .text              ro code  0x9012'4fa4        0x4  startup_stm32h750xx.o [1]
  .text              ro code  0x9012'4fa8        0x4  startup_stm32h750xx.o [1]
  .text              ro code  0x9012'4fac        0x4  startup_stm32h750xx.o [1]
  .text              ro code  0x9012'4fb0        0x4  startup_stm32h750xx.o [1]
  .text              ro code  0x9012'4fb4        0x4  startup_stm32h750xx.o [1]
  .text              ro code  0x9012'4fb8        0x4  startup_stm32h750xx.o [1]
  .text              ro code  0x9012'4fbc        0x4  startup_stm32h750xx.o [1]
  .text              ro code  0x9012'4fc0        0x4  startup_stm32h750xx.o [1]
  .text              ro code  0x9012'4fc4        0x4  startup_stm32h750xx.o [1]
  .text              ro code  0x9012'4fc8        0x4  startup_stm32h750xx.o [1]
  .text              ro code  0x9012'4fcc        0x4  startup_stm32h750xx.o [1]
  .text              ro code  0x9012'4fd0        0x4  startup_stm32h750xx.o [1]
  .text              ro code  0x9012'4fd4        0x4  startup_stm32h750xx.o [1]
  .text              ro code  0x9012'4fd8        0x4  startup_stm32h750xx.o [1]
  .text              ro code  0x9012'4fdc        0x4  startup_stm32h750xx.o [1]
  .text              ro code  0x9012'4fe0        0x4  startup_stm32h750xx.o [1]
  .text              ro code  0x9012'4fe4        0x4  startup_stm32h750xx.o [1]
  .text              ro code  0x9012'4fe8        0x4  startup_stm32h750xx.o [1]
  .text              ro code  0x9012'4fec        0x4  startup_stm32h750xx.o [1]
  .rodata            const    0x9012'4ff0        0x2  lv_theme_mono.o [4]
  .rodata            const    0x9012'4ff2        0x2  lv_theme_mono.o [4]
  .rodata            const    0x9012'4ff4        0x2  lv_theme_mono.o [4]
  .rodata            const    0x9012'4ff6        0x2  lv_theme_mono.o [4]
  .rodata            const    0x9012'4ff8        0x2  lv_theme_mono.o [4]
  .rodata            const    0x9012'4ffa        0x2  lv_theme_mono.o [4]
  .rodata            const    0x9012'4ffc        0x2  lv_theme_mono.o [4]
  .rodata            const    0x9012'4ffe        0x2  lv_theme_mono.o [4]
  .rodata            const    0x9012'5000        0x2  lv_theme_mono.o [4]
  .rodata            const    0x9012'5002        0x2  lv_draw_rect.o [4]
  .rodata            const    0x9012'5004        0x2  lv_group.o [4]
  .rodata            const    0x9012'5006        0x2  lv_group.o [4]
  .rodata            const    0x9012'5008        0x2  lv_group.o [4]
  .rodata            const    0x9012'500a        0x2  lv_group.o [4]
  .rodata            const    0x9012'500c        0x2  lv_group.o [4]
  .rodata            const    0x9012'500e        0x2  lv_group.o [4]
  .rodata            const    0x9012'5010        0x2  lv_group.o [4]
  .rodata            const    0x9012'5012        0x2  lv_group.o [4]
  .rodata            const    0x9012'5014        0x2  lv_group.o [4]
  .rodata            const    0x9012'5016        0x2  lv_group.o [4]
  .rodata            const    0x9012'5018        0x2  lv_group.o [4]
  .rodata            const    0x9012'501a        0x2  lv_group.o [4]
  .rodata            const    0x9012'501c        0x2  lv_img_decoder.o [4]
  .rodata            const    0x9012'501e        0x2  lv_draw.o [4]
  .rodata            const    0x9012'5020        0x2  lv_draw_basic.o [4]
  .rodata            const    0x9012'5022        0x2  lv_draw_basic.o [4]
  .rodata            const    0x9012'5024        0x2  lv_draw_basic.o [4]
  .rodata            const    0x9012'5026        0x2  xlocale_c.o [2]
  .rodata            const    0x9012'5028        0x2  xlocale_c.o [2]
  .rodata            const    0x9012'502a        0x1  lv_draw.o [4]
  .rodata            const    0x9012'502b        0x1  xlocale_c.o [2]
  .rodata            const    0x9012'502c        0x0  zero_init3.o [6]
  .rodata            const    0x9012'502c        0x0  lz77_init_single.o [6]
  Initializer bytes  const    0x9012'502c      0x2ab  <for P2-1>
                            - 0x9012'52d7  0x12'503f

Unused ranges:

         From           To        Size
         ----           --        ----
  0x2000'07bd  0x2000'07bf         0x3
  0x2001'8188  0x2001'ffff      0x7e78
  0x9012'52d7  0x91ff'ffff  0x1ed'ad29


*******************************************************************************
*** INIT TABLE
***

          Address      Size
          -------      ----
Zero (__iar_zero_init3)
    3 destination ranges, total size 0x7'91c7:
          0x2000'07c0  0x1'39c7
          0x2402'5800  0x2'5800
          0x3000'0000  0x4'0000

Copy/lz77 (__iar_lz77_init_single3)
    1 source range, total size 0x2ab (34% of destination):
          0x9012'502c     0x2ab
    1 destination range, total size 0x7bd:
          0x2000'0000     0x7bd



*******************************************************************************
*** MODULE SUMMARY
***

    Module                                        ro code    ro data  rw data  rw data
                                                                                (abs)
    ------                                        -------    -------  -------  -------
command line/config:
    ----------------------------------------------------------------------------------
    Total:

F:\WQA\App\EWARM\App\Obj: [1]
    IconTemp.o                                                   780
    LChartB.o                                                  3'084
    LChartW.o                                                  3'084
    LeftB.o                                                    6'924
    LeftW.o                                                    6'924
    RightB.o                                                   6'924
    RightW.o                                                   6'924
    SYHT_BOLD_20.o                                    298      8'640       44
    SYHT_BOLD_40.o                                    298     29'291       44
    SYHT_MED_16.o                                     298    935'147       44
    adc.o                                             352                 100
    bsp.o                                              46
    bsp_adc.o                                         204         64        8
    bsp_cli.o                                         736        338      342
    bsp_dwt.o                                         106
    bsp_eeprom.o                                    1'252                  14
    bsp_lcd.o                                       1'356         40
    bsp_ringbuffer.o                                  290
    bsp_sdio.o                                        168
    bsp_touch.o                                     1'716         44       10
    display_basic.o                                   224                   8
    display_win.o                                     296          4      384
    file.o                                          1'776      2'249   12'184  262'144
    gpio.o                                            400
    ltdc.o                                            616                 168
    main.o                                            680
    page_home.o                                     2'060        199      605
    page_start.o                                      428         37      216
    rtc.o                                             264                  36
    sdmmc.o                                           372                 124
    startup_stm32h750xx.o                           1'224
    stm32h7xx_hal.o                                   192          2        9
    stm32h7xx_hal_adc.o                             3'424
    stm32h7xx_hal_adc_ex.o                            372
    stm32h7xx_hal_cortex.o                            484
    stm32h7xx_hal_gpio.o                            1'064
    stm32h7xx_hal_ltdc.o                            1'044
    stm32h7xx_hal_msp.o                                32
    stm32h7xx_hal_pcd.o                             3'384
    stm32h7xx_hal_pcd_ex.o                            162
    stm32h7xx_hal_pwr.o                                16
[...]
lv_label_get_text_sel_start
                        0x9011'8be1       0x8  Code  Gb  lv_label.o [4]
lv_label_refr_text      0x9011'9051     0x4ac  Code  Lc  lv_label.o [4]
lv_label_revert_dots    0x9011'9501      0x7c  Code  Lc  lv_label.o [4]
lv_label_set_align      0x9011'8899      0x2e  Code  Gb  lv_label.o [4]
lv_label_set_body_draw  0x9011'8905      0x40  Code  Gb  lv_label.o [4]
lv_label_set_dot_tmp    0x9011'95cd      0x84  Code  Lc  lv_label.o [4]
lv_label_set_long_mode  0x9011'8807      0x92  Code  Gb  lv_label.o [4]
lv_label_set_offset_x   0x9011'959d      0x18  Code  Lc  lv_label.o [4]
lv_label_set_offset_y   0x9011'95b5      0x18  Code  Lc  lv_label.o [4]
lv_label_set_recolor    0x9011'88c7      0x3e  Code  Gb  lv_label.o [4]
lv_label_set_static_text
                        0x9011'87c7      0x40  Code  Gb  lv_label.o [4]
lv_label_set_style      0x9011'3367      0x12  Code  Lc  page_home.o [1]
lv_label_set_style      0x9011'3189      0x12  Code  Lc  page_start.o [1]
lv_label_set_style      0x9011'84a1      0x12  Code  Lc  lv_label.o [4]
lv_label_set_text       0x9011'86ab      0x8c  Code  Gb  lv_label.o [4]
lv_label_set_text_fmt   0x9011'8737      0x90  Code  Gb  lv_label.o [4]
lv_label_signal         0x9011'8eb5     0x18a  Code  Lc  lv_label.o [4]
lv_ll_chg_list          0x900f'0349      0x7a  Code  Gb  lv_ll.o [4]
lv_ll_get_head          0x900f'03c3       0xe  Code  Gb  lv_ll.o [4]
lv_ll_get_next          0x900f'03df      0x2e  Code  Gb  lv_ll.o [4]
lv_ll_get_prev          0x900f'040d      0x2c  Code  Gb  lv_ll.o [4]
lv_ll_get_tail          0x900f'03d1       0xe  Code  Gb  lv_ll.o [4]
lv_ll_init              0x900f'01a5      0x18  Code  Gb  lv_ll.o [4]
lv_ll_ins_head          0x900f'01bd      0x44  Code  Gb  lv_ll.o [4]
lv_ll_ins_prev          0x900f'0201      0x74  Code  Gb  lv_ll.o [4]
lv_ll_ins_tail          0x900f'0275      0x4c  Code  Gb  lv_ll.o [4]
lv_ll_is_empty          0x900f'049f      0x1e  Code  Gb  lv_ll.o [4]
lv_ll_move_before       0x900f'0439      0x66  Code  Gb  lv_ll.o [4]
lv_ll_rem               0x900f'02c1      0x88  Code  Gb  lv_ll.o [4]
lv_mem_alloc            0x900f'209f      0x3e  Code  Gb  lv_mem.o [4]
lv_mem_free             0x900f'20dd      0x44  Code  Gb  lv_mem.o [4]
lv_mem_get_size         0x900f'2193      0x1c  Code  Gb  lv_mem.o [4]
lv_mem_init             0x900f'207d      0x22  Code  Gb  lv_mem.o [4]
lv_mem_init::work_mem_int
                        0x2000'07c0    0x8000  Data  Lc  lv_mem.o [4]
lv_mem_realloc          0x900f'2121      0x72  Code  Gb  lv_mem.o [4]
lv_obj_align            0x900f'0db9     0x3cc  Code  Gb  lv_obj.o [4]
lv_obj_align_origo      0x900f'1185     0x33c  Code  Gb  lv_obj.o [4]
lv_obj_allocate_ext_attr
                        0x900f'16bf      0x16  Code  Gb  lv_obj.o [4]
lv_obj_clean            0x900f'0a99      0x28  Code  Gb  lv_obj.o [4]
lv_obj_clear_protect    0x900f'15c9      0x10  Code  Gb  lv_obj.o [4]
lv_obj_create           0x900f'05cf     0x3ae  Code  Gb  lv_obj.o [4]
lv_obj_del              0x900f'097d      0xfe  Code  Gb  lv_obj.o [4]
lv_obj_design           0x900f'1973      0xd6  Code  Lc  lv_obj.o [4]
lv_obj_get_auto_realign
                        0x900f'1813       0xa  Code  Gb  lv_obj.o [4]
lv_obj_get_base_dir     0x900f'18db       0x6  Code  Gb  lv_obj.o [4]
lv_obj_get_child        0x900f'1769      0x1e  Code  Gb  lv_obj.o [4]
lv_obj_get_click        0x900f'189d       0xa  Code  Gb  lv_obj.o [4]
lv_obj_get_coords       0x900f'1787      0x12  Code  Gb  lv_obj.o [4]
lv_obj_get_design_cb    0x900f'1923       0x4  Code  Gb  lv_obj.o [4]
lv_obj_get_disp         0x900f'1707      0x5e  Code  Gb  lv_obj.o [4]
lv_obj_get_drag         0x900f'18a7       0xe  Code  Gb  lv_obj.o [4]
lv_obj_get_drag_dir     0x900f'18b5       0xa  Code  Gb  lv_obj.o [4]
lv_obj_get_drag_parent  0x900f'18cd       0xe  Code  Gb  lv_obj.o [4]
lv_obj_get_drag_throw   0x900f'18bf       0xe  Code  Gb  lv_obj.o [4]
lv_obj_get_ext_attr     0x900f'1927       0x4  Code  Gb  lv_obj.o [4]
lv_obj_get_group        0x900f'192b       0x4  Code  Gb  lv_obj.o [4]
lv_obj_get_height       0x900f'17e7       0xe  Code  Gb  lv_obj.o [4]
lv_obj_get_hidden       0x900f'188f       0xe  Code  Gb  lv_obj.o [4]
lv_obj_get_opa_scale    0x900f'18e1      0x2c  Code  Gb  lv_obj.o [4]
lv_obj_get_parent       0x900f'1765       0x4  Code  Gb  lv_obj.o [4]
lv_obj_get_screen       0x900f'16ef      0x18  Code  Gb  lv_obj.o [4]
lv_obj_get_signal_cb    0x900f'191f       0x4  Code  Gb  lv_obj.o [4]
lv_obj_get_style        0x900f'181d      0x72  Code  Gb  lv_obj.o [4]
lv_obj_get_width        0x900f'17d9       0xe  Code  Gb  lv_obj.o [4]
lv_obj_get_width_fit    0x900f'17f5      0x1e  Code  Gb  lv_obj.o [4]
lv_obj_get_x            0x900f'1799      0x20  Code  Gb  lv_obj.o [4]
lv_obj_get_y            0x900f'17b9      0x20  Code  Gb  lv_obj.o [4]
lv_obj_handle_get_type_signal
                        0x900f'194b      0x28  Code  Gb  lv_obj.o [4]
lv_obj_invalidate       0x900f'0b9d      0x44  Code  Gb  lv_obj.o [4]
lv_obj_invalidate_area  0x900f'0ac1      0xdc  Code  Gb  lv_obj.o [4]
lv_obj_is_focused       0x900f'192f      0x1c  Code  Gb  lv_obj.o [4]
lv_obj_is_protected     0x900f'190d      0x12  Code  Gb  lv_obj.o [4]
lv_obj_move_foreground  0x900f'0be1      0x3a  Code  Gb  lv_obj.o [4]
lv_obj_realign          0x900f'14c1      0x42  Code  Gb  lv_obj.o [4]
lv_obj_refresh_ext_draw_pad
                        0x900f'16d5      0x1a  Code  Gb  lv_obj.o [4]
lv_obj_refresh_style    0x900f'1535      0x1c  Code  Gb  lv_obj.o [4]
lv_obj_report_style_mod
                        0x900f'1551      0x50  Code  Gb  lv_obj.o [4]
lv_obj_set_auto_realign
                        0x900f'1503      0x1c  Code  Gb  lv_obj.o [4]
lv_obj_set_click        0x900f'15a1      0x1c  Code  Gb  lv_obj.o [4]
lv_obj_set_design_cb    0x900f'16bb       0x4  Code  Gb  lv_obj.o [4]
lv_obj_set_event_cb     0x900f'15d9       0x4  Code  Gb  lv_obj.o [4]
lv_obj_set_height       0x900f'0d9d      0x1c  Code  Gb  lv_obj.o [4]
lv_obj_set_pos          0x900f'0c1b      0x92  Code  Gb  lv_obj.o [4]
lv_obj_set_protect      0x900f'15bd       0xc  Code  Gb  lv_obj.o [4]
lv_obj_set_signal_cb    0x900f'16b7       0x4  Code  Gb  lv_obj.o [4]
lv_obj_set_size         0x900f'0ce5      0xb8  Code  Gb  lv_obj.o [4]
lv_obj_set_style        0x900f'151f      0x16  Code  Gb  lv_obj.o [4]
lv_obj_set_x            0x900f'0cad      0x1c  Code  Gb  lv_obj.o [4]
lv_obj_set_y            0x900f'0cc9      0x1c  Code  Gb  lv_obj.o [4]
lv_obj_signal           0x900f'1a49      0x6a  Code  Lc  lv_obj.o [4]
lv_port_disp_init       0x9010'cb51      0x3e  Code  Gb  lv_port_disp.o [4]
lv_port_disp_init::disp_buf_1
                        0x2001'3ee4      0x1c  Data  Lc  lv_port_disp.o [4]
lv_port_indev_init      0x9010'cbcd      0x24  Code  Gb  lv_port_indev.o [4]
lv_refr_area            0x900e'e96d     0x154  Code  Lc  lv_refr.o [4]
lv_refr_area_part       0x900e'eac1      0x6a  Code  Lc  lv_refr.o [4]
lv_refr_areas           0x900e'e917      0x56  Code  Lc  lv_refr.o [4]
lv_refr_get_disp_refreshing
                        0x900e'e6cb       0x8  Code  Gb  lv_refr.o [4]
lv_refr_get_top_obj     0x900e'eb2b      0x80  Code  Lc  lv_refr.o [4]
lv_refr_init            0x900e'e5d5       0x2  Code  Gb  lv_refr.o [4]
lv_refr_join_area       0x900e'e84d      0xca  Code  Lc  lv_refr.o [4]
lv_refr_obj             0x900e'ec13     0x100  Code  Lc  lv_refr.o [4]
lv_refr_obj_and_children
                        0x900e'ebab      0x68  Code  Lc  lv_refr.o [4]
lv_refr_vdb_flush       0x900e'ed13      0x5c  Code  Lc  lv_refr.o [4]
lv_scr_act              0x9010'd221       0xc  Code  Lc  display_win.o [1]
lv_style_btn_ina        0x2001'3a44      0x3c  Data  Gb  lv_style.o [4]
lv_style_btn_pr         0x2001'3990      0x3c  Data  Gb  lv_style.o [4]
lv_style_btn_rel        0x2001'3954      0x3c  Data  Gb  lv_style.o [4]
lv_style_btn_tgl_pr     0x2001'3a08      0x3c  Data  Gb  lv_style.o [4]
lv_style_btn_tgl_rel    0x2001'39cc      0x3c  Data  Gb  lv_style.o [4]
lv_style_copy           0x900f'31f5      0x1c  Code  Gb  lv_style.o [4]
lv_style_init           0x900f'2d2d     0x4c8  Code  Gb  lv_style.o [4]
lv_style_mix            0x900f'3211     0x3fc  Code  Gb  lv_style.o [4]
lv_style_plain          0x2001'3864      0x3c  Data  Gb  lv_style.o [4]
lv_style_plain_color    0x2001'38a0      0x3c  Data  Gb  lv_style.o [4]
lv_style_pretty         0x2001'38dc      0x3c  Data  Gb  lv_style.o [4]
lv_style_pretty_color   0x2001'3918      0x3c  Data  Gb  lv_style.o [4]
lv_style_scr            0x2001'3774      0x3c  Data  Gb  lv_style.o [4]
lv_style_transp         0x2001'37b0      0x3c  Data  Gb  lv_style.o [4]
lv_style_transp_fit     0x2001'37ec      0x3c  Data  Gb  lv_style.o [4]
lv_style_transp_tight   0x2001'3828      0x3c  Data  Gb  lv_style.o [4]
lv_task_core_init       0x900f'1c75      0x14  Code  Gb  lv_task.o [4]
lv_task_create          0x900f'1eb1      0x3e  Code  Gb  lv_task.o [4]
lv_task_create_basic    0x900f'1e1d      0x94  Code  Gb  lv_task.o [4]
lv_task_del             0x900f'1ef3      0x22  Code  Gb  lv_task.o [4]
lv_task_enable          0x900f'1f8f       0x6  Code  Gb  lv_task.o [4]
lv_task_exec            0x900f'1f95      0x54  Code  Lc  lv_task.o [4]
lv_task_handler         0x900f'1c89     0x194  Code  Gb  lv_task.o [4]
lv_task_handler::already_running
                        0x2001'4180       0x1  Data  Lc  lv_task.o [4]
lv_task_handler::busy_time
                        0x2001'4074       0x4  Data  Lc  lv_task.o [4]
lv_task_handler::handler_start
                        0x2001'4070       0x4  Data  Lc  lv_task.o [4]
lv_task_handler::idle_period_start
                        0x2001'406c       0x4  Data  Lc  lv_task.o [4]
lv_task_ready           0x900f'1f7d      0x12  Code  Gb  lv_task.o [4]
lv_task_run             0x2001'417c       0x1  Data  Lc  lv_task.o [4]
lv_task_set_cb          0x900f'1eef       0x4  Code  Gb  lv_task.o [4]
lv_task_set_period      0x900f'1f79       0x4  Code  Gb  lv_task.o [4]
lv_task_set_prio        0x900f'1f15      0x64  Code  Gb  lv_task.o [4]
lv_theme_get_current    0x900f'572f      0x10  Code  Gb  lv_theme.o [4]
lv_theme_mono_init      0x9010'd0cf      0xa6  Code  Gb  lv_theme_mono.o [4]
lv_theme_set_current    0x900f'567d      0xb2  Code  Gb  lv_theme.o [4]
lv_tick_elaps           0x900f'013d      0x1a  Code  Gb  lv_hal_tick.o [4]
lv_tick_get             0x900f'0121      0x14  Code  Gb  lv_hal_tick.o [4]
lv_tick_inc             0x900f'0111      0x10  Code  Gb  lv_hal_tick.o [4]
lv_txt_encoded_get_byte_id
                        0x2000'06c8       0x4  Data  Gb  lv_txt.o [4]
lv_txt_encoded_get_char_id
                        0x2000'06cc       0x4  Data  Gb  lv_txt.o [4]
lv_txt_encoded_next     0x2000'06c0       0x4  Data  Gb  lv_txt.o [4]
lv_txt_encoded_prev     0x2000'06c4       0x4  Data  Gb  lv_txt.o [4]
lv_txt_encoded_size     0x2000'06bc       0x4  Data  Gb  lv_txt.o [4]
lv_txt_get_encoded_length
                        0x2000'06d0       0x4  Data  Gb  lv_txt.o [4]
lv_txt_get_next_line    0x900f'658b      0xde  Code  Gb  lv_txt.o [4]
lv_txt_get_next_word    0x900f'63d1     0x1ba  Code  Lc  lv_txt.o [4]
lv_txt_get_size         0x900f'62bd     0x114  Code  Gb  lv_txt.o [4]
lv_txt_get_width        0x900f'6669      0x9c  Code  Gb  lv_txt.o [4]
lv_txt_is_cmd           0x900f'6705      0x4c  Code  Gb  lv_txt.o [4]
lv_txt_utf8_get_byte_id
                        0x900f'6943      0x32  Code  Lc  lv_txt.o [4]
lv_txt_utf8_get_char_id
                        0x900f'6975      0x24  Code  Lc  lv_txt.o [4]
lv_txt_utf8_get_length  0x900f'6999      0x24  Code  Lc  lv_txt.o [4]
lv_txt_utf8_next        0x900f'678f     0x15a  Code  Lc  lv_txt.o [4]
lv_txt_utf8_prev        0x900f'68e9      0x5a  Code  Lc  lv_txt.o [4]
lv_txt_utf8_size        0x900f'6755      0x3a  Code  Lc  lv_txt.o [4]
lv_utils_bsearch        0x9012'1a65      0x58  Code  Gb  lv_utils.o [4]
lv_vsnprintf            0x9011'f69d      0x1a  Code  Gb  lv_printf.o [4]
main                    0x9010'5019      0xbc  Code  Gb  main.o [1]
mbox_init               0x9010'cf75      0x1a  Code  Lc  lv_theme_mono.o [4]
med3                    0x9011'0359      0x50  Code  Lc  qsort.o [2]
media_memory            0x3000'0000  0x4'0000  Data  Gb  file.o [1]
memchr                  0x9011'54f5            Code  Gb  memchr.o [6]
memset                  0x9010'52c9      0x14  Code  Gb  memset.o [6]
ndigs                   0x9012'3e68      0x28  Data  Lc  iar_Stoulx.o [2]
node_set_next           0x900f'0501      0x48  Code  Lc  lv_ll.o [4]
node_set_prev           0x900f'04bd      0x44  Code  Lc  lv_ll.o [4]
obj_to_foreground       0x900f'2c25      0x32  Code  Lc  lv_group.o [4]
obuf                    0x2001'33b4      0x50  Data  Lc  xfiles.o [2]
page_Home               0x2000'0400      0x10  Data  Gb  page_home.o [1]
page_Start              0x2000'0414      0x10  Data  Gb  page_start.o [1]
page_init               0x9010'cf8f      0x14  Code  Lc  lv_theme_mono.o [4]
page_manager            0x2001'3f7c       0x8  Data  Gb  display_basic.o [1]
printf                  0x9010'c3e1      0x28  Code  Gb  printf.o [2]
process_line            0x9010'c001      0x34  Code  Lc  bsp_cli.o [1]
putchar                 0x9012'4869       0xc  Code  Gb  putchar.o [2]
px_num                  0x2001'4094       0x4  Data  Lc  lv_refr.o [4]
qsort                   0x9011'06ef      0x18  Code  Gb  qsort.o [2]
rbrecv                  0x2001'3f14      0x10  Data  Lc  bsp_cli.o [1]
recvbuf                 0x2001'349c      0x44  Data  Lc  bsp_cli.o [1]
recvcnt                 0x2001'415c       0x2  Data  Lc  bsp_cli.o [1]
refr_img                0x9011'9f69      0xd0  Code  Lc  lv_imgbtn.o [4]
refresh_children_position
                        0x900f'1ab3      0x48  Code  Lc  lv_obj.o [4]
refresh_children_style  0x900f'1b39      0x46  Code  Lc  lv_obj.o [4]
refresh_theme           0x900f'2aab      0x2a  Code  Lc  lv_group.o [4]
report_style_mod_core   0x900f'1afb      0x3e  Code  Lc  lv_obj.o [4]
ring_buf_get            0x9011'016f      0x80  Code  Gb  bsp_ringbuffer.o [1]
ring_buf_init           0x9011'00cd      0x20  Code  Gb  bsp_ringbuffer.o [1]
ring_buf_put            0x9011'00ed      0x82  Code  Gb  bsp_ringbuffer.o [1]
rle_bpp                 0x2001'4183       0x1  Data  Lc  lv_font_fmt_txt.o [4]
rle_cnt                 0x2001'4185       0x1  Data  Lc  lv_font_fmt_txt.o [4]
rle_in                  0x2001'4150       0x4  Data  Lc  lv_font_fmt_txt.o [4]
rle_init                0x9012'18b7      0x22  Code  Lc  lv_font_fmt_txt.o [4]
rle_next                0x9012'18d9     0x166  Code  Lc  lv_font_fmt_txt.o [4]
rle_prev_v              0x2001'4184       0x1  Data  Lc  lv_font_fmt_txt.o [4]
rle_rdp                 0x2001'414c       0x4  Data  Lc  lv_font_fmt_txt.o [4]
rle_state               0x2001'4186       0x1  Data  Lc  lv_font_fmt_txt.o [4]
roller_init             0x9010'd00f      0x1e  Code  Lc  lv_theme_mono.o [4]
roller_init::bg         0x2001'3dc8      0x3c  Data  Lc  lv_theme_mono.o [4]
rot3                    0x9011'02a1      0x68  Code  Lc  qsort.o [2]
rotate                  0x9011'030f      0x4a  Code  Lc  qsort.o [2]
rxbuf                   0x2001'2920     0x100  Data  Lc  bsp_cli.o [1]
scalbln                 0x9011'5631            Code  Gb  ldexp.o [5]
scalblnl                0x9011'5631            Code  Gb  ldexp.o [5]
scalbn                  0x9011'5631            Code  Gb  ldexp.o [5]
scalbnl                 0x9011'5631            Code  Gb  ldexp.o [5]
scale                   0x9011'17a5      0x46  Code  Lc  xprintffull.o [2]
scr                     0x2001'3abc      0x3c  Data  Lc  lv_theme_mono.o [4]
scratch                 0x2001'2060     0x200  Data  Gb  fx_stm32_sdio_driver.o [3]
sd_read_data            0x9010'e50d     0x120  Code  Lc  fx_stm32_sdio_driver.o [3]
sd_write_data           0x9010'e62d     0x10e  Code  Lc  fx_stm32_sdio_driver.o [3]
sdio_disk               0x2000'87c0    0x24b8  Data  Gb  file.o [1]
sec_hand                0x2001'4158       0x4  Data  Lc  xfail_s.o [2]
slider_init             0x9010'ce41      0x36  Code  Lc  lv_theme_mono.o [4]
slider_init::slider_knob
                        0x2001'3c9c      0x3c  Data  Lc  lv_theme_mono.o [4]
sprintf                 0x9011'2269      0x40  Code  Gb  sprintf.o [2]
strcasecmp              0x9011'01ef      0x46  Code  Gb  strcasecmp.o [2]
strchr                  0x9011'0235            Code  Gb  strchr.o [6]
strcmp                  0x900f'5c11            Code  Gb  strcmp.o [6]
strcpy                  0x900f'5bf9            Code  Gb  strcpy.o [6]
strlen                  0x900f'5bc1            Code  Gb  strlen.o [6]
strsplit                0x9010'bfab      0x56  Code  Lc  bsp_cli.o [1]
style_mod               0x9010'd093      0x1e  Code  Lc  lv_theme_mono.o [4]
style_mod_def           0x900f'2997      0x8a  Code  Lc  lv_group.o [4]
style_mod_edit          0x9010'd0b1      0x1e  Code  Lc  lv_theme_mono.o [4]
style_mod_edit_def      0x900f'2a21      0x8a  Code  Lc  lv_group.o [4]
sw_color_fill           0x900e'fdd1     0x19c  Code  Lc  lv_draw_basic.o [4]
sw_init                 0x9010'ce77      0x1a  Code  Lc  lv_theme_mono.o [4]
sw_mem_blend            0x900e'fd7d      0x54  Code  Lc  lv_draw_basic.o [4]
swap                    0x9011'024b      0x56  Code  Lc  qsort.o [2]
sys_time                0x2001'4014       0x4  Data  Lc  lv_hal_tick.o [4]
ta_init                 0x9010'cfa3      0x1a  Code  Lc  lv_theme_mono.o [4]
tabview_init            0x9010'd02d      0x28  Code  Lc  lv_theme_mono.o [4]
taskPageJump            0x2001'3ffc       0x4  Data  Lc  page_start.o [1]
taskTimeUpdate          0x2001'3fe8       0x4  Data  Lc  page_home.o [1]
task_created            0x2001'417f       0x1  Data  Lc  lv_task.o [4]
task_deleted            0x2001'417e       0x1  Data  Lc  lv_task.o [4]
th_styles               0x2000'ac78    0x18d8  Data  Lc  lv_theme.o [4]
theme                   0x2001'2440     0x1b0  Data  Lc  lv_theme_mono.o [4]
tick_irq_flag           0x2001'4175       0x1  Data  Lc  lv_hal_tick.o [4]
tolower                 0x9011'5361      0x14  Code  Gb  tolower.o [2]
touchpad_read           0x9010'cbf1      0x44  Code  Lc  lv_port_indev.o [4]
touchpad_read::last_x   0x2001'416a       0x2  Data  Lc  lv_port_indev.o [4]
touchpad_read::last_y   0x2001'416c       0x2  Data  Lc  lv_port_indev.o [4]
transfer_semaphore      0x2001'3ec4      0x20  Data  Lc  fx_stm32_sdio_driver.o [3]
tx_application_define   0x9010'9de5      0x8e  Code  Gb  task.o [1]
tx_thread_fpu_disable   0x9010'a21f            Code  Gb  tx_thread_schedule.o [8]
tx_thread_fpu_enable    0x9010'a21f            Code  Gb  tx_thread_schedule.o [8]
unicode_list_1          0x9012'37fc      0xc4  Data  Lc  SYHT_BOLD_20.o [1]
unicode_list_1          0x9012'38c0      0xc4  Data  Lc  SYHT_BOLD_40.o [1]
unicode_list_1          0x900e'804c    0x3598  Data  Lc  SYHT_MED_16.o [1]
unicode_list_1          0x9012'3cf4      0x74  Data  Lc  lv_font_roboto_16.o [4]
unicode_list_compare    0x9012'1a5d       0x8  Code  Lc  lv_font_fmt_txt.o [4]
uwTick                  0x2001'4000       0x4  Data  Gb  stm32h7xx_hal.o [1]
uwTickFreq              0x2000'07bc       0x1  Data  Gb  stm32h7xx_hal.o [1]
uwTickPrio              0x2000'0424       0x4  Data  Gb  stm32h7xx_hal.o [1]
vsnprintf               0x9010'c315      0x3c  Code  Gb  vsnprint.o [2]
win_init                0x9010'd055      0x3e  Code  Lc  lv_theme_mono.o [4]
win_init::win_header    0x2001'3e04      0x3c  Data  Lc  lv_theme_mono.o [4]
work_mem                0x2001'409c       0x4  Data  Lc  lv_mem.o [4]
zero_mem                0x2001'40a0       0x4  Data  Lc  lv_mem.o [4]


[1] = F:\WQA\App\EWARM\App\Obj
[2] = dl7M_tlf.a
[3] = filex.a
[4] = gui.a
[5] = m7M_tlv.a
[6] = rt7M_tl.a
[7] = shb_l.a
[8] = threadx.a

    175'414 bytes of readonly  code memory
  1'025'441 bytes of readonly  data memory
     98'692 bytes of readwrite data memory (+ 415'744 absolute)

Errors: none
Warnings: none
