###############################################################################
#
# IAR ELF Linker V8.40.1.212/W32 for ARM                  14/Oct/2021  22:21:18
# Copyright 2007-2019 IAR Systems AB.
#
#    Output file  =  F:\WQA\App\EWARM\App\Exe\App.out
#    Map file     =  F:\WQA\App\EWARM\App\List\App.map
#    Command line =
#        -f C:\Users\walker\AppData\Local\Temp\EW693A.tmp
#        (F:\WQA\App\EWARM\App\Obj\bsp.o F:\WQA\App\EWARM\App\Obj\bsp_dwt.o
#        F:\WQA\App\EWARM\App\Obj\bsp_eeprom.o F:\WQA\App\EWARM\App\Obj\gpio.o
#        F:\WQA\App\EWARM\App\Obj\main.o F:\WQA\App\EWARM\App\Obj\rtc.o
#        F:\WQA\App\EWARM\App\Obj\startup_stm32h750xx.o
#        F:\WQA\App\EWARM\App\Obj\stm32h7xx_hal.o
#        F:\WQA\App\EWARM\App\Obj\stm32h7xx_hal_cortex.o
#        F:\WQA\App\EWARM\App\Obj\stm32h7xx_hal_dma.o
#        F:\WQA\App\EWARM\App\Obj\stm32h7xx_hal_dma_ex.o
#        F:\WQA\App\EWARM\App\Obj\stm32h7xx_hal_exti.o
#        F:\WQA\App\EWARM\App\Obj\stm32h7xx_hal_flash.o
#        F:\WQA\App\EWARM\App\Obj\stm32h7xx_hal_flash_ex.o
#        F:\WQA\App\EWARM\App\Obj\stm32h7xx_hal_gpio.o
#        F:\WQA\App\EWARM\App\Obj\stm32h7xx_hal_hsem.o
#        F:\WQA\App\EWARM\App\Obj\stm32h7xx_hal_i2c.o
#        F:\WQA\App\EWARM\App\Obj\stm32h7xx_hal_i2c_ex.o
#        F:\WQA\App\EWARM\App\Obj\stm32h7xx_hal_mdma.o
#        F:\WQA\App\EWARM\App\Obj\stm32h7xx_hal_msp.o
#        F:\WQA\App\EWARM\App\Obj\stm32h7xx_hal_pwr.o
#        F:\WQA\App\EWARM\App\Obj\stm32h7xx_hal_pwr_ex.o
#        F:\WQA\App\EWARM\App\Obj\stm32h7xx_hal_rcc.o
#        F:\WQA\App\EWARM\App\Obj\stm32h7xx_hal_rcc_ex.o
#        F:\WQA\App\EWARM\App\Obj\stm32h7xx_hal_rtc.o
#        F:\WQA\App\EWARM\App\Obj\stm32h7xx_hal_rtc_ex.o
#        F:\WQA\App\EWARM\App\Obj\stm32h7xx_hal_tim.o
#        F:\WQA\App\EWARM\App\Obj\stm32h7xx_hal_tim_ex.o
#        F:\WQA\App\EWARM\App\Obj\stm32h7xx_hal_timebase_tim.o
#        F:\WQA\App\EWARM\App\Obj\stm32h7xx_hal_uart.o
#        F:\WQA\App\EWARM\App\Obj\stm32h7xx_hal_uart_ex.o
#        F:\WQA\App\EWARM\App\Obj\stm32h7xx_it.o
#        F:\WQA\App\EWARM\App\Obj\system_stm32h7xx.o
#        F:\WQA\App\EWARM\App\Obj\task.o
#        F:\WQA\App\EWARM\App\Obj\tx_block_allocate.o
#        F:\WQA\App\EWARM\App\Obj\tx_block_pool_cleanup.o
#        F:\WQA\App\EWARM\App\Obj\tx_block_pool_create.o
#        F:\WQA\App\EWARM\App\Obj\tx_block_pool_delete.o
#        F:\WQA\App\EWARM\App\Obj\tx_block_pool_info_get.o
#        F:\WQA\App\EWARM\App\Obj\tx_block_pool_initialize.o
#        F:\WQA\App\EWARM\App\Obj\tx_block_pool_performance_info_get.o
#        F:\WQA\App\EWARM\App\Obj\tx_block_pool_performance_system_info_get.o
#        F:\WQA\App\EWARM\App\Obj\tx_block_pool_prioritize.o
#        F:\WQA\App\EWARM\App\Obj\tx_block_release.o
#        F:\WQA\App\EWARM\App\Obj\tx_byte_allocate.o
#        F:\WQA\App\EWARM\App\Obj\tx_byte_pool_cleanup.o
#        F:\WQA\App\EWARM\App\Obj\tx_byte_pool_create.o
#        F:\WQA\App\EWARM\App\Obj\tx_byte_pool_delete.o
#        F:\WQA\App\EWARM\App\Obj\tx_byte_pool_info_get.o
#        F:\WQA\App\EWARM\App\Obj\tx_byte_pool_initialize.o
#        F:\WQA\App\EWARM\App\Obj\tx_byte_pool_performance_info_get.o
#        F:\WQA\App\EWARM\App\Obj\tx_byte_pool_performance_system_info_get.o
#        F:\WQA\App\EWARM\App\Obj\tx_byte_pool_prioritize.o
#        F:\WQA\App\EWARM\App\Obj\tx_byte_pool_search.o
#        F:\WQA\App\EWARM\App\Obj\tx_byte_release.o
#        F:\WQA\App\EWARM\App\Obj\tx_event_flags_cleanup.o
#        F:\WQA\App\EWARM\App\Obj\tx_event_flags_create.o
#        F:\WQA\App\EWARM\App\Obj\tx_event_flags_delete.o
#        F:\WQA\App\EWARM\App\Obj\tx_event_flags_get.o
#        F:\WQA\App\EWARM\App\Obj\tx_event_flags_info_get.o
#        F:\WQA\App\EWARM\App\Obj\tx_event_flags_initialize.o
#        F:\WQA\App\EWARM\App\Obj\tx_event_flags_performance_info_get.o
#        F:\WQA\App\EWARM\App\Obj\tx_event_flags_performance_system_info_get.o
#        F:\WQA\App\EWARM\App\Obj\tx_event_flags_set.o
#        F:\WQA\App\EWARM\App\Obj\tx_event_flags_set_notify.o
#        F:\WQA\App\EWARM\App\Obj\tx_iar.o
#        F:\WQA\App\EWARM\App\Obj\tx_initialize_high_level.o
#        F:\WQA\App\EWARM\App\Obj\tx_initialize_kernel_enter.o
#        F:\WQA\App\EWARM\App\Obj\tx_initialize_kernel_setup.o
#        F:\WQA\App\EWARM\App\Obj\tx_initialize_low_level.o
#        F:\WQA\App\EWARM\App\Obj\tx_misra.o
#        F:\WQA\App\EWARM\App\Obj\tx_mutex_cleanup.o
#        F:\WQA\App\EWARM\App\Obj\tx_mutex_create.o
#        F:\WQA\App\EWARM\App\Obj\tx_mutex_delete.o
#        F:\WQA\App\EWARM\App\Obj\tx_mutex_get.o
#        F:\WQA\App\EWARM\App\Obj\tx_mutex_info_get.o
#        F:\WQA\App\EWARM\App\Obj\tx_mutex_initialize.o
#        F:\WQA\App\EWARM\App\Obj\tx_mutex_performance_info_get.o
#        F:\WQA\App\EWARM\App\Obj\tx_mutex_performance_system_info_get.o
#        F:\WQA\App\EWARM\App\Obj\tx_mutex_prioritize.o
#        F:\WQA\App\EWARM\App\Obj\tx_mutex_priority_change.o
#        F:\WQA\App\EWARM\App\Obj\tx_mutex_put.o
#        F:\WQA\App\EWARM\App\Obj\tx_queue_cleanup.o
#        F:\WQA\App\EWARM\App\Obj\tx_queue_create.o
#        F:\WQA\App\EWARM\App\Obj\tx_queue_delete.o
#        F:\WQA\App\EWARM\App\Obj\tx_queue_flush.o
#        F:\WQA\App\EWARM\App\Obj\tx_queue_front_send.o
#        F:\WQA\App\EWARM\App\Obj\tx_queue_info_get.o
#        F:\WQA\App\EWARM\App\Obj\tx_queue_initialize.o
#        F:\WQA\App\EWARM\App\Obj\tx_queue_performance_info_get.o
#        F:\WQA\App\EWARM\App\Obj\tx_queue_performance_system_info_get.o
#        F:\WQA\App\EWARM\App\Obj\tx_queue_prioritize.o
#        F:\WQA\App\EWARM\App\Obj\tx_queue_receive.o
#        F:\WQA\App\EWARM\App\Obj\tx_queue_send.o
#        F:\WQA\App\EWARM\App\Obj\tx_queue_send_notify.o
#        F:\WQA\App\EWARM\App\Obj\tx_semaphore_ceiling_put.o
#        F:\WQA\App\EWARM\App\Obj\tx_semaphore_cleanup.o
#        F:\WQA\App\EWARM\App\Obj\tx_semaphore_create.o
#        F:\WQA\App\EWARM\App\Obj\tx_semaphore_delete.o
#        F:\WQA\App\EWARM\App\Obj\tx_semaphore_get.o
#        F:\WQA\App\EWARM\App\Obj\tx_semaphore_info_get.o
#        F:\WQA\App\EWARM\App\Obj\tx_semaphore_initialize.o
#        F:\WQA\App\EWARM\App\Obj\tx_semaphore_performance_info_get.o
#        F:\WQA\App\EWARM\App\Obj\tx_semaphore_performance_system_info_get.o
#        F:\WQA\App\EWARM\App\Obj\tx_semaphore_prioritize.o
#        F:\WQA\App\EWARM\App\Obj\tx_semaphore_put.o
#        F:\WQA\App\EWARM\App\Obj\tx_semaphore_put_notify.o
#        F:\WQA\App\EWARM\App\Obj\tx_thread_context_restore.o
#        F:\WQA\App\EWARM\App\Obj\tx_thread_context_save.o
#        F:\WQA\App\EWARM\App\Obj\tx_thread_create.o
#        F:\WQA\App\EWARM\App\Obj\tx_thread_delete.o
#        F:\WQA\App\EWARM\App\Obj\tx_thread_entry_exit_notify.o
#        F:\WQA\App\EWARM\App\Obj\tx_thread_identify.o
#        F:\WQA\App\EWARM\App\Obj\tx_thread_info_get.o
#        F:\WQA\App\EWARM\App\Obj\tx_thread_initialize.o
#        F:\WQA\App\EWARM\App\Obj\tx_thread_interrupt_control.o
#        F:\WQA\App\EWARM\App\Obj\tx_thread_interrupt_disable.o
#        F:\WQA\App\EWARM\App\Obj\tx_thread_interrupt_restore.o
#        F:\WQA\App\EWARM\App\Obj\tx_thread_performance_info_get.o
#        F:\WQA\App\EWARM\App\Obj\tx_thread_performance_system_info_get.o
#        F:\WQA\App\EWARM\App\Obj\tx_thread_preemption_change.o
#        F:\WQA\App\EWARM\App\Obj\tx_thread_priority_change.o
#        F:\WQA\App\EWARM\App\Obj\tx_thread_relinquish.o
#        F:\WQA\App\EWARM\App\Obj\tx_thread_reset.o
#        F:\WQA\App\EWARM\App\Obj\tx_thread_resume.o
#        F:\WQA\App\EWARM\App\Obj\tx_thread_schedule.o
#        F:\WQA\App\EWARM\App\Obj\tx_thread_shell_entry.o
#        F:\WQA\App\EWARM\App\Obj\tx_thread_sleep.o
#        F:\WQA\App\EWARM\App\Obj\tx_thread_stack_analyze.o
#        F:\WQA\App\EWARM\App\Obj\tx_thread_stack_build.o
#        F:\WQA\App\EWARM\App\Obj\tx_thread_stack_error_handler.o
#        F:\WQA\App\EWARM\App\Obj\tx_thread_stack_error_notify.o
#        F:\WQA\App\EWARM\App\Obj\tx_thread_suspend.o
#        F:\WQA\App\EWARM\App\Obj\tx_thread_system_preempt_check.o
#        F:\WQA\App\EWARM\App\Obj\tx_thread_system_resume.o
#        F:\WQA\App\EWARM\App\Obj\tx_thread_system_return.o
#        F:\WQA\App\EWARM\App\Obj\tx_thread_system_suspend.o
#        F:\WQA\App\EWARM\App\Obj\tx_thread_terminate.o
#        F:\WQA\App\EWARM\App\Obj\tx_thread_time_slice.o
#        F:\WQA\App\EWARM\App\Obj\tx_thread_time_slice_change.o
#        F:\WQA\App\EWARM\App\Obj\tx_thread_timeout.o
#        F:\WQA\App\EWARM\App\Obj\tx_thread_wait_abort.o
#        F:\WQA\App\EWARM\App\Obj\tx_time_get.o
#        F:\WQA\App\EWARM\App\Obj\tx_time_set.o
#        F:\WQA\App\EWARM\App\Obj\tx_timer_activate.o
#        F:\WQA\App\EWARM\App\Obj\tx_timer_change.o
#        F:\WQA\App\EWARM\App\Obj\tx_timer_create.o
#        F:\WQA\App\EWARM\App\Obj\tx_timer_deactivate.o
#        F:\WQA\App\EWARM\App\Obj\tx_timer_delete.o
#        F:\WQA\App\EWARM\App\Obj\tx_timer_expiration_process.o
#        F:\WQA\App\EWARM\App\Obj\tx_timer_info_get.o
#        F:\WQA\App\EWARM\App\Obj\tx_timer_initialize.o
#        F:\WQA\App\EWARM\App\Obj\tx_timer_interrupt.o
#        F:\WQA\App\EWARM\App\Obj\tx_timer_performance_info_get.o
#        F:\WQA\App\EWARM\App\Obj\tx_timer_performance_system_info_get.o
#        F:\WQA\App\EWARM\App\Obj\tx_timer_system_activate.o
#        F:\WQA\App\EWARM\App\Obj\tx_timer_system_deactivate.o
#        F:\WQA\App\EWARM\App\Obj\tx_timer_thread_entry.o
#        F:\WQA\App\EWARM\App\Obj\tx_trace_buffer_full_notify.o
#        F:\WQA\App\EWARM\App\Obj\tx_trace_disable.o
#        F:\WQA\App\EWARM\App\Obj\tx_trace_enable.o
#        F:\WQA\App\EWARM\App\Obj\tx_trace_event_filter.o
#        F:\WQA\App\EWARM\App\Obj\tx_trace_event_unfilter.o
#        F:\WQA\App\EWARM\App\Obj\tx_trace_initialize.o
#        F:\WQA\App\EWARM\App\Obj\tx_trace_interrupt_control.o
#        F:\WQA\App\EWARM\App\Obj\tx_trace_isr_enter_insert.o
#        F:\WQA\App\EWARM\App\Obj\tx_trace_isr_exit_insert.o
#        F:\WQA\App\EWARM\App\Obj\tx_trace_object_register.o
#        F:\WQA\App\EWARM\App\Obj\tx_trace_object_unregister.o
#        F:\WQA\App\EWARM\App\Obj\tx_trace_user_event_insert.o
#        F:\WQA\App\EWARM\App\Obj\txe_block_allocate.o
#        F:\WQA\App\EWARM\App\Obj\txe_block_pool_create.o
#        F:\WQA\App\EWARM\App\Obj\txe_block_pool_delete.o
#        F:\WQA\App\EWARM\App\Obj\txe_block_pool_info_get.o
#        F:\WQA\App\EWARM\App\Obj\txe_block_pool_prioritize.o
#        F:\WQA\App\EWARM\App\Obj\txe_block_release.o
#        F:\WQA\App\EWARM\App\Obj\txe_byte_allocate.o
#        F:\WQA\App\EWARM\App\Obj\txe_byte_pool_create.o
#        F:\WQA\App\EWARM\App\Obj\txe_byte_pool_delete.o
#        F:\WQA\App\EWARM\App\Obj\txe_byte_pool_info_get.o
#        F:\WQA\App\EWARM\App\Obj\txe_byte_pool_prioritize.o
#        F:\WQA\App\EWARM\App\Obj\txe_byte_release.o
#        F:\WQA\App\EWARM\App\Obj\txe_event_flags_create.o
#        F:\WQA\App\EWARM\App\Obj\txe_event_flags_delete.o
#        F:\WQA\App\EWARM\App\Obj\txe_event_flags_get.o
#        F:\WQA\App\EWARM\App\Obj\txe_event_flags_info_get.o
#        F:\WQA\App\EWARM\App\Obj\txe_event_flags_set.o
#        F:\WQA\App\EWARM\App\Obj\txe_event_flags_set_notify.o
#        F:\WQA\App\EWARM\App\Obj\txe_mutex_create.o
#        F:\WQA\App\EWARM\App\Obj\txe_mutex_delete.o
#        F:\WQA\App\EWARM\App\Obj\txe_mutex_get.o
#        F:\WQA\App\EWARM\App\Obj\txe_mutex_info_get.o
#        F:\WQA\App\EWARM\App\Obj\txe_mutex_prioritize.o
#        F:\WQA\App\EWARM\App\Obj\txe_mutex_put.o
#        F:\WQA\App\EWARM\App\Obj\txe_queue_create.o
#        F:\WQA\App\EWARM\App\Obj\txe_queue_delete.o
#        F:\WQA\App\EWARM\App\Obj\txe_queue_flush.o
#        F:\WQA\App\EWARM\App\Obj\txe_queue_front_send.o
#        F:\WQA\App\EWARM\App\Obj\txe_queue_info_get.o
#        F:\WQA\App\EWARM\App\Obj\txe_queue_prioritize.o
#        F:\WQA\App\EWARM\App\Obj\txe_queue_receive.o
#        F:\WQA\App\EWARM\App\Obj\txe_queue_send.o
#        F:\WQA\App\EWARM\App\Obj\txe_queue_send_notify.o
#        F:\WQA\App\EWARM\App\Obj\txe_semaphore_ceiling_put.o
#        F:\WQA\App\EWARM\App\Obj\txe_semaphore_create.o
#        F:\WQA\App\EWARM\App\Obj\txe_semaphore_delete.o
#        F:\WQA\App\EWARM\App\Obj\txe_semaphore_get.o
#        F:\WQA\App\EWARM\App\Obj\txe_semaphore_info_get.o
#        F:\WQA\App\EWARM\App\Obj\txe_semaphore_prioritize.o
#        F:\WQA\App\EWARM\App\Obj\txe_semaphore_put.o
#        F:\WQA\App\EWARM\App\Obj\txe_semaphore_put_notify.o
#        F:\WQA\App\EWARM\App\Obj\txe_thread_create.o
#        F:\WQA\App\EWARM\App\Obj\txe_thread_delete.o
#        F:\WQA\App\EWARM\App\Obj\txe_thread_entry_exit_notify.o
#        F:\WQA\App\EWARM\App\Obj\txe_thread_info_get.o
#        F:\WQA\App\EWARM\App\Obj\txe_thread_preemption_change.o
#        F:\WQA\App\EWARM\App\Obj\txe_thread_priority_change.o
#        F:\WQA\App\EWARM\App\Obj\txe_thread_relinquish.o
#        F:\WQA\App\EWARM\App\Obj\txe_thread_reset.o
#        F:\WQA\App\EWARM\App\Obj\txe_thread_resume.o
#        F:\WQA\App\EWARM\App\Obj\txe_thread_suspend.o
#        F:\WQA\App\EWARM\App\Obj\txe_thread_terminate.o
#        F:\WQA\App\EWARM\App\Obj\txe_thread_time_slice_change.o
#        F:\WQA\App\EWARM\App\Obj\txe_thread_wait_abort.o
#        F:\WQA\App\EWARM\App\Obj\txe_timer_activate.o
#        F:\WQA\App\EWARM\App\Obj\txe_timer_change.o
#        F:\WQA\App\EWARM\App\Obj\txe_timer_create.o
#        F:\WQA\App\EWARM\App\Obj\txe_timer_deactivate.o
#        F:\WQA\App\EWARM\App\Obj\txe_timer_delete.o
#        F:\WQA\App\EWARM\App\Obj\txe_timer_info_get.o
#        F:\WQA\App\EWARM\App\Obj\usart.o --redirect _Printf=_PrintfFull
#        --redirect _Scanf=_ScanfFull --no_out_extension -o
#        F:\WQA\App\EWARM\App\Exe\App.out --map
#        F:\WQA\App\EWARM\App\List\App.map --config
#        F:\WQA\App\EWARM/stm32h750xx_flash.icf --semihosting --entry
#        __iar_program_start --vfe --text_out locale)
#
###############################################################################

*******************************************************************************
*** RUNTIME MODEL ATTRIBUTES
***

CppFlavor       = *
__SystemLibrary = DLib
__dlib_version  = 6


*******************************************************************************
*** HEAP SELECTION
***

The basic heap was selected because no calls to memory allocation
functions were found in the application outside of system library
functions, and there are calls to deallocation functions in the
application.


*******************************************************************************
*** PLACEMENT SUMMARY
***

"A0":  place at address 0x9000'0000 { ro section .intvec };
"P1":  place in [from 0x9000'0000 to 0x91ff'ffff] { ro };
define block CSTACK with size = 8K, alignment = 8 { };
define block HEAP with size = 8K, alignment = 8 { };
"P2":  place in [from 0x2000'0000 to 0x2001'ffff] {
          rw, block CSTACK, block HEAP };
initialize by copy { rw };

  Section            Kind         Address    Size  Object
  -------            ----         -------    ----  ------
"P2", part 1 of 3:                           0x14
  P2-1                        0x2000'0000    0x11  <Init block>
    .data            inited   0x2000'0000     0x4  stm32h7xx_hal.o [1]
    .data            inited   0x2000'0004     0x4  system_stm32h7xx.o [1]
    .data            inited   0x2000'0008     0x4  system_stm32h7xx.o [1]
    .data            inited   0x2000'000c     0x4  tx_thread_initialize.o [1]
    .data            inited   0x2000'0010     0x1  stm32h7xx_hal.o [1]
                            - 0x2000'0011    0x11

"P2", part 2 of 3:                         0x19c8
  .bss               zero     0x2000'0018   0x800  task.o [1]
  .bss               zero     0x2000'0818   0x400  task.o [1]
  .bss               zero     0x2000'0c18   0x400  task.o [1]
  .bss               zero     0x2000'1018   0x400  tx_timer_initialize.o [1]
  .bss               zero     0x2000'1418    0xb4  task.o [1]
  .bss               zero     0x2000'14cc    0xb4  task.o [1]
  .bss               zero     0x2000'1580    0xb4  task.o [1]
  .bss               zero     0x2000'1634    0xb4  tx_timer_initialize.o [1]
  .bss               zero     0x2000'16e8    0x90  usart.o [1]
  .bss               zero     0x2000'1778    0x80  tx_thread_initialize.o [1]
  .bss               zero     0x2000'17f8    0x80  tx_timer_initialize.o [1]
  .bss               zero     0x2000'1878    0x4c  stm32h7xx_hal_timebase_tim.o [1]
  .bss               zero     0x2000'18c4    0x34  task.o [1]
  .bss               zero     0x2000'18f8    0x24  rtc.o [1]
  FREE_MEM           zero     0x2000'191c    0x10  tx_initialize_low_level.o [1]
  .bss               zero     0x2000'192c     0x4  stm32h7xx_hal.o [1]
  .bss               zero     0x2000'1930     0x4  task.o [1]
  .bss               zero     0x2000'1934     0x4  task.o [1]
  .bss               zero     0x2000'1938     0x4  task.o [1]
  .bss               zero     0x2000'193c     0x4  task.o [1]
  .bss               zero     0x2000'1940     0x4  tx_initialize_high_level.o [1]
  .bss               zero     0x2000'1944     0x4  tx_initialize_high_level.o [1]
  .bss               zero     0x2000'1948     0x4  tx_initialize_high_level.o [1]
  .bss               zero     0x2000'194c     0x4  tx_initialize_high_level.o [1]
  .bss               zero     0x2000'1950     0x4  tx_initialize_high_level.o [1]
  .bss               zero     0x2000'1954     0x4  tx_initialize_high_level.o [1]
  .bss               zero     0x2000'1958     0x4  tx_initialize_high_level.o [1]
  .bss               zero     0x2000'195c     0x4  tx_initialize_high_level.o [1]
  .bss               zero     0x2000'1960     0x4  tx_initialize_high_level.o [1]
  .bss               zero     0x2000'1964     0x4  tx_initialize_high_level.o [1]
  .bss               zero     0x2000'1968     0x4  tx_initialize_high_level.o [1]
  .bss               zero     0x2000'196c     0x4  tx_initialize_high_level.o [1]
  .bss               zero     0x2000'1970     0x4  tx_initialize_high_level.o [1]
  .bss               zero     0x2000'1974     0x4  tx_thread_initialize.o [1]
  .bss               zero     0x2000'1978     0x4  tx_thread_initialize.o [1]
  .bss               zero     0x2000'197c     0x4  tx_thread_initialize.o [1]
  .bss               zero     0x2000'1980     0x4  tx_thread_initialize.o [1]
  .bss               zero     0x2000'1984     0x4  tx_thread_initialize.o [1]
  .bss               zero     0x2000'1988     0x4  tx_thread_initialize.o [1]
  .bss               zero     0x2000'198c     0x4  tx_thread_initialize.o [1]
  .bss               zero     0x2000'1990     0x4  tx_thread_initialize.o [1]
  .bss               zero     0x2000'1994     0x4  tx_thread_initialize.o [1]
  .bss               zero     0x2000'1998     0x4  tx_thread_initialize.o [1]
  .bss               zero     0x2000'199c     0x4  tx_thread_initialize.o [1]
  .bss               zero     0x2000'19a0     0x4  tx_thread_initialize.o [1]
  .bss               zero     0x2000'19a4     0x4  tx_timer_initialize.o [1]
  .bss               zero     0x2000'19a8     0x4  tx_timer_initialize.o [1]
  .bss               zero     0x2000'19ac     0x4  tx_timer_initialize.o [1]
  .bss               zero     0x2000'19b0     0x4  tx_timer_initialize.o [1]
  .bss               zero     0x2000'19b4     0x4  tx_timer_initialize.o [1]
  .bss               zero     0x2000'19b8     0x4  tx_timer_initialize.o [1]
  .bss               zero     0x2000'19bc     0x4  tx_timer_initialize.o [1]
  .bss               zero     0x2000'19c0     0x4  tx_timer_initialize.o [1]
  .bss               zero     0x2000'19c4     0x4  tx_timer_initialize.o [1]
  .bss               zero     0x2000'19c8     0x4  tx_timer_initialize.o [1]
  .bss               zero     0x2000'19cc     0x4  tx_timer_initialize.o [1]
  .bss               zero     0x2000'19d0     0x4  tx_timer_initialize.o [1]
  .bss               zero     0x2000'19d4     0x4  tx_timer_initialize.o [1]
  .bss               zero     0x2000'19d8     0x1  task.o [1]
                            - 0x2000'19d9  0x19c5

"P2", part 3 of 3:                         0x2000
  CSTACK                      0x2000'19e0  0x2000  <Block>
    CSTACK           uninit   0x2000'19e0  0x2000  <Block tail>
                            - 0x2000'39e0  0x2000

"A0":                                       0x298
  .intvec            ro code  0x9000'0000   0x298  startup_stm32h750xx.o [1]
                            - 0x9000'0298   0x298

"P1":                                      0x5f84
  .text              ro code  0x9000'0298  0x1168  stm32h7xx_hal_rcc_ex.o [1]
  .text              ro code  0x9000'1400     0xc  stm32h7xx_hal.o [1]
  .text              ro code  0x9000'140c   0xc48  stm32h7xx_hal_rcc.o [1]
  .text              ro code  0x9000'2054    0xd0  stm32h7xx_hal_timebase_tim.o [1]
  .text              ro code  0x9000'2124    0x74  stm32h7xx_hal.o [1]
  .text              ro code  0x9000'2198   0x1ac  stm32h7xx_hal_cortex.o [1]
  .text              ro code  0x9000'2344   0x3ae  stm32h7xx_hal_tim.o [1]
  .text              ro code  0x9000'26f2    0x3a  zero_init3.o [4]
  .text              ro code  0x9000'272c    0x20  stm32h7xx_hal_msp.o [1]
  .text              ro code  0x9000'274c     0x2  stm32h7xx_hal_tim.o [1]
  .text              ro code  0x9000'274e     0x2  stm32h7xx_hal_tim.o [1]
  .text              ro code  0x9000'2750     0x2  stm32h7xx_hal_tim.o [1]
  .text              ro code  0x9000'2752    0x2e  copy_init3.o [4]
  .text              ro code  0x9000'2780   0x278  main.o [1]
  .text              ro code  0x9000'29f8     0x2  stm32h7xx_hal_tim_ex.o [1]
  .text              ro code  0x9000'29fa     0x2  stm32h7xx_hal_tim_ex.o [1]
  .text              ro code  0x9000'29fc     0x2  stm32h7xx_hal_tim.o [1]
  .text              ro code  0x9000'29fe     0x2  stm32h7xx_hal_tim_ex.o [1]
  .text              ro code  0x9000'2a00    0xe0  gpio.o [1]
  .text              ro code  0x9000'2ae0   0x108  rtc.o [1]
  .text              ro code  0x9000'2be8   0x118  usart.o [1]
  .text              ro code  0x9000'2d00    0x48  tx_initialize_kernel_enter.o [1]
  .text              ro code  0x9000'2d48    0x66  ABImemset.o [4]
  .text              ro code  0x9000'2db0    0x58  stm32h7xx_hal_pwr_ex.o [1]
  .text              ro code  0x9000'2e08    0x10  stm32h7xx_hal_pwr.o [1]
  .text              ro code  0x9000'2e18    0x18  stm32h7xx_hal.o [1]
  .text              ro code  0x9000'2e30    0x14  memset.o [4]
  .text              ro code  0x9000'2e44   0x274  stm32h7xx_hal_gpio.o [1]
  .text              ro code  0x9000'30b8   0x378  stm32h7xx_hal_rtc.o [1]
  .text              ro code  0x9000'3430    0x1a  stm32h7xx_hal_rtc_ex.o [1]
  .text              ro code  0x9000'344c   0x848  stm32h7xx_hal_uart.o [1]
  .text              ro code  0x9000'3c94   0x170  stm32h7xx_hal_uart_ex.o [1]
  .text              ro code  0x9000'3e04    0x74  tx_initialize_low_level.o [1]
  .text              ro code  0x9000'3e78    0x84  tx_initialize_high_level.o [1]
  .text              ro code  0x9000'3efc   0x1b8  task.o [1]
  .text              ro code  0x9000'40b4    0xc0  tx_thread_schedule.o [1]
  .text              ro code  0x9000'4174   0x230  I64DivMod.o [4]
  .text              ro code  0x9000'43a4    0xb8  tx_timer_interrupt.o [1]
  .text              ro code  0x9000'445c    0xac  tx_thread_initialize.o [1]
  .text              ro code  0x9000'4508    0xf8  tx_timer_initialize.o [1]
  .text              ro code  0x9000'4600   0x190  txe_thread_create.o [1]
  .text              ro code  0x9000'4790     0xa  bsp.o [1]
  .text              ro code  0x9000'479c    0x9c  tx_thread_sleep.o [1]
  .text              ro code  0x9000'4838    0xec  txe_mutex_create.o [1]
  .text              ro code  0x9000'4924     0x2  I64DivZer.o [4]
  .text              ro code  0x9000'4928    0x28  tx_timer_expiration_process.o [1]
  .text              ro code  0x9000'4950   0x178  tx_thread_time_slice.o [1]
  .text              ro code  0x9000'4ac8   0x1a8  tx_thread_create.o [1]
  .text              ro code  0x9000'4c70    0xd0  tx_thread_system_preempt_check.o [1]
  .text              ro code  0x9000'4d40    0x28  bsp_dwt.o [1]
  .text              ro code  0x9000'4d68   0x340  tx_thread_system_suspend.o [1]
  .text              ro code  0x9000'50a8    0x80  tx_mutex_create.o [1]
  .text              ro code  0x9000'5128   0x314  tx_thread_system_resume.o [1]
  .text              ro code  0x9000'543c    0x24  tx_thread_stack_error_handler.o [1]
  .text              ro code  0x9000'5460    0x90  tx_thread_stack_analyze.o [1]
  .text              ro code  0x9000'54f0    0x44  tx_thread_stack_build.o [1]
  .text              ro code  0x9000'5534    0x78  tx_timer_system_activate.o [1]
  .text              ro code  0x9000'55ac    0x36  tx_timer_system_deactivate.o [1]
  .text              ro code  0x9000'55e4   0x2b8  tx_mutex_put.o [1]
  .text              ro code  0x9000'589c   0x100  tx_mutex_prioritize.o [1]
  .text              ro code  0x9000'599c   0x108  tx_mutex_priority_change.o [1]
  .text              ro code  0x9000'5aa4   0x168  tx_timer_thread_entry.o [1]
  .text              ro code  0x9000'5c0c   0x124  system_stm32h7xx.o [1]
  .text              ro code  0x9000'5d30    0x8c  tx_thread_shell_entry.o [1]
  .text              ro code  0x9000'5dbc    0x54  tx_mutex_cleanup.o [1]
  .text              ro code  0x9000'5e10    0x50  tx_thread_timeout.o [1]
  .text              ro code  0x9000'5e60    0x28  data_init.o [4]
  .text              ro code  0x9000'5e88    0x22  fpinit_M.o [3]
  .iar.init_table    const    0x9000'5eac    0x24  - Linker created -
  .text              ro code  0x9000'5ed0    0x1e  cmain.o [4]
  .text              ro code  0x9000'5eee     0x4  low_level_init.o [2]
  .text              ro code  0x9000'5ef2     0x4  exit.o [2]
  .text              ro code  0x9000'5ef8     0xa  cexit.o [4]
  .text              ro code  0x9000'5f04    0x14  exit.o [5]
  .text              ro code  0x9000'5f18    0x1c  stm32h7xx_it.o [1]
  .rodata            const    0x9000'5f34    0x18  stm32h7xx_hal_uart.o [1]
  .rodata            const    0x9000'5f4c    0x14  tx_timer_initialize.o [1]
  Initializer bytes  const    0x9000'5f60    0x14  <for P2-1>
  .rodata            const    0x9000'5f74    0x10  system_stm32h7xx.o [1]
  .rodata            const    0x9000'5f84    0x10  task.o [1]
  .rodata            const    0x9000'5f94    0x10  task.o [1]
  .rodata            const    0x9000'5fa4    0x10  task.o [1]
  .rodata            const    0x9000'5fb4    0x10  task.o [1]
  .text              ro code  0x9000'5fc4    0x10  startup_stm32h750xx.o [1]
  .text              ro code  0x9000'5fd4     0xc  cstartup_M.o [4]
  .rodata            const    0x9000'5fe0     0x8  stm32h7xx_hal_uart_ex.o [1]
  .rodata            const    0x9000'5fe8     0x8  stm32h7xx_hal_uart_ex.o [1]
  .text              ro code  0x9000'5ff0     0x4  startup_stm32h750xx.o [1]
  .text              ro code  0x9000'5ff4     0x4  startup_stm32h750xx.o [1]
  .text              ro code  0x9000'5ff8     0x4  startup_stm32h750xx.o [1]
  .text              ro code  0x9000'5ffc     0x4  startup_stm32h750xx.o [1]
  .text              ro code  0x9000'6000     0x4  startup_stm32h750xx.o [1]
  .text              ro code  0x9000'6004     0x4  startup_stm32h750xx.o [1]
  .text              ro code  0x9000'6008     0x4  startup_stm32h750xx.o [1]
  .text              ro code  0x9000'600c     0x4  startup_stm32h750xx.o [1]
  .text              ro code  0x9000'6010     0x4  startup_stm32h750xx.o [1]
  .text              ro code  0x9000'6014     0x4  startup_stm32h750xx.o [1]
  .text              ro code  0x9000'6018     0x4  startup_stm32h750xx.o [1]
  .text              ro code  0x9000'601c     0x4  startup_stm32h750xx.o [1]
  .text              ro code  0x9000'6020     0x4  startup_stm32h750xx.o [1]
  .text              ro code  0x9000'6024     0x4  startup_stm32h750xx.o [1]
  .text              ro code  0x9000'6028     0x4  startup_stm32h750xx.o [1]
  .text              ro code  0x9000'602c     0x4  startup_stm32h750xx.o [1]
  .text              ro code  0x9000'6030     0x4  startup_stm32h750xx.o [1]
  .text              ro code  0x9000'6034     0x4  startup_stm32h750xx.o [1]
  .text              ro code  0x9000'6038     0x4  startup_stm32h750xx.o [1]
  .text              ro code  0x9000'603c     0x4  startup_stm32h750xx.o [1]
  .text              ro code  0x9000'6040     0x4  startup_stm32h750xx.o [1]
  .text              ro code  0x9000'6044     0x4  startup_stm32h750xx.o [1]
  .text              ro code  0x9000'6048     0x4  startup_stm32h750xx.o [1]
  .text              ro code  0x9000'604c     0x4  startup_stm32h750xx.o [1]
  .text              ro code  0x9000'6050     0x4  startup_stm32h750xx.o [1]
  .text              ro code  0x9000'6054     0x4  startup_stm32h750xx.o [1]
  .text              ro code  0x9000'6058     0x4  startup_stm32h750xx.o [1]
  .text              ro code  0x9000'605c     0x4  startup_stm32h750xx.o [1]
  .text              ro code  0x9000'6060     0x4  startup_stm32h750xx.o [1]
  .text              ro code  0x9000'6064     0x4  startup_stm32h750xx.o [1]
  .text              ro code  0x9000'6068     0x4  startup_stm32h750xx.o [1]
  .text              ro code  0x9000'606c     0x4  startup_stm32h750xx.o [1]
  .text              ro code  0x9000'6070     0x4  startup_stm32h750xx.o [1]
  .text              ro code  0x9000'6074     0x4  startup_stm32h750xx.o [1]
  .text              ro code  0x9000'6078     0x4  startup_stm32h750xx.o [1]
  .text              ro code  0x9000'607c     0x4  startup_stm32h750xx.o [1]
  .text              ro code  0x9000'6080     0x4  startup_stm32h750xx.o [1]
  .text              ro code  0x9000'6084     0x4  startup_stm32h750xx.o [1]
  .text              ro code  0x9000'6088     0x4  startup_stm32h750xx.o [1]
  .text              ro code  0x9000'608c     0x4  startup_stm32h750xx.o [1]
  .text              ro code  0x9000'6090     0x4  startup_stm32h750xx.o [1]
  .text              ro code  0x9000'6094     0x4  startup_stm32h750xx.o [1]
  .text              ro code  0x9000'6098     0x4  startup_stm32h750xx.o [1]
  .text              ro code  0x9000'609c     0x4  startup_stm32h750xx.o [1]
  .text              ro code  0x9000'60a0     0x4  startup_stm32h750xx.o [1]
  .text              ro code  0x9000'60a4     0x4  startup_stm32h750xx.o [1]
  .text              ro code  0x9000'60a8     0x4  startup_stm32h750xx.o [1]
  .text              ro code  0x9000'60ac     0x4  startup_stm32h750xx.o [1]
  .text              ro code  0x9000'60b0     0x4  startup_stm32h750xx.o [1]
  .text              ro code  0x9000'60b4     0x4  startup_stm32h750xx.o [1]
  .text              ro code  0x9000'60b8     0x4  startup_stm32h750xx.o [1]
  .text              ro code  0x9000'60bc     0x4  startup_stm32h750xx.o [1]
  .text              ro code  0x9000'60c0     0x4  startup_stm32h750xx.o [1]
  .text              ro code  0x9000'60c4     0x4  startup_stm32h750xx.o [1]
  .text              ro code  0x9000'60c8     0x4  startup_stm32h750xx.o [1]
  .text              ro code  0x9000'60cc     0x4  startup_stm32h750xx.o [1]
  .text              ro code  0x9000'60d0     0x4  startup_stm32h750xx.o [1]
  .text              ro code  0x9000'60d4     0x4  startup_stm32h750xx.o [1]
  .text              ro code  0x9000'60d8     0x4  startup_stm32h750xx.o [1]
  .text              ro code  0x9000'60dc     0x4  startup_stm32h750xx.o [1]
  .text              ro code  0x9000'60e0     0x4  startup_stm32h750xx.o [1]
  .text              ro code  0x9000'60e4     0x4  startup_stm32h750xx.o [1]
  .text              ro code  0x9000'60e8     0x4  startup_stm32h750xx.o [1]
  .text              ro code  0x9000'60ec     0x4  startup_stm32h750xx.o [1]
  .text              ro code  0x9000'60f0     0x4  startup_stm32h750xx.o [1]
  .text              ro code  0x9000'60f4     0x4  startup_stm32h750xx.o [1]
  .text              ro code  0x9000'60f8     0x4  startup_stm32h750xx.o [1]
  .text              ro code  0x9000'60fc     0x4  startup_stm32h750xx.o [1]
  .text              ro code  0x9000'6100     0x4  startup_stm32h750xx.o [1]
  .text              ro code  0x9000'6104     0x4  startup_stm32h750xx.o [1]
  .text              ro code  0x9000'6108     0x4  startup_stm32h750xx.o [1]
  .text              ro code  0x9000'610c     0x4  startup_stm32h750xx.o [1]
  .text              ro code  0x9000'6110     0x4  startup_stm32h750xx.o [1]
  .text              ro code  0x9000'6114     0x4  startup_stm32h750xx.o [1]
  .text              ro code  0x9000'6118     0x4  startup_stm32h750xx.o [1]
  .text              ro code  0x9000'611c     0x4  startup_stm32h750xx.o [1]
  .text              ro code  0x9000'6120     0x4  startup_stm32h750xx.o [1]
  .text              ro code  0x9000'6124     0x4  startup_stm32h750xx.o [1]
  .text              ro code  0x9000'6128     0x4  startup_stm32h750xx.o [1]
  .text              ro code  0x9000'612c     0x4  startup_stm32h750xx.o [1]
  .text              ro code  0x9000'6130     0x4  startup_stm32h750xx.o [1]
  .text              ro code  0x9000'6134     0x4  startup_stm32h750xx.o [1]
  .text              ro code  0x9000'6138     0x4  startup_stm32h750xx.o [1]
  .text              ro code  0x9000'613c     0x4  startup_stm32h750xx.o [1]
  .text              ro code  0x9000'6140     0x4  startup_stm32h750xx.o [1]
  .text              ro code  0x9000'6144     0x4  startup_stm32h750xx.o [1]
  .text              ro code  0x9000'6148     0x4  startup_stm32h750xx.o [1]
  .text              ro code  0x9000'614c     0x4  startup_stm32h750xx.o [1]
  .text              ro code  0x9000'6150     0x4  startup_stm32h750xx.o [1]
  .text              ro code  0x9000'6154     0x4  startup_stm32h750xx.o [1]
  .text              ro code  0x9000'6158     0x4  startup_stm32h750xx.o [1]
  .text              ro code  0x9000'615c     0x4  startup_stm32h750xx.o [1]
  .text              ro code  0x9000'6160     0x4  startup_stm32h750xx.o [1]
  .text              ro code  0x9000'6164     0x4  startup_stm32h750xx.o [1]
  .text              ro code  0x9000'6168     0x4  startup_stm32h750xx.o [1]
  .text              ro code  0x9000'616c     0x4  startup_stm32h750xx.o [1]
  .text              ro code  0x9000'6170     0x4  startup_stm32h750xx.o [1]
  .text              ro code  0x9000'6174     0x4  startup_stm32h750xx.o [1]
  .text              ro code  0x9000'6178     0x4  startup_stm32h750xx.o [1]
  .text              ro code  0x9000'617c     0x4  startup_stm32h750xx.o [1]
  .text              ro code  0x9000'6180     0x4  startup_stm32h750xx.o [1]
  .text              ro code  0x9000'6184     0x4  startup_stm32h750xx.o [1]
  .text              ro code  0x9000'6188     0x4  startup_stm32h750xx.o [1]
  .text              ro code  0x9000'618c     0x4  startup_stm32h750xx.o [1]
  .text              ro code  0x9000'6190     0x4  startup_stm32h750xx.o [1]
  .text              ro code  0x9000'6194     0x4  startup_stm32h750xx.o [1]
  .text              ro code  0x9000'6198     0x4  startup_stm32h750xx.o [1]
  .text              ro code  0x9000'619c     0x4  startup_stm32h750xx.o [1]
  .text              ro code  0x9000'61a0     0x4  startup_stm32h750xx.o [1]
  .text              ro code  0x9000'61a4     0x4  startup_stm32h750xx.o [1]
  .text              ro code  0x9000'61a8     0x4  startup_stm32h750xx.o [1]
  .text              ro code  0x9000'61ac     0x4  startup_stm32h750xx.o [1]
  .text              ro code  0x9000'61b0     0x4  startup_stm32h750xx.o [1]
  .text              ro code  0x9000'61b4     0x4  startup_stm32h750xx.o [1]
  .text              ro code  0x9000'61b8     0x4  startup_stm32h750xx.o [1]
  .text              ro code  0x9000'61bc     0x4  startup_stm32h750xx.o [1]
  .text              ro code  0x9000'61c0     0x4  startup_stm32h750xx.o [1]
  .text              ro code  0x9000'61c4     0x4  startup_stm32h750xx.o [1]
  .text              ro code  0x9000'61c8     0x4  startup_stm32h750xx.o [1]
  .text              ro code  0x9000'61cc     0x4  startup_stm32h750xx.o [1]
  .text              ro code  0x9000'61d0     0x4  startup_stm32h750xx.o [1]
  .text              ro code  0x9000'61d4     0x4  startup_stm32h750xx.o [1]
  .text              ro code  0x9000'61d8     0x4  startup_stm32h750xx.o [1]
  .text              ro code  0x9000'61dc     0x4  startup_stm32h750xx.o [1]
  .text              ro code  0x9000'61e0     0x4  startup_stm32h750xx.o [1]
  .text              ro code  0x9000'61e4     0x4  startup_stm32h750xx.o [1]
  .text              ro code  0x9000'61e8     0x4  startup_stm32h750xx.o [1]
  .text              ro code  0x9000'61ec     0x4  startup_stm32h750xx.o [1]
  .text              ro code  0x9000'61f0     0x4  startup_stm32h750xx.o [1]
  .text              ro code  0x9000'61f4     0x4  startup_stm32h750xx.o [1]
  .text              ro code  0x9000'61f8     0x4  startup_stm32h750xx.o [1]
  .text              ro code  0x9000'61fc     0x4  startup_stm32h750xx.o [1]
  .text              ro code  0x9000'6200     0x4  startup_stm32h750xx.o [1]
  .text              ro code  0x9000'6204     0x4  startup_stm32h750xx.o [1]
  .text              ro code  0x9000'6208     0x4  startup_stm32h750xx.o [1]
  .text              ro code  0x9000'620c     0x4  startup_stm32h750xx.o [1]
  .text              ro code  0x9000'6210     0x4  startup_stm32h750xx.o [1]
  .text              ro code  0x9000'6214     0x4  startup_stm32h750xx.o [1]
  .text              ro code  0x9000'6218     0x4  startup_stm32h750xx.o [1]
  .rodata            const    0x9000'621c     0x0  zero_init3.o [4]
  .rodata            const    0x9000'621c     0x0  copy_init3.o [4]
                            - 0x9000'621c  0x5f84

Unused ranges:

         From           To        Size
         ----           --        ----
  0x2000'19dc  0x2000'19df         0x4
  0x2000'39e0  0x2001'ffff    0x1'c620
  0x9000'621c  0x91ff'ffff  0x1ff'9de4


*******************************************************************************
*** INIT TABLE
***

          Address      Size
          -------      ----
Zero (__iar_zero_init3)
    1 destination range, total size 0x19c1:
          0x2000'0018  0x19c1

Copy (__iar_copy_init3)
    1 source range, total size 0x14 (117% of destination):
          0x9000'5f60    0x14
    1 destination range, total size 0x11:
          0x2000'0000    0x11



*******************************************************************************
*** MODULE SUMMARY
***

    Module                            ro code  ro data  rw data
    ------                            -------  -------  -------
command line/config:
    -----------------------------------------------------------
    Total:

F:\WQA\App\EWARM\App\Obj: [1]
    bsp.o                                  10
    bsp_dwt.o                              40
    gpio.o                                224
    main.o                                632
    rtc.o                                 264                36
    startup_stm32h750xx.o               1'236
    stm32h7xx_hal.o                       152        5        9
    stm32h7xx_hal_cortex.o                428
    stm32h7xx_hal_gpio.o                  628
    stm32h7xx_hal_msp.o                    32
    stm32h7xx_hal_pwr.o                    16
    stm32h7xx_hal_pwr_ex.o                 88
    stm32h7xx_hal_rcc.o                 3'144
    stm32h7xx_hal_rcc_ex.o              4'456
    stm32h7xx_hal_rtc.o                   888
    stm32h7xx_hal_rtc_ex.o                 26
    stm32h7xx_hal_tim.o                   950
    stm32h7xx_hal_tim_ex.o                  6
    stm32h7xx_hal_timebase_tim.o          208                76
    stm32h7xx_hal_uart.o                2'120       24
    stm32h7xx_hal_uart_ex.o               368       16
    stm32h7xx_it.o                         28
    system_stm32h7xx.o                    292       24        8
    task.o                                440       64    4'705
    tx_initialize_high_level.o            132                52
    tx_initialize_kernel_enter.o           72
    tx_initialize_low_level.o             116                16
    tx_mutex_cleanup.o                     84
    tx_mutex_create.o                     128
    tx_mutex_prioritize.o                 256
    tx_mutex_priority_change.o            264
    tx_mutex_put.o                        696
    tx_thread_create.o                    424
    tx_thread_initialize.o                172        4      180
    tx_thread_schedule.o                  192
    tx_thread_shell_entry.o               140
    tx_thread_sleep.o                     156
    tx_thread_stack_analyze.o             144
    tx_thread_stack_build.o                68
    tx_thread_stack_error_handler.o        36
    tx_thread_system_preempt_check.o      208
    tx_thread_system_resume.o             788
    tx_thread_system_suspend.o            832
    tx_thread_time_slice.o                376
    tx_thread_timeout.o                    80
    tx_timer_expiration_process.o          40
    tx_timer_initialize.o                 248       20    1'384
    tx_timer_interrupt.o                  184
    tx_timer_system_activate.o            120
    tx_timer_system_deactivate.o           54
    tx_timer_thread_entry.o               360
    txe_mutex_create.o                    236
    txe_thread_create.o                   400
    usart.o                               280               144
    -----------------------------------------------------------
    Total:                             23'962      157    6'610

dl7M_tlf.a: [2]
    exit.o                                  4
    low_level_init.o                        4
    -----------------------------------------------------------
    Total:                                  8

m7M_tlv.a: [3]
    fpinit_M.o                             34
    -----------------------------------------------------------
    Total:                                 34

rt7M_tl.a: [4]
    ABImemset.o                           102
    I64DivMod.o                           560
    I64DivZer.o                             2
    cexit.o                                10
    cmain.o                                30
    copy_init3.o                           46
    cstartup_M.o                           12
    data_init.o                            40
    memset.o                               20
    zero_init3.o                           58
    -----------------------------------------------------------
    Total:                                880

shb_l.a: [5]
    exit.o                                 20
    -----------------------------------------------------------
    Total:                                 20

    Gaps                                   14        2        4
    Linker created                                  39    8'192
---------------------------------------------------------------
    Grand Total:                       24'918      198   14'806


*******************************************************************************
*** ENTRY LIST
***

Entry                       Address   Size  Type      Object
-----                       -------   ----  ----      ------
.iar.init_table$$Base   0x9000'5eac          --   Gb  - Linker created -
.iar.init_table$$Limit  0x9000'5ed0          --   Gb  - Linker created -
?main                   0x9000'5ed1         Code  Gb  cmain.o [4]
AppObjCreate            0x9000'405f   0x10  Code  Lc  task.o [1]
AppPrintfSemp           0x2000'18c4   0x34  Data  Lc  task.o [1]
AppTaskCreate           0x9000'405d    0x2  Code  Lc  task.o [1]
AppTaskIdle             0x9000'4045   0x18  Code  Lc  task.o [1]
AppTaskIdleStk          0x2000'0818  0x400  Data  Lc  task.o [1]
AppTaskIdleTCB          0x2000'14cc   0xb4  Data  Lc  task.o [1]
AppTaskStart            0x9000'3f8d   0x24  Code  Lc  task.o [1]
AppTaskStartStk         0x2000'0018  0x800  Data  Lc  task.o [1]
AppTaskStartTCB         0x2000'1418   0xb4  Data  Lc  task.o [1]
AppTaskStat             0x9000'3fd9   0x6a  Code  Lc  task.o [1]
AppTaskStatStk          0x2000'0c18  0x400  Data  Lc  task.o [1]
AppTaskStatTCB          0x2000'1580   0xb4  Data  Lc  task.o [1]
BusFault_Handler        0x9000'5f1f    0x2  Code  Gb  stm32h7xx_it.o [1]
CSTACK$$Base            0x2000'19e0          --   Gb  - Linker created -
CSTACK$$Limit           0x2000'39e0          --   Gb  - Linker created -
D1CorePrescTable        0x9000'5f74   0x10  Data  Gb  system_stm32h7xx.o [1]
DebugMon_Handler        0x9000'5f25    0x2  Code  Gb  stm32h7xx_it.o [1]
Error_Handler           0x9000'29f5    0x4  Code  Gb  main.o [1]
HAL_GPIO_Init           0x9000'2e45  0x220  Code  Gb  stm32h7xx_hal_gpio.o [1]
HAL_GPIO_WritePin       0x9000'3065   0x1a  Code  Gb  stm32h7xx_hal_gpio.o [1]
HAL_GetREVID            0x9000'217b    0xa  Code  Gb  stm32h7xx_hal.o [1]
HAL_GetTick             0x9000'1401    0xc  Code  Wk  stm32h7xx_hal.o [1]
HAL_IncTick             0x9000'2e19   0x18  Code  Wk  stm32h7xx_hal.o [1]
HAL_Init                0x9000'2125   0x56  Code  Gb  stm32h7xx_hal.o [1]
HAL_InitTick            0x9000'2055   0x9a  Code  Gb  stm32h7xx_hal_timebase_tim.o [1]
HAL_MPU_ConfigRegion    0x9000'22c3   0x58  Code  Gb  stm32h7xx_hal_cortex.o [1]
HAL_MPU_Disable         0x9000'2291   0x16  Code  Gb  stm32h7xx_hal_cortex.o [1]
HAL_MPU_Enable          0x9000'22a7   0x1c  Code  Gb  stm32h7xx_hal_cortex.o [1]
HAL_MspInit             0x9000'272d   0x20  Code  Gb  stm32h7xx_hal_msp.o [1]
HAL_NVIC_EnableIRQ      0x9000'2283    0xe  Code  Gb  stm32h7xx_hal_cortex.o [1]
HAL_NVIC_SetPriority    0x9000'225f   0x24  Code  Gb  stm32h7xx_hal_cortex.o [1]
HAL_NVIC_SetPriorityGrouping
                        0x9000'2253    0xc  Code  Gb  stm32h7xx_hal_cortex.o [1]
HAL_PWREx_ConfigSupply  0x9000'2db1   0x50  Code  Gb  stm32h7xx_hal_pwr_ex.o [1]
HAL_PWR_EnableBkUpAccess
                        0x9000'2e09    0xc  Code  Gb  stm32h7xx_hal_pwr.o [1]
HAL_RCCEx_GetD3PCLK1Freq
                        0x9000'0d25   0x1e  Code  Gb  stm32h7xx_hal_rcc_ex.o [1]
HAL_RCCEx_GetPLL2ClockFreq
                        0x9000'0d45  0x218  Code  Gb  stm32h7xx_hal_rcc_ex.o [1]
HAL_RCCEx_GetPLL3ClockFreq
                        0x9000'0f75  0x218  Code  Gb  stm32h7xx_hal_rcc_ex.o [1]
HAL_RCCEx_PeriphCLKConfig
                        0x9000'0299  0xa66  Code  Gb  stm32h7xx_hal_rcc_ex.o [1]
HAL_RCC_ClockConfig     0x9000'140d  0x290  Code  Gb  stm32h7xx_hal_rcc.o [1]
HAL_RCC_GetClockConfig  0x9000'1931   0x50  Code  Gb  stm32h7xx_hal_rcc.o [1]
HAL_RCC_GetHCLKFreq     0x9000'18b5   0x36  Code  Gb  stm32h7xx_hal_rcc.o [1]
HAL_RCC_GetPCLK1Freq    0x9000'18eb   0x1a  Code  Gb  stm32h7xx_hal_rcc.o [1]
HAL_RCC_GetPCLK2Freq    0x9000'1905   0x1a  Code  Gb  stm32h7xx_hal_rcc.o [1]
HAL_RCC_GetSysClockFreq
                        0x9000'169d  0x218  Code  Gb  stm32h7xx_hal_rcc.o [1]
HAL_RCC_OscConfig       0x9000'19c5  0x690  Code  Wk  stm32h7xx_hal_rcc.o [1]
HAL_RTCEx_BKUPRead      0x9000'343d    0xe  Code  Gb  stm32h7xx_hal_rtc_ex.o [1]
HAL_RTCEx_BKUPWrite     0x9000'3431    0xc  Code  Gb  stm32h7xx_hal_rtc_ex.o [1]
HAL_RTC_Init            0x9000'30b9   0xb4  Code  Gb  stm32h7xx_hal_rtc.o [1]
HAL_RTC_MspInit         0x9000'2b9d   0x40  Code  Gb  rtc.o [1]
HAL_RTC_SetDate         0x9000'3263   0xcc  Code  Gb  stm32h7xx_hal_rtc.o [1]
HAL_RTC_SetTime         0x9000'316d   0xf6  Code  Gb  stm32h7xx_hal_rtc.o [1]
HAL_RTC_WaitForSynchro  0x9000'332f   0x34  Code  Gb  stm32h7xx_hal_rtc.o [1]
HAL_ResumeTick          0x9000'20ff   0x10  Code  Gb  stm32h7xx_hal_timebase_tim.o [1]
HAL_SuspendTick         0x9000'20ef   0x10  Code  Gb  stm32h7xx_hal_timebase_tim.o [1]
HAL_TIMEx_Break2Callback
                        0x9000'29fb    0x2  Code  Wk  stm32h7xx_hal_tim_ex.o [1]
HAL_TIMEx_BreakCallback
                        0x9000'29f9    0x2  Code  Wk  stm32h7xx_hal_tim_ex.o [1]
HAL_TIMEx_CommutCallback
                        0x9000'29ff    0x2  Code  Wk  stm32h7xx_hal_tim_ex.o [1]
HAL_TIM_Base_Init       0x9000'2345   0x7a  Code  Gb  stm32h7xx_hal_tim.o [1]
HAL_TIM_Base_Start_IT   0x9000'23bf   0x98  Code  Gb  stm32h7xx_hal_tim.o [1]
HAL_TIM_IRQHandler      0x9000'2475  0x194  Code  Gb  stm32h7xx_hal_tim.o [1]
HAL_TIM_PeriodElapsedCallback
                        0x9000'29bf   0x12  Code  Gb  main.o [1]
HAL_UARTEx_DisableFifoMode
                        0x9000'3c95   0x46  Code  Gb  stm32h7xx_hal_uart_ex.o [1]
HAL_UARTEx_SetRxFifoThreshold
                        0x9000'3d31   0x56  Code  Gb  stm32h7xx_hal_uart_ex.o [1]
HAL_UARTEx_SetTxFifoThreshold
                        0x9000'3cdb   0x56  Code  Gb  stm32h7xx_hal_uart_ex.o [1]
HAL_UART_Init           0x9000'344d   0x7e  Code  Gb  stm32h7xx_hal_uart.o [1]
HAL_UART_MspInit        0x9000'2c59   0x92  Code  Gb  usart.o [1]
HardFault_Handler       0x9000'5f1b    0x2  Code  Gb  stm32h7xx_it.o [1]
MPU_Config              0x9000'2903   0xbc  Code  Lc  main.o [1]
MX_GPIO_Init            0x9000'2a01   0xe0  Code  Gb  gpio.o [1]
MX_RTC_Init             0x9000'2ae1   0xbc  Code  Gb  rtc.o [1]
MX_USART3_UART_Init     0x9000'2be9   0x70  Code  Gb  usart.o [1]
MemManage_Handler       0x9000'5f1d    0x2  Code  Gb  stm32h7xx_it.o [1]
NMI_Handler             0x9000'5f19    0x2  Code  Gb  stm32h7xx_it.o [1]
NVIC_EncodePriority     0x9000'2213   0x40  Code  Lc  stm32h7xx_hal_cortex.o [1]
OSCPUUsage              0x2000'1934    0x4  Data  Gb  task.o [1]
OSIdleCtr               0x2000'1930    0x4  Data  Gb  task.o [1]
OSIdleCtrMax            0x2000'1938    0x4  Data  Gb  task.o [1]
OSIdleCtrRun            0x2000'193c    0x4  Data  Gb  task.o [1]
OSStatInit              0x9000'3fb1   0x26  Code  Lc  task.o [1]
OSStatRdy               0x2000'19d8    0x1  Data  Gb  task.o [1]
PendSV_Handler          0x9000'40e1         Code  Gb  tx_thread_schedule.o [1]
RCCEx_PLL2_Config       0x9000'11a5  0x11c  Code  Lc  stm32h7xx_hal_rcc_ex.o [1]
RCCEx_PLL3_Config       0x9000'12c1  0x11c  Code  Lc  stm32h7xx_hal_rcc_ex.o [1]
RTC_ByteToBcd2          0x9000'3415   0x1c  Code  Gb  stm32h7xx_hal_rtc.o [1]
RTC_EnterInitMode       0x9000'3363   0x44  Code  Gb  stm32h7xx_hal_rtc.o [1]
RTC_ExitInitMode        0x9000'33a7   0x58  Code  Gb  stm32h7xx_hal_rtc.o [1]
Region$$Table$$Base     0x9000'5eac          --   Gb  - Linker created -
Region$$Table$$Limit    0x9000'5ed0          --   Gb  - Linker created -
SVC_Handler             0x9000'5f23    0x2  Code  Gb  stm32h7xx_it.o [1]
SysTick_Handler         0x9000'3e4b         Code  Gb  tx_initialize_low_level.o [1]
SystemClock_Config      0x9000'2825   0xde  Code  Gb  main.o [1]
SystemCoreClock         0x2000'0004    0x4  Data  Gb  system_stm32h7xx.o [1]
SystemD2Clock           0x2000'0008    0x4  Data  Gb  system_stm32h7xx.o [1]
SystemInit              0x9000'5c0d   0xc2  Code  Gb  system_stm32h7xx.o [1]
TIM7_IRQHandler         0x9000'5f27    0xa  Code  Gb  stm32h7xx_it.o [1]
TIM_Base_SetConfig      0x9000'2609   0xc6  Code  Gb  stm32h7xx_hal_tim.o [1]
UARTEx_SetNbDataToProcess
                        0x9000'3d87   0x76  Code  Lc  stm32h7xx_hal_uart_ex.o [1]
UARTEx_SetNbDataToProcess::denominator
                        0x9000'5fe8    0x8  Data  Lc  stm32h7xx_hal_uart_ex.o [1]
UARTEx_SetNbDataToProcess::numerator
                        0x9000'5fe0    0x8  Data  Lc  stm32h7xx_hal_uart_ex.o [1]
UARTPrescTable          0x9000'5f34   0x18  Data  Gb  stm32h7xx_hal_uart.o [1]
UART_AdvFeatureConfig   0x9000'3a4b   0xda  Code  Gb  stm32h7xx_hal_uart.o [1]
UART_CheckIdleState     0x9000'3b25   0x72  Code  Gb  stm32h7xx_hal_uart.o [1]
UART_SetConfig          0x9000'34cb  0x580  Code  Gb  stm32h7xx_hal_uart.o [1]
UART_WaitOnFlagUntilTimeout
                        0x9000'3b97   0xba  Code  Gb  stm32h7xx_hal_uart.o [1]
UsageFault_Handler      0x9000'5f21    0x2  Code  Gb  stm32h7xx_it.o [1]
__NVIC_EnableIRQ        0x9000'21c9   0x1e  Code  Lc  stm32h7xx_hal_cortex.o [1]
__NVIC_GetPriorityGrouping
                        0x9000'21bb    0xc  Code  Lc  stm32h7xx_hal_cortex.o [1]
__NVIC_SetPriority      0x9000'21e7   0x2c  Code  Lc  stm32h7xx_hal_cortex.o [1]
__NVIC_SetPriorityGrouping
                        0x9000'2199   0x22  Code  Lc  stm32h7xx_hal_cortex.o [1]
__aeabi_ldiv0           0x9000'4925         Code  Gb  I64DivZer.o [4]
__aeabi_memset          0x9000'2d49         Code  Gb  ABImemset.o [4]
__aeabi_uldivmod        0x9000'4175         Code  Gb  I64DivMod.o [4]
__cmain                 0x9000'5ed1         Code  Gb  cmain.o [4]
__exit                  0x9000'5f05   0x14  Code  Gb  exit.o [5]
__iar_Memset            0x9000'2d49         Code  Gb  ABImemset.o [4]
__iar_Memset_word       0x9000'2d51         Code  Gb  ABImemset.o [4]
__iar_copy_init3        0x9000'2753   0x2e  Code  Gb  copy_init3.o [4]
__iar_data_init3        0x9000'5e61   0x28  Code  Gb  data_init.o [4]
__iar_init_vfp          0x9000'5e89         Code  Gb  fpinit_M.o [3]
__iar_program_start     0x9000'5fd5         Code  Gb  cstartup_M.o [4]
__iar_zero_init3        0x9000'26f3   0x3a  Code  Gb  zero_init3.o [4]
__low_level_init        0x9000'5eef    0x4  Code  Gb  low_level_init.o [2]
__tx_PendSVHandler      0x9000'40e1         Code  Gb  tx_thread_schedule.o [1]
__tx_SysTickHandler     0x9000'3e4b         Code  Gb  tx_initialize_low_level.o [1]
__tx_free_memory_start  0x2000'191c         Data  Gb  tx_initialize_low_level.o [1]
__vector_table          0x9000'0000         Data  Gb  startup_stm32h750xx.o [1]
_call_main              0x9000'5edd         Code  Gb  cmain.o [4]
_exit                   0x9000'5ef9         Code  Gb  cexit.o [4]
_main                   0x9000'5eeb         Code  Gb  cmain.o [4]
_tx_block_pool_created_count
                        0x2000'1964    0x4  Data  Gb  tx_initialize_high_level.o [1]
_tx_block_pool_created_ptr
                        0x2000'1960    0x4  Data  Gb  tx_initialize_high_level.o [1]
_tx_build_options       0x2000'199c    0x4  Data  Gb  tx_thread_initialize.o [1]
_tx_byte_pool_created_count
                        0x2000'196c    0x4  Data  Gb  tx_initialize_high_level.o [1]
_tx_byte_pool_created_ptr
                        0x2000'1968    0x4  Data  Gb  tx_initialize_high_level.o [1]
_tx_event_flags_created_count
                        0x2000'1954    0x4  Data  Gb  tx_initialize_high_level.o [1]
_tx_event_flags_created_ptr
                        0x2000'1950    0x4  Data  Gb  tx_initialize_high_level.o [1]
_tx_initialize_high_level
                        0x9000'3e79   0x84  Code  Gb  tx_initialize_high_level.o [1]
_tx_initialize_kernel_enter
                        0x9000'2d01   0x48  Code  Gb  tx_initialize_kernel_enter.o [1]
_tx_initialize_low_level
                        0x9000'3e05         Code  Gb  tx_initialize_low_level.o [1]
_tx_initialize_unused_memory
                        0x2000'1970    0x4  Data  Gb  tx_initialize_high_level.o [1]
_tx_mutex_create        0x9000'50a9   0x80  Code  Gb  tx_mutex_create.o [1]
_tx_mutex_created_count
                        0x2000'195c    0x4  Data  Gb  tx_initialize_high_level.o [1]
_tx_mutex_created_ptr   0x2000'1958    0x4  Data  Gb  tx_initialize_high_level.o [1]
_tx_mutex_prioritize    0x9000'589d  0x100  Code  Gb  tx_mutex_prioritize.o [1]
_tx_mutex_priority_change
                        0x9000'599d  0x108  Code  Gb  tx_mutex_priority_change.o [1]
_tx_mutex_put           0x9000'55e5  0x2b8  Code  Gb  tx_mutex_put.o [1]
_tx_mutex_thread_release
                        0x9000'5dbd   0x50  Code  Gb  tx_mutex_cleanup.o [1]
_tx_queue_created_count
                        0x2000'194c    0x4  Data  Gb  tx_initialize_high_level.o [1]
_tx_queue_created_ptr   0x2000'1948    0x4  Data  Gb  tx_initialize_high_level.o [1]
_tx_semaphore_created_count
                        0x2000'1944    0x4  Data  Gb  tx_initialize_high_level.o [1]
_tx_semaphore_created_ptr
                        0x2000'1940    0x4  Data  Gb  tx_initialize_high_level.o [1]
_tx_thread_application_stack_error_handler
                        0x2000'19a0    0x4  Data  Gb  tx_thread_initialize.o [1]
_tx_thread_create       0x9000'4ac9  0x1a8  Code  Gb  tx_thread_create.o [1]
_tx_thread_created_count
                        0x2000'1984    0x4  Data  Gb  tx_thread_initialize.o [1]
_tx_thread_created_ptr  0x2000'1980    0x4  Data  Gb  tx_thread_initialize.o [1]
_tx_thread_current_ptr  0x2000'1978    0x4  Data  Gb  tx_thread_initialize.o [1]
_tx_thread_execute_ptr  0x2000'197c    0x4  Data  Gb  tx_thread_initialize.o [1]
_tx_thread_highest_priority
                        0x2000'1990    0x4  Data  Gb  tx_thread_initialize.o [1]
_tx_thread_initialize   0x9000'445d   0xac  Code  Gb  tx_thread_initialize.o [1]
_tx_thread_mutex_release
                        0x2000'1998    0x4  Data  Gb  tx_thread_initialize.o [1]
_tx_thread_preempt_disable
                        0x2000'1994    0x4  Data  Gb  tx_thread_initialize.o [1]
_tx_thread_preempted_maps
                        0x2000'198c    0x4  Data  Gb  tx_thread_initialize.o [1]
_tx_thread_priority_list
                        0x2000'1778   0x80  Data  Gb  tx_thread_initialize.o [1]
_tx_thread_priority_maps
                        0x2000'1988    0x4  Data  Gb  tx_thread_initialize.o [1]
_tx_thread_schedule     0x9000'40b5         Code  Gb  tx_thread_schedule.o [1]
_tx_thread_shell_entry  0x9000'5d31   0x8c  Code  Gb  tx_thread_shell_entry.o [1]
_tx_thread_sleep        0x9000'479d   0x9c  Code  Gb  tx_thread_sleep.o [1]
_tx_thread_stack_analyze
                        0x9000'5461   0x90  Code  Gb  tx_thread_stack_analyze.o [1]
_tx_thread_stack_build  0x9000'54f1         Code  Gb  tx_thread_stack_build.o [1]
_tx_thread_stack_error_handler
                        0x9000'543d   0x24  Code  Gb  tx_thread_stack_error_handler.o [1]
_tx_thread_system_preempt_check
                        0x9000'4c71   0xd0  Code  Gb  tx_thread_system_preempt_check.o [1]
_tx_thread_system_resume
                        0x9000'5129  0x314  Code  Gb  tx_thread_system_resume.o [1]
_tx_thread_system_stack_ptr
                        0x2000'1974    0x4  Data  Gb  tx_thread_initialize.o [1]
_tx_thread_system_state
                        0x2000'000c    0x4  Data  Gb  tx_thread_initialize.o [1]
_tx_thread_system_suspend
                        0x9000'4d69  0x340  Code  Gb  tx_thread_system_suspend.o [1]
_tx_thread_time_slice   0x9000'4951  0x178  Code  Gb  tx_thread_time_slice.o [1]
_tx_thread_timeout      0x9000'5e11   0x50  Code  Gb  tx_thread_timeout.o [1]
_tx_timer_created_count
                        0x2000'19c0    0x4  Data  Gb  tx_timer_initialize.o [1]
_tx_timer_created_ptr   0x2000'19bc    0x4  Data  Gb  tx_timer_initialize.o [1]
_tx_timer_current_ptr   0x2000'19b4    0x4  Data  Gb  tx_timer_initialize.o [1]
_tx_timer_expiration_process
                        0x9000'4929   0x28  Code  Gb  tx_timer_expiration_process.o [1]
_tx_timer_expired       0x2000'19b8    0x4  Data  Gb  tx_timer_initialize.o [1]
_tx_timer_expired_time_slice
                        0x2000'19a8    0x4  Data  Gb  tx_timer_initialize.o [1]
_tx_timer_expired_timer_ptr
                        0x2000'19c4    0x4  Data  Gb  tx_timer_initialize.o [1]
_tx_timer_initialize    0x9000'4509   0xf8  Code  Gb  tx_timer_initialize.o [1]
_tx_timer_interrupt     0x9000'43a5         Code  Gb  tx_timer_interrupt.o [1]
_tx_timer_list          0x2000'17f8   0x80  Data  Gb  tx_timer_initialize.o [1]
_tx_timer_list_end      0x2000'19b0    0x4  Data  Gb  tx_timer_initialize.o [1]
_tx_timer_list_start    0x2000'19ac    0x4  Data  Gb  tx_timer_initialize.o [1]
_tx_timer_priority      0x2000'19d0    0x4  Data  Gb  tx_timer_initialize.o [1]
_tx_timer_stack_size    0x2000'19cc    0x4  Data  Gb  tx_timer_initialize.o [1]
_tx_timer_stack_start   0x2000'19c8    0x4  Data  Gb  tx_timer_initialize.o [1]
_tx_timer_system_activate
                        0x9000'5535   0x78  Code  Gb  tx_timer_system_activate.o [1]
_tx_timer_system_clock  0x2000'19a4    0x4  Data  Gb  tx_timer_initialize.o [1]
_tx_timer_system_deactivate
                        0x9000'55ad   0x36  Code  Gb  tx_timer_system_deactivate.o [1]
_tx_timer_thread        0x2000'1634   0xb4  Data  Gb  tx_timer_initialize.o [1]
_tx_timer_thread_entry  0x9000'5aa5  0x168  Code  Gb  tx_timer_thread_entry.o [1]
_tx_timer_thread_stack_area
                        0x2000'1018  0x400  Data  Gb  tx_timer_initialize.o [1]
_tx_timer_time_slice    0x2000'19d4    0x4  Data  Gb  tx_timer_initialize.o [1]
_txe_mutex_create       0x9000'4839   0xec  Code  Gb  txe_mutex_create.o [1]
_txe_thread_create      0x9000'4601  0x190  Code  Gb  txe_thread_create.o [1]
bsp_Init                0x9000'4791    0x8  Code  Gb  bsp.o [1]
bsp_InitDWT             0x9000'4d41   0x1c  Code  Gb  bsp_dwt.o [1]
bsp_RunPer1ms           0x9000'4799    0x2  Code  Gb  bsp.o [1]
exit                    0x9000'5ef3    0x4  Code  Gb  exit.o [2]
hrtc                    0x2000'18f8   0x24  Data  Gb  rtc.o [1]
htim7                   0x2000'1878   0x4c  Data  Gb  stm32h7xx_hal_timebase_tim.o [1]
huart3                  0x2000'16e8   0x90  Data  Gb  usart.o [1]
main                    0x9000'2781   0xa4  Code  Gb  main.o [1]
memset                  0x9000'2e31   0x14  Code  Gb  memset.o [4]
tx_application_define   0x9000'3efd   0x8e  Code  Gb  task.o [1]
tx_thread_fpu_disable   0x9000'4163         Code  Gb  tx_thread_schedule.o [1]
tx_thread_fpu_enable    0x9000'4163         Code  Gb  tx_thread_schedule.o [1]
uwTick                  0x2000'192c    0x4  Data  Gb  stm32h7xx_hal.o [1]
uwTickFreq              0x2000'0010    0x1  Data  Gb  stm32h7xx_hal.o [1]
uwTickPrio              0x2000'0000    0x4  Data  Gb  stm32h7xx_hal.o [1]


[1] = F:\WQA\App\EWARM\App\Obj
[2] = dl7M_tlf.a
[3] = m7M_tlv.a
[4] = rt7M_tl.a
[5] = shb_l.a

  24'918 bytes of readonly  code memory
     198 bytes of readonly  data memory
  14'806 bytes of readwrite data memory

Errors: none
Warnings: none
