###############################################################################
#
# IAR ELF Linker V8.40.1.212/W32 for ARM                  24/Oct/2021  19:32:01
# Copyright 2007-2019 IAR Systems AB.
#
#    Output file  =  F:\WQA\App\EWARM\App\Exe\App.out
#    Map file     =  F:\WQA\App\EWARM\App\List\App.map
#    Command line =
#        -f C:\Users\walker\AppData\Local\Temp\EW5886.tmp
#        (F:\WQA\App\EWARM\App\Obj\adc.o F:\WQA\App\EWARM\App\Obj\bsp.o
#        F:\WQA\App\EWARM\App\Obj\bsp_adc.o F:\WQA\App\EWARM\App\Obj\bsp_cli.o
#        F:\WQA\App\EWARM\App\Obj\bsp_dwt.o
#        F:\WQA\App\EWARM\App\Obj\bsp_eeprom.o
#        F:\WQA\App\EWARM\App\Obj\bsp_lcd.o
#        F:\WQA\App\EWARM\App\Obj\bsp_ringbuffer.o
#        F:\WQA\App\EWARM\App\Obj\bsp_sdio.o
#        F:\WQA\App\EWARM\App\Obj\bsp_touch.o
#        F:\WQA\App\EWARM\App\Obj\display_basic.o
#        F:\WQA\App\EWARM\App\Obj\display_win.o F:\WQA\App\EWARM\App\Obj\file.o
#        F:\WQA\App\EWARM\App\Obj\gpio.o F:\WQA\App\EWARM\App\Obj\IconBackB.o
#        F:\WQA\App\EWARM\App\Obj\IconBackW.o
#        F:\WQA\App\EWARM\App\Obj\IconTemp.o F:\WQA\App\EWARM\App\Obj\LChartB.o
#        F:\WQA\App\EWARM\App\Obj\LChartW.o F:\WQA\App\EWARM\App\Obj\LeftB.o
#        F:\WQA\App\EWARM\App\Obj\LeftW.o F:\WQA\App\EWARM\App\Obj\ltdc.o
#        F:\WQA\App\EWARM\App\Obj\main.o F:\WQA\App\EWARM\App\Obj\page_home.o
#        F:\WQA\App\EWARM\App\Obj\page_set.o
#        F:\WQA\App\EWARM\App\Obj\page_start.o
#        F:\WQA\App\EWARM\App\Obj\RightB.o F:\WQA\App\EWARM\App\Obj\RightW.o
#        F:\WQA\App\EWARM\App\Obj\rtc.o F:\WQA\App\EWARM\App\Obj\sdmmc.o
#        F:\WQA\App\EWARM\App\Obj\startup_stm32h750xx.o
#        F:\WQA\App\EWARM\App\Obj\stm32h7xx_hal.o
#        F:\WQA\App\EWARM\App\Obj\stm32h7xx_hal_adc.o
#        F:\WQA\App\EWARM\App\Obj\stm32h7xx_hal_adc_ex.o
#        F:\WQA\App\EWARM\App\Obj\stm32h7xx_hal_cortex.o
#        F:\WQA\App\EWARM\App\Obj\stm32h7xx_hal_dma.o
#        F:\WQA\App\EWARM\App\Obj\stm32h7xx_hal_dma_ex.o
#        F:\WQA\App\EWARM\App\Obj\stm32h7xx_hal_exti.o
#        F:\WQA\App\EWARM\App\Obj\stm32h7xx_hal_flash.o
#        F:\WQA\App\EWARM\App\Obj\stm32h7xx_hal_flash_ex.o
#        F:\WQA\App\EWARM\App\Obj\stm32h7xx_hal_gpio.o
#        F:\WQA\App\EWARM\App\Obj\stm32h7xx_hal_hsem.o
#        F:\WQA\App\EWARM\App\Obj\stm32h7xx_hal_i2c.o
#        F:\WQA\App\EWARM\App\Obj\stm32h7xx_hal_i2c_ex.o
#        F:\WQA\App\EWARM\App\Obj\stm32h7xx_hal_ltdc.o
#        F:\WQA\App\EWARM\App\Obj\stm32h7xx_hal_ltdc_ex.o
#        F:\WQA\App\EWARM\App\Obj\stm32h7xx_hal_mdma.o
#        F:\WQA\App\EWARM\App\Obj\stm32h7xx_hal_msp.o
#        F:\WQA\App\EWARM\App\Obj\stm32h7xx_hal_pcd.o
#        F:\WQA\App\EWARM\App\Obj\stm32h7xx_hal_pcd_ex.o
#        F:\WQA\App\EWARM\App\Obj\stm32h7xx_hal_pwr.o
#        F:\WQA\App\EWARM\App\Obj\stm32h7xx_hal_pwr_ex.o
#        F:\WQA\App\EWARM\App\Obj\stm32h7xx_hal_rcc.o
#        F:\WQA\App\EWARM\App\Obj\stm32h7xx_hal_rcc_ex.o
#        F:\WQA\App\EWARM\App\Obj\stm32h7xx_hal_rtc.o
#        F:\WQA\App\EWARM\App\Obj\stm32h7xx_hal_rtc_ex.o
#        F:\WQA\App\EWARM\App\Obj\stm32h7xx_hal_sd.o
#        F:\WQA\App\EWARM\App\Obj\stm32h7xx_hal_sd_ex.o
#        F:\WQA\App\EWARM\App\Obj\stm32h7xx_hal_tim.o
#        F:\WQA\App\EWARM\App\Obj\stm32h7xx_hal_tim_ex.o
#        F:\WQA\App\EWARM\App\Obj\stm32h7xx_hal_timebase_tim.o
#        F:\WQA\App\EWARM\App\Obj\stm32h7xx_hal_uart.o
#        F:\WQA\App\EWARM\App\Obj\stm32h7xx_hal_uart_ex.o
#        F:\WQA\App\EWARM\App\Obj\stm32h7xx_it.o
#        F:\WQA\App\EWARM\App\Obj\stm32h7xx_ll_delayblock.o
#        F:\WQA\App\EWARM\App\Obj\stm32h7xx_ll_sdmmc.o
#        F:\WQA\App\EWARM\App\Obj\stm32h7xx_ll_usb.o
#        F:\WQA\App\EWARM\App\Obj\SYHT_BOLD_20.o
#        F:\WQA\App\EWARM\App\Obj\SYHT_BOLD_32.o
#        F:\WQA\App\EWARM\App\Obj\SYHT_BOLD_40.o
#        F:\WQA\App\EWARM\App\Obj\SYHT_MED_16.o
#        F:\WQA\App\EWARM\App\Obj\system_stm32h7xx.o
#        F:\WQA\App\EWARM\App\Obj\task.o F:\WQA\App\EWARM\App\Obj\tim.o
#        F:\WQA\App\EWARM\App\Obj\usart.o F:\WQA\App\EWARM\App\Obj\usb_device.o
#        F:\WQA\App\EWARM\App\Obj\usbd_cdc.o
#        F:\WQA\App\EWARM\App\Obj\usbd_cdc_if.o
#        F:\WQA\App\EWARM\App\Obj\usbd_conf.o
#        F:\WQA\App\EWARM\App\Obj\usbd_core.o
#        F:\WQA\App\EWARM\App\Obj\usbd_ctlreq.o
#        F:\WQA\App\EWARM\App\Obj\usbd_desc.o
#        F:\WQA\App\EWARM\App\Obj\usbd_ioreq.o --redirect _Printf=_PrintfFull
#        --redirect _Scanf=_ScanfFull --no_out_extension -o
#        F:\WQA\App\EWARM\App\Exe\App.out --map
#        F:\WQA\App\EWARM\App\List\App.map --config
#        F:\WQA\App\EWARM/stm32h750xx_flash.icf --semihosting
#        F:\WQA\App\EWARM\..\Middlewares\FileX\filex.a
#        F:\WQA\App\EWARM\..\Middlewares\GUI\gui.a
#        F:\WQA\App\EWARM\..\Middlewares\ThreadX\threadx.a --entry
#        __iar_program_start --vfe --text_out locale)
#
###############################################################################

*******************************************************************************
*** RUNTIME MODEL ATTRIBUTES
***

CppFlavor       = *
__SystemLibrary = DLib
__dlib_version  = 6


*******************************************************************************
*** HEAP SELECTION
***

The basic heap was selected because no calls to memory allocation
functions were found in the application outside of system library
functions, and there are calls to deallocation functions in the
application.


*******************************************************************************
*** PLACEMENT SUMMARY
***

"A0":  place at address 0x9000'0000 { ro section .intvec };
"P1":  place in [from 0x9000'0000 to 0x91ff'ffff] { ro };
define block CSTACK with size = 16K, alignment = 8 { };
define block HEAP with size = 16K, alignment = 8 { };
"P2":  place in [from 0x2000'0000 to 0x2001'ffff] {
          rw, block CSTACK, block HEAP };
initialize by copy { rw };

  Section            Kind         Address      Size  Object
  -------            ----         -------      ----  ------
"P2", part 1 of 3:                            0x80d
  P2-1                        0x2000'0000     0x80d  <Init block>
    .data            inited   0x2000'0000     0x400  file.o [1]
    .data            inited   0x2000'0400      0x10  page_home.o [1]
    .data            inited   0x2000'0410      0x20  page_set.o [1]
    .data            inited   0x2000'0430      0x10  page_set.o [1]
    .data            inited   0x2000'0440       0x4  page_start.o [1]
    .data            inited   0x2000'0444      0x10  page_start.o [1]
    .data            inited   0x2000'0454       0x4  stm32h7xx_hal.o [1]
    .data            inited   0x2000'0458      0x1c  SYHT_BOLD_20.o [1]
    .data            inited   0x2000'0474      0x10  SYHT_BOLD_20.o [1]
    .data            inited   0x2000'0484      0x1c  SYHT_BOLD_40.o [1]
    .data            inited   0x2000'04a0      0x10  SYHT_BOLD_40.o [1]
    .data            inited   0x2000'04b0      0x1c  SYHT_MED_16.o [1]
    .data            inited   0x2000'04cc      0x10  SYHT_MED_16.o [1]
    .data            inited   0x2000'04dc       0x4  system_stm32h7xx.o [1]
    .data            inited   0x2000'04e0       0x4  system_stm32h7xx.o [1]
    .data            inited   0x2000'04e4       0xc  usbd_cdc.o [1]
    .data            inited   0x2000'04f0      0x38  usbd_cdc.o [1]
    .data            inited   0x2000'0528      0x44  usbd_cdc.o [1]
    .data            inited   0x2000'056c      0x44  usbd_cdc.o [1]
    .data            inited   0x2000'05b0      0x44  usbd_cdc.o [1]
    .data            inited   0x2000'05f4      0x14  usbd_cdc_if.o [1]
    .data            inited   0x2000'0608      0x1c  usbd_desc.o [1]
    .data            inited   0x2000'0624      0x14  usbd_desc.o [1]
    .data            inited   0x2000'0638       0x4  usbd_desc.o [1]
    .data            inited   0x2000'063c      0x1c  usbd_desc.o [1]
    .data            inited   0x2000'0658      0x64  fx_system_initialize.o [3]
    .data            inited   0x2000'06bc       0x4  lv_tabview.o [4]
    .data            inited   0x2000'06c0      0x1c  lv_font_roboto_16.o [4]
    .data            inited   0x2000'06dc      0x10  lv_font_roboto_16.o [4]
    .data            inited   0x2000'06ec       0x4  tx_thread_initialize.o [8]
    .data            inited   0x2000'06f0       0x4  lv_txt.o [4]
    .data            inited   0x2000'06f4       0x4  lv_txt.o [4]
    .data            inited   0x2000'06f8       0x4  lv_txt.o [4]
    .data            inited   0x2000'06fc       0x4  lv_txt.o [4]
    .data            inited   0x2000'0700       0x4  lv_txt.o [4]
    .data            inited   0x2000'0704       0x4  lv_txt.o [4]
    .data            inited   0x2000'0708      0x1c  lv_btnm.o [4]
    .data            inited   0x2000'0724      0x20  lv_draw.o [4]
    .data            inited   0x2000'0744      0x38  xlocale_c.o [2]
    .data            inited   0x2000'077c      0x48  xlocale_c.o [2]
    .data            inited   0x2000'07c4      0x48  xfiles.o [2]
    .data            inited   0x2000'080c       0x1  stm32h7xx_hal.o [1]
                            - 0x2000'080d     0x80d

"P2", part 2 of 3:                         0x1'3c50
  .bss               zero     0x2000'0810    0x8000  lv_mem.o [4]
  .bss               zero     0x2000'8810    0x24b8  file.o [1]
  .bss               zero     0x2000'acc8    0x18d8  lv_theme.o [4]
  .bss               zero     0x2000'c5a0    0x1000  task.o [1]
  .bss               zero     0x2000'd5a0    0x1000  task.o [1]
  .bss               zero     0x2000'e5a0     0x800  task.o [1]
  .bss               zero     0x2000'eda0     0x800  task.o [1]
  .bss               zero     0x2000'f5a0     0x800  usbd_cdc_if.o [1]
  .bss               zero     0x2000'fda0     0x800  usbd_cdc_if.o [1]
  .bss               zero     0x2001'05a0     0x408  usbd_conf.o [1]
  .bss               zero     0x2001'09c0     0x400  file.o [1]
  .bss               zero     0x2001'0dc0     0x400  task.o [1]
  .bss               zero     0x2001'11c0     0x400  task.o [1]
  .bss               zero     0x2001'15c0     0x400  tx_timer_initialize.o [8]
  .bss               zero     0x2001'19c0     0x2d0  usb_device.o [1]
  .bss               zero     0x2001'1c90     0x220  usbd_conf.o [1]
  .bss               zero     0x2001'1eb0     0x200  usbd_desc.o [1]
  .bss               zero     0x2001'20c0     0x200  fx_stm32_sdio_driver.o [3]
  .bss               zero     0x2001'22c0     0x1e0  file.o [1]
  .bss               zero     0x2001'24a0     0x1c0  display_win.o [1]
  .bss               zero     0x2001'2660     0x1b0  lv_theme_mono.o [4]
  .bss               zero     0x2001'2810     0x1b0  lv_theme.o [4]
  .bss               zero     0x2001'29c0     0x100  bsp_cli.o [1]
  .bss               zero     0x2001'2ac0     0x100  file.o [1]
  .bss               zero     0x2001'2bc0      0xb4  task.o [1]
  .bss               zero     0x2001'2c74      0xb4  task.o [1]
  .bss               zero     0x2001'2d28      0xb4  task.o [1]
  .bss               zero     0x2001'2ddc      0xb4  task.o [1]
  .bss               zero     0x2001'2e90      0xb4  task.o [1]
  .bss               zero     0x2001'2f44      0xb4  task.o [1]
  .bss               zero     0x2001'2ff8      0xb4  tx_timer_initialize.o [8]
  .bss               zero     0x2001'30ac      0xa8  ltdc.o [1]
  .bss               zero     0x2001'3154      0x90  usart.o [1]
  .bss               zero     0x2001'31e4      0x90  usart.o [1]
  .bss               zero     0x2001'3274      0x80  tx_thread_initialize.o [8]
  .bss               zero     0x2001'32f4      0x80  tx_timer_initialize.o [8]
  .bss               zero     0x2001'3374      0x7c  sdmmc.o [1]
  .bss               zero     0x2001'33f0      0x64  adc.o [1]
  .bss               zero     0x2001'3454      0x50  xfiles.o [2]
  .bss               zero     0x2001'34a4      0x4c  stm32h7xx_hal_timebase_tim.o [1]
  .bss               zero     0x2001'34f0      0x4c  tim.o [1]
  .bss               zero     0x2001'353c      0x44  bsp_cli.o [1]
  .bss               zero     0x2001'3580      0x3c  page_home.o [1]
  .bss               zero     0x2001'35bc      0x3c  page_home.o [1]
  .bss               zero     0x2001'35f8      0x3c  page_home.o [1]
  .bss               zero     0x2001'3634      0x3c  page_home.o [1]
  .bss               zero     0x2001'3670      0x3c  page_home.o [1]
  .bss               zero     0x2001'36ac      0x3c  page_home.o [1]
  .bss               zero     0x2001'36e8      0x3c  page_home.o [1]
  .bss               zero     0x2001'3724      0x3c  page_set.o [1]
  .bss               zero     0x2001'3760      0x3c  page_set.o [1]
  .bss               zero     0x2001'379c      0x3c  page_set.o [1]
  .bss               zero     0x2001'37d8      0x3c  page_set.o [1]
  .bss               zero     0x2001'3814      0x3c  page_set.o [1]
  .bss               zero     0x2001'3850      0x3c  page_set.o [1]
  .bss               zero     0x2001'388c      0x3c  page_set.o [1]
  .bss               zero     0x2001'38c8      0x3c  page_set.o [1]
  .bss               zero     0x2001'3904      0x3c  page_start.o [1]
  .bss               zero     0x2001'3940      0x3c  page_start.o [1]
  .bss               zero     0x2001'397c      0x3c  page_start.o [1]
  .bss               zero     0x2001'39b8      0x3c  lv_style.o [4]
  .bss               zero     0x2001'39f4      0x3c  lv_style.o [4]
  .bss               zero     0x2001'3a30      0x3c  lv_style.o [4]
  .bss               zero     0x2001'3a6c      0x3c  lv_style.o [4]
  .bss               zero     0x2001'3aa8      0x3c  lv_style.o [4]
  .bss               zero     0x2001'3ae4      0x3c  lv_style.o [4]
  .bss               zero     0x2001'3b20      0x3c  lv_style.o [4]
  .bss               zero     0x2001'3b5c      0x3c  lv_style.o [4]
  .bss               zero     0x2001'3b98      0x3c  lv_style.o [4]
  .bss               zero     0x2001'3bd4      0x3c  lv_style.o [4]
  .bss               zero     0x2001'3c10      0x3c  lv_style.o [4]
  .bss               zero     0x2001'3c4c      0x3c  lv_style.o [4]
  .bss               zero     0x2001'3c88      0x3c  lv_style.o [4]
  .bss               zero     0x2001'3cc4      0x3c  lv_theme_mono.o [4]
  .bss               zero     0x2001'3d00      0x3c  lv_theme_mono.o [4]
  .bss               zero     0x2001'3d3c      0x3c  lv_theme_mono.o [4]
  .bss               zero     0x2001'3d78      0x3c  lv_theme_mono.o [4]
  .bss               zero     0x2001'3db4      0x3c  lv_theme_mono.o [4]
  .bss               zero     0x2001'3df0      0x3c  lv_theme_mono.o [4]
  .bss               zero     0x2001'3e2c      0x3c  lv_theme_mono.o [4]
  .bss               zero     0x2001'3e68      0x3c  lv_theme_mono.o [4]
  .bss               zero     0x2001'3ea4      0x3c  lv_theme_mono.o [4]
  .bss               zero     0x2001'3ee0      0x3c  lv_theme_mono.o [4]
  .bss               zero     0x2001'3f1c      0x3c  lv_theme_mono.o [4]
  .bss               zero     0x2001'3f58      0x3c  lv_theme_mono.o [4]
  .bss               zero     0x2001'3f94      0x3c  lv_theme_mono.o [4]
  .bss               zero     0x2001'3fd0      0x3c  lv_theme_mono.o [4]
  .bss               zero     0x2001'400c      0x3c  lv_theme_mono.o [4]
  .bss               zero     0x2001'4048      0x3c  lv_theme_mono.o [4]
  .bss               zero     0x2001'4084      0x34  task.o [1]
  .bss               zero     0x2001'40b8      0x2c  fx_system_initialize.o [3]
  .bss               zero     0x2001'40e4      0x24  rtc.o [1]
  .bss               zero     0x2001'4108      0x20  fx_stm32_sdio_driver.o [3]
  .bss               zero     0x2001'4128      0x1c  lv_port_disp.o [4]
  .bss               zero     0x2001'4144      0x14  page_home.o [1]
  .bss               zero     0x2001'4158      0x10  bsp_cli.o [1]
  FREE_MEM           zero     0x2001'4168      0x10  tx_initialize_low_level.o [8]
  .bss               zero     0x2001'4178       0xc  lv_gc.o [4]
  .bss               zero     0x2001'4184       0xc  lv_gc.o [4]
  .bss               zero     0x2001'4190       0xc  lv_gc.o [4]
  .bss               zero     0x2001'419c       0xc  lv_gc.o [4]
  .bss               zero     0x2001'41a8       0xc  lv_gc.o [4]
  .bss               zero     0x2001'41b4       0xc  lv_gc.o [4]
  .bss               zero     0x2001'41c0       0x8  display_basic.o [1]
  .bss               zero     0x2001'41c8       0x4  bsp_adc.o [1]
  .bss               zero     0x2001'41cc       0x4  bsp_adc.o [1]
  .bss               zero     0x2001'41d0       0x4  bsp_eeprom.o [1]
  .bss               zero     0x2001'41d4       0x4  bsp_eeprom.o [1]
  .bss               zero     0x2001'41d8       0x4  bsp_touch.o [1]
  .bss               zero     0x2001'41dc       0x4  page_home.o [1]
  .bss               zero     0x2001'41e0       0x4  page_home.o [1]
  .bss               zero     0x2001'41e4       0x4  page_home.o [1]
  .bss               zero     0x2001'41e8       0x4  page_home.o [1]
  .bss               zero     0x2001'41ec       0x4  page_home.o [1]
  .bss               zero     0x2001'41f0       0x4  page_home.o [1]
  .bss               zero     0x2001'41f4       0x4  page_home.o [1]
  .bss               zero     0x2001'41f8       0x4  page_home.o [1]
  .bss               zero     0x2001'41fc       0x4  page_home.o [1]
  .bss               zero     0x2001'4200       0x4  page_home.o [1]
  .bss               zero     0x2001'4204       0x4  page_home.o [1]
  .bss               zero     0x2001'4208       0x4  page_home.o [1]
  .bss               zero     0x2001'420c       0x4  page_home.o [1]
  .bss               zero     0x2001'4210       0x4  page_home.o [1]
  .bss               zero     0x2001'4214       0x4  page_home.o [1]
  .bss               zero     0x2001'4218       0x4  page_home.o [1]
  .bss               zero     0x2001'421c       0x4  page_home.o [1]
  .bss               zero     0x2001'4220       0x4  page_home.o [1]
  .bss               zero     0x2001'4224       0x4  page_home.o [1]
  .bss               zero     0x2001'4228       0x4  page_set.o [1]
  .bss               zero     0x2001'422c       0x4  page_set.o [1]
  .bss               zero     0x2001'4230       0x4  page_set.o [1]
  .bss               zero     0x2001'4234       0x4  page_set.o [1]
  .bss               zero     0x2001'4238       0x4  page_set.o [1]
  .bss               zero     0x2001'423c       0x4  page_set.o [1]
  .bss               zero     0x2001'4240       0x4  page_set.o [1]
  .bss               zero     0x2001'4244       0x4  page_set.o [1]
  .bss               zero     0x2001'4248       0x4  page_set.o [1]
  .bss               zero     0x2001'424c       0x4  page_set.o [1]
  .bss               zero     0x2001'4250       0x4  page_set.o [1]
  .bss               zero     0x2001'4254       0x4  page_set.o [1]
  .bss               zero     0x2001'4258       0x4  page_set.o [1]
  .bss               zero     0x2001'425c       0x4  page_set.o [1]
  .bss               zero     0x2001'4260       0x4  page_set.o [1]
  .bss               zero     0x2001'4264       0x4  page_set.o [1]
  .bss               zero     0x2001'4268       0x4  page_set.o [1]
  .bss               zero     0x2001'426c       0x4  page_set.o [1]
  .bss               zero     0x2001'4270       0x4  page_set.o [1]
  .bss               zero     0x2001'4274       0x4  page_set.o [1]
  .bss               zero     0x2001'4278       0x4  page_set.o [1]
  .bss               zero     0x2001'427c       0x4  page_set.o [1]
  .bss               zero     0x2001'4280       0x4  page_set.o [1]
  .bss               zero     0x2001'4284       0x4  page_set.o [1]
  .bss               zero     0x2001'4288       0x4  page_set.o [1]
  .bss               zero     0x2001'428c       0x4  page_set.o [1]
  .bss               zero     0x2001'4290       0x4  page_set.o [1]
  .bss               zero     0x2001'4294       0x4  page_set.o [1]
  .bss               zero     0x2001'4298       0x4  page_set.o [1]
  .bss               zero     0x2001'429c       0x4  page_set.o [1]
  .bss               zero     0x2001'42a0       0x4  page_start.o [1]
  .bss               zero     0x2001'42a4       0x4  page_start.o [1]
  .bss               zero     0x2001'42a8       0x4  page_start.o [1]
  .bss               zero     0x2001'42ac       0x4  page_start.o [1]
  .bss               zero     0x2001'42b0       0x4  stm32h7xx_hal.o [1]
  .bss               zero     0x2001'42b4       0x4  task.o [1]
  .bss               zero     0x2001'42b8       0x4  task.o [1]
  .bss               zero     0x2001'42bc       0x4  task.o [1]
  .bss               zero     0x2001'42c0       0x4  task.o [1]
  .bss               zero     0x2001'42c4       0x4  lv_hal_tick.o [4]
  .bss               zero     0x2001'42c8       0x4  lv_cont.o [4]
  .bss               zero     0x2001'42cc       0x4  lv_hal_disp.o [4]
  .bss               zero     0x2001'42d0       0x4  lv_obj.o [4]
  .bss               zero     0x2001'42d4       0x4  lv_obj.o [4]
  .bss               zero     0x2001'42d8       0x4  fx_system_initialize.o [3]
  .bss               zero     0x2001'42dc       0x4  fx_system_initialize.o [3]
  .bss               zero     0x2001'42e0       0x4  fx_system_initialize.o [3]
  .bss               zero     0x2001'42e4       0x4  fx_system_initialize.o [3]
  .bss               zero     0x2001'42e8       0x4  fx_system_initialize.o [3]
  .bss               zero     0x2001'42ec       0x4  fx_system_initialize.o [3]
  .bss               zero     0x2001'42f0       0x4  fx_system_initialize.o [3]
  .bss               zero     0x2001'42f4       0x4  fx_system_initialize.o [3]
  .bss               zero     0x2001'42f8       0x4  fx_system_initialize.o [3]
  .bss               zero     0x2001'42fc       0x4  lv_btn.o [4]
  .bss               zero     0x2001'4300       0x4  lv_btn.o [4]
  .bss               zero     0x2001'4304       0x4  lv_btn.o [4]
  .bss               zero     0x2001'4308       0x4  lv_btn.o [4]
  .bss               zero     0x2001'430c       0x4  lv_img.o [4]
  .bss               zero     0x2001'4310       0x4  lv_imgbtn.o [4]
  .bss               zero     0x2001'4314       0x4  lv_imgbtn.o [4]
  .bss               zero     0x2001'4318       0x4  lv_label.o [4]
  .bss               zero     0x2001'431c       0x4  lv_task.o [4]
  .bss               zero     0x2001'4320       0x4  lv_task.o [4]
  .bss               zero     0x2001'4324       0x4  lv_task.o [4]
  .bss               zero     0x2001'4328       0x4  lv_ddlist.o [4]
  .bss               zero     0x2001'432c       0x4  lv_ddlist.o [4]
  .bss               zero     0x2001'4330       0x4  lv_ddlist.o [4]
  .bss               zero     0x2001'4334       0x4  lv_tabview.o [4]
  .bss               zero     0x2001'4338       0x4  lv_tabview.o [4]
  .bss               zero     0x2001'433c       0x4  lv_tabview.o [4]
  .bss               zero     0x2001'4340       0x4  lv_bar.o [4]
  .bss               zero     0x2001'4344       0x4  lv_bar.o [4]
  .bss               zero     0x2001'4348       0x4  lv_port_indev.o [4]
  .bss               zero     0x2001'434c       0x4  lv_theme_mono.o [4]
  .bss               zero     0x2001'4350       0x4  lv_gc.o [4]
  .bss               zero     0x2001'4354       0x4  lv_gc.o [4]
  .bss               zero     0x2001'4358       0x4  lv_gc.o [4]
  .bss               zero     0x2001'435c       0x4  lv_refr.o [4]
  .bss               zero     0x2001'4360       0x4  lv_refr.o [4]
  .bss               zero     0x2001'4364       0x4  lv_mem.o [4]
  .bss               zero     0x2001'4368       0x4  lv_mem.o [4]
  .bss               zero     0x2001'436c       0x4  lv_anim.o [4]
  .bss               zero     0x2001'4370       0x4  lv_indev.o [4]
  .bss               zero     0x2001'4374       0x4  lv_indev.o [4]
  .bss               zero     0x2001'4378       0x4  tx_thread_initialize.o [8]
  .bss               zero     0x2001'437c       0x4  tx_thread_initialize.o [8]
  .bss               zero     0x2001'4380       0x4  tx_thread_initialize.o [8]
  .bss               zero     0x2001'4384       0x4  tx_thread_initialize.o [8]
  .bss               zero     0x2001'4388       0x4  tx_thread_initialize.o [8]
  .bss               zero     0x2001'438c       0x4  tx_thread_initialize.o [8]
  .bss               zero     0x2001'4390       0x4  tx_thread_initialize.o [8]
  .bss               zero     0x2001'4394       0x4  tx_thread_initialize.o [8]
  .bss               zero     0x2001'4398       0x4  tx_thread_initialize.o [8]
  .bss               zero     0x2001'439c       0x4  tx_thread_initialize.o [8]
  .bss               zero     0x2001'43a0       0x4  tx_thread_initialize.o [8]
  .bss               zero     0x2001'43a4       0x4  tx_thread_initialize.o [8]
  .bss               zero     0x2001'43a8       0x4  tx_timer_initialize.o [8]
  .bss               zero     0x2001'43ac       0x4  tx_timer_initialize.o [8]
  .bss               zero     0x2001'43b0       0x4  tx_timer_initialize.o [8]
  .bss               zero     0x2001'43b4       0x4  tx_timer_initialize.o [8]
  .bss               zero     0x2001'43b8       0x4  tx_timer_initialize.o [8]
  .bss               zero     0x2001'43bc       0x4  tx_timer_initialize.o [8]
  .bss               zero     0x2001'43c0       0x4  tx_timer_initialize.o [8]
  .bss               zero     0x2001'43c4       0x4  tx_timer_initialize.o [8]
  .bss               zero     0x2001'43c8       0x4  tx_timer_initialize.o [8]
  .bss               zero     0x2001'43cc       0x4  tx_timer_initialize.o [8]
  .bss               zero     0x2001'43d0       0x4  tx_timer_initialize.o [8]
  .bss               zero     0x2001'43d4       0x4  tx_timer_initialize.o [8]
  .bss               zero     0x2001'43d8       0x4  tx_timer_initialize.o [8]
  .bss               zero     0x2001'43dc       0x4  tx_initialize_high_level.o [8]
  .bss               zero     0x2001'43e0       0x4  tx_initialize_high_level.o [8]
  .bss               zero     0x2001'43e4       0x4  tx_initialize_high_level.o [8]
  .bss               zero     0x2001'43e8       0x4  tx_initialize_high_level.o [8]
  .bss               zero     0x2001'43ec       0x4  tx_initialize_high_level.o [8]
  .bss               zero     0x2001'43f0       0x4  tx_initialize_high_level.o [8]
  .bss               zero     0x2001'43f4       0x4  tx_initialize_high_level.o [8]
  .bss               zero     0x2001'43f8       0x4  tx_initialize_high_level.o [8]
  .bss               zero     0x2001'43fc       0x4  tx_initialize_high_level.o [8]
  .bss               zero     0x2001'4400       0x4  tx_initialize_high_level.o [8]
  .bss               zero     0x2001'4404       0x4  tx_initialize_high_level.o [8]
  .bss               zero     0x2001'4408       0x4  tx_initialize_high_level.o [8]
  .bss               zero     0x2001'440c       0x4  tx_initialize_high_level.o [8]
  .bss               zero     0x2001'4410       0x4  lv_page.o [4]
  .bss               zero     0x2001'4414       0x4  lv_page.o [4]
  .bss               zero     0x2001'4418       0x4  lv_btnm.o [4]
  .bss               zero     0x2001'441c       0x4  lv_btnm.o [4]
  .bss               zero     0x2001'4420       0x4  lv_draw.o [4]
  .bss               zero     0x2001'4424       0x4  lv_font_fmt_txt.o [4]
  .bss               zero     0x2001'4428       0x4  lv_font_fmt_txt.o [4]
  .bss               zero     0x2001'442c       0x4  lv_font_fmt_txt.o [4]
  .bss               zero     0x2001'4430       0x4  xfail_s.o [2]
  .bss               zero     0x2001'4434       0x2  bsp_cli.o [1]
  .bss               zero     0x2001'4436       0x2  bsp_eeprom.o [1]
  .bss               zero     0x2001'4438       0x2  bsp_eeprom.o [1]
  .bss               zero     0x2001'443a       0x2  bsp_touch.o [1]
  .bss               zero     0x2001'443c       0x2  bsp_touch.o [1]
  .bss               zero     0x2001'443e       0x2  bsp_touch.o [1]
  .bss               zero     0x2001'4440       0x2  lv_btn.o [4]
  .bss               zero     0x2001'4442       0x2  lv_port_indev.o [4]
  .bss               zero     0x2001'4444       0x2  lv_port_indev.o [4]
  .bss               zero     0x2001'4446       0x2  lv_img_cache.o [4]
  .bss               zero     0x2001'4448       0x1  bsp_eeprom.o [1]
  .bss               zero     0x2001'4449       0x1  bsp_eeprom.o [1]
  .bss               zero     0x2001'444a       0x1  page_home.o [1]
  .bss               zero     0x2001'444b       0x1  task.o [1]
  .bss               zero     0x2001'444c       0x1  usbd_ctlreq.o [1]
  .bss               zero     0x2001'444d       0x1  lv_hal_tick.o [4]
  .bss               zero     0x2001'444e       0x1  lv_obj.o [4]
  .bss               zero     0x2001'444f       0x1  fx_stm32_sdio_driver.o [3]
  .bss               zero     0x2001'4450       0x1  lv_btn.o [4]
  .bss               zero     0x2001'4451       0x1  lv_btn.o [4]
  .bss               zero     0x2001'4452       0x1  lv_btn.o [4]
  .bss               zero     0x2001'4453       0x1  lv_btn.o [4]
  .bss               zero     0x2001'4454       0x1  lv_task.o [4]
  .bss               zero     0x2001'4455       0x1  lv_task.o [4]
  .bss               zero     0x2001'4456       0x1  lv_task.o [4]
  .bss               zero     0x2001'4457       0x1  lv_task.o [4]
  .bss               zero     0x2001'4458       0x1  lv_task.o [4]
  .bss               zero     0x2001'4459       0x1  lv_theme.o [4]
  .bss               zero     0x2001'445a       0x1  lv_anim.o [4]
  .bss               zero     0x2001'445b       0x1  lv_font_fmt_txt.o [4]
  .bss               zero     0x2001'445c       0x1  lv_font_fmt_txt.o [4]
  .bss               zero     0x2001'445d       0x1  lv_font_fmt_txt.o [4]
  .bss               zero     0x2001'445e       0x1  lv_font_fmt_txt.o [4]
                            - 0x2001'445f  0x1'3c4f

"P2", part 3 of 3:                           0x4000
  CSTACK                      0x2001'4460    0x4000  <Block>
    CSTACK           uninit   0x2001'4460    0x4000  <Block tail>
                            - 0x2001'8460    0x4000

Absolute sections, part 1 of 2:            0x2'5800
  .bss               zero     0x2402'5800  0x2'5800  lv_port_disp.o [4]
                            - 0x2404'b000  0x2'5800

Absolute sections, part 2 of 2:            0x4'0000
  .bss               zero     0x3000'0000  0x4'0000  file.o [1]
                            - 0x3004'0000  0x4'0000

"A0":                                         0x298
  .intvec            ro code  0x9000'0000     0x298  startup_stm32h750xx.o [1]
                            - 0x9000'0298     0x298

"P1":                                      0x4'5745
  .rodata            const    0x9000'0298    0x6e84  SYHT_BOLD_40.o [1]
  .rodata            const    0x9000'711c    0x3324  SYHT_BOLD_20.o [1]
  .text              ro code  0x9000'a440    0x2d30  lv_draw_rect.o [4]
  .text              ro code  0x9000'd170      0xa6  ABImemcpy.o [6]
  .text              ro code  0x9000'd216     0x23e  lv_area.o [4]
  .text              ro code  0x9000'd454     0x7dc  lv_refr.o [4]
  .text              ro code  0x9000'dc30     0x29e  lv_hal_disp.o [4]
  .text              ro code  0x9000'dece      0x3a  zero_init3.o [6]
  .text              ro code  0x9000'df08     0xf30  lv_draw_basic.o [4]
  .text              ro code  0x9000'ee38      0x60  lv_circ.o [4]
  .text              ro code  0x9000'ee98      0xac  lv_draw.o [4]
  .text              ro code  0x9000'ef44      0x66  ABImemset.o [6]
  .text              ro code  0x9000'efaa      0x1e  xencoding_8859_1.o [2]
  .text              ro code  0x9000'efc8      0x46  lv_hal_tick.o [4]
  .text              ro code  0x9000'f00e      0x4e  lv_disp.o [4]
  .text              ro code  0x9000'f05c     0x3a4  lv_ll.o [4]
  .text              ro code  0x9000'f400    0x189c  lv_obj.o [4]
  .text              ro code  0x9001'0c9c     0x39c  lv_task.o [4]
  .text              ro code  0x9001'1038      0x52  lv_font.o [4]
  .text              ro code  0x9001'108a      0x1a  xsnprout.o [2]
  .text              ro code  0x9001'10a4     0x1ec  lv_mem.o [4]
  .text              ro code  0x9001'1290     0x2e0  lv_anim.o [4]
  .text              ro code  0x9001'1570     0x70e  lv_group.o [4]
  .text              ro code  0x9001'1c7e       0xa  xsprout.o [2]
  .text              ro code  0x9001'1c88     0xa00  lv_style.o [4]
  .text              ro code  0x9001'2688    0x1494  lv_indev.o [4]
  .text              ro code  0x9001'3b1c     0x902  lv_img_decoder.o [4]
  .rodata            const    0x9001'441e       0x2  bsp_cli.o [1]
  .text              ro code  0x9001'4420     0x2e0  lv_img_cache.o [4]
  .text              ro code  0x9001'4700      0xd4  lv_theme.o [4]
  .text              ro code  0x9001'47d4     0x116  lv_hal_indev.o [4]
  .rodata            const    0x9001'48ea       0x2  display_win.o [1]
  .text              ro code  0x9001'48ec     0x358  lv_draw_img.o [4]
  .text              ro code  0x9001'4c44      0x36  strlen.o [6]
  .rodata            const    0x9001'4c7a       0x2  display_win.o [1]
  .text              ro code  0x9001'4c7c      0x18  strcpy.o [6]
  .text              ro code  0x9001'4c94      0x12  strcmp.o [6]
  .rodata            const    0x9001'4ca6       0x2  page_home.o [1]
  .text              ro code  0x9001'4ca8     0x692  lv_draw_label.o [4]
  .rodata            const    0x9001'533a       0x2  page_home.o [1]
  .text              ro code  0x9001'533c     0x744  lv_txt.o [4]
  .rodata            const    0x9001'5a80    0x2904  SYHT_MED_16.o [1]
  .rodata            const    0x9001'8384    0x27c8  lv_font_roboto_16.o [4]
  .text              ro code  0x9001'ab4c    0x19f0  stm32h7xx_hal_rcc_ex.o [1]
  .text              ro code  0x9001'c53c       0xc  stm32h7xx_hal.o [1]
  .text              ro code  0x9001'c548     0xc48  stm32h7xx_hal_rcc.o [1]
  .text              ro code  0x9001'd190      0xd0  stm32h7xx_hal_timebase_tim.o [1]
  .text              ro code  0x9001'd260      0x74  stm32h7xx_hal.o [1]
  .text              ro code  0x9001'd2d4     0x1e4  stm32h7xx_hal_cortex.o [1]
  .text              ro code  0x9001'd4b8     0x9fc  stm32h7xx_hal_tim.o [1]
  .text              ro code  0x9001'deb4      0x20  stm32h7xx_hal_msp.o [1]
  .text              ro code  0x9001'ded4      0xf4  tim.o [1]
  .text              ro code  0x9001'dfc8       0x2  stm32h7xx_hal_tim.o [1]
  .text              ro code  0x9001'dfca       0x2  stm32h7xx_hal_tim.o [1]
  .text              ro code  0x9001'dfcc       0x2  stm32h7xx_hal_tim.o [1]
  .text              ro code  0x9001'dfce       0x2  stm32h7xx_hal_tim.o [1]
  .text              ro code  0x9001'dfd0     0x2a8  main.o [1]
  .text              ro code  0x9001'e278       0x2  stm32h7xx_hal_tim_ex.o [1]
  .text              ro code  0x9001'e27a       0x2  stm32h7xx_hal_tim_ex.o [1]
  .text              ro code  0x9001'e27c       0x2  stm32h7xx_hal_tim.o [1]
  .text              ro code  0x9001'e27e       0x2  stm32h7xx_hal_tim_ex.o [1]
  .text              ro code  0x9001'e280      0x14  memset.o [6]
  .text              ro code  0x9001'e294     0x428  stm32h7xx_hal_gpio.o [1]
  .text              ro code  0x9001'e6bc     0x190  gpio.o [1]
  .text              ro code  0x9001'e84c     0x108  rtc.o [1]
  .text              ro code  0x9001'e954     0x224  usart.o [1]
  .text              ro code  0x9001'eb78     0x268  ltdc.o [1]
  .text              ro code  0x9001'ede0     0x160  adc.o [1]
  .text              ro code  0x9001'ef40      0x5c  usb_device.o [1]
  .text              ro code  0x9001'ef9c     0x174  sdmmc.o [1]
  .text              ro code  0x9001'f110      0x48  tx_initialize_kernel_enter.o [8]
  .text              ro code  0x9001'f158      0x64  stm32h7xx_hal_pwr_ex.o [1]
  .text              ro code  0x9001'f1bc      0x10  stm32h7xx_hal_pwr.o [1]
  .text              ro code  0x9001'f1cc      0x18  stm32h7xx_hal.o [1]
  .text              ro code  0x9001'f1e4     0x446  stm32h7xx_hal_rtc.o [1]
  .rodata            const    0x9001'f62a       0x2  page_home.o [1]
  .text              ro code  0x9001'f62c      0x1a  stm32h7xx_hal_rtc_ex.o [1]
  .rodata            const    0x9001'f646       0x2  page_home.o [1]
  .text              ro code  0x9001'f648     0x92c  stm32h7xx_hal_uart.o [1]
  .text              ro code  0x9001'ff74     0x170  stm32h7xx_hal_uart_ex.o [1]
  .text              ro code  0x9002'00e4     0x414  stm32h7xx_hal_ltdc.o [1]
  .text              ro code  0x9002'04f8     0xd60  stm32h7xx_hal_adc.o [1]
  .text              ro code  0x9002'1258     0x174  stm32h7xx_hal_adc_ex.o [1]
  .text              ro code  0x9002'13cc     0x436  usbd_core.o [1]
  .rodata            const    0x9002'1802       0x2  page_home.o [1]
  .text              ro code  0x9002'1804     0x410  usbd_cdc.o [1]
  .text              ro code  0x9002'1c14    0x1090  stm32h7xx_hal_sd.o [1]
  .text              ro code  0x9002'2ca4      0x74  tx_initialize_low_level.o [8]
  .text              ro code  0x9002'2d18      0x84  tx_initialize_high_level.o [8]
  .text              ro code  0x9002'2d9c     0x38c  task.o [1]
  .text              ro code  0x9002'3128      0xc0  tx_thread_schedule.o [8]
  .text              ro code  0x9002'31e8     0x230  I64DivMod.o [6]
  .text              ro code  0x9002'3418     0x438  usbd_conf.o [1]
  .text              ro code  0x9002'3850     0x8ac  usbd_ctlreq.o [1]
  .text              ro code  0x9002'40fc      0xac  usbd_ioreq.o [1]
  .text              ro code  0x9002'41a8     0x7c8  stm32h7xx_ll_sdmmc.o [1]
  .text              ro code  0x9002'4970      0x28  stm32h7xx_hal.o [1]
  .text              ro code  0x9002'4998      0xa6  bsp_sdio.o [1]
  .text              ro code  0x9002'4a3e       0x2  stm32h7xx_hal_sd.o [1]
  .text              ro code  0x9002'4a40       0x2  stm32h7xx_hal_sd.o [1]
  .text              ro code  0x9002'4a42       0x2  stm32h7xx_hal_sd.o [1]
  .text              ro code  0x9002'4a44       0x2  stm32h7xx_hal_sd.o [1]
  .rodata            const    0x9002'4a46       0x2  page_home.o [1]
  .text              ro code  0x9002'4a48      0xb8  tx_timer_interrupt.o [8]
  .text              ro code  0x9002'4b00      0xac  tx_thread_initialize.o [8]
  .text              ro code  0x9002'4bac      0xf8  tx_timer_initialize.o [8]
  .text              ro code  0x9002'4ca4     0x190  txe_thread_create.o [8]
  .text              ro code  0x9002'4e34      0x2e  bsp.o [1]
  .rodata            const    0x9002'4e62       0x2  page_set.o [1]
  .text              ro code  0x9002'4e64      0x9c  tx_thread_sleep.o [8]
  .text              ro code  0x9002'4f00     0x2f4  bsp_cli.o [1]
  .text              ro code  0x9002'51f4      0xec  txe_mutex_create.o [8]
  .text              ro code  0x9002'52e0      0x3c  vsnprint.o [2]
  .text              ro code  0x9002'531c      0x90  txe_mutex_get.o [8]
  .text              ro code  0x9002'53ac      0x28  printf.o [2]
  .text              ro code  0x9002'53d4      0x58  txe_mutex_put.o [8]
  .text              ro code  0x9002'542c     0x6f0  file.o [1]
  .text              ro code  0x9002'5b1c      0x7c  lv_port_disp.o [4]
  .text              ro code  0x9002'5b98      0x80  lv_port_indev.o [4]
  .text              ro code  0x9002'5c18     0x5d4  lv_theme_mono.o [4]
  .text              ro code  0x9002'61ec     0x128  display_win.o [1]
  .text              ro code  0x9002'6314      0xe8  display_basic.o [1]
  .text              ro code  0x9002'63fc       0x2  I64DivZer.o [6]
  .rodata            const    0x9002'63fe       0x2  page_set.o [1]
  .text              ro code  0x9002'6400     0xd38  stm32h7xx_hal_pcd.o [1]
  .text              ro code  0x9002'7138      0xa2  stm32h7xx_hal_pcd_ex.o [1]
  .rodata            const    0x9002'71da       0x2  page_set.o [1]
  .text              ro code  0x9002'71dc     0x54c  fx_stm32_sdio_driver.o [3]
  .text              ro code  0x9002'7728       0x2  bsp_sdio.o [1]
  .rodata            const    0x9002'772a       0x2  page_start.o [1]
  .text              ro code  0x9002'772c      0x28  tx_timer_expiration_process.o [8]
  .text              ro code  0x9002'7754     0x178  tx_thread_time_slice.o [8]
  .text              ro code  0x9002'78cc     0x1a8  tx_thread_create.o [8]
  .text              ro code  0x9002'7a74      0xd0  tx_thread_system_preempt_check.o [8]
  .text              ro code  0x9002'7b44      0x6a  bsp_dwt.o [1]
  .rodata            const    0x9002'7bae       0x2  lv_hal_disp.o [4]
  .text              ro code  0x9002'7bb0     0x4e4  bsp_eeprom.o [1]
  .text              ro code  0x9002'8094     0x54c  bsp_lcd.o [1]
  .text              ro code  0x9002'85e0     0x6b4  bsp_touch.o [1]
  .text              ro code  0x9002'8c94      0xcc  bsp_adc.o [1]
  .text              ro code  0x9002'8d60     0x340  tx_thread_system_suspend.o [8]
  .text              ro code  0x9002'90a0     0x122  bsp_ringbuffer.o [1]
  .text              ro code  0x9002'91c2      0x46  strcasecmp.o [2]
  .text              ro code  0x9002'9208      0x16  strchr.o [6]
  .text              ro code  0x9002'921e     0x4bc  qsort.o [2]
  .rodata            const    0x9002'96da       0x2  lv_style.o [4]
  .text              ro code  0x9002'96dc      0x80  tx_mutex_create.o [8]
  .text              ro code  0x9002'975c    0x10c6  xprintffull.o [2]
  .rodata            const    0x9002'a822       0x2  lv_style.o [4]
  .text              ro code  0x9002'a824     0x144  tx_mutex_get.o [8]
  .text              ro code  0x9002'a968     0x2b8  tx_mutex_put.o [8]
  .text              ro code  0x9002'ac20      0xbc  fx_system_initialize.o [3]
  .text              ro code  0x9002'acdc     0x100  fxe_media_open.o [3]
  .text              ro code  0x9002'addc      0x6c  fxe_directory_next_full_entry_find.o [3]
  .text              ro code  0x9002'ae48      0x4c  fxe_media_extended_space_available.o [3]
  .text              ro code  0x9002'ae94      0x44  fxe_media_close.o [3]
  .text              ro code  0x9002'aed8      0x48  fxe_file_create.o [3]
  .text              ro code  0x9002'af20      0xcc  fxe_file_open.o [3]
  .text              ro code  0x9002'afec      0x48  fxe_file_seek.o [3]
  .text              ro code  0x9002'b034      0x50  fxe_file_write.o [3]
  .text              ro code  0x9002'b084      0x44  fxe_file_close.o [3]
  .text              ro code  0x9002'b0c8      0x44  fxe_media_flush.o [3]
  .text              ro code  0x9002'b10c      0x58  fxe_file_read.o [3]
  .text              ro code  0x9002'b164      0x48  fxe_directory_create.o [3]
  .text              ro code  0x9002'b1ac      0x48  fxe_directory_delete.o [3]
  .text              ro code  0x9002'b1f4      0x48  fxe_file_delete.o [3]
  .text              ro code  0x9002'b23c      0x40  sprintf.o [2]
  .text              ro code  0x9002'b27c     0x14c  iar_Stoulx.o [2]
  .text              ro code  0x9002'b3c8     0xde0  lv_cont.o [4]
  .text              ro code  0x9002'c1a8     0x1ac  page_start.o [1]
  .text              ro code  0x9002'c354     0x674  page_home.o [1]
  .text              ro code  0x9002'c9c8     0x794  page_set.o [1]
  .text              ro code  0x9002'd15c     0xfa4  stm32h7xx_ll_usb.o [1]
  .text              ro code  0x9002'e100      0x18  tx_time_get.o [8]
  .text              ro code  0x9002'e118      0xe0  txe_semaphore_create.o [8]
  .text              ro code  0x9002'e1f8      0x64  txe_semaphore_delete.o [8]
  .text              ro code  0x9002'e25c      0x6c  txe_semaphore_get.o [8]
  .text              ro code  0x9002'e2c8     0x1ea  fx_partition_offset_calculate.o [3]
  .rodata            const    0x9002'e4b2       0x2  lv_style.o [4]
  .text              ro code  0x9002'e4b4      0x24  txe_semaphore_put.o [8]
  .text              ro code  0x9002'e4d8      0x1e  fx_utility_memory_copy.o [3]
  .rodata            const    0x9002'e4f6       0x2  lv_style.o [4]
  .text              ro code  0x9002'e4f8     0x314  tx_thread_system_resume.o [8]
  .text              ro code  0x9002'e80c      0x24  tx_thread_stack_error_handler.o [8]
  .text              ro code  0x9002'e830      0x90  tx_thread_stack_analyze.o [8]
  .text              ro code  0x9002'e8c0      0x44  tx_thread_stack_build.o [8]
  .text              ro code  0x9002'e904      0x78  tx_timer_system_activate.o [8]
  .text              ro code  0x9002'e97c      0x14  tolower.o [2]
  .text              ro code  0x9002'e990      0x96  ABImemmove.o [6]
  .rodata            const    0x9002'ea26       0x2  lv_style.o [4]
  .text              ro code  0x9002'ea28      0xa8  xlocale_c.o [2]
  .text              ro code  0x9002'ead0      0x40  xfail_s.o [2]
  .text              ro code  0x9002'eb10      0x58  memchr.o [6]
  .text              ro code  0x9002'eb68      0x70  frexp.o [5]
  .text              ro code  0x9002'ebd8      0x2e  DblCmpLe.o [5]
  .rodata            const    0x9002'ec06       0x2  lv_style.o [4]
  .text              ro code  0x9002'ec08      0x2e  DblCmpGe.o [5]
  .rodata            const    0x9002'ec36       0x2  lv_style.o [4]
  .text              ro code  0x9002'ec38     0x104  ldexp.o [5]
  .text              ro code  0x9002'ed3c       0xe  DblToS32.o [5]
  .text              ro code  0x9002'ed4a       0xe  S32ToDbl.o [5]
  .text              ro code  0x9002'ed58      0x12  DblSub.o [5]
  .text              ro code  0x9002'ed6a      0x12  DblDiv.o [5]
  .text              ro code  0x9002'ed7c       0xe  DblToU32.o [5]
  .text              ro code  0x9002'ed8a       0xe  U32ToDbl.o [5]
  .text              ro code  0x9002'ed98      0x12  DblMul.o [5]
  .text              ro code  0x9002'edaa       0xa  xmbcurmax.o [2]
  .text              ro code  0x9002'edb4     0x108  tx_mutex_priority_change.o [8]
  .text              ro code  0x9002'eebc     0x100  tx_mutex_prioritize.o [8]
  .text              ro code  0x9002'efbc      0x9c  tx_timer_create.o [8]
  .text              ro code  0x9002'f058      0x18  tx_thread_identify.o [8]
  .text              ro code  0x9002'f070      0xd0  tx_thread_preemption_change.o [8]
  .text              ro code  0x9002'f140     0x7d0  fx_media_open.o [3]
  .text              ro code  0x9002'f910     0x368  fx_directory_next_full_entry_find.o [3]
  .text              ro code  0x9002'fc78      0x5c  fx_media_extended_space_available.o [3]
  .text              ro code  0x9002'fcd4     0x2bc  fx_media_close.o [3]
  .text              ro code  0x9002'ff90     0x170  fx_file_create.o [3]
  .text              ro code  0x9003'0100     0x464  fx_file_open.o [3]
  .text              ro code  0x9003'0564      0x12  fx_file_seek.o [3]
  .rodata            const    0x9003'0576       0x2  lv_theme_mono.o [4]
  .text              ro code  0x9003'0578     0x684  fx_file_write.o [3]
  .text              ro code  0x9003'0bfc      0xec  fx_file_close.o [3]
  .text              ro code  0x9003'0ce8     0x244  fx_media_flush.o [3]
  .text              ro code  0x9003'0f2c     0x340  fx_file_read.o [3]
  .text              ro code  0x9003'126c     0x424  fx_directory_create.o [3]
  .text              ro code  0x9003'1690     0x254  fx_directory_delete.o [3]
  .text              ro code  0x9003'18e4     0x1a4  fx_file_delete.o [3]
  .text              ro code  0x9003'1a88      0x14  isspace.o [2]
  .text              ro code  0x9003'1a9c    0x1220  lv_label.o [4]
  .text              ro code  0x9003'2cbc     0x69c  lv_bar.o [4]
  .text              ro code  0x9003'3358     0x2fc  lv_imgbtn.o [4]
  .text              ro code  0x9003'3654     0xa88  lv_btn.o [4]
  .text              ro code  0x9003'40dc     0x530  lv_img.o [4]
  .text              ro code  0x9003'460c    0x1630  lv_tabview.o [4]
  .text              ro code  0x9003'5c3c     0xffe  lv_ddlist.o [4]
  .rodata            const    0x9003'6c3a       0x2  lv_theme_mono.o [4]
  .text              ro code  0x9003'6c3c      0x74  tx_semaphore_create.o [8]
  .text              ro code  0x9003'6cb0      0xc8  tx_semaphore_delete.o [8]
  .text              ro code  0x9003'6d78      0xbc  tx_semaphore_get.o [8]
  .text              ro code  0x9003'6e34      0x88  tx_semaphore_put.o [8]
  .text              ro code  0x9003'6ebc      0x36  tx_timer_system_deactivate.o [8]
  .text              ro code  0x9003'6ef2       0x6  abort.o [2]
  .text              ro code  0x9003'6ef8      0xde  fx_media_boot_info_extract.o [3]
  .text              ro code  0x9003'6fd6       0xc  fx_utility_16_unsigned_read.o [3]
  .text              ro code  0x9003'6fe2     0x320  fx_utility_FAT_entry_read.o [3]
  .text              ro code  0x9003'7302      0x18  fx_utility_32_unsigned_read.o [3]
  .text              ro code  0x9003'731a     0x34a  fx_utility_logical_sector_flush.o [3]
  .text              ro code  0x9003'7664     0x552  fx_directory_entry_read.o [3]
  .text              ro code  0x9003'7bb6     0x8f4  fx_directory_entry_write.o [3]
  .rodata            const    0x9003'84aa       0x2  lv_theme_mono.o [4]
  .text              ro code  0x9003'84ac      0xd4  fx_media_abort.o [3]
  .text              ro code  0x9003'8580     0x46e  fx_utility_FAT_flush.o [3]
  .text              ro code  0x9003'89ee      0xe4  fx_utility_FAT_map_flush.o [3]
  .text              ro code  0x9003'8ad2      0x16  fx_utility_32_unsigned_write.o [3]
  .text              ro code  0x9003'8ae8      0xec  tx_mutex_delete.o [8]
  .text              ro code  0x9003'8bd4     0x6fc  fx_directory_search.o [3]
  .text              ro code  0x9003'92d0      0x66  fx_directory_name_extract.o [3]
  .rodata            const    0x9003'9336       0x2  lv_theme_mono.o [4]
  .text              ro code  0x9003'9338     0x5b8  fx_directory_free_search.o [3]
  .text              ro code  0x9003'98f0     0x278  fx_file_extended_seek.o [3]
  .text              ro code  0x9003'9b68     0x152  fx_utility_FAT_entry_write.o [3]
  .text              ro code  0x9003'9cba     0x39c  fx_utility_logical_sector_read.o [3]
  .text              ro code  0x9003'a056     0x22a  fx_utility_logical_sector_write.o [3]
  .text              ro code  0x9003'a280    0x1098  lv_printf.o [4]
  .text              ro code  0x9003'b318    0x12fc  lv_btnm.o [4]
  .text              ro code  0x9003'c614    0x1708  lv_page.o [4]
  .text              ro code  0x9003'dd1c      0x14  exit.o [7]
  .text              ro code  0x9003'dd30       0xa  fx_utility_16_unsigned_write.o [3]
  .text              ro code  0x9003'dd3a     0x374  fx_utility_logical_sector_cache_entry_read.o [3]
  .rodata            const    0x9003'e0ae       0x2  lv_theme_mono.o [4]
  .rodata            const    0x9003'e0b0     0xc00  IconBackB.o [1]
  .rodata            const    0x9003'ecb0     0xc00  IconBackW.o [1]
  .rodata            const    0x9003'f8b0     0xc00  LChartB.o [1]
  .rodata            const    0x9004'04b0     0xc00  LChartW.o [1]
  .text              ro code  0x9004'10b0     0x804  lv_font_fmt_txt.o [4]
  .text              ro code  0x9004'18b4      0x58  lv_utils.o [4]
  .rodata            const    0x9004'190c     0x578  lv_font_roboto_16.o [4]
  .rodata            const    0x9004'1e84     0x4c8  lv_font_roboto_16.o [4]
  .rodata            const    0x9004'234c     0x470  SYHT_MED_16.o [1]
  .rodata            const    0x9004'27bc     0x3f0  SYHT_BOLD_20.o [1]
  .rodata            const    0x9004'2bac     0x300  IconTemp.o [1]
  .rodata            const    0x9004'2eac     0x300  SYHT_BOLD_40.o [1]
  .text              ro code  0x9004'31ac     0x19c  fx_system_timer_entry.o [3]
  .text              ro code  0x9004'3348     0x168  tx_timer_thread_entry.o [8]
  .text              ro code  0x9004'34b0     0x15e  usbd_desc.o [1]
  .text              ro code  0x9004'360e     0x12a  SYHT_BOLD_20.o [1]
  .text              ro code  0x9004'3738     0x12a  SYHT_BOLD_40.o [1]
  .text              ro code  0x9004'3862     0x12a  SYHT_MED_16.o [1]
  .text              ro code  0x9004'398c     0x124  system_stm32h7xx.o [1]
  .rodata            const    0x9004'3ab0     0x120  SYHT_MED_16.o [1]
  .rodata            const    0x9004'3bd0     0x100  SYHT_BOLD_20.o [1]
  .text              ro code  0x9004'3cd0      0xf4  tx_mutex_cleanup.o [8]
  .rodata            const    0x9004'3dc4      0xc4  SYHT_BOLD_40.o [1]
  .text              ro code  0x9004'3e88      0xa4  tx_semaphore_cleanup.o [8]
  .rodata            const    0x9004'3f2c      0x9c  lv_font_roboto_16.o [4]
  .rodata            const    0x9004'3fc8      0x9c  lv_font_roboto_16.o [4]
  .text              ro code  0x9004'4064      0x90  usbd_cdc_if.o [1]
  .text              ro code  0x9004'40f4      0x8c  tx_thread_shell_entry.o [8]
  .text              ro code  0x9004'4180      0x78  lz77_init_single.o [6]
  .rodata            const    0x9004'41f8      0x74  lv_font_roboto_16.o [4]
  .rodata            const    0x9004'426c      0x58  file.o [1]
  .rodata            const    0x9004'42c4      0x58  task.o [1]
  .rodata            const    0x9004'431c      0x4c  file.o [1]
  .rodata            const    0x9004'4368      0x50  lv_printf.o [4]
  .rodata            const    0x9004'43b8      0x50  iar_Stoulx.o [2]
  .text              ro code  0x9004'4408      0x50  tx_thread_timeout.o [8]
  .rodata            const    0x9004'4458      0x48  file.o [1]
  .rodata            const    0x9004'44a0      0x48  file.o [1]
  .rodata            const    0x9004'44e8      0x44  bsp_cli.o [1]
  .rodata            const    0x9004'452c      0x44  bsp_cli.o [1]
  .rodata            const    0x9004'4570      0x44  file.o [1]
  .rodata            const    0x9004'45b4      0x44  file.o [1]
  .rodata            const    0x9004'45f8      0x44  task.o [1]
  .rodata            const    0x9004'463c      0x40  file.o [1]
  .rodata            const    0x9004'467c      0x40  task.o [1]
  .rodata            const    0x9004'46bc      0x38  file.o [1]
  .text              ro code  0x9004'46f4      0x38  stm32h7xx_it.o [1]
  .rodata            const    0x9004'472c      0x30  file.o [1]
  .rodata            const    0x9004'475c      0x30  task.o [1]
  .rodata            const    0x9004'478c      0x28  file.o [1]
  .rodata            const    0x9004'47b4      0x28  file.o [1]
  .rodata            const    0x9004'47dc      0x28  file.o [1]
  .rodata            const    0x9004'4804      0x28  file.o [1]
  .rodata            const    0x9004'482c      0x28  file.o [1]
  .rodata            const    0x9004'4854      0x28  file.o [1]
  .rodata            const    0x9004'487c      0x28  lv_font_roboto_16.o [4]
  .text              ro code  0x9004'48a4      0x28  data_init.o [6]
  .rodata            const    0x9004'48cc      0x24  bsp_cli.o [1]
  .rodata            const    0x9004'48f0      0x24  file.o [1]
  .rodata            const    0x9004'4914      0x24  file.o [1]
  .rodata            const    0x9004'4938      0x24  file.o [1]
  .rodata            const    0x9004'495c      0x24  file.o [1]
  .rodata            const    0x9004'4980      0x24  file.o [1]
  .rodata            const    0x9004'49a4      0x24  file.o [1]
  .text              ro code  0x9004'49c8      0x22  fpinit_M.o [5]
  .iar.init_table    const    0x9004'49ec      0x30  - Linker created -
  .rodata            const    0x9004'4a1c       0x2  lv_theme_mono.o [4]
  .rodata            const    0x9004'4a20      0x20  file.o [1]
  .rodata            const    0x9004'4a40      0x20  file.o [1]
  .rodata            const    0x9004'4a60      0x20  file.o [1]
  .rodata            const    0x9004'4a80      0x20  file.o [1]
  .rodata            const    0x9004'4aa0      0x20  file.o [1]
  .rodata            const    0x9004'4ac0      0x20  page_set.o [1]
  .rodata            const    0x9004'4ae0      0x20  page_start.o [1]
  .rodata            const    0x9004'4b00      0x20  fx_stm32_sdio_driver.o [3]
  .text              ro code  0x9004'4b20      0x1e  cmain.o [6]
  .text              ro code  0x9004'4b3e       0x4  low_level_init.o [2]
  .text              ro code  0x9004'4b42       0x4  exit.o [2]
  .rodata            const    0x9004'4b46       0x2  lv_theme_mono.o [4]
  .text              ro code  0x9004'4b48       0xa  cexit.o [6]
  .rodata            const    0x9004'4b52       0x2  lv_theme_mono.o [4]
  .rodata            const    0x9004'4b54      0x1c  bsp_adc.o [1]
  .rodata            const    0x9004'4b70      0x1c  file.o [1]
  .rodata            const    0x9004'4b8c      0x1c  file.o [1]
  .rodata            const    0x9004'4ba8      0x1c  file.o [1]
  .rodata            const    0x9004'4bc4      0x1c  file.o [1]
  .rodata            const    0x9004'4be0      0x1c  file.o [1]
  .rodata            const    0x9004'4bfc      0x1c  file.o [1]
  .rodata            const    0x9004'4c18      0x1c  file.o [1]
  .rodata            const    0x9004'4c34      0x1c  file.o [1]
  .rodata            const    0x9004'4c50      0x1c  file.o [1]
  .rodata            const    0x9004'4c6c      0x1c  task.o [1]
  .rodata            const    0x9004'4c88      0x1c  lv_ddlist.o [4]
  .rodata            const    0x9004'4ca4      0x18  file.o [1]
  .rodata            const    0x9004'4cbc      0x18  file.o [1]
  .rodata            const    0x9004'4cd4      0x18  file.o [1]
  .rodata            const    0x9004'4cec      0x18  file.o [1]
  .rodata            const    0x9004'4d04      0x18  file.o [1]
  .rodata            const    0x9004'4d1c      0x18  file.o [1]
  .rodata            const    0x9004'4d34      0x18  file.o [1]
  .rodata            const    0x9004'4d4c      0x18  stm32h7xx_hal_uart.o [1]
  .rodata            const    0x9004'4d64      0x18  task.o [1]
  .rodata            const    0x9004'4d7c      0x18  usbd_desc.o [1]
  .text              ro code  0x9004'4d94      0x16  xprout.o [2]
  .rodata            const    0x9004'4daa       0x2  lv_theme_mono.o [4]
  .text              ro code  0x9004'4dac       0xc  putchar.o [2]
  .rodata            const    0x9004'4db8      0x14  bsp_adc.o [1]
  .rodata            const    0x9004'4dcc      0x14  bsp_cli.o [1]
  .rodata            const    0x9004'4de0      0x14  bsp_cli.o [1]
  .rodata            const    0x9004'4df4      0x14  bsp_cli.o [1]
  .rodata            const    0x9004'4e08      0x14  bsp_cli.o [1]
  .rodata            const    0x9004'4e1c      0x14  bsp_lcd.o [1]
  .rodata            const    0x9004'4e30      0x14  bsp_touch.o [1]
  .rodata            const    0x9004'4e44      0x14  file.o [1]
  .rodata            const    0x9004'4e58      0x14  file.o [1]
  .rodata            const    0x9004'4e6c      0x14  file.o [1]
  .rodata            const    0x9004'4e80      0x14  page_set.o [1]
  .rodata            const    0x9004'4e94      0x14  page_set.o [1]
  .rodata            const    0x9004'4ea8      0x14  page_set.o [1]
  .rodata            const    0x9004'4ebc      0x14  SYHT_BOLD_20.o [1]
  .rodata            const    0x9004'4ed0      0x14  SYHT_BOLD_40.o [1]
  .rodata            const    0x9004'4ee4      0x14  SYHT_MED_16.o [1]
  .rodata            const    0x9004'4ef8      0x14  usbd_desc.o [1]
  .rodata            const    0x9004'4f0c      0x14  fx_system_initialize.o [3]
  .rodata            const    0x9004'4f20      0x14  tx_timer_initialize.o [8]
  .rodata            const    0x9004'4f34      0x14  fx_media_open.o [3]
  .rodata            const    0x9004'4f48      0x10  bsp_cli.o [1]
  .rodata            const    0x9004'4f58      0x10  bsp_cli.o [1]
  .rodata            const    0x9004'4f68      0x10  file.o [1]
  .rodata            const    0x9004'4f78      0x10  file.o [1]
  .rodata            const    0x9004'4f88      0x10  file.o [1]
  .rodata            const    0x9004'4f98      0x10  file.o [1]
  .rodata            const    0x9004'4fa8      0x10  page_home.o [1]
  .rodata            const    0x9004'4fb8      0x10  page_set.o [1]
  .rodata            const    0x9004'4fc8      0x10  page_set.o [1]
  .rodata            const    0x9004'4fd8      0x10  page_set.o [1]
  .rodata            const    0x9004'4fe8      0x10  page_set.o [1]
  .rodata            const    0x9004'4ff8      0x10  page_set.o [1]
  .rodata            const    0x9004'5008      0x10  page_set.o [1]
  .rodata            const    0x9004'5018      0x10  page_set.o [1]
  .rodata            const    0x9004'5028      0x10  page_set.o [1]
  .rodata            const    0x9004'5038      0x10  page_set.o [1]
  .rodata            const    0x9004'5048      0x10  page_set.o [1]
  .rodata            const    0x9004'5058      0x10  page_set.o [1]
  .rodata            const    0x9004'5068      0x10  page_set.o [1]
  .rodata            const    0x9004'5078      0x10  system_stm32h7xx.o [1]
  .rodata            const    0x9004'5088      0x10  task.o [1]
  .rodata            const    0x9004'5098      0x10  task.o [1]
  .rodata            const    0x9004'50a8      0x10  task.o [1]
  .rodata            const    0x9004'50b8      0x10  task.o [1]
  .rodata            const    0x9004'50c8      0x10  task.o [1]
  .rodata            const    0x9004'50d8      0x10  task.o [1]
  .rodata            const    0x9004'50e8      0x10  task.o [1]
  .rodata            const    0x9004'50f8      0x10  usbd_desc.o [1]
  .rodata            const    0x9004'5108      0x10  lv_img_decoder.o [4]
  .rodata            const    0x9004'5118      0x10  lv_font_roboto_16.o [4]
  .rodata            const    0x9004'5128      0x10  lv_draw_basic.o [4]
  .text              ro code  0x9004'5138      0x10  startup_stm32h750xx.o [1]
  .rodata            const    0x9004'5148       0xc  bsp_touch.o [1]
  .rodata            const    0x9004'5154       0xc  file.o [1]
  .rodata            const    0x9004'5160       0xc  file.o [1]
  .rodata            const    0x9004'516c       0xc  file.o [1]
  .rodata            const    0x9004'5178       0xc  file.o [1]
  .rodata            const    0x9004'5184       0xc  file.o [1]
  .rodata            const    0x9004'5190       0xc  file.o [1]
  .rodata            const    0x9004'519c       0xc  IconBackB.o [1]
  .rodata            const    0x9004'51a8       0xc  IconBackW.o [1]
  .rodata            const    0x9004'51b4       0xc  IconTemp.o [1]
  .rodata            const    0x9004'51c0       0xc  LChartB.o [1]
  .rodata            const    0x9004'51cc       0xc  LChartW.o [1]
  .rodata            const    0x9004'51d8       0xc  page_home.o [1]
  .rodata            const    0x9004'51e4       0xc  page_home.o [1]
  .rodata            const    0x9004'51f0       0xc  page_home.o [1]
  .rodata            const    0x9004'51fc       0xc  page_home.o [1]
  .rodata            const    0x9004'5208       0xc  page_home.o [1]
  .rodata            const    0x9004'5214       0xc  page_home.o [1]
  .rodata            const    0x9004'5220       0xc  page_home.o [1]
  .rodata            const    0x9004'522c       0xc  page_set.o [1]
  .rodata            const    0x9004'5238       0xc  page_set.o [1]
  .rodata            const    0x9004'5244       0xc  page_set.o [1]
  .rodata            const    0x9004'5250       0xc  usbd_desc.o [1]
  .rodata            const    0x9004'525c       0xc  lv_imgbtn.o [4]
  .rodata            const    0x9004'5268       0xc  lv_label.o [4]
  .rodata            const    0x9004'5274       0xc  lv_ddlist.o [4]
  .rodata            const    0x9004'5280       0xc  lv_tabview.o [4]
  .text              ro code  0x9004'528c       0xc  cstartup_M.o [6]
  cli.cmd.0          const    0x9004'5298       0xc  bsp_cli.o [1]
  cli.cmd.1          const    0x9004'52a4       0xc  bsp_adc.o [1]
  cli.cmd.1          const    0x9004'52b0       0xc  bsp_cli.o [1]
  cli.cmd.1          const    0x9004'52bc       0xc  bsp_cli.o [1]
  cli.cmd.1          const    0x9004'52c8       0xc  bsp_cli.o [1]
  cli.cmd.1          const    0x9004'52d4       0xc  bsp_cli.o [1]
  cli.cmd.1          const    0x9004'52e0       0xc  bsp_lcd.o [1]
  cli.cmd.1          const    0x9004'52ec       0xc  bsp_touch.o [1]
  cli.cmd.1          const    0x9004'52f8       0xc  file.o [1]
  cli.cmd.1          const    0x9004'5304       0xc  task.o [1]
  cli.cmd.2          const    0x9004'5310       0xc  bsp_cli.o [1]
  .rodata            const    0x9004'531c       0x8  bsp_cli.o [1]
  .rodata            const    0x9004'5324       0x8  bsp_cli.o [1]
  .rodata            const    0x9004'532c       0x8  bsp_lcd.o [1]
  .rodata            const    0x9004'5334       0x8  file.o [1]
  .rodata            const    0x9004'533c       0x8  file.o [1]
  .rodata            const    0x9004'5344       0x8  file.o [1]
  .rodata            const    0x9004'534c       0x8  file.o [1]
  .rodata            const    0x9004'5354       0x8  file.o [1]
  .rodata            const    0x9004'535c       0x8  page_home.o [1]
  .rodata            const    0x9004'5364       0x8  page_home.o [1]
  .rodata            const    0x9004'536c       0x8  page_home.o [1]
  .rodata            const    0x9004'5374       0x8  page_home.o [1]
  .rodata            const    0x9004'537c       0x8  page_home.o [1]
  .rodata            const    0x9004'5384       0x8  page_set.o [1]
  .rodata            const    0x9004'538c       0x8  page_set.o [1]
  .rodata            const    0x9004'5394       0x8  page_set.o [1]
  .rodata            const    0x9004'539c       0x8  page_set.o [1]
  .rodata            const    0x9004'53a4       0x8  page_set.o [1]
  .rodata            const    0x9004'53ac       0x8  stm32h7xx_hal_uart_ex.o [1]
  .rodata            const    0x9004'53b4       0x8  stm32h7xx_hal_uart_ex.o [1]
  .rodata            const    0x9004'53bc       0x8  task.o [1]
  .rodata            const    0x9004'53c4       0x8  lv_cont.o [4]
  .rodata            const    0x9004'53cc       0x8  lv_obj.o [4]
  .rodata            const    0x9004'53d4       0x8  lv_btn.o [4]
  .rodata            const    0x9004'53dc       0x8  lv_img.o [4]
  .rodata            const    0x9004'53e4       0x8  lv_label.o [4]
  .rodata            const    0x9004'53ec       0x8  lv_bar.o [4]
  .rodata            const    0x9004'53f4       0x8  lv_draw_rect.o [4]
  .rodata            const    0x9004'53fc       0x8  lv_draw_img.o [4]
  .rodata            const    0x9004'5404       0x8  lv_txt.o [4]
  .rodata            const    0x9004'540c       0x8  lv_printf.o [4]
  .rodata            const    0x9004'5414       0x8  lv_printf.o [4]
  .rodata            const    0x9004'541c       0x8  lv_page.o [4]
  .rodata            const    0x9004'5424       0x8  lv_btnm.o [4]
  .rodata            const    0x9004'542c       0x8  lv_btnm.o [4]
  .rodata            const    0x9004'5434       0x8  lv_btnm.o [4]
  .rodata            const    0x9004'543c       0x8  lv_btnm.o [4]
  .rodata            const    0x9004'5444       0x8  lv_btnm.o [4]
  .rodata            const    0x9004'544c       0x8  lv_btnm.o [4]
  .rodata            const    0x9004'5454       0x8  lv_draw.o [4]
  .rodata            const    0x9004'545c       0x8  lv_draw.o [4]
  .rodata            const    0x9004'5464       0x8  lv_draw.o [4]
  .rodata            const    0x9004'546c       0x8  lv_draw.o [4]
  .rodata            const    0x9004'5474       0x4  bsp_adc.o [1]
  .rodata            const    0x9004'5478       0x4  bsp_cli.o [1]
  .rodata            const    0x9004'547c       0x4  page_set.o [1]
  .rodata            const    0x9004'5480       0x4  lv_draw_rect.o [4]
  .rodata            const    0x9004'5484       0x4  lv_draw_rect.o [4]
  .rodata            const    0x9004'5488       0x4  lv_img_decoder.o [4]
  .rodata            const    0x9004'548c       0x4  lv_draw.o [4]
  .rodata            const    0x9004'5490       0x4  lv_draw.o [4]
  .rodata            const    0x9004'5494       0x4  lv_draw_basic.o [4]
  .text              ro code  0x9004'5498       0x4  startup_stm32h750xx.o [1]
  .text              ro code  0x9004'549c       0x4  startup_stm32h750xx.o [1]
  .text              ro code  0x9004'54a0       0x4  startup_stm32h750xx.o [1]
  .text              ro code  0x9004'54a4       0x4  startup_stm32h750xx.o [1]
  .text              ro code  0x9004'54a8       0x4  startup_stm32h750xx.o [1]
  .text              ro code  0x9004'54ac       0x4  startup_stm32h750xx.o [1]
  .text              ro code  0x9004'54b0       0x4  startup_stm32h750xx.o [1]
  .text              ro code  0x9004'54b4       0x4  startup_stm32h750xx.o [1]
  .text              ro code  0x9004'54b8       0x4  startup_stm32h750xx.o [1]
  .text              ro code  0x9004'54bc       0x4  startup_stm32h750xx.o [1]
  .text              ro code  0x9004'54c0       0x4  startup_stm32h750xx.o [1]
  .text              ro code  0x9004'54c4       0x4  startup_stm32h750xx.o [1]
  .text              ro code  0x9004'54c8       0x4  startup_stm32h750xx.o [1]
  .text              ro code  0x9004'54cc       0x4  startup_stm32h750xx.o [1]
  .text              ro code  0x9004'54d0       0x4  startup_stm32h750xx.o [1]
  .text              ro code  0x9004'54d4       0x4  startup_stm32h750xx.o [1]
  .text              ro code  0x9004'54d8       0x4  startup_stm32h750xx.o [1]
  .text              ro code  0x9004'54dc       0x4  startup_stm32h750xx.o [1]
  .text              ro code  0x9004'54e0       0x4  startup_stm32h750xx.o [1]
  .text              ro code  0x9004'54e4       0x4  startup_stm32h750xx.o [1]
  .text              ro code  0x9004'54e8       0x4  startup_stm32h750xx.o [1]
  .text              ro code  0x9004'54ec       0x4  startup_stm32h750xx.o [1]
  .text              ro code  0x9004'54f0       0x4  startup_stm32h750xx.o [1]
  .text              ro code  0x9004'54f4       0x4  startup_stm32h750xx.o [1]
  .text              ro code  0x9004'54f8       0x4  startup_stm32h750xx.o [1]
  .text              ro code  0x9004'54fc       0x4  startup_stm32h750xx.o [1]
  .text              ro code  0x9004'5500       0x4  startup_stm32h750xx.o [1]
  .text              ro code  0x9004'5504       0x4  startup_stm32h750xx.o [1]
  .text              ro code  0x9004'5508       0x4  startup_stm32h750xx.o [1]
  .text              ro code  0x9004'550c       0x4  startup_stm32h750xx.o [1]
  .text              ro code  0x9004'5510       0x4  startup_stm32h750xx.o [1]
  .text              ro code  0x9004'5514       0x4  startup_stm32h750xx.o [1]
  .text              ro code  0x9004'5518       0x4  startup_stm32h750xx.o [1]
  .text              ro code  0x9004'551c       0x4  startup_stm32h750xx.o [1]
  .text              ro code  0x9004'5520       0x4  startup_stm32h750xx.o [1]
  .text              ro code  0x9004'5524       0x4  startup_stm32h750xx.o [1]
  .text              ro code  0x9004'5528       0x4  startup_stm32h750xx.o [1]
  .text              ro code  0x9004'552c       0x4  startup_stm32h750xx.o [1]
  .text              ro code  0x9004'5530       0x4  startup_stm32h750xx.o [1]
  .text              ro code  0x9004'5534       0x4  startup_stm32h750xx.o [1]
  .text              ro code  0x9004'5538       0x4  startup_stm32h750xx.o [1]
  .text              ro code  0x9004'553c       0x4  startup_stm32h750xx.o [1]
  .text              ro code  0x9004'5540       0x4  startup_stm32h750xx.o [1]
  .text              ro code  0x9004'5544       0x4  startup_stm32h750xx.o [1]
  .text              ro code  0x9004'5548       0x4  startup_stm32h750xx.o [1]
  .text              ro code  0x9004'554c       0x4  startup_stm32h750xx.o [1]
  .text              ro code  0x9004'5550       0x4  startup_stm32h750xx.o [1]
  .text              ro code  0x9004'5554       0x4  startup_stm32h750xx.o [1]
  .text              ro code  0x9004'5558       0x4  startup_stm32h750xx.o [1]
  .text              ro code  0x9004'555c       0x4  startup_stm32h750xx.o [1]
  .text              ro code  0x9004'5560       0x4  startup_stm32h750xx.o [1]
  .text              ro code  0x9004'5564       0x4  startup_stm32h750xx.o [1]
  .text              ro code  0x9004'5568       0x4  startup_stm32h750xx.o [1]
  .text              ro code  0x9004'556c       0x4  startup_stm32h750xx.o [1]
  .text              ro code  0x9004'5570       0x4  startup_stm32h750xx.o [1]
  .text              ro code  0x9004'5574       0x4  startup_stm32h750xx.o [1]
  .text              ro code  0x9004'5578       0x4  startup_stm32h750xx.o [1]
  .text              ro code  0x9004'557c       0x4  startup_stm32h750xx.o [1]
  .text              ro code  0x9004'5580       0x4  startup_stm32h750xx.o [1]
  .text              ro code  0x9004'5584       0x4  startup_stm32h750xx.o [1]
  .text              ro code  0x9004'5588       0x4  startup_stm32h750xx.o [1]
  .text              ro code  0x9004'558c       0x4  startup_stm32h750xx.o [1]
  .text              ro code  0x9004'5590       0x4  startup_stm32h750xx.o [1]
  .text              ro code  0x9004'5594       0x4  startup_stm32h750xx.o [1]
  .text              ro code  0x9004'5598       0x4  startup_stm32h750xx.o [1]
  .text              ro code  0x9004'559c       0x4  startup_stm32h750xx.o [1]
  .text              ro code  0x9004'55a0       0x4  startup_stm32h750xx.o [1]
  .text              ro code  0x9004'55a4       0x4  startup_stm32h750xx.o [1]
  .text              ro code  0x9004'55a8       0x4  startup_stm32h750xx.o [1]
  .text              ro code  0x9004'55ac       0x4  startup_stm32h750xx.o [1]
  .text              ro code  0x9004'55b0       0x4  startup_stm32h750xx.o [1]
  .text              ro code  0x9004'55b4       0x4  startup_stm32h750xx.o [1]
  .text              ro code  0x9004'55b8       0x4  startup_stm32h750xx.o [1]
  .text              ro code  0x9004'55bc       0x4  startup_stm32h750xx.o [1]
  .text              ro code  0x9004'55c0       0x4  startup_stm32h750xx.o [1]
  .text              ro code  0x9004'55c4       0x4  startup_stm32h750xx.o [1]
  .text              ro code  0x9004'55c8       0x4  startup_stm32h750xx.o [1]
  .text              ro code  0x9004'55cc       0x4  startup_stm32h750xx.o [1]
  .text              ro code  0x9004'55d0       0x4  startup_stm32h750xx.o [1]
  .text              ro code  0x9004'55d4       0x4  startup_stm32h750xx.o [1]
  .text              ro code  0x9004'55d8       0x4  startup_stm32h750xx.o [1]
  .text              ro code  0x9004'55dc       0x4  startup_stm32h750xx.o [1]
  .text              ro code  0x9004'55e0       0x4  startup_stm32h750xx.o [1]
  .text              ro code  0x9004'55e4       0x4  startup_stm32h750xx.o [1]
  .text              ro code  0x9004'55e8       0x4  startup_stm32h750xx.o [1]
  .text              ro code  0x9004'55ec       0x4  startup_stm32h750xx.o [1]
  .text              ro code  0x9004'55f0       0x4  startup_stm32h750xx.o [1]
  .text              ro code  0x9004'55f4       0x4  startup_stm32h750xx.o [1]
  .text              ro code  0x9004'55f8       0x4  startup_stm32h750xx.o [1]
  .text              ro code  0x9004'55fc       0x4  startup_stm32h750xx.o [1]
  .text              ro code  0x9004'5600       0x4  startup_stm32h750xx.o [1]
  .text              ro code  0x9004'5604       0x4  startup_stm32h750xx.o [1]
  .text              ro code  0x9004'5608       0x4  startup_stm32h750xx.o [1]
  .text              ro code  0x9004'560c       0x4  startup_stm32h750xx.o [1]
  .text              ro code  0x9004'5610       0x4  startup_stm32h750xx.o [1]
  .text              ro code  0x9004'5614       0x4  startup_stm32h750xx.o [1]
  .text              ro code  0x9004'5618       0x4  startup_stm32h750xx.o [1]
  .text              ro code  0x9004'561c       0x4  startup_stm32h750xx.o [1]
  .text              ro code  0x9004'5620       0x4  startup_stm32h750xx.o [1]
  .text              ro code  0x9004'5624       0x4  startup_stm32h750xx.o [1]
  .text              ro code  0x9004'5628       0x4  startup_stm32h750xx.o [1]
  .text              ro code  0x9004'562c       0x4  startup_stm32h750xx.o [1]
  .text              ro code  0x9004'5630       0x4  startup_stm32h750xx.o [1]
  .text              ro code  0x9004'5634       0x4  startup_stm32h750xx.o [1]
  .text              ro code  0x9004'5638       0x4  startup_stm32h750xx.o [1]
  .text              ro code  0x9004'563c       0x4  startup_stm32h750xx.o [1]
  .text              ro code  0x9004'5640       0x4  startup_stm32h750xx.o [1]
  .text              ro code  0x9004'5644       0x4  startup_stm32h750xx.o [1]
  .text              ro code  0x9004'5648       0x4  startup_stm32h750xx.o [1]
  .text              ro code  0x9004'564c       0x4  startup_stm32h750xx.o [1]
  .text              ro code  0x9004'5650       0x4  startup_stm32h750xx.o [1]
  .text              ro code  0x9004'5654       0x4  startup_stm32h750xx.o [1]
  .text              ro code  0x9004'5658       0x4  startup_stm32h750xx.o [1]
  .text              ro code  0x9004'565c       0x4  startup_stm32h750xx.o [1]
  .text              ro code  0x9004'5660       0x4  startup_stm32h750xx.o [1]
  .text              ro code  0x9004'5664       0x4  startup_stm32h750xx.o [1]
  .text              ro code  0x9004'5668       0x4  startup_stm32h750xx.o [1]
  .text              ro code  0x9004'566c       0x4  startup_stm32h750xx.o [1]
  .text              ro code  0x9004'5670       0x4  startup_stm32h750xx.o [1]
  .text              ro code  0x9004'5674       0x4  startup_stm32h750xx.o [1]
  .text              ro code  0x9004'5678       0x4  startup_stm32h750xx.o [1]
  .text              ro code  0x9004'567c       0x4  startup_stm32h750xx.o [1]
  .text              ro code  0x9004'5680       0x4  startup_stm32h750xx.o [1]
  .text              ro code  0x9004'5684       0x4  startup_stm32h750xx.o [1]
  .text              ro code  0x9004'5688       0x4  startup_stm32h750xx.o [1]
  .text              ro code  0x9004'568c       0x4  startup_stm32h750xx.o [1]
  .text              ro code  0x9004'5690       0x4  startup_stm32h750xx.o [1]
  .text              ro code  0x9004'5694       0x4  startup_stm32h750xx.o [1]
  .text              ro code  0x9004'5698       0x4  startup_stm32h750xx.o [1]
  .text              ro code  0x9004'569c       0x4  startup_stm32h750xx.o [1]
  .text              ro code  0x9004'56a0       0x4  startup_stm32h750xx.o [1]
  .text              ro code  0x9004'56a4       0x4  startup_stm32h750xx.o [1]
  .text              ro code  0x9004'56a8       0x4  startup_stm32h750xx.o [1]
  .text              ro code  0x9004'56ac       0x4  startup_stm32h750xx.o [1]
  .text              ro code  0x9004'56b0       0x4  startup_stm32h750xx.o [1]
  .text              ro code  0x9004'56b4       0x4  startup_stm32h750xx.o [1]
  .rodata            const    0x9004'56b8       0x2  lv_theme_mono.o [4]
  .rodata            const    0x9004'56ba       0x2  lv_theme_mono.o [4]
  .rodata            const    0x9004'56bc       0x2  lv_theme_mono.o [4]
  .rodata            const    0x9004'56be       0x2  lv_theme_mono.o [4]
  .rodata            const    0x9004'56c0       0x2  lv_theme_mono.o [4]
  .rodata            const    0x9004'56c2       0x2  lv_theme_mono.o [4]
  .rodata            const    0x9004'56c4       0x2  lv_theme_mono.o [4]
  .rodata            const    0x9004'56c6       0x2  lv_theme_mono.o [4]
  .rodata            const    0x9004'56c8       0x2  lv_theme_mono.o [4]
  .rodata            const    0x9004'56ca       0x2  lv_theme_mono.o [4]
  .rodata            const    0x9004'56cc       0x2  lv_draw_rect.o [4]
  .rodata            const    0x9004'56ce       0x2  lv_group.o [4]
  .rodata            const    0x9004'56d0       0x2  lv_group.o [4]
  .rodata            const    0x9004'56d2       0x2  lv_group.o [4]
  .rodata            const    0x9004'56d4       0x2  lv_group.o [4]
  .rodata            const    0x9004'56d6       0x2  lv_group.o [4]
  .rodata            const    0x9004'56d8       0x2  lv_group.o [4]
  .rodata            const    0x9004'56da       0x2  lv_group.o [4]
  .rodata            const    0x9004'56dc       0x2  lv_group.o [4]
  .rodata            const    0x9004'56de       0x2  lv_group.o [4]
  .rodata            const    0x9004'56e0       0x2  lv_group.o [4]
  .rodata            const    0x9004'56e2       0x2  lv_group.o [4]
  .rodata            const    0x9004'56e4       0x2  lv_group.o [4]
[...]
lv_obj_invalidate       0x9000'fa55      0x44  Code  Gb  lv_obj.o [4]
lv_obj_invalidate_area  0x9000'f979      0xdc  Code  Gb  lv_obj.o [4]
lv_obj_is_focused       0x9001'0957      0x1c  Code  Gb  lv_obj.o [4]
lv_obj_is_protected     0x9001'0935      0x12  Code  Gb  lv_obj.o [4]
lv_obj_move_foreground  0x9000'faff      0x3a  Code  Gb  lv_obj.o [4]
lv_obj_realign          0x9001'03fb      0x42  Code  Gb  lv_obj.o [4]
lv_obj_refresh_ext_draw_pad
                        0x9001'06c1      0x1a  Code  Gb  lv_obj.o [4]
lv_obj_refresh_style    0x9001'046f      0x1c  Code  Gb  lv_obj.o [4]
lv_obj_report_style_mod
                        0x9001'048b      0x50  Code  Gb  lv_obj.o [4]
lv_obj_set_auto_realign
                        0x9001'043d      0x1c  Code  Gb  lv_obj.o [4]
lv_obj_set_click        0x9001'0537      0x1c  Code  Gb  lv_obj.o [4]
lv_obj_set_design_cb    0x9001'06a7       0x4  Code  Gb  lv_obj.o [4]
lv_obj_set_drag         0x9001'0553      0x32  Code  Gb  lv_obj.o [4]
lv_obj_set_drag_throw   0x9001'0585      0x1c  Code  Gb  lv_obj.o [4]
lv_obj_set_event_cb     0x9001'05bd       0x4  Code  Gb  lv_obj.o [4]
lv_obj_set_height       0x9000'fcd7      0x1c  Code  Gb  lv_obj.o [4]
lv_obj_set_hidden       0x9001'04db      0x5c  Code  Gb  lv_obj.o [4]
lv_obj_set_parent       0x9000'fa99      0x66  Code  Gb  lv_obj.o [4]
lv_obj_set_pos          0x9000'fb39      0x92  Code  Gb  lv_obj.o [4]
lv_obj_set_protect      0x9001'05a1       0xc  Code  Gb  lv_obj.o [4]
lv_obj_set_signal_cb    0x9001'06a3       0x4  Code  Gb  lv_obj.o [4]
lv_obj_set_size         0x9000'fc03      0xb8  Code  Gb  lv_obj.o [4]
lv_obj_set_style        0x9001'0459      0x16  Code  Gb  lv_obj.o [4]
lv_obj_set_width        0x9000'fcbb      0x1c  Code  Gb  lv_obj.o [4]
lv_obj_set_x            0x9000'fbcb      0x1c  Code  Gb  lv_obj.o [4]
lv_obj_set_y            0x9000'fbe7      0x1c  Code  Gb  lv_obj.o [4]
lv_obj_signal           0x9001'0a71      0x6a  Code  Lc  lv_obj.o [4]
lv_page_create          0x9003'c68d     0x250  Code  Gb  lv_page.o [4]
lv_page_design          0x9003'cc11     0x2ac  Code  Lc  lv_page.o [4]
lv_page_get_anim_time   0x9003'c9df       0xe  Code  Gb  lv_page.o [4]
lv_page_get_scrl        0x9003'c9d1       0xe  Code  Gb  lv_page.o [4]
lv_page_get_scrl_fit_bottom
                        0x9003'5c7f      0x10  Code  Lc  lv_ddlist.o [4]
lv_page_get_scrl_fit_left
                        0x9003'c65d      0x10  Code  Lc  lv_page.o [4]
lv_page_get_scrl_fit_right
                        0x9003'c66d      0x10  Code  Lc  lv_page.o [4]
lv_page_get_scrl_fit_top
                        0x9003'c67d      0x10  Code  Lc  lv_page.o [4]
lv_page_get_scrl_width  0x9003'c64d      0x10  Code  Lc  lv_page.o [4]
lv_page_get_style       0x9003'c9ed      0x40  Code  Gb  lv_page.o [4]
lv_page_on_edge         0x9003'ca2d      0x9a  Code  Gb  lv_page.o [4]
lv_page_sb_refresh      0x9003'd869     0x458  Code  Lc  lv_page.o [4]
lv_page_scroll_hor      0x9003'cac7      0x6c  Code  Gb  lv_page.o [4]
lv_page_scroll_ver      0x9003'cb33      0x6c  Code  Gb  lv_page.o [4]
lv_page_scrollable_signal
                        0x9003'd311     0x4cc  Code  Lc  lv_page.o [4]
lv_page_set_anim_time   0x9003'c953      0x10  Code  Gb  lv_page.o [4]
lv_page_set_sb_mode     0x9003'c8dd      0x76  Code  Gb  lv_page.o [4]
lv_page_set_scrl_fit2   0x9003'5c63      0x1c  Code  Lc  lv_ddlist.o [4]
lv_page_set_style       0x9003'c963      0x6e  Code  Gb  lv_page.o [4]
lv_page_signal          0x9003'cfa5     0x364  Code  Lc  lv_page.o [4]
lv_page_start_edge_flash
                        0x9003'cb9f      0x70  Code  Gb  lv_page.o [4]
lv_port_disp_init       0x9002'5b1d      0x3e  Code  Gb  lv_port_disp.o [4]
lv_port_disp_init::disp_buf_1
                        0x2001'4128      0x1c  Data  Lc  lv_port_disp.o [4]
lv_port_indev_init      0x9002'5b99      0x24  Code  Gb  lv_port_indev.o [4]
lv_refr_area            0x9000'd825     0x154  Code  Lc  lv_refr.o [4]
lv_refr_area_part       0x9000'd979      0x6a  Code  Lc  lv_refr.o [4]
lv_refr_areas           0x9000'd7cf      0x56  Code  Lc  lv_refr.o [4]
lv_refr_get_disp_refreshing
                        0x9000'd583       0x8  Code  Gb  lv_refr.o [4]
lv_refr_get_top_obj     0x9000'd9e3      0x80  Code  Lc  lv_refr.o [4]
lv_refr_init            0x9000'd48d       0x2  Code  Gb  lv_refr.o [4]
lv_refr_join_area       0x9000'd705      0xca  Code  Lc  lv_refr.o [4]
lv_refr_obj             0x9000'dacb     0x100  Code  Lc  lv_refr.o [4]
lv_refr_obj_and_children
                        0x9000'da63      0x68  Code  Lc  lv_refr.o [4]
lv_refr_vdb_flush       0x9000'dbcb      0x5c  Code  Lc  lv_refr.o [4]
lv_scr_act              0x9002'61ed       0xc  Code  Lc  display_win.o [1]
lv_scrl_design          0x9003'cebd      0xc6  Code  Lc  lv_page.o [4]
lv_style_btn_ina        0x2001'3c88      0x3c  Data  Gb  lv_style.o [4]
lv_style_btn_pr         0x2001'3bd4      0x3c  Data  Gb  lv_style.o [4]
lv_style_btn_rel        0x2001'3b98      0x3c  Data  Gb  lv_style.o [4]
lv_style_btn_tgl_pr     0x2001'3c4c      0x3c  Data  Gb  lv_style.o [4]
lv_style_btn_tgl_rel    0x2001'3c10      0x3c  Data  Gb  lv_style.o [4]
lv_style_copy           0x9001'221d      0x1c  Code  Gb  lv_style.o [4]
lv_style_init           0x9001'1d55     0x4c8  Code  Gb  lv_style.o [4]
lv_style_mix            0x9001'2239     0x3fc  Code  Gb  lv_style.o [4]
lv_style_plain          0x2001'3aa8      0x3c  Data  Gb  lv_style.o [4]
lv_style_plain_color    0x2001'3ae4      0x3c  Data  Gb  lv_style.o [4]
lv_style_pretty         0x2001'3b20      0x3c  Data  Gb  lv_style.o [4]
lv_style_pretty_color   0x2001'3b5c      0x3c  Data  Gb  lv_style.o [4]
lv_style_scr            0x2001'39b8      0x3c  Data  Gb  lv_style.o [4]
lv_style_transp         0x2001'39f4      0x3c  Data  Gb  lv_style.o [4]
lv_style_transp_fit     0x2001'3a30      0x3c  Data  Gb  lv_style.o [4]
lv_style_transp_tight   0x2001'3a6c      0x3c  Data  Gb  lv_style.o [4]
lv_tabview_add_tab      0x9003'4959     0x286  Code  Gb  lv_tabview.o [4]
lv_tabview_create       0x9003'4661     0x2f2  Code  Gb  lv_tabview.o [4]
lv_tabview_get_anim_time
                        0x9003'5001       0xe  Code  Gb  lv_tabview.o [4]
lv_tabview_get_sliding  0x9003'4fef      0x12  Code  Gb  lv_tabview.o [4]
lv_tabview_get_style    0x9003'500f      0x6c  Code  Gb  lv_tabview.o [4]
lv_tabview_get_tab      0x9003'4f9f      0x50  Code  Gb  lv_tabview.o [4]
lv_tabview_get_tab_act  0x9003'4f91       0xe  Code  Gb  lv_tabview.o [4]
lv_tabview_set_btns_pos
                        0x9003'4f73      0x1e  Code  Gb  lv_tabview.o [4]
lv_tabview_set_style    0x9003'4eb5      0xbe  Code  Gb  lv_tabview.o [4]
lv_tabview_set_tab_act  0x9003'4be9     0x2cc  Code  Gb  lv_tabview.o [4]
lv_tabview_signal       0x9003'507d     0x1c4  Code  Lc  lv_tabview.o [4]
lv_task_core_init       0x9001'0c9d      0x14  Code  Gb  lv_task.o [4]
lv_task_create          0x9001'0ed9      0x3e  Code  Gb  lv_task.o [4]
lv_task_create_basic    0x9001'0e45      0x94  Code  Gb  lv_task.o [4]
lv_task_del             0x9001'0f1b      0x22  Code  Gb  lv_task.o [4]
lv_task_enable          0x9001'0fb7       0x6  Code  Gb  lv_task.o [4]
lv_task_exec            0x9001'0fbd      0x54  Code  Lc  lv_task.o [4]
lv_task_handler         0x9001'0cb1     0x194  Code  Gb  lv_task.o [4]
lv_task_handler::already_running
                        0x2001'4458       0x1  Data  Lc  lv_task.o [4]
lv_task_handler::busy_time
                        0x2001'4324       0x4  Data  Lc  lv_task.o [4]
lv_task_handler::handler_start
                        0x2001'4320       0x4  Data  Lc  lv_task.o [4]
lv_task_handler::idle_period_start
                        0x2001'431c       0x4  Data  Lc  lv_task.o [4]
lv_task_ready           0x9001'0fa5      0x12  Code  Gb  lv_task.o [4]
lv_task_run             0x2001'4454       0x1  Data  Lc  lv_task.o [4]
lv_task_set_cb          0x9001'0f17       0x4  Code  Gb  lv_task.o [4]
lv_task_set_period      0x9001'0fa1       0x4  Code  Gb  lv_task.o [4]
lv_task_set_prio        0x9001'0f3d      0x64  Code  Gb  lv_task.o [4]
lv_theme_get_current    0x9001'47b3      0x10  Code  Gb  lv_theme.o [4]
lv_theme_mono_init      0x9002'609b      0xa6  Code  Gb  lv_theme_mono.o [4]
lv_theme_set_current    0x9001'4701      0xb2  Code  Gb  lv_theme.o [4]
lv_tick_elaps           0x9000'eff5      0x1a  Code  Gb  lv_hal_tick.o [4]
lv_tick_get             0x9000'efd9      0x14  Code  Gb  lv_hal_tick.o [4]
lv_tick_inc             0x9000'efc9      0x10  Code  Gb  lv_hal_tick.o [4]
lv_txt_encoded_get_byte_id
                        0x2000'06fc       0x4  Data  Gb  lv_txt.o [4]
lv_txt_encoded_get_char_id
                        0x2000'0700       0x4  Data  Gb  lv_txt.o [4]
lv_txt_encoded_next     0x2000'06f4       0x4  Data  Gb  lv_txt.o [4]
lv_txt_encoded_prev     0x2000'06f8       0x4  Data  Gb  lv_txt.o [4]
lv_txt_encoded_size     0x2000'06f0       0x4  Data  Gb  lv_txt.o [4]
lv_txt_get_encoded_length
                        0x2000'0704       0x4  Data  Gb  lv_txt.o [4]
lv_txt_get_next_line    0x9001'560f      0xde  Code  Gb  lv_txt.o [4]
lv_txt_get_next_word    0x9001'5455     0x1ba  Code  Lc  lv_txt.o [4]
lv_txt_get_size         0x9001'5341     0x114  Code  Gb  lv_txt.o [4]
lv_txt_get_width        0x9001'56ed      0x9c  Code  Gb  lv_txt.o [4]
lv_txt_is_cmd           0x9001'5789      0x4c  Code  Gb  lv_txt.o [4]
lv_txt_utf8_get_byte_id
                        0x9001'59c7      0x32  Code  Lc  lv_txt.o [4]
lv_txt_utf8_get_char_id
                        0x9001'59f9      0x24  Code  Lc  lv_txt.o [4]
lv_txt_utf8_get_length  0x9001'5a1d      0x24  Code  Lc  lv_txt.o [4]
lv_txt_utf8_next        0x9001'5813     0x15a  Code  Lc  lv_txt.o [4]
lv_txt_utf8_prev        0x9001'596d      0x5a  Code  Lc  lv_txt.o [4]
lv_txt_utf8_size        0x9001'57d9      0x3a  Code  Lc  lv_txt.o [4]
lv_utils_bsearch        0x9004'18b5      0x58  Code  Gb  lv_utils.o [4]
lv_vsnprintf            0x9003'b2e9      0x1a  Code  Gb  lv_printf.o [4]
main                    0x9001'dfd1      0xbc  Code  Gb  main.o [1]
make_one_button_toggled
                        0x9003'c5e3      0x32  Code  Lc  lv_btnm.o [4]
maps_are_identical      0x9003'c55d      0x86  Code  Lc  lv_btnm.o [4]
mbox_init               0x9002'5f41      0x1a  Code  Lc  lv_theme_mono.o [4]
med3                    0x9002'932d      0x50  Code  Lc  qsort.o [2]
media_memory            0x3000'0000  0x4'0000  Data  Gb  file.o [1]
memchr                  0x9002'eb11            Code  Gb  memchr.o [6]
memset                  0x9001'e281      0x14  Code  Gb  memset.o [6]
ndigs                   0x9004'43b8      0x28  Data  Lc  iar_Stoulx.o [2]
node_set_next           0x9000'f3b9      0x48  Code  Lc  lv_ll.o [4]
node_set_prev           0x9000'f375      0x44  Code  Lc  lv_ll.o [4]
obj_to_foreground       0x9001'1c4d      0x32  Code  Lc  lv_group.o [4]
obuf                    0x2001'3454      0x50  Data  Lc  xfiles.o [2]
page_Home               0x2000'0400      0x10  Data  Gb  page_home.o [1]
page_Set                0x2000'0430      0x10  Data  Gb  page_set.o [1]
page_Start              0x2000'0444      0x10  Data  Gb  page_start.o [1]
page_init               0x9002'5f5b      0x14  Code  Lc  lv_theme_mono.o [4]
page_manager            0x2001'41c0       0x8  Data  Gb  display_basic.o [1]
page_scrl_signal        0x2001'433c       0x4  Data  Lc  lv_tabview.o [4]
page_signal             0x2001'4338       0x4  Data  Lc  lv_tabview.o [4]
printf                  0x9002'53ad      0x28  Code  Gb  printf.o [2]
process_line            0x9002'4fb9      0x34  Code  Lc  bsp_cli.o [1]
putchar                 0x9004'4dad       0xc  Code  Gb  putchar.o [2]
px_num                  0x2001'435c       0x4  Data  Lc  lv_refr.o [4]
qsort                   0x9002'96c3      0x18  Code  Gb  qsort.o [2]
rbrecv                  0x2001'4158      0x10  Data  Lc  bsp_cli.o [1]
recvbuf                 0x2001'353c      0x44  Data  Lc  bsp_cli.o [1]
recvcnt                 0x2001'4434       0x2  Data  Lc  bsp_cli.o [1]
refr_img                0x9003'3585      0xd0  Code  Lc  lv_imgbtn.o [4]
refresh_children_position
                        0x9001'0adb      0x48  Code  Lc  lv_obj.o [4]
refresh_children_style  0x9001'0b61      0x46  Code  Lc  lv_obj.o [4]
refresh_theme           0x9001'1ad3      0x2a  Code  Lc  lv_group.o [4]
release_handler         0x9003'67f5     0x166  Code  Lc  lv_ddlist.o [4]
report_style_mod_core   0x9001'0b23      0x3e  Code  Lc  lv_obj.o [4]
ring_buf_get            0x9002'9143      0x80  Code  Gb  bsp_ringbuffer.o [1]
ring_buf_init           0x9002'90a1      0x20  Code  Gb  bsp_ringbuffer.o [1]
ring_buf_put            0x9002'90c1      0x82  Code  Gb  bsp_ringbuffer.o [1]
rle_bpp                 0x2001'445b       0x1  Data  Lc  lv_font_fmt_txt.o [4]
rle_cnt                 0x2001'445d       0x1  Data  Lc  lv_font_fmt_txt.o [4]
rle_in                  0x2001'4428       0x4  Data  Lc  lv_font_fmt_txt.o [4]
rle_init                0x9004'1707      0x22  Code  Lc  lv_font_fmt_txt.o [4]
rle_next                0x9004'1729     0x166  Code  Lc  lv_font_fmt_txt.o [4]
rle_prev_v              0x2001'445c       0x1  Data  Lc  lv_font_fmt_txt.o [4]
rle_rdp                 0x2001'4424       0x4  Data  Lc  lv_font_fmt_txt.o [4]
rle_state               0x2001'445e       0x1  Data  Lc  lv_font_fmt_txt.o [4]
roller_init             0x9002'5fdb      0x1e  Code  Lc  lv_theme_mono.o [4]
roller_init::bg         0x2001'400c      0x3c  Data  Lc  lv_theme_mono.o [4]
rot3                    0x9002'9275      0x68  Code  Lc  qsort.o [2]
rotate                  0x9002'92e3      0x4a  Code  Lc  qsort.o [2]
rxbuf                   0x2001'29c0     0x100  Data  Lc  bsp_cli.o [1]
scalbln                 0x9002'ec4d            Code  Gb  ldexp.o [5]
scalblnl                0x9002'ec4d            Code  Gb  ldexp.o [5]
scalbn                  0x9002'ec4d            Code  Gb  ldexp.o [5]
scalbnl                 0x9002'ec4d            Code  Gb  ldexp.o [5]
scale                   0x9002'a779      0x46  Code  Lc  xprintffull.o [2]
scr                     0x2001'3d00      0x3c  Data  Lc  lv_theme_mono.o [4]
scratch                 0x2001'20c0     0x200  Data  Gb  fx_stm32_sdio_driver.o [3]
scrl_def_event_cb       0x9003'd7f1      0x78  Code  Lc  lv_page.o [4]
sd_read_data            0x9002'74e1     0x120  Code  Lc  fx_stm32_sdio_driver.o [3]
sd_write_data           0x9002'7601     0x10e  Code  Lc  fx_stm32_sdio_driver.o [3]
sdio_disk               0x2000'8810    0x24b8  Data  Gb  file.o [1]
sec_hand                0x2001'4430       0x4  Data  Lc  xfail_s.o [2]
slider_init             0x9002'5e0d      0x36  Code  Lc  lv_theme_mono.o [4]
slider_init::slider_knob
                        0x2001'3ee0      0x3c  Data  Lc  lv_theme_mono.o [4]
sprintf                 0x9002'b23d      0x40  Code  Gb  sprintf.o [2]
strcasecmp              0x9002'91c3      0x46  Code  Gb  strcasecmp.o [2]
strchr                  0x9002'9209            Code  Gb  strchr.o [6]
strcmp                  0x9001'4c95            Code  Gb  strcmp.o [6]
strcpy                  0x9001'4c7d            Code  Gb  strcpy.o [6]
strlen                  0x9001'4c45            Code  Gb  strlen.o [6]
strsplit                0x9002'4f63      0x56  Code  Lc  bsp_cli.o [1]
style_mod               0x9002'605f      0x1e  Code  Lc  lv_theme_mono.o [4]
style_mod_def           0x9001'19bf      0x8a  Code  Lc  lv_group.o [4]
style_mod_edit          0x9002'607d      0x1e  Code  Lc  lv_theme_mono.o [4]
style_mod_edit_def      0x9001'1a49      0x8a  Code  Lc  lv_group.o [4]
sw_color_fill           0x9000'ec89     0x19c  Code  Lc  lv_draw_basic.o [4]
sw_init                 0x9002'5e43      0x1a  Code  Lc  lv_theme_mono.o [4]
sw_mem_blend            0x9000'ec35      0x54  Code  Lc  lv_draw_basic.o [4]
swap                    0x9002'921f      0x56  Code  Lc  qsort.o [2]
sys_time                0x2001'42c4       0x4  Data  Lc  lv_hal_tick.o [4]
ta_init                 0x9002'5f6f      0x1a  Code  Lc  lv_theme_mono.o [4]
tabAanlog               0x2001'4244       0x4  Data  Lc  page_set.o [1]
tabDigital              0x2001'4248       0x4  Data  Lc  page_set.o [1]
tabMeasure              0x2001'423c       0x4  Data  Lc  page_set.o [1]
tabPassWD               0x2001'4254       0x4  Data  Lc  page_set.o [1]
tabRelay                0x2001'4240       0x4  Data  Lc  page_set.o [1]
tabReset                0x2001'4258       0x4  Data  Lc  page_set.o [1]
tabSystem               0x2001'4250       0x4  Data  Lc  page_set.o [1]
tabUSB                  0x2001'424c       0x4  Data  Lc  page_set.o [1]
tab_btnm_event_cb       0x9003'5715      0x7e  Code  Lc  lv_tabview.o [4]
tab_def                 0x2000'06bc       0x4  Data  Lc  lv_tabview.o [4]
tabpage_press_lost_handler
                        0x9003'55c9     0x14c  Code  Lc  lv_tabview.o [4]
tabpage_pressed_handler
                        0x9003'53c1      0x20  Code  Lc  lv_tabview.o [4]
tabpage_pressing_handler
                        0x9003'53e1     0x1e8  Code  Lc  lv_tabview.o [4]
tabpage_scrl_signal     0x9003'52e5      0xa6  Code  Lc  lv_tabview.o [4]
tabpage_signal          0x9003'5241      0x9e  Code  Lc  lv_tabview.o [4]
tabviewSet              0x2001'4238       0x4  Data  Lc  page_set.o [1]
tabview_event_cb        0x9002'ca1b      0x40  Code  Gb  page_set.o [1]
tabview_init            0x9002'5ff9      0x28  Code  Lc  lv_theme_mono.o [4]
tabview_realign         0x9003'5793     0x4a2  Code  Lc  lv_tabview.o [4]
taskPageJump            0x2001'42ac       0x4  Data  Lc  page_start.o [1]
taskTimeUpdate          0x2001'4220       0x4  Data  Lc  page_home.o [1]
task_created            0x2001'4457       0x1  Data  Lc  lv_task.o [4]
task_deleted            0x2001'4456       0x1  Data  Lc  lv_task.o [4]
th_styles               0x2000'acc8    0x18d8  Data  Lc  lv_theme.o [4]
theme                   0x2001'2660     0x1b0  Data  Lc  lv_theme_mono.o [4]
tick_irq_flag           0x2001'444d       0x1  Data  Lc  lv_hal_tick.o [4]
title_string            0x2000'0410      0x20  Data  Gb  page_set.o [1]
tolower                 0x9002'e97d      0x14  Code  Gb  tolower.o [2]
touchpad_read           0x9002'5bbd      0x44  Code  Lc  lv_port_indev.o [4]
touchpad_read::last_x   0x2001'4442       0x2  Data  Lc  lv_port_indev.o [4]
touchpad_read::last_y   0x2001'4444       0x2  Data  Lc  lv_port_indev.o [4]
transfer_semaphore      0x2001'4108      0x20  Data  Lc  fx_stm32_sdio_driver.o [3]
tx_application_define   0x9002'2d9d      0x8e  Code  Gb  task.o [1]
tx_thread_fpu_disable   0x9002'31d7            Code  Gb  tx_thread_schedule.o [8]
tx_thread_fpu_enable    0x9002'31d7            Code  Gb  tx_thread_schedule.o [8]
unicode_list_1          0x9004'3bd0     0x100  Data  Lc  SYHT_BOLD_20.o [1]
unicode_list_1          0x9004'3dc4      0xc4  Data  Lc  SYHT_BOLD_40.o [1]
unicode_list_1          0x9004'3ab0     0x120  Data  Lc  SYHT_MED_16.o [1]
unicode_list_1          0x9004'41f8      0x74  Data  Lc  lv_font_roboto_16.o [4]
unicode_list_compare    0x9004'18ad       0x8  Code  Lc  lv_font_fmt_txt.o [4]
uwTick                  0x2001'42b0       0x4  Data  Gb  stm32h7xx_hal.o [1]
uwTickFreq              0x2000'080c       0x1  Data  Gb  stm32h7xx_hal.o [1]
uwTickPrio              0x2000'0454       0x4  Data  Gb  stm32h7xx_hal.o [1]
vsnprintf               0x9002'52e1      0x3c  Code  Gb  vsnprint.o [2]
win_init                0x9002'6021      0x3e  Code  Lc  lv_theme_mono.o [4]
win_init::win_header    0x2001'4048      0x3c  Data  Lc  lv_theme_mono.o [4]
work_mem                0x2001'4364       0x4  Data  Lc  lv_mem.o [4]
zero_mem                0x2001'4368       0x4  Data  Lc  lv_mem.o [4]


[1] = F:\WQA\App\EWARM\App\Obj
[2] = dl7M_tlf.a
[3] = filex.a
[4] = gui.a
[5] = m7M_tlv.a
[6] = rt7M_tl.a
[7] = shb_l.a
[8] = threadx.a

  198'132 bytes of readonly  code memory
   87'017 bytes of readonly  data memory
   99'420 bytes of readwrite data memory (+ 415'744 absolute)

Errors: none
Warnings: none
