###############################################################################
#
# IAR ELF Linker V8.40.1.212/W32 for ARM                  21/Oct/2021  17:21:13
# Copyright 2007-2019 IAR Systems AB.
#
#    Output file  =  F:\WQA\App\EWARM\App\Exe\App.out
#    Map file     =  F:\WQA\App\EWARM\App\List\App.map
#    Command line =
#        -f C:\Users\walker\AppData\Local\Temp\EWE405.tmp
#        (F:\WQA\App\EWARM\App\Obj\adc.o F:\WQA\App\EWARM\App\Obj\bsp.o
#        F:\WQA\App\EWARM\App\Obj\bsp_adc.o F:\WQA\App\EWARM\App\Obj\bsp_cli.o
#        F:\WQA\App\EWARM\App\Obj\bsp_dwt.o
#        F:\WQA\App\EWARM\App\Obj\bsp_eeprom.o
#        F:\WQA\App\EWARM\App\Obj\bsp_lcd.o
#        F:\WQA\App\EWARM\App\Obj\bsp_ringbuffer.o
#        F:\WQA\App\EWARM\App\Obj\bsp_sdio.o
#        F:\WQA\App\EWARM\App\Obj\bsp_touch.o
#        F:\WQA\App\EWARM\App\Obj\display_basic.o
#        F:\WQA\App\EWARM\App\Obj\display_win.o F:\WQA\App\EWARM\App\Obj\file.o
#        F:\WQA\App\EWARM\App\Obj\gpio.o F:\WQA\App\EWARM\App\Obj\IconTimeB.o
#        F:\WQA\App\EWARM\App\Obj\IconTimeW.o F:\WQA\App\EWARM\App\Obj\ltdc.o
#        F:\WQA\App\EWARM\App\Obj\main.o F:\WQA\App\EWARM\App\Obj\page_home.o
#        F:\WQA\App\EWARM\App\Obj\page_start.o F:\WQA\App\EWARM\App\Obj\rtc.o
#        F:\WQA\App\EWARM\App\Obj\sdmmc.o
#        F:\WQA\App\EWARM\App\Obj\startup_stm32h750xx.o
#        F:\WQA\App\EWARM\App\Obj\stm32h7xx_hal.o
#        F:\WQA\App\EWARM\App\Obj\stm32h7xx_hal_adc.o
#        F:\WQA\App\EWARM\App\Obj\stm32h7xx_hal_adc_ex.o
#        F:\WQA\App\EWARM\App\Obj\stm32h7xx_hal_cortex.o
#        F:\WQA\App\EWARM\App\Obj\stm32h7xx_hal_dma.o
#        F:\WQA\App\EWARM\App\Obj\stm32h7xx_hal_dma_ex.o
#        F:\WQA\App\EWARM\App\Obj\stm32h7xx_hal_exti.o
#        F:\WQA\App\EWARM\App\Obj\stm32h7xx_hal_flash.o
#        F:\WQA\App\EWARM\App\Obj\stm32h7xx_hal_flash_ex.o
#        F:\WQA\App\EWARM\App\Obj\stm32h7xx_hal_gpio.o
#        F:\WQA\App\EWARM\App\Obj\stm32h7xx_hal_hsem.o
#        F:\WQA\App\EWARM\App\Obj\stm32h7xx_hal_i2c.o
#        F:\WQA\App\EWARM\App\Obj\stm32h7xx_hal_i2c_ex.o
#        F:\WQA\App\EWARM\App\Obj\stm32h7xx_hal_ltdc.o
#        F:\WQA\App\EWARM\App\Obj\stm32h7xx_hal_ltdc_ex.o
#        F:\WQA\App\EWARM\App\Obj\stm32h7xx_hal_mdma.o
#        F:\WQA\App\EWARM\App\Obj\stm32h7xx_hal_msp.o
#        F:\WQA\App\EWARM\App\Obj\stm32h7xx_hal_pcd.o
#        F:\WQA\App\EWARM\App\Obj\stm32h7xx_hal_pcd_ex.o
#        F:\WQA\App\EWARM\App\Obj\stm32h7xx_hal_pwr.o
#        F:\WQA\App\EWARM\App\Obj\stm32h7xx_hal_pwr_ex.o
#        F:\WQA\App\EWARM\App\Obj\stm32h7xx_hal_rcc.o
#        F:\WQA\App\EWARM\App\Obj\stm32h7xx_hal_rcc_ex.o
#        F:\WQA\App\EWARM\App\Obj\stm32h7xx_hal_rtc.o
#        F:\WQA\App\EWARM\App\Obj\stm32h7xx_hal_rtc_ex.o
#        F:\WQA\App\EWARM\App\Obj\stm32h7xx_hal_sd.o
#        F:\WQA\App\EWARM\App\Obj\stm32h7xx_hal_sd_ex.o
#        F:\WQA\App\EWARM\App\Obj\stm32h7xx_hal_tim.o
#        F:\WQA\App\EWARM\App\Obj\stm32h7xx_hal_tim_ex.o
#        F:\WQA\App\EWARM\App\Obj\stm32h7xx_hal_timebase_tim.o
#        F:\WQA\App\EWARM\App\Obj\stm32h7xx_hal_uart.o
#        F:\WQA\App\EWARM\App\Obj\stm32h7xx_hal_uart_ex.o
#        F:\WQA\App\EWARM\App\Obj\stm32h7xx_it.o
#        F:\WQA\App\EWARM\App\Obj\stm32h7xx_ll_delayblock.o
#        F:\WQA\App\EWARM\App\Obj\stm32h7xx_ll_sdmmc.o
#        F:\WQA\App\EWARM\App\Obj\stm32h7xx_ll_usb.o
#        F:\WQA\App\EWARM\App\Obj\SYHT_BOLD_20.o
#        F:\WQA\App\EWARM\App\Obj\SYHT_MED_16.o
#        F:\WQA\App\EWARM\App\Obj\system_stm32h7xx.o
#        F:\WQA\App\EWARM\App\Obj\task.o F:\WQA\App\EWARM\App\Obj\tim.o
#        F:\WQA\App\EWARM\App\Obj\usart.o F:\WQA\App\EWARM\App\Obj\usb_device.o
#        F:\WQA\App\EWARM\App\Obj\usbd_cdc.o
#        F:\WQA\App\EWARM\App\Obj\usbd_cdc_if.o
#        F:\WQA\App\EWARM\App\Obj\usbd_conf.o
#        F:\WQA\App\EWARM\App\Obj\usbd_core.o
#        F:\WQA\App\EWARM\App\Obj\usbd_ctlreq.o
#        F:\WQA\App\EWARM\App\Obj\usbd_desc.o
#        F:\WQA\App\EWARM\App\Obj\usbd_ioreq.o --redirect _Printf=_PrintfFull
#        --redirect _Scanf=_ScanfFull --no_out_extension -o
#        F:\WQA\App\EWARM\App\Exe\App.out --map
#        F:\WQA\App\EWARM\App\List\App.map --config
#        F:\WQA\App\EWARM/stm32h750xx_flash.icf --semihosting
#        F:\WQA\App\EWARM\..\Middlewares\FileX\filex.a
#        F:\WQA\App\EWARM\..\Middlewares\GUI\gui.a
#        F:\WQA\App\EWARM\..\Middlewares\ThreadX\threadx.a --entry
#        __iar_program_start --vfe --text_out locale)
#
###############################################################################

*******************************************************************************
*** RUNTIME MODEL ATTRIBUTES
***

CppFlavor       = *
__SystemLibrary = DLib
__dlib_version  = 6


*******************************************************************************
*** HEAP SELECTION
***

The basic heap was selected because no calls to memory allocation
functions were found in the application outside of system library
functions, and there are calls to deallocation functions in the
application.


*******************************************************************************
*** PLACEMENT SUMMARY
***

"A0":  place at address 0x9000'0000 { ro section .intvec };
"P1":  place in [from 0x9000'0000 to 0x91ff'ffff] { ro };
define block CSTACK with size = 16K, alignment = 8 { };
define block HEAP with size = 16K, alignment = 8 { };
"P2":  place in [from 0x2000'0000 to 0x2001'ffff] {
          rw, block CSTACK, block HEAP };
initialize by copy { rw };

  Section            Kind         Address      Size  Object
  -------            ----         -------      ----  ------
"P2", part 1 of 3:                            0x791
  P2-1                        0x2000'0000     0x791  <Init block>
    .data            inited   0x2000'0000     0x400  file.o [1]
    .data            inited   0x2000'0400      0x10  page_home.o [1]
    .data            inited   0x2000'0410       0x4  page_start.o [1]
    .data            inited   0x2000'0414      0x10  page_start.o [1]
    .data            inited   0x2000'0424       0x4  stm32h7xx_hal.o [1]
    .data            inited   0x2000'0428      0x1c  SYHT_BOLD_20.o [1]
    .data            inited   0x2000'0444      0x10  SYHT_BOLD_20.o [1]
    .data            inited   0x2000'0454      0x1c  SYHT_MED_16.o [1]
    .data            inited   0x2000'0470      0x10  SYHT_MED_16.o [1]
    .data            inited   0x2000'0480       0x4  system_stm32h7xx.o [1]
    .data            inited   0x2000'0484       0x4  system_stm32h7xx.o [1]
    .data            inited   0x2000'0488       0xc  usbd_cdc.o [1]
    .data            inited   0x2000'0494      0x38  usbd_cdc.o [1]
    .data            inited   0x2000'04cc      0x44  usbd_cdc.o [1]
    .data            inited   0x2000'0510      0x44  usbd_cdc.o [1]
    .data            inited   0x2000'0554      0x44  usbd_cdc.o [1]
    .data            inited   0x2000'0598      0x14  usbd_cdc_if.o [1]
    .data            inited   0x2000'05ac      0x1c  usbd_desc.o [1]
    .data            inited   0x2000'05c8      0x14  usbd_desc.o [1]
    .data            inited   0x2000'05dc       0x4  usbd_desc.o [1]
    .data            inited   0x2000'05e0      0x1c  usbd_desc.o [1]
    .data            inited   0x2000'05fc      0x64  fx_system_initialize.o [3]
    .data            inited   0x2000'0660      0x1c  lv_font_roboto_16.o [4]
    .data            inited   0x2000'067c      0x10  lv_font_roboto_16.o [4]
    .data            inited   0x2000'068c       0x4  tx_thread_initialize.o [8]
    .data            inited   0x2000'0690       0x4  lv_txt.o [4]
    .data            inited   0x2000'0694       0x4  lv_txt.o [4]
    .data            inited   0x2000'0698       0x4  lv_txt.o [4]
    .data            inited   0x2000'069c       0x4  lv_txt.o [4]
    .data            inited   0x2000'06a0       0x4  lv_txt.o [4]
    .data            inited   0x2000'06a4       0x4  lv_txt.o [4]
    .data            inited   0x2000'06a8      0x20  lv_draw.o [4]
    .data            inited   0x2000'06c8      0x38  xlocale_c.o [2]
    .data            inited   0x2000'0700      0x48  xlocale_c.o [2]
    .data            inited   0x2000'0748      0x48  xfiles.o [2]
    .data            inited   0x2000'0790       0x1  stm32h7xx_hal.o [1]
                            - 0x2000'0791     0x791

"P2", part 2 of 3:                         0x1'38a0
  .bss               zero     0x2000'0794    0x8000  lv_mem.o [4]
  .bss               zero     0x2000'8798    0x24b8  file.o [1]
  .bss               zero     0x2000'ac50    0x18d8  lv_theme.o [4]
  .bss               zero     0x2000'c528    0x1000  task.o [1]
  .bss               zero     0x2000'd528    0x1000  task.o [1]
  .bss               zero     0x2000'e528     0x800  task.o [1]
  .bss               zero     0x2000'ed28     0x800  task.o [1]
  .bss               zero     0x2000'f528     0x800  usbd_cdc_if.o [1]
  .bss               zero     0x2000'fd28     0x800  usbd_cdc_if.o [1]
  .bss               zero     0x2001'0528     0x408  usbd_conf.o [1]
  .bss               zero     0x2001'0940     0x400  file.o [1]
  .bss               zero     0x2001'0d40     0x400  task.o [1]
  .bss               zero     0x2001'1140     0x400  task.o [1]
  .bss               zero     0x2001'1540     0x400  tx_timer_initialize.o [8]
  .bss               zero     0x2001'1940     0x2d0  usb_device.o [1]
  .bss               zero     0x2001'1c10     0x220  usbd_conf.o [1]
  .bss               zero     0x2001'1e30     0x200  usbd_desc.o [1]
  .bss               zero     0x2001'2040     0x200  fx_stm32_sdio_driver.o [3]
  .bss               zero     0x2001'2240     0x1e0  file.o [1]
  .bss               zero     0x2001'2420     0x1b0  lv_theme_mono.o [4]
  .bss               zero     0x2001'25d0     0x1b0  lv_theme.o [4]
  .bss               zero     0x2001'2780     0x180  display_win.o [1]
  .bss               zero     0x2001'2900     0x100  bsp_cli.o [1]
  .bss               zero     0x2001'2a00     0x100  file.o [1]
  .bss               zero     0x2001'2b00      0xb4  task.o [1]
  .bss               zero     0x2001'2bb4      0xb4  task.o [1]
  .bss               zero     0x2001'2c68      0xb4  task.o [1]
  .bss               zero     0x2001'2d1c      0xb4  task.o [1]
  .bss               zero     0x2001'2dd0      0xb4  task.o [1]
  .bss               zero     0x2001'2e84      0xb4  task.o [1]
  .bss               zero     0x2001'2f38      0xb4  tx_timer_initialize.o [8]
  .bss               zero     0x2001'2fec      0xa8  ltdc.o [1]
  .bss               zero     0x2001'3094      0x90  usart.o [1]
  .bss               zero     0x2001'3124      0x90  usart.o [1]
  .bss               zero     0x2001'31b4      0x80  tx_thread_initialize.o [8]
  .bss               zero     0x2001'3234      0x80  tx_timer_initialize.o [8]
  .bss               zero     0x2001'32b4      0x7c  sdmmc.o [1]
  .bss               zero     0x2001'3330      0x64  adc.o [1]
  .bss               zero     0x2001'3394      0x50  xfiles.o [2]
  .bss               zero     0x2001'33e4      0x4c  stm32h7xx_hal_timebase_tim.o [1]
  .bss               zero     0x2001'3430      0x4c  tim.o [1]
  .bss               zero     0x2001'347c      0x44  bsp_cli.o [1]
  .bss               zero     0x2001'34c0      0x3c  page_home.o [1]
  .bss               zero     0x2001'34fc      0x3c  page_home.o [1]
  .bss               zero     0x2001'3538      0x3c  page_home.o [1]
  .bss               zero     0x2001'3574      0x3c  page_home.o [1]
  .bss               zero     0x2001'35b0      0x3c  page_start.o [1]
  .bss               zero     0x2001'35ec      0x3c  page_start.o [1]
  .bss               zero     0x2001'3628      0x3c  page_start.o [1]
  .bss               zero     0x2001'3664      0x3c  lv_style.o [4]
  .bss               zero     0x2001'36a0      0x3c  lv_style.o [4]
  .bss               zero     0x2001'36dc      0x3c  lv_style.o [4]
  .bss               zero     0x2001'3718      0x3c  lv_style.o [4]
  .bss               zero     0x2001'3754      0x3c  lv_style.o [4]
  .bss               zero     0x2001'3790      0x3c  lv_style.o [4]
  .bss               zero     0x2001'37cc      0x3c  lv_style.o [4]
  .bss               zero     0x2001'3808      0x3c  lv_style.o [4]
  .bss               zero     0x2001'3844      0x3c  lv_style.o [4]
  .bss               zero     0x2001'3880      0x3c  lv_style.o [4]
  .bss               zero     0x2001'38bc      0x3c  lv_style.o [4]
  .bss               zero     0x2001'38f8      0x3c  lv_style.o [4]
  .bss               zero     0x2001'3934      0x3c  lv_style.o [4]
  .bss               zero     0x2001'3970      0x3c  lv_theme_mono.o [4]
  .bss               zero     0x2001'39ac      0x3c  lv_theme_mono.o [4]
  .bss               zero     0x2001'39e8      0x3c  lv_theme_mono.o [4]
  .bss               zero     0x2001'3a24      0x3c  lv_theme_mono.o [4]
  .bss               zero     0x2001'3a60      0x3c  lv_theme_mono.o [4]
  .bss               zero     0x2001'3a9c      0x3c  lv_theme_mono.o [4]
  .bss               zero     0x2001'3ad8      0x3c  lv_theme_mono.o [4]
  .bss               zero     0x2001'3b14      0x3c  lv_theme_mono.o [4]
  .bss               zero     0x2001'3b50      0x3c  lv_theme_mono.o [4]
  .bss               zero     0x2001'3b8c      0x3c  lv_theme_mono.o [4]
  .bss               zero     0x2001'3bc8      0x3c  lv_theme_mono.o [4]
  .bss               zero     0x2001'3c04      0x3c  lv_theme_mono.o [4]
  .bss               zero     0x2001'3c40      0x3c  lv_theme_mono.o [4]
  .bss               zero     0x2001'3c7c      0x3c  lv_theme_mono.o [4]
  .bss               zero     0x2001'3cb8      0x3c  lv_theme_mono.o [4]
  .bss               zero     0x2001'3cf4      0x3c  lv_theme_mono.o [4]
  .bss               zero     0x2001'3d30      0x34  task.o [1]
  .bss               zero     0x2001'3d64      0x2c  fx_system_initialize.o [3]
  .bss               zero     0x2001'3d90      0x24  rtc.o [1]
  .bss               zero     0x2001'3db4      0x20  fx_stm32_sdio_driver.o [3]
  .bss               zero     0x2001'3dd4      0x1c  lv_port_disp.o [4]
  .bss               zero     0x2001'3df0      0x14  page_home.o [1]
  .bss               zero     0x2001'3e04      0x10  bsp_cli.o [1]
  FREE_MEM           zero     0x2001'3e14      0x10  tx_initialize_low_level.o [8]
  .bss               zero     0x2001'3e24       0xc  lv_gc.o [4]
  .bss               zero     0x2001'3e30       0xc  lv_gc.o [4]
  .bss               zero     0x2001'3e3c       0xc  lv_gc.o [4]
  .bss               zero     0x2001'3e48       0xc  lv_gc.o [4]
  .bss               zero     0x2001'3e54       0xc  lv_gc.o [4]
  .bss               zero     0x2001'3e60       0xc  lv_gc.o [4]
  .bss               zero     0x2001'3e6c       0x8  display_basic.o [1]
  .bss               zero     0x2001'3e74       0x4  bsp_adc.o [1]
  .bss               zero     0x2001'3e78       0x4  bsp_adc.o [1]
  .bss               zero     0x2001'3e7c       0x4  bsp_eeprom.o [1]
  .bss               zero     0x2001'3e80       0x4  bsp_eeprom.o [1]
  .bss               zero     0x2001'3e84       0x4  bsp_touch.o [1]
  .bss               zero     0x2001'3e88       0x4  page_home.o [1]
  .bss               zero     0x2001'3e8c       0x4  page_home.o [1]
  .bss               zero     0x2001'3e90       0x4  page_home.o [1]
  .bss               zero     0x2001'3e94       0x4  page_home.o [1]
  .bss               zero     0x2001'3e98       0x4  page_home.o [1]
  .bss               zero     0x2001'3e9c       0x4  page_home.o [1]
  .bss               zero     0x2001'3ea0       0x4  page_start.o [1]
  .bss               zero     0x2001'3ea4       0x4  page_start.o [1]
  .bss               zero     0x2001'3ea8       0x4  page_start.o [1]
  .bss               zero     0x2001'3eac       0x4  page_start.o [1]
  .bss               zero     0x2001'3eb0       0x4  stm32h7xx_hal.o [1]
  .bss               zero     0x2001'3eb4       0x4  task.o [1]
  .bss               zero     0x2001'3eb8       0x4  task.o [1]
  .bss               zero     0x2001'3ebc       0x4  task.o [1]
  .bss               zero     0x2001'3ec0       0x4  task.o [1]
  .bss               zero     0x2001'3ec4       0x4  lv_hal_tick.o [4]
  .bss               zero     0x2001'3ec8       0x4  lv_cont.o [4]
  .bss               zero     0x2001'3ecc       0x4  lv_hal_disp.o [4]
  .bss               zero     0x2001'3ed0       0x4  lv_obj.o [4]
  .bss               zero     0x2001'3ed4       0x4  lv_obj.o [4]
  .bss               zero     0x2001'3ed8       0x4  fx_system_initialize.o [3]
  .bss               zero     0x2001'3edc       0x4  fx_system_initialize.o [3]
  .bss               zero     0x2001'3ee0       0x4  fx_system_initialize.o [3]
  .bss               zero     0x2001'3ee4       0x4  fx_system_initialize.o [3]
  .bss               zero     0x2001'3ee8       0x4  fx_system_initialize.o [3]
  .bss               zero     0x2001'3eec       0x4  fx_system_initialize.o [3]
  .bss               zero     0x2001'3ef0       0x4  fx_system_initialize.o [3]
  .bss               zero     0x2001'3ef4       0x4  fx_system_initialize.o [3]
  .bss               zero     0x2001'3ef8       0x4  fx_system_initialize.o [3]
  .bss               zero     0x2001'3efc       0x4  lv_btn.o [4]
  .bss               zero     0x2001'3f00       0x4  lv_btn.o [4]
  .bss               zero     0x2001'3f04       0x4  lv_btn.o [4]
  .bss               zero     0x2001'3f08       0x4  lv_btn.o [4]
  .bss               zero     0x2001'3f0c       0x4  lv_imgbtn.o [4]
  .bss               zero     0x2001'3f10       0x4  lv_imgbtn.o [4]
  .bss               zero     0x2001'3f14       0x4  lv_label.o [4]
  .bss               zero     0x2001'3f18       0x4  lv_task.o [4]
  .bss               zero     0x2001'3f1c       0x4  lv_task.o [4]
  .bss               zero     0x2001'3f20       0x4  lv_task.o [4]
  .bss               zero     0x2001'3f24       0x4  lv_bar.o [4]
  .bss               zero     0x2001'3f28       0x4  lv_bar.o [4]
  .bss               zero     0x2001'3f2c       0x4  lv_port_indev.o [4]
  .bss               zero     0x2001'3f30       0x4  lv_theme_mono.o [4]
  .bss               zero     0x2001'3f34       0x4  lv_gc.o [4]
  .bss               zero     0x2001'3f38       0x4  lv_gc.o [4]
  .bss               zero     0x2001'3f3c       0x4  lv_gc.o [4]
  .bss               zero     0x2001'3f40       0x4  lv_refr.o [4]
  .bss               zero     0x2001'3f44       0x4  lv_refr.o [4]
  .bss               zero     0x2001'3f48       0x4  lv_mem.o [4]
  .bss               zero     0x2001'3f4c       0x4  lv_mem.o [4]
  .bss               zero     0x2001'3f50       0x4  lv_anim.o [4]
  .bss               zero     0x2001'3f54       0x4  lv_indev.o [4]
  .bss               zero     0x2001'3f58       0x4  lv_indev.o [4]
  .bss               zero     0x2001'3f5c       0x4  tx_thread_initialize.o [8]
  .bss               zero     0x2001'3f60       0x4  tx_thread_initialize.o [8]
  .bss               zero     0x2001'3f64       0x4  tx_thread_initialize.o [8]
  .bss               zero     0x2001'3f68       0x4  tx_thread_initialize.o [8]
  .bss               zero     0x2001'3f6c       0x4  tx_thread_initialize.o [8]
  .bss               zero     0x2001'3f70       0x4  tx_thread_initialize.o [8]
  .bss               zero     0x2001'3f74       0x4  tx_thread_initialize.o [8]
  .bss               zero     0x2001'3f78       0x4  tx_thread_initialize.o [8]
  .bss               zero     0x2001'3f7c       0x4  tx_thread_initialize.o [8]
  .bss               zero     0x2001'3f80       0x4  tx_thread_initialize.o [8]
  .bss               zero     0x2001'3f84       0x4  tx_thread_initialize.o [8]
  .bss               zero     0x2001'3f88       0x4  tx_thread_initialize.o [8]
  .bss               zero     0x2001'3f8c       0x4  tx_timer_initialize.o [8]
  .bss               zero     0x2001'3f90       0x4  tx_timer_initialize.o [8]
  .bss               zero     0x2001'3f94       0x4  tx_timer_initialize.o [8]
  .bss               zero     0x2001'3f98       0x4  tx_timer_initialize.o [8]
  .bss               zero     0x2001'3f9c       0x4  tx_timer_initialize.o [8]
  .bss               zero     0x2001'3fa0       0x4  tx_timer_initialize.o [8]
  .bss               zero     0x2001'3fa4       0x4  tx_timer_initialize.o [8]
  .bss               zero     0x2001'3fa8       0x4  tx_timer_initialize.o [8]
  .bss               zero     0x2001'3fac       0x4  tx_timer_initialize.o [8]
  .bss               zero     0x2001'3fb0       0x4  tx_timer_initialize.o [8]
  .bss               zero     0x2001'3fb4       0x4  tx_timer_initialize.o [8]
  .bss               zero     0x2001'3fb8       0x4  tx_timer_initialize.o [8]
  .bss               zero     0x2001'3fbc       0x4  tx_timer_initialize.o [8]
  .bss               zero     0x2001'3fc0       0x4  tx_initialize_high_level.o [8]
  .bss               zero     0x2001'3fc4       0x4  tx_initialize_high_level.o [8]
  .bss               zero     0x2001'3fc8       0x4  tx_initialize_high_level.o [8]
  .bss               zero     0x2001'3fcc       0x4  tx_initialize_high_level.o [8]
  .bss               zero     0x2001'3fd0       0x4  tx_initialize_high_level.o [8]
  .bss               zero     0x2001'3fd4       0x4  tx_initialize_high_level.o [8]
  .bss               zero     0x2001'3fd8       0x4  tx_initialize_high_level.o [8]
  .bss               zero     0x2001'3fdc       0x4  tx_initialize_high_level.o [8]
  .bss               zero     0x2001'3fe0       0x4  tx_initialize_high_level.o [8]
  .bss               zero     0x2001'3fe4       0x4  tx_initialize_high_level.o [8]
  .bss               zero     0x2001'3fe8       0x4  tx_initialize_high_level.o [8]
  .bss               zero     0x2001'3fec       0x4  tx_initialize_high_level.o [8]
  .bss               zero     0x2001'3ff0       0x4  tx_initialize_high_level.o [8]
  .bss               zero     0x2001'3ff4       0x4  lv_draw.o [4]
  .bss               zero     0x2001'3ff8       0x4  lv_font_fmt_txt.o [4]
  .bss               zero     0x2001'3ffc       0x4  lv_font_fmt_txt.o [4]
  .bss               zero     0x2001'4000       0x4  lv_font_fmt_txt.o [4]
  .bss               zero     0x2001'4004       0x4  xfail_s.o [2]
  .bss               zero     0x2001'4008       0x2  bsp_cli.o [1]
  .bss               zero     0x2001'400a       0x2  bsp_eeprom.o [1]
  .bss               zero     0x2001'400c       0x2  bsp_eeprom.o [1]
  .bss               zero     0x2001'400e       0x2  bsp_touch.o [1]
  .bss               zero     0x2001'4010       0x2  bsp_touch.o [1]
  .bss               zero     0x2001'4012       0x2  bsp_touch.o [1]
  .bss               zero     0x2001'4014       0x2  lv_btn.o [4]
  .bss               zero     0x2001'4016       0x2  lv_port_indev.o [4]
  .bss               zero     0x2001'4018       0x2  lv_port_indev.o [4]
  .bss               zero     0x2001'401a       0x2  lv_img_cache.o [4]
  .bss               zero     0x2001'401c       0x1  bsp_eeprom.o [1]
  .bss               zero     0x2001'401d       0x1  bsp_eeprom.o [1]
  .bss               zero     0x2001'401e       0x1  page_home.o [1]
  .bss               zero     0x2001'401f       0x1  task.o [1]
  .bss               zero     0x2001'4020       0x1  usbd_ctlreq.o [1]
  .bss               zero     0x2001'4021       0x1  lv_hal_tick.o [4]
  .bss               zero     0x2001'4022       0x1  lv_obj.o [4]
  .bss               zero     0x2001'4023       0x1  fx_stm32_sdio_driver.o [3]
  .bss               zero     0x2001'4024       0x1  lv_btn.o [4]
  .bss               zero     0x2001'4025       0x1  lv_btn.o [4]
  .bss               zero     0x2001'4026       0x1  lv_btn.o [4]
  .bss               zero     0x2001'4027       0x1  lv_btn.o [4]
  .bss               zero     0x2001'4028       0x1  lv_task.o [4]
  .bss               zero     0x2001'4029       0x1  lv_task.o [4]
  .bss               zero     0x2001'402a       0x1  lv_task.o [4]
  .bss               zero     0x2001'402b       0x1  lv_task.o [4]
  .bss               zero     0x2001'402c       0x1  lv_task.o [4]
  .bss               zero     0x2001'402d       0x1  lv_theme.o [4]
  .bss               zero     0x2001'402e       0x1  lv_anim.o [4]
  .bss               zero     0x2001'402f       0x1  lv_font_fmt_txt.o [4]
  .bss               zero     0x2001'4030       0x1  lv_font_fmt_txt.o [4]
  .bss               zero     0x2001'4031       0x1  lv_font_fmt_txt.o [4]
  .bss               zero     0x2001'4032       0x1  lv_font_fmt_txt.o [4]
                            - 0x2001'4033  0x1'389f

"P2", part 3 of 3:                           0x4000
  CSTACK                      0x2001'4038    0x4000  <Block>
    CSTACK           uninit   0x2001'4038    0x4000  <Block tail>
                            - 0x2001'8038    0x4000

Absolute sections, part 1 of 2:            0x2'5800
  .bss               zero     0x2402'5800  0x2'5800  lv_port_disp.o [4]
                            - 0x2404'b000  0x2'5800

Absolute sections, part 2 of 2:            0x4'0000
  .bss               zero     0x3000'0000  0x4'0000  file.o [1]
                            - 0x3004'0000  0x4'0000

"A0":                                         0x298
  .intvec            ro code  0x9000'0000     0x298  startup_stm32h750xx.o [1]
                            - 0x9000'0298     0x298

"P1":                                      0x3'3984
  .text              ro code  0x9000'0298    0x2d30  lv_draw_rect.o [4]
  .text              ro code  0x9000'2fc8      0xa6  ABImemcpy.o [6]
  .text              ro code  0x9000'306e     0x1e2  lv_area.o [4]
  .text              ro code  0x9000'3250     0x7dc  lv_refr.o [4]
  .text              ro code  0x9000'3a2c     0x29e  lv_hal_disp.o [4]
  .text              ro code  0x9000'3cca      0x3a  zero_init3.o [6]
  .text              ro code  0x9000'3d04     0xf30  lv_draw_basic.o [4]
  .text              ro code  0x9000'4c34      0x60  lv_circ.o [4]
  .text              ro code  0x9000'4c94      0xac  lv_draw.o [4]
  .text              ro code  0x9000'4d40      0x66  ABImemset.o [6]
  .text              ro code  0x9000'4da6      0x1e  xencoding_8859_1.o [2]
  .text              ro code  0x9000'4dc4      0x46  lv_hal_tick.o [4]
  .text              ro code  0x9000'4e0a      0x4e  lv_disp.o [4]
  .text              ro code  0x9000'4e58     0x3a4  lv_ll.o [4]
  .text              ro code  0x9000'51fc    0x172c  lv_obj.o [4]
  .text              ro code  0x9000'6928     0x39c  lv_task.o [4]
  .text              ro code  0x9000'6cc4      0x52  lv_font.o [4]
  .text              ro code  0x9000'6d16      0x1a  xsnprout.o [2]
  .text              ro code  0x9000'6d30     0x1ec  lv_mem.o [4]
  .text              ro code  0x9000'6f1c     0x2e0  lv_anim.o [4]
  .text              ro code  0x9000'71fc     0x70e  lv_group.o [4]
  .text              ro code  0x9000'790a       0xa  xsprout.o [2]
  .text              ro code  0x9000'7914     0xa00  lv_style.o [4]
  .text              ro code  0x9000'8314    0x1438  lv_indev.o [4]
  .text              ro code  0x9000'974c     0x902  lv_img_decoder.o [4]
  .rodata            const    0x9000'a04e       0x2  bsp_cli.o [1]
  .text              ro code  0x9000'a050     0x2e0  lv_img_cache.o [4]
  .text              ro code  0x9000'a330      0xd4  lv_theme.o [4]
  .text              ro code  0x9000'a404     0x116  lv_hal_indev.o [4]
  .rodata            const    0x9000'a51a       0x2  display_win.o [1]
  .text              ro code  0x9000'a51c     0x358  lv_draw_img.o [4]
  .text              ro code  0x9000'a874      0x36  strlen.o [6]
  .rodata            const    0x9000'a8aa       0x2  display_win.o [1]
  .text              ro code  0x9000'a8ac      0x18  strcpy.o [6]
  .text              ro code  0x9000'a8c4      0x12  strcmp.o [6]
  .rodata            const    0x9000'a8d6       0x2  page_home.o [1]
  .text              ro code  0x9000'a8d8     0x692  lv_draw_label.o [4]
  .rodata            const    0x9000'af6a       0x2  page_home.o [1]
  .text              ro code  0x9000'af6c     0x744  lv_txt.o [4]
  .rodata            const    0x9000'b6b0    0x27c8  lv_font_roboto_16.o [4]
  .rodata            const    0x9000'de78    0x2364  SYHT_BOLD_20.o [1]
  .text              ro code  0x9001'01dc    0x19f0  stm32h7xx_hal_rcc_ex.o [1]
  .text              ro code  0x9001'1bcc       0xc  stm32h7xx_hal.o [1]
  .text              ro code  0x9001'1bd8     0xc48  stm32h7xx_hal_rcc.o [1]
  .text              ro code  0x9001'2820      0xd0  stm32h7xx_hal_timebase_tim.o [1]
  .text              ro code  0x9001'28f0      0x74  stm32h7xx_hal.o [1]
  .text              ro code  0x9001'2964     0x1e4  stm32h7xx_hal_cortex.o [1]
  .text              ro code  0x9001'2b48     0x9fc  stm32h7xx_hal_tim.o [1]
  .text              ro code  0x9001'3544      0x20  stm32h7xx_hal_msp.o [1]
  .text              ro code  0x9001'3564      0xf4  tim.o [1]
  .text              ro code  0x9001'3658       0x2  stm32h7xx_hal_tim.o [1]
  .text              ro code  0x9001'365a       0x2  stm32h7xx_hal_tim.o [1]
  .text              ro code  0x9001'365c       0x2  stm32h7xx_hal_tim.o [1]
  .text              ro code  0x9001'365e       0x2  stm32h7xx_hal_tim.o [1]
  .text              ro code  0x9001'3660     0x2a8  main.o [1]
  .text              ro code  0x9001'3908       0x2  stm32h7xx_hal_tim_ex.o [1]
  .text              ro code  0x9001'390a       0x2  stm32h7xx_hal_tim_ex.o [1]
  .text              ro code  0x9001'390c       0x2  stm32h7xx_hal_tim.o [1]
  .text              ro code  0x9001'390e       0x2  stm32h7xx_hal_tim_ex.o [1]
  .text              ro code  0x9001'3910      0x14  memset.o [6]
  .text              ro code  0x9001'3924     0x428  stm32h7xx_hal_gpio.o [1]
  .text              ro code  0x9001'3d4c     0x190  gpio.o [1]
  .text              ro code  0x9001'3edc     0x108  rtc.o [1]
  .text              ro code  0x9001'3fe4     0x224  usart.o [1]
  .text              ro code  0x9001'4208     0x268  ltdc.o [1]
  .text              ro code  0x9001'4470     0x160  adc.o [1]
  .text              ro code  0x9001'45d0      0x5c  usb_device.o [1]
  .text              ro code  0x9001'462c     0x174  sdmmc.o [1]
  .text              ro code  0x9001'47a0      0x48  tx_initialize_kernel_enter.o [8]
  .text              ro code  0x9001'47e8      0x64  stm32h7xx_hal_pwr_ex.o [1]
  .text              ro code  0x9001'484c      0x10  stm32h7xx_hal_pwr.o [1]
  .text              ro code  0x9001'485c      0x18  stm32h7xx_hal.o [1]
  .text              ro code  0x9001'4874     0x446  stm32h7xx_hal_rtc.o [1]
  .rodata            const    0x9001'4cba       0x2  page_home.o [1]
  .text              ro code  0x9001'4cbc      0x1a  stm32h7xx_hal_rtc_ex.o [1]
  .rodata            const    0x9001'4cd6       0x2  page_start.o [1]
  .text              ro code  0x9001'4cd8     0x92c  stm32h7xx_hal_uart.o [1]
  .text              ro code  0x9001'5604     0x170  stm32h7xx_hal_uart_ex.o [1]
  .text              ro code  0x9001'5774     0x414  stm32h7xx_hal_ltdc.o [1]
  .text              ro code  0x9001'5b88     0xd60  stm32h7xx_hal_adc.o [1]
  .text              ro code  0x9001'68e8     0x174  stm32h7xx_hal_adc_ex.o [1]
  .text              ro code  0x9001'6a5c     0x436  usbd_core.o [1]
  .rodata            const    0x9001'6e92       0x2  lv_hal_disp.o [4]
  .text              ro code  0x9001'6e94     0x410  usbd_cdc.o [1]
  .text              ro code  0x9001'72a4    0x1090  stm32h7xx_hal_sd.o [1]
  .text              ro code  0x9001'8334      0x74  tx_initialize_low_level.o [8]
  .text              ro code  0x9001'83a8      0x84  tx_initialize_high_level.o [8]
  .text              ro code  0x9001'842c     0x38c  task.o [1]
  .text              ro code  0x9001'87b8      0xc0  tx_thread_schedule.o [8]
  .text              ro code  0x9001'8878     0x230  I64DivMod.o [6]
  .text              ro code  0x9001'8aa8     0x438  usbd_conf.o [1]
  .text              ro code  0x9001'8ee0     0x8ac  usbd_ctlreq.o [1]
  .text              ro code  0x9001'978c      0xac  usbd_ioreq.o [1]
  .text              ro code  0x9001'9838     0x7c8  stm32h7xx_ll_sdmmc.o [1]
  .text              ro code  0x9001'a000      0x28  stm32h7xx_hal.o [1]
  .text              ro code  0x9001'a028      0xa6  bsp_sdio.o [1]
  .text              ro code  0x9001'a0ce       0x2  stm32h7xx_hal_sd.o [1]
  .text              ro code  0x9001'a0d0       0x2  stm32h7xx_hal_sd.o [1]
  .text              ro code  0x9001'a0d2       0x2  stm32h7xx_hal_sd.o [1]
  .text              ro code  0x9001'a0d4       0x2  stm32h7xx_hal_sd.o [1]
  .rodata            const    0x9001'a0d6       0x2  lv_style.o [4]
  .text              ro code  0x9001'a0d8      0xb8  tx_timer_interrupt.o [8]
  .text              ro code  0x9001'a190      0xac  tx_thread_initialize.o [8]
  .text              ro code  0x9001'a23c      0xf8  tx_timer_initialize.o [8]
  .text              ro code  0x9001'a334     0x190  txe_thread_create.o [8]
  .text              ro code  0x9001'a4c4      0x2e  bsp.o [1]
  .rodata            const    0x9001'a4f2       0x2  lv_style.o [4]
  .text              ro code  0x9001'a4f4      0x9c  tx_thread_sleep.o [8]
  .text              ro code  0x9001'a590     0x2e0  bsp_cli.o [1]
  .text              ro code  0x9001'a870      0xec  txe_mutex_create.o [8]
  .text              ro code  0x9001'a95c      0x3c  vsnprint.o [2]
  .text              ro code  0x9001'a998      0x90  txe_mutex_get.o [8]
  .text              ro code  0x9001'aa28      0x28  printf.o [2]
  .text              ro code  0x9001'aa50      0x58  txe_mutex_put.o [8]
  .text              ro code  0x9001'aaa8     0x6f0  file.o [1]
  .text              ro code  0x9001'b198      0x7c  lv_port_disp.o [4]
  .text              ro code  0x9001'b214      0x80  lv_port_indev.o [4]
  .text              ro code  0x9001'b294     0x5d4  lv_theme_mono.o [4]
  .text              ro code  0x9001'b868     0x128  display_win.o [1]
  .text              ro code  0x9001'b990      0xe0  display_basic.o [1]
  .text              ro code  0x9001'ba70       0x2  I64DivZer.o [6]
  .rodata            const    0x9001'ba72       0x2  lv_style.o [4]
  .text              ro code  0x9001'ba74     0xd38  stm32h7xx_hal_pcd.o [1]
  .text              ro code  0x9001'c7ac      0xa2  stm32h7xx_hal_pcd_ex.o [1]
  .rodata            const    0x9001'c84e       0x2  lv_style.o [4]
  .text              ro code  0x9001'c850     0x54c  fx_stm32_sdio_driver.o [3]
  .text              ro code  0x9001'cd9c       0x2  bsp_sdio.o [1]
  .rodata            const    0x9001'cd9e       0x2  lv_style.o [4]
  .text              ro code  0x9001'cda0      0x28  tx_timer_expiration_process.o [8]
  .text              ro code  0x9001'cdc8     0x178  tx_thread_time_slice.o [8]
  .text              ro code  0x9001'cf40     0x1a8  tx_thread_create.o [8]
  .text              ro code  0x9001'd0e8      0xd0  tx_thread_system_preempt_check.o [8]
  .text              ro code  0x9001'd1b8      0x6a  bsp_dwt.o [1]
  .rodata            const    0x9001'd222       0x2  lv_style.o [4]
  .text              ro code  0x9001'd224     0x4e4  bsp_eeprom.o [1]
  .text              ro code  0x9001'd708     0x54c  bsp_lcd.o [1]
  .text              ro code  0x9001'dc54     0x6b4  bsp_touch.o [1]
  .text              ro code  0x9001'e308      0xcc  bsp_adc.o [1]
  .text              ro code  0x9001'e3d4     0x340  tx_thread_system_suspend.o [8]
  .text              ro code  0x9001'e714     0x122  bsp_ringbuffer.o [1]
  .text              ro code  0x9001'e836      0x46  strcasecmp.o [2]
  .text              ro code  0x9001'e87c      0x16  strchr.o [6]
  .text              ro code  0x9001'e892     0x4bc  qsort.o [2]
  .rodata            const    0x9001'ed4e       0x2  lv_style.o [4]
  .text              ro code  0x9001'ed50      0x80  tx_mutex_create.o [8]
  .text              ro code  0x9001'edd0    0x10c6  xprintffull.o [2]
  .rodata            const    0x9001'fe96       0x2  lv_theme_mono.o [4]
  .text              ro code  0x9001'fe98     0x144  tx_mutex_get.o [8]
  .text              ro code  0x9001'ffdc     0x2b8  tx_mutex_put.o [8]
  .text              ro code  0x9002'0294      0xbc  fx_system_initialize.o [3]
  .text              ro code  0x9002'0350     0x100  fxe_media_open.o [3]
  .text              ro code  0x9002'0450      0x6c  fxe_directory_next_full_entry_find.o [3]
  .text              ro code  0x9002'04bc      0x4c  fxe_media_extended_space_available.o [3]
  .text              ro code  0x9002'0508      0x44  fxe_media_close.o [3]
  .text              ro code  0x9002'054c      0x48  fxe_file_create.o [3]
  .text              ro code  0x9002'0594      0xcc  fxe_file_open.o [3]
  .text              ro code  0x9002'0660      0x48  fxe_file_seek.o [3]
  .text              ro code  0x9002'06a8      0x50  fxe_file_write.o [3]
  .text              ro code  0x9002'06f8      0x44  fxe_file_close.o [3]
  .text              ro code  0x9002'073c      0x44  fxe_media_flush.o [3]
  .text              ro code  0x9002'0780      0x58  fxe_file_read.o [3]
  .text              ro code  0x9002'07d8      0x48  fxe_directory_create.o [3]
  .text              ro code  0x9002'0820      0x48  fxe_directory_delete.o [3]
  .text              ro code  0x9002'0868      0x48  fxe_file_delete.o [3]
  .text              ro code  0x9002'08b0      0x40  sprintf.o [2]
  .text              ro code  0x9002'08f0     0x14c  iar_Stoulx.o [2]
  .text              ro code  0x9002'0a3c     0xd94  lv_cont.o [4]
  .text              ro code  0x9002'17d0     0x1ac  page_start.o [1]
  .text              ro code  0x9002'197c     0x278  page_home.o [1]
  .text              ro code  0x9002'1bf4     0xfa4  stm32h7xx_ll_usb.o [1]
  .text              ro code  0x9002'2b98      0x18  tx_time_get.o [8]
  .text              ro code  0x9002'2bb0      0xe0  txe_semaphore_create.o [8]
  .text              ro code  0x9002'2c90      0x64  txe_semaphore_delete.o [8]
  .text              ro code  0x9002'2cf4      0x6c  txe_semaphore_get.o [8]
  .text              ro code  0x9002'2d60     0x1ea  fx_partition_offset_calculate.o [3]
  .rodata            const    0x9002'2f4a       0x2  lv_theme_mono.o [4]
  .text              ro code  0x9002'2f4c      0x24  txe_semaphore_put.o [8]
  .text              ro code  0x9002'2f70      0x1e  fx_utility_memory_copy.o [3]
  .rodata            const    0x9002'2f8e       0x2  lv_theme_mono.o [4]
  .text              ro code  0x9002'2f90     0x314  tx_thread_system_resume.o [8]
  .text              ro code  0x9002'32a4      0x24  tx_thread_stack_error_handler.o [8]
  .text              ro code  0x9002'32c8      0x90  tx_thread_stack_analyze.o [8]
  .text              ro code  0x9002'3358      0x44  tx_thread_stack_build.o [8]
  .text              ro code  0x9002'339c      0x78  tx_timer_system_activate.o [8]
  .text              ro code  0x9002'3414      0x14  tolower.o [2]
  .text              ro code  0x9002'3428      0x96  ABImemmove.o [6]
  .rodata            const    0x9002'34be       0x2  lv_theme_mono.o [4]
  .text              ro code  0x9002'34c0      0xa8  xlocale_c.o [2]
  .text              ro code  0x9002'3568      0x40  xfail_s.o [2]
  .text              ro code  0x9002'35a8      0x58  memchr.o [6]
  .text              ro code  0x9002'3600      0x70  frexp.o [5]
  .text              ro code  0x9002'3670      0x2e  DblCmpLe.o [5]
  .rodata            const    0x9002'369e       0x2  lv_theme_mono.o [4]
  .text              ro code  0x9002'36a0      0x2e  DblCmpGe.o [5]
  .rodata            const    0x9002'36ce       0x2  lv_theme_mono.o [4]
  .text              ro code  0x9002'36d0     0x104  ldexp.o [5]
  .text              ro code  0x9002'37d4       0xe  DblToS32.o [5]
  .text              ro code  0x9002'37e2       0xe  S32ToDbl.o [5]
  .text              ro code  0x9002'37f0      0x12  DblSub.o [5]
  .text              ro code  0x9002'3802      0x12  DblDiv.o [5]
  .text              ro code  0x9002'3814       0xe  DblToU32.o [5]
  .text              ro code  0x9002'3822       0xe  U32ToDbl.o [5]
  .text              ro code  0x9002'3830      0x12  DblMul.o [5]
  .text              ro code  0x9002'3842       0xa  xmbcurmax.o [2]
  .text              ro code  0x9002'384c     0x108  tx_mutex_priority_change.o [8]
  .text              ro code  0x9002'3954     0x100  tx_mutex_prioritize.o [8]
  .text              ro code  0x9002'3a54      0x9c  tx_timer_create.o [8]
  .text              ro code  0x9002'3af0      0x18  tx_thread_identify.o [8]
  .text              ro code  0x9002'3b08      0xd0  tx_thread_preemption_change.o [8]
  .text              ro code  0x9002'3bd8     0x7d0  fx_media_open.o [3]
  .text              ro code  0x9002'43a8     0x368  fx_directory_next_full_entry_find.o [3]
  .text              ro code  0x9002'4710      0x5c  fx_media_extended_space_available.o [3]
  .text              ro code  0x9002'476c     0x2bc  fx_media_close.o [3]
  .text              ro code  0x9002'4a28     0x170  fx_file_create.o [3]
  .text              ro code  0x9002'4b98     0x464  fx_file_open.o [3]
  .text              ro code  0x9002'4ffc      0x12  fx_file_seek.o [3]
  .rodata            const    0x9002'500e       0x2  lv_theme_mono.o [4]
  .text              ro code  0x9002'5010     0x684  fx_file_write.o [3]
  .text              ro code  0x9002'5694      0xec  fx_file_close.o [3]
  .text              ro code  0x9002'5780     0x244  fx_media_flush.o [3]
  .text              ro code  0x9002'59c4     0x340  fx_file_read.o [3]
  .text              ro code  0x9002'5d04     0x424  fx_directory_create.o [3]
  .text              ro code  0x9002'6128     0x254  fx_directory_delete.o [3]
  .text              ro code  0x9002'637c     0x1a4  fx_file_delete.o [3]
  .text              ro code  0x9002'6520      0x14  isspace.o [2]
  .text              ro code  0x9002'6534    0x1220  lv_label.o [4]
  .text              ro code  0x9002'7754     0x69c  lv_bar.o [4]
  .text              ro code  0x9002'7df0     0x2fc  lv_imgbtn.o [4]
  .text              ro code  0x9002'80ec     0xa88  lv_btn.o [4]
  .text              ro code  0x9002'8b74      0x74  tx_semaphore_create.o [8]
  .text              ro code  0x9002'8be8      0xc8  tx_semaphore_delete.o [8]
  .text              ro code  0x9002'8cb0      0xbc  tx_semaphore_get.o [8]
  .text              ro code  0x9002'8d6c      0x88  tx_semaphore_put.o [8]
  .text              ro code  0x9002'8df4      0x36  tx_timer_system_deactivate.o [8]
  .text              ro code  0x9002'8e2a       0x6  abort.o [2]
  .text              ro code  0x9002'8e30      0xde  fx_media_boot_info_extract.o [3]
  .text              ro code  0x9002'8f0e       0xc  fx_utility_16_unsigned_read.o [3]
  .text              ro code  0x9002'8f1a     0x320  fx_utility_FAT_entry_read.o [3]
  .text              ro code  0x9002'923a      0x18  fx_utility_32_unsigned_read.o [3]
  .text              ro code  0x9002'9252     0x34a  fx_utility_logical_sector_flush.o [3]
  .text              ro code  0x9002'959c     0x552  fx_directory_entry_read.o [3]
  .text              ro code  0x9002'9aee     0x8f4  fx_directory_entry_write.o [3]
  .rodata            const    0x9002'a3e2       0x2  lv_theme_mono.o [4]
  .text              ro code  0x9002'a3e4      0xd4  fx_media_abort.o [3]
  .text              ro code  0x9002'a4b8     0x46e  fx_utility_FAT_flush.o [3]
  .text              ro code  0x9002'a926      0xe4  fx_utility_FAT_map_flush.o [3]
  .text              ro code  0x9002'aa0a      0x16  fx_utility_32_unsigned_write.o [3]
  .text              ro code  0x9002'aa20      0xec  tx_mutex_delete.o [8]
  .text              ro code  0x9002'ab0c     0x6fc  fx_directory_search.o [3]
  .text              ro code  0x9002'b208      0x66  fx_directory_name_extract.o [3]
  .rodata            const    0x9002'b26e       0x2  lv_theme_mono.o [4]
  .text              ro code  0x9002'b270     0x5b8  fx_directory_free_search.o [3]
  .text              ro code  0x9002'b828     0x278  fx_file_extended_seek.o [3]
  .text              ro code  0x9002'baa0     0x152  fx_utility_FAT_entry_write.o [3]
  .text              ro code  0x9002'bbf2     0x39c  fx_utility_logical_sector_read.o [3]
  .text              ro code  0x9002'bf8e     0x22a  fx_utility_logical_sector_write.o [3]
  .text              ro code  0x9002'c1b8    0x1098  lv_printf.o [4]
  .text              ro code  0x9002'd250      0x14  exit.o [7]
  .text              ro code  0x9002'd264       0xa  fx_utility_16_unsigned_write.o [3]
  .text              ro code  0x9002'd26e     0x374  fx_utility_logical_sector_cache_entry_read.o [3]
  .rodata            const    0x9002'd5e2       0x2  lv_theme_mono.o [4]
  .rodata            const    0x9002'd5e4    0x12bc  SYHT_MED_16.o [1]
  .rodata            const    0x9002'e8a0     0xc00  IconTimeB.o [1]
  .rodata            const    0x9002'f4a0     0xc00  IconTimeW.o [1]
  .text              ro code  0x9003'00a0     0x804  lv_font_fmt_txt.o [4]
  .text              ro code  0x9003'08a4      0x58  lv_utils.o [4]
  .rodata            const    0x9003'08fc     0x578  lv_font_roboto_16.o [4]
  .rodata            const    0x9003'0e74     0x4c8  lv_font_roboto_16.o [4]
  .rodata            const    0x9003'133c     0x340  SYHT_BOLD_20.o [1]
  .rodata            const    0x9003'167c     0x300  SYHT_MED_16.o [1]
  .text              ro code  0x9003'197c     0x19c  fx_system_timer_entry.o [3]
  .text              ro code  0x9003'1b18     0x168  tx_timer_thread_entry.o [8]
  .text              ro code  0x9003'1c80     0x15e  usbd_desc.o [1]
  .text              ro code  0x9003'1dde     0x12a  SYHT_BOLD_20.o [1]
  .text              ro code  0x9003'1f08     0x12a  SYHT_MED_16.o [1]
  .rodata            const    0x9003'2032       0x2  lv_theme_mono.o [4]
  .text              ro code  0x9003'2034     0x124  system_stm32h7xx.o [1]
  .text              ro code  0x9003'2158      0xf4  tx_mutex_cleanup.o [8]
  .rodata            const    0x9003'224c      0xd4  SYHT_BOLD_20.o [1]
  .rodata            const    0x9003'2320      0xc4  SYHT_MED_16.o [1]
  .text              ro code  0x9003'23e4      0xa4  tx_semaphore_cleanup.o [8]
  .rodata            const    0x9003'2488      0x9c  lv_font_roboto_16.o [4]
  .rodata            const    0x9003'2524      0x9c  lv_font_roboto_16.o [4]
  .text              ro code  0x9003'25c0      0x90  usbd_cdc_if.o [1]
  .text              ro code  0x9003'2650      0x8c  tx_thread_shell_entry.o [8]
  .text              ro code  0x9003'26dc      0x78  lz77_init_single.o [6]
  .rodata            const    0x9003'2754      0x74  lv_font_roboto_16.o [4]
  .rodata            const    0x9003'27c8      0x58  file.o [1]
  .rodata            const    0x9003'2820      0x58  task.o [1]
  .rodata            const    0x9003'2878      0x50  lv_printf.o [4]
  .rodata            const    0x9003'28c8      0x50  iar_Stoulx.o [2]
  .text              ro code  0x9003'2918      0x50  tx_thread_timeout.o [8]
  .rodata            const    0x9003'2968      0x4c  file.o [1]
  .rodata            const    0x9003'29b4      0x48  file.o [1]
  .rodata            const    0x9003'29fc      0x48  file.o [1]
  .rodata            const    0x9003'2a44      0x44  bsp_cli.o [1]
  .rodata            const    0x9003'2a88      0x44  bsp_cli.o [1]
  .rodata            const    0x9003'2acc      0x44  file.o [1]
  .rodata            const    0x9003'2b10      0x44  file.o [1]
  .rodata            const    0x9003'2b54      0x44  task.o [1]
  .rodata            const    0x9003'2b98      0x40  file.o [1]
  .rodata            const    0x9003'2bd8      0x40  task.o [1]
  .rodata            const    0x9003'2c18      0x38  file.o [1]
  .text              ro code  0x9003'2c50      0x38  stm32h7xx_it.o [1]
  .rodata            const    0x9003'2c88      0x30  file.o [1]
  .rodata            const    0x9003'2cb8      0x30  task.o [1]
  .rodata            const    0x9003'2ce8      0x28  file.o [1]
  .rodata            const    0x9003'2d10      0x28  file.o [1]
  .rodata            const    0x9003'2d38      0x28  file.o [1]
  .rodata            const    0x9003'2d60      0x28  file.o [1]
  .rodata            const    0x9003'2d88      0x28  file.o [1]
  .rodata            const    0x9003'2db0      0x28  file.o [1]
  .rodata            const    0x9003'2dd8      0x28  lv_font_roboto_16.o [4]
  .text              ro code  0x9003'2e00      0x28  data_init.o [6]
  .rodata            const    0x9003'2e28      0x24  bsp_cli.o [1]
  .rodata            const    0x9003'2e4c      0x24  file.o [1]
  .rodata            const    0x9003'2e70      0x24  file.o [1]
  .rodata            const    0x9003'2e94      0x24  file.o [1]
  .rodata            const    0x9003'2eb8      0x24  file.o [1]
  .rodata            const    0x9003'2edc      0x24  file.o [1]
  .rodata            const    0x9003'2f00      0x24  file.o [1]
  .text              ro code  0x9003'2f24      0x22  fpinit_M.o [5]
  .iar.init_table    const    0x9003'2f48      0x30  - Linker created -
  .rodata            const    0x9003'2f78       0x2  lv_theme_mono.o [4]
  .rodata            const    0x9003'2f7c      0x20  file.o [1]
  .rodata            const    0x9003'2f9c      0x20  file.o [1]
  .rodata            const    0x9003'2fbc      0x20  file.o [1]
  .rodata            const    0x9003'2fdc      0x20  file.o [1]
  .rodata            const    0x9003'2ffc      0x20  file.o [1]
  .rodata            const    0x9003'301c      0x20  fx_stm32_sdio_driver.o [3]
  .text              ro code  0x9003'303c      0x1e  cmain.o [6]
  .text              ro code  0x9003'305a       0x4  low_level_init.o [2]
  .text              ro code  0x9003'305e       0x4  exit.o [2]
  .rodata            const    0x9003'3062       0x2  lv_theme_mono.o [4]
  .text              ro code  0x9003'3064       0xa  cexit.o [6]
  .rodata            const    0x9003'306e       0x2  lv_theme_mono.o [4]
  .rodata            const    0x9003'3070      0x1c  bsp_adc.o [1]
  .rodata            const    0x9003'308c      0x1c  file.o [1]
  .rodata            const    0x9003'30a8      0x1c  file.o [1]
  .rodata            const    0x9003'30c4      0x1c  file.o [1]
  .rodata            const    0x9003'30e0      0x1c  file.o [1]
  .rodata            const    0x9003'30fc      0x1c  file.o [1]
  .rodata            const    0x9003'3118      0x1c  file.o [1]
  .rodata            const    0x9003'3134      0x1c  file.o [1]
  .rodata            const    0x9003'3150      0x1c  file.o [1]
  .rodata            const    0x9003'316c      0x1c  file.o [1]
  .rodata            const    0x9003'3188      0x1c  page_start.o [1]
  .rodata            const    0x9003'31a4      0x1c  task.o [1]
  .rodata            const    0x9003'31c0      0x18  file.o [1]
  .rodata            const    0x9003'31d8      0x18  file.o [1]
  .rodata            const    0x9003'31f0      0x18  file.o [1]
  .rodata            const    0x9003'3208      0x18  file.o [1]
  .rodata            const    0x9003'3220      0x18  file.o [1]
  .rodata            const    0x9003'3238      0x18  file.o [1]
  .rodata            const    0x9003'3250      0x18  file.o [1]
  .rodata            const    0x9003'3268      0x18  stm32h7xx_hal_uart.o [1]
  .rodata            const    0x9003'3280      0x18  task.o [1]
  .rodata            const    0x9003'3298      0x18  usbd_desc.o [1]
  .text              ro code  0x9003'32b0      0x16  xprout.o [2]
  .rodata            const    0x9003'32c6       0x2  lv_theme_mono.o [4]
  .text              ro code  0x9003'32c8       0xc  putchar.o [2]
  .rodata            const    0x9003'32d4      0x14  bsp_adc.o [1]
  .rodata            const    0x9003'32e8      0x14  bsp_cli.o [1]
  .rodata            const    0x9003'32fc      0x14  bsp_cli.o [1]
  .rodata            const    0x9003'3310      0x14  bsp_cli.o [1]
  .rodata            const    0x9003'3324      0x14  bsp_lcd.o [1]
  .rodata            const    0x9003'3338      0x14  bsp_touch.o [1]
  .rodata            const    0x9003'334c      0x14  file.o [1]
  .rodata            const    0x9003'3360      0x14  file.o [1]
  .rodata            const    0x9003'3374      0x14  file.o [1]
  .rodata            const    0x9003'3388      0x14  SYHT_BOLD_20.o [1]
  .rodata            const    0x9003'339c      0x14  SYHT_MED_16.o [1]
  .rodata            const    0x9003'33b0      0x14  usbd_desc.o [1]
  .rodata            const    0x9003'33c4      0x14  fx_system_initialize.o [3]
  .rodata            const    0x9003'33d8      0x14  tx_timer_initialize.o [8]
  .rodata            const    0x9003'33ec      0x14  fx_media_open.o [3]
  .rodata            const    0x9003'3400      0x10  bsp_cli.o [1]
  .rodata            const    0x9003'3410      0x10  bsp_cli.o [1]
  .rodata            const    0x9003'3420      0x10  file.o [1]
  .rodata            const    0x9003'3430      0x10  file.o [1]
  .rodata            const    0x9003'3440      0x10  file.o [1]
  .rodata            const    0x9003'3450      0x10  file.o [1]
  .rodata            const    0x9003'3460      0x10  system_stm32h7xx.o [1]
  .rodata            const    0x9003'3470      0x10  task.o [1]
  .rodata            const    0x9003'3480      0x10  task.o [1]
  .rodata            const    0x9003'3490      0x10  task.o [1]
  .rodata            const    0x9003'34a0      0x10  task.o [1]
  .rodata            const    0x9003'34b0      0x10  task.o [1]
  .rodata            const    0x9003'34c0      0x10  task.o [1]
  .rodata            const    0x9003'34d0      0x10  task.o [1]
  .rodata            const    0x9003'34e0      0x10  usbd_desc.o [1]
  .rodata            const    0x9003'34f0      0x10  lv_img_decoder.o [4]
  .rodata            const    0x9003'3500      0x10  lv_font_roboto_16.o [4]
  .rodata            const    0x9003'3510      0x10  lv_draw_basic.o [4]
  .text              ro code  0x9003'3520      0x10  startup_stm32h750xx.o [1]
  .rodata            const    0x9003'3530       0xc  bsp_touch.o [1]
  .rodata            const    0x9003'353c       0xc  file.o [1]
  .rodata            const    0x9003'3548       0xc  file.o [1]
  .rodata            const    0x9003'3554       0xc  file.o [1]
  .rodata            const    0x9003'3560       0xc  file.o [1]
  .rodata            const    0x9003'356c       0xc  file.o [1]
  .rodata            const    0x9003'3578       0xc  file.o [1]
  .rodata            const    0x9003'3584       0xc  IconTimeB.o [1]
  .rodata            const    0x9003'3590       0xc  IconTimeW.o [1]
  .rodata            const    0x9003'359c       0xc  page_home.o [1]
  .rodata            const    0x9003'35a8       0xc  page_home.o [1]
  .rodata            const    0x9003'35b4       0xc  usbd_desc.o [1]
  .rodata            const    0x9003'35c0       0xc  lv_imgbtn.o [4]
  .rodata            const    0x9003'35cc       0xc  lv_label.o [4]
  .text              ro code  0x9003'35d8       0xc  cstartup_M.o [6]
  cli.cmd.0          const    0x9003'35e4       0xc  bsp_cli.o [1]
  cli.cmd.1          const    0x9003'35f0       0xc  bsp_adc.o [1]
  cli.cmd.1          const    0x9003'35fc       0xc  bsp_cli.o [1]
  cli.cmd.1          const    0x9003'3608       0xc  bsp_cli.o [1]
  cli.cmd.1          const    0x9003'3614       0xc  bsp_cli.o [1]
  cli.cmd.1          const    0x9003'3620       0xc  bsp_lcd.o [1]
  cli.cmd.1          const    0x9003'362c       0xc  bsp_touch.o [1]
  cli.cmd.1          const    0x9003'3638       0xc  file.o [1]
  cli.cmd.1          const    0x9003'3644       0xc  task.o [1]
  cli.cmd.2          const    0x9003'3650       0xc  bsp_cli.o [1]
  .rodata            const    0x9003'365c       0x8  bsp_cli.o [1]
  .rodata            const    0x9003'3664       0x8  bsp_lcd.o [1]
  .rodata            const    0x9003'366c       0x8  file.o [1]
  .rodata            const    0x9003'3674       0x8  file.o [1]
  .rodata            const    0x9003'367c       0x8  file.o [1]
  .rodata            const    0x9003'3684       0x8  file.o [1]
  .rodata            const    0x9003'368c       0x8  file.o [1]
  .rodata            const    0x9003'3694       0x8  stm32h7xx_hal_uart_ex.o [1]
  .rodata            const    0x9003'369c       0x8  stm32h7xx_hal_uart_ex.o [1]
  .rodata            const    0x9003'36a4       0x8  task.o [1]
  .rodata            const    0x9003'36ac       0x8  lv_cont.o [4]
  .rodata            const    0x9003'36b4       0x8  lv_obj.o [4]
  .rodata            const    0x9003'36bc       0x8  lv_btn.o [4]
  .rodata            const    0x9003'36c4       0x8  lv_label.o [4]
  .rodata            const    0x9003'36cc       0x8  lv_bar.o [4]
  .rodata            const    0x9003'36d4       0x8  lv_draw_rect.o [4]
  .rodata            const    0x9003'36dc       0x8  lv_draw_img.o [4]
  .rodata            const    0x9003'36e4       0x8  lv_txt.o [4]
  .rodata            const    0x9003'36ec       0x8  lv_printf.o [4]
  .rodata            const    0x9003'36f4       0x8  lv_printf.o [4]
  .rodata            const    0x9003'36fc       0x8  lv_draw.o [4]
  .rodata            const    0x9003'3704       0x8  lv_draw.o [4]
  .rodata            const    0x9003'370c       0x8  lv_draw.o [4]
  .rodata            const    0x9003'3714       0x8  lv_draw.o [4]
  .rodata            const    0x9003'371c       0x4  bsp_adc.o [1]
  .rodata            const    0x9003'3720       0x4  bsp_cli.o [1]
  .rodata            const    0x9003'3724       0x4  lv_draw_rect.o [4]
  .rodata            const    0x9003'3728       0x4  lv_draw_rect.o [4]
  .rodata            const    0x9003'372c       0x4  lv_img_decoder.o [4]
  .rodata            const    0x9003'3730       0x4  lv_draw.o [4]
  .rodata            const    0x9003'3734       0x4  lv_draw.o [4]
  .rodata            const    0x9003'3738       0x4  lv_draw_basic.o [4]
  .text              ro code  0x9003'373c       0x4  startup_stm32h750xx.o [1]
  .text              ro code  0x9003'3740       0x4  startup_stm32h750xx.o [1]
  .text              ro code  0x9003'3744       0x4  startup_stm32h750xx.o [1]
  .text              ro code  0x9003'3748       0x4  startup_stm32h750xx.o [1]
  .text              ro code  0x9003'374c       0x4  startup_stm32h750xx.o [1]
  .text              ro code  0x9003'3750       0x4  startup_stm32h750xx.o [1]
  .text              ro code  0x9003'3754       0x4  startup_stm32h750xx.o [1]
  .text              ro code  0x9003'3758       0x4  startup_stm32h750xx.o [1]
  .text              ro code  0x9003'375c       0x4  startup_stm32h750xx.o [1]
  .text              ro code  0x9003'3760       0x4  startup_stm32h750xx.o [1]
  .text              ro code  0x9003'3764       0x4  startup_stm32h750xx.o [1]
  .text              ro code  0x9003'3768       0x4  startup_stm32h750xx.o [1]
  .text              ro code  0x9003'376c       0x4  startup_stm32h750xx.o [1]
  .text              ro code  0x9003'3770       0x4  startup_stm32h750xx.o [1]
  .text              ro code  0x9003'3774       0x4  startup_stm32h750xx.o [1]
  .text              ro code  0x9003'3778       0x4  startup_stm32h750xx.o [1]
  .text              ro code  0x9003'377c       0x4  startup_stm32h750xx.o [1]
  .text              ro code  0x9003'3780       0x4  startup_stm32h750xx.o [1]
  .text              ro code  0x9003'3784       0x4  startup_stm32h750xx.o [1]
  .text              ro code  0x9003'3788       0x4  startup_stm32h750xx.o [1]
  .text              ro code  0x9003'378c       0x4  startup_stm32h750xx.o [1]
  .text              ro code  0x9003'3790       0x4  startup_stm32h750xx.o [1]
  .text              ro code  0x9003'3794       0x4  startup_stm32h750xx.o [1]
  .text              ro code  0x9003'3798       0x4  startup_stm32h750xx.o [1]
  .text              ro code  0x9003'379c       0x4  startup_stm32h750xx.o [1]
  .text              ro code  0x9003'37a0       0x4  startup_stm32h750xx.o [1]
  .text              ro code  0x9003'37a4       0x4  startup_stm32h750xx.o [1]
  .text              ro code  0x9003'37a8       0x4  startup_stm32h750xx.o [1]
  .text              ro code  0x9003'37ac       0x4  startup_stm32h750xx.o [1]
  .text              ro code  0x9003'37b0       0x4  startup_stm32h750xx.o [1]
  .text              ro code  0x9003'37b4       0x4  startup_stm32h750xx.o [1]
  .text              ro code  0x9003'37b8       0x4  startup_stm32h750xx.o [1]
  .text              ro code  0x9003'37bc       0x4  startup_stm32h750xx.o [1]
  .text              ro code  0x9003'37c0       0x4  startup_stm32h750xx.o [1]
  .text              ro code  0x9003'37c4       0x4  startup_stm32h750xx.o [1]
  .text              ro code  0x9003'37c8       0x4  startup_stm32h750xx.o [1]
  .text              ro code  0x9003'37cc       0x4  startup_stm32h750xx.o [1]
  .text              ro code  0x9003'37d0       0x4  startup_stm32h750xx.o [1]
  .text              ro code  0x9003'37d4       0x4  startup_stm32h750xx.o [1]
  .text              ro code  0x9003'37d8       0x4  startup_stm32h750xx.o [1]
  .text              ro code  0x9003'37dc       0x4  startup_stm32h750xx.o [1]
  .text              ro code  0x9003'37e0       0x4  startup_stm32h750xx.o [1]
  .text              ro code  0x9003'37e4       0x4  startup_stm32h750xx.o [1]
  .text              ro code  0x9003'37e8       0x4  startup_stm32h750xx.o [1]
  .text              ro code  0x9003'37ec       0x4  startup_stm32h750xx.o [1]
  .text              ro code  0x9003'37f0       0x4  startup_stm32h750xx.o [1]
  .text              ro code  0x9003'37f4       0x4  startup_stm32h750xx.o [1]
  .text              ro code  0x9003'37f8       0x4  startup_stm32h750xx.o [1]
  .text              ro code  0x9003'37fc       0x4  startup_stm32h750xx.o [1]
  .text              ro code  0x9003'3800       0x4  startup_stm32h750xx.o [1]
  .text              ro code  0x9003'3804       0x4  startup_stm32h750xx.o [1]
  .text              ro code  0x9003'3808       0x4  startup_stm32h750xx.o [1]
  .text              ro code  0x9003'380c       0x4  startup_stm32h750xx.o [1]
  .text              ro code  0x9003'3810       0x4  startup_stm32h750xx.o [1]
  .text              ro code  0x9003'3814       0x4  startup_stm32h750xx.o [1]
  .text              ro code  0x9003'3818       0x4  startup_stm32h750xx.o [1]
  .text              ro code  0x9003'381c       0x4  startup_stm32h750xx.o [1]
  .text              ro code  0x9003'3820       0x4  startup_stm32h750xx.o [1]
  .text              ro code  0x9003'3824       0x4  startup_stm32h750xx.o [1]
  .text              ro code  0x9003'3828       0x4  startup_stm32h750xx.o [1]
  .text              ro code  0x9003'382c       0x4  startup_stm32h750xx.o [1]
  .text              ro code  0x9003'3830       0x4  startup_stm32h750xx.o [1]
  .text              ro code  0x9003'3834       0x4  startup_stm32h750xx.o [1]
  .text              ro code  0x9003'3838       0x4  startup_stm32h750xx.o [1]
  .text              ro code  0x9003'383c       0x4  startup_stm32h750xx.o [1]
  .text              ro code  0x9003'3840       0x4  startup_stm32h750xx.o [1]
  .text              ro code  0x9003'3844       0x4  startup_stm32h750xx.o [1]
  .text              ro code  0x9003'3848       0x4  startup_stm32h750xx.o [1]
  .text              ro code  0x9003'384c       0x4  startup_stm32h750xx.o [1]
  .text              ro code  0x9003'3850       0x4  startup_stm32h750xx.o [1]
  .text              ro code  0x9003'3854       0x4  startup_stm32h750xx.o [1]
  .text              ro code  0x9003'3858       0x4  startup_stm32h750xx.o [1]
  .text              ro code  0x9003'385c       0x4  startup_stm32h750xx.o [1]
  .text              ro code  0x9003'3860       0x4  startup_stm32h750xx.o [1]
  .text              ro code  0x9003'3864       0x4  startup_stm32h750xx.o [1]
  .text              ro code  0x9003'3868       0x4  startup_stm32h750xx.o [1]
  .text              ro code  0x9003'386c       0x4  startup_stm32h750xx.o [1]
  .text              ro code  0x9003'3870       0x4  startup_stm32h750xx.o [1]
  .text              ro code  0x9003'3874       0x4  startup_stm32h750xx.o [1]
  .text              ro code  0x9003'3878       0x4  startup_stm32h750xx.o [1]
  .text              ro code  0x9003'387c       0x4  startup_stm32h750xx.o [1]
  .text              ro code  0x9003'3880       0x4  startup_stm32h750xx.o [1]
  .text              ro code  0x9003'3884       0x4  startup_stm32h750xx.o [1]
  .text              ro code  0x9003'3888       0x4  startup_stm32h750xx.o [1]
  .text              ro code  0x9003'388c       0x4  startup_stm32h750xx.o [1]
  .text              ro code  0x9003'3890       0x4  startup_stm32h750xx.o [1]
  .text              ro code  0x9003'3894       0x4  startup_stm32h750xx.o [1]
  .text              ro code  0x9003'3898       0x4  startup_stm32h750xx.o [1]
  .text              ro code  0x9003'389c       0x4  startup_stm32h750xx.o [1]
  .text              ro code  0x9003'38a0       0x4  startup_stm32h750xx.o [1]
  .text              ro code  0x9003'38a4       0x4  startup_stm32h750xx.o [1]
  .text              ro code  0x9003'38a8       0x4  startup_stm32h750xx.o [1]
  .text              ro code  0x9003'38ac       0x4  startup_stm32h750xx.o [1]
  .text              ro code  0x9003'38b0       0x4  startup_stm32h750xx.o [1]
  .text              ro code  0x9003'38b4       0x4  startup_stm32h750xx.o [1]
  .text              ro code  0x9003'38b8       0x4  startup_stm32h750xx.o [1]
  .text              ro code  0x9003'38bc       0x4  startup_stm32h750xx.o [1]
  .text              ro code  0x9003'38c0       0x4  startup_stm32h750xx.o [1]
  .text              ro code  0x9003'38c4       0x4  startup_stm32h750xx.o [1]
  .text              ro code  0x9003'38c8       0x4  startup_stm32h750xx.o [1]
  .text              ro code  0x9003'38cc       0x4  startup_stm32h750xx.o [1]
  .text              ro code  0x9003'38d0       0x4  startup_stm32h750xx.o [1]
  .text              ro code  0x9003'38d4       0x4  startup_stm32h750xx.o [1]
  .text              ro code  0x9003'38d8       0x4  startup_stm32h750xx.o [1]
  .text              ro code  0x9003'38dc       0x4  startup_stm32h750xx.o [1]
  .text              ro code  0x9003'38e0       0x4  startup_stm32h750xx.o [1]
  .text              ro code  0x9003'38e4       0x4  startup_stm32h750xx.o [1]
  .text              ro code  0x9003'38e8       0x4  startup_stm32h750xx.o [1]
  .text              ro code  0x9003'38ec       0x4  startup_stm32h750xx.o [1]
  .text              ro code  0x9003'38f0       0x4  startup_stm32h750xx.o [1]
  .text              ro code  0x9003'38f4       0x4  startup_stm32h750xx.o [1]
  .text              ro code  0x9003'38f8       0x4  startup_stm32h750xx.o [1]
  .text              ro code  0x9003'38fc       0x4  startup_stm32h750xx.o [1]
  .text              ro code  0x9003'3900       0x4  startup_stm32h750xx.o [1]
  .text              ro code  0x9003'3904       0x4  startup_stm32h750xx.o [1]
  .text              ro code  0x9003'3908       0x4  startup_stm32h750xx.o [1]
  .text              ro code  0x9003'390c       0x4  startup_stm32h750xx.o [1]
  .text              ro code  0x9003'3910       0x4  startup_stm32h750xx.o [1]
  .text              ro code  0x9003'3914       0x4  startup_stm32h750xx.o [1]
  .text              ro code  0x9003'3918       0x4  startup_stm32h750xx.o [1]
  .text              ro code  0x9003'391c       0x4  startup_stm32h750xx.o [1]
  .text              ro code  0x9003'3920       0x4  startup_stm32h750xx.o [1]
  .text              ro code  0x9003'3924       0x4  startup_stm32h750xx.o [1]
  .text              ro code  0x9003'3928       0x4  startup_stm32h750xx.o [1]
  .text              ro code  0x9003'392c       0x4  startup_stm32h750xx.o [1]
  .text              ro code  0x9003'3930       0x4  startup_stm32h750xx.o [1]
  .text              ro code  0x9003'3934       0x4  startup_stm32h750xx.o [1]
  .text              ro code  0x9003'3938       0x4  startup_stm32h750xx.o [1]
  .text              ro code  0x9003'393c       0x4  startup_stm32h750xx.o [1]
  .text              ro code  0x9003'3940       0x4  startup_stm32h750xx.o [1]
  .text              ro code  0x9003'3944       0x4  startup_stm32h750xx.o [1]
  .text              ro code  0x9003'3948       0x4  startup_stm32h750xx.o [1]
  .text              ro code  0x9003'394c       0x4  startup_stm32h750xx.o [1]
  .text              ro code  0x9003'3950       0x4  startup_stm32h750xx.o [1]
  .text              ro code  0x9003'3954       0x4  startup_stm32h750xx.o [1]
  .text              ro code  0x9003'3958       0x4  startup_stm32h750xx.o [1]
  .rodata            const    0x9003'395c       0x2  lv_theme_mono.o [4]
  .rodata            const    0x9003'395e       0x2  lv_theme_mono.o [4]
  .rodata            const    0x9003'3960       0x2  lv_theme_mono.o [4]
  .rodata            const    0x9003'3962       0x2  lv_theme_mono.o [4]
  .rodata            const    0x9003'3964       0x2  lv_draw_rect.o [4]
  .rodata            const    0x9003'3966       0x2  lv_group.o [4]
  .rodata            const    0x9003'3968       0x2  lv_group.o [4]
  .rodata            const    0x9003'396a       0x2  lv_group.o [4]
  .rodata            const    0x9003'396c       0x2  lv_group.o [4]
  .rodata            const    0x9003'396e       0x2  lv_group.o [4]
  .rodata            const    0x9003'3970       0x2  lv_group.o [4]
  .rodata            const    0x9003'3972       0x2  lv_group.o [4]
  .rodata            const    0x9003'3974       0x2  lv_group.o [4]
  .rodata            const    0x9003'3976       0x2  lv_group.o [4]
  .rodata            const    0x9003'3978       0x2  lv_group.o [4]
  .rodata            const    0x9003'397a       0x2  lv_group.o [4]
  .rodata            const    0x9003'397c       0x2  lv_group.o [4]
  .rodata            const    0x9003'397e       0x2  lv_img_decoder.o [4]
  .rodata            const    0x9003'3980       0x2  lv_draw.o [4]
  .rodata            const    0x9003'3982       0x2  lv_draw_basic.o [4]
  .rodata            const    0x9003'3984       0x2  lv_draw_basic.o [4]
  .rodata            const    0x9003'3986       0x2  lv_draw_basic.o [4]
  .rodata            const    0x9003'3988       0x2  xlocale_c.o [2]
  .rodata            const    0x9003'398a       0x2  xlocale_c.o [2]
  .rodata            const    0x9003'398c       0x1  lv_draw.o [4]
  .rodata            const    0x9003'398d       0x1  xlocale_c.o [2]
  .rodata            const    0x9003'398e       0x0  zero_init3.o [6]
  .rodata            const    0x9003'398e       0x0  lz77_init_single.o [6]
  Initializer bytes  const    0x9003'398e     0x28e  <for P2-1>
                            - 0x9003'3c1c  0x3'3984

Unused ranges:

         From           To        Size
         ----           --        ----
  0x2000'0791  0x2000'0793         0x3
  0x2001'4034  0x2001'4037         0x4
  0x2001'8038  0x2001'ffff      0x7fc8
  0x9003'3c1c  0x91ff'ffff  0x1fc'c3e4


*******************************************************************************
*** INIT TABLE
***

          Address      Size
          -------      ----
Zero (__iar_zero_init3)
    3 destination ranges, total size 0x7'909f:
          0x2000'0794  0x1'389f
          0x2402'5800  0x2'5800
          0x3000'0000  0x4'0000

Copy/lz77 (__iar_lz77_init_single3)
    1 source range, total size 0x28e (33% of destination):
          0x9003'398e     0x28e
    1 destination range, total size 0x791:
          0x2000'0000     0x791



*******************************************************************************
*** MODULE SUMMARY
***

    Module                                        ro code  ro data  rw data  rw data
                                                                              (abs)
    ------                                        -------  -------  -------  -------
command line/config:
    --------------------------------------------------------------------------------
    Total:

F:\WQA\App\EWARM\App\Obj: [1]
    IconTimeB.o                                              3'084
    IconTimeW.o                                              3'084
    SYHT_BOLD_20.o                                    298   10'139       44
    SYHT_MED_16.o                                     298    5'794       44
    adc.o                                             352               100
    bsp.o                                              46
    bsp_adc.o                                         204       64        8
    bsp_cli.o                                         736      338      342
    bsp_dwt.o                                         106
    bsp_eeprom.o                                    1'252                14
    bsp_lcd.o                                       1'356       40
    bsp_ringbuffer.o                                  290
    bsp_sdio.o                                        168
    bsp_touch.o                                     1'716       44       10
    display_basic.o                                   224                 8
    display_win.o                                     296        4      384
    file.o                                          1'776    2'241   12'184  262'144
    gpio.o                                            400
    ltdc.o                                            616               168
    main.o                                            680
    page_home.o                                       632       36      301
    page_start.o                                      428       36      216
    rtc.o                                             264                36
    sdmmc.o                                           372               124
    startup_stm32h750xx.o                           1'224
    stm32h7xx_hal.o                                   192        3        9
    stm32h7xx_hal_adc.o                             3'424
    stm32h7xx_hal_adc_ex.o                            372
    stm32h7xx_hal_cortex.o                            484
    stm32h7xx_hal_gpio.o                            1'064
    stm32h7xx_hal_ltdc.o                            1'044
    stm32h7xx_hal_msp.o                                32
    stm32h7xx_hal_pcd.o                             3'384
    stm32h7xx_hal_pcd_ex.o                            162
    stm32h7xx_hal_pwr.o                                16
    stm32h7xx_hal_pwr_ex.o                            100
    stm32h7xx_hal_rcc.o                             3'144
    stm32h7xx_hal_rcc_ex.o                          6'640
    stm32h7xx_hal_rtc.o                             1'094
    stm32h7xx_hal_rtc_ex.o                             26
    stm32h7xx_hal_sd.o                              4'248
    stm32h7xx_hal_tim.o                             2'566
    stm32h7xx_hal_tim_ex.o                              6
    stm32h7xx_hal_timebase_tim.o                      208                76
    stm32h7xx_hal_uart.o                            2'348       24
    stm32h7xx_hal_uart_ex.o                           368       16
    stm32h7xx_it.o                                     56
    stm32h7xx_ll_sdmmc.o                            1'992
    stm32h7xx_ll_usb.o                              4'004
    system_stm32h7xx.o                                292       19        8
    task.o                                            908      452   15'485
    tim.o                                             244                76
    usart.o                                           548               288
    usb_device.o                                       92               720
    usbd_cdc.o                                      1'040       92      272
    usbd_cdc_if.o                                     144        7    4'116
    usbd_conf.o                                     1'080             1'576
    usbd_core.o                                     1'078
    usbd_ctlreq.o                                   2'220                 1
    usbd_desc.o                                       350       99      592
    usbd_ioreq.o                                      172
    --------------------------------------------------------------------------------
    Total:                                         58'876   25'616   37'202  262'144

dl7M_tlf.a: [2]
    abort.o                                             6
    exit.o                                              4
    iar_Stoulx.o                                      332       80
    isspace.o                                          20
    low_level_init.o                                    4
    printf.o                                           40
    putchar.o                                          12
    qsort.o                                         1'212
    sprintf.o                                          64
    strcasecmp.o                                       70
    tolower.o                                          20
    vsnprint.o                                         60
    xencoding_8859_1.o                                 30
    xfail_s.o                                          64                 4
    xfiles.o                                                    24      152
    xlocale_c.o                                       168       48      128
    xmbcurmax.o                                        10
    xprintffull.o                                   4'294
    xprout.o                                           22
    xsnprout.o                                         26
    xsprout.o                                          10
    --------------------------------------------------------------------------------
    Total:                                          6'468      152      284

filex.a: [3]
    fx_directory_create.o                           1'060
    fx_directory_delete.o                             596
    fx_directory_entry_read.o                       1'362
    fx_directory_entry_write.o                      2'292
    fx_directory_free_search.o                      1'464
    fx_directory_name_extract.o                       102
    fx_directory_next_full_entry_find.o               872
    fx_directory_search.o                           1'788
    fx_file_close.o                                   236
    fx_file_create.o                                  368
    fx_file_delete.o                                  420
    fx_file_extended_seek.o                           632
    fx_file_open.o                                  1'124
    fx_file_read.o                                    832
    fx_file_seek.o                                     18
    fx_file_write.o                                 1'668
    fx_media_abort.o                                  212
    fx_media_boot_info_extract.o                      222
    fx_media_close.o                                  700
    fx_media_extended_space_available.o                92
    fx_media_flush.o                                  580
    fx_media_open.o                                 2'000       20
    fx_partition_offset_calculate.o                   490
    fx_stm32_sdio_driver.o                          1'356       32      545
    fx_system_initialize.o                            188       54      180
    fx_system_timer_entry.o                           412
    fx_utility_16_unsigned_read.o                      12
    fx_utility_16_unsigned_write.o                     10
    fx_utility_32_unsigned_read.o                      24
    fx_utility_32_unsigned_write.o                     22
    fx_utility_FAT_entry_read.o                       800
    fx_utility_FAT_entry_write.o                      338
    fx_utility_FAT_flush.o                          1'134
    fx_utility_FAT_map_flush.o                        228
    fx_utility_logical_sector_cache_entry_read.o      884
    fx_utility_logical_sector_flush.o                 842
    fx_utility_logical_sector_read.o                  924
    fx_utility_logical_sector_write.o                 554
    fx_utility_memory_copy.o                           30
    fxe_directory_create.o                             72
[...]
                        0x9002'6c9d       0x8  Code  Gb  lv_label.o [4]
lv_label_get_text_sel_start
                        0x9002'6c95       0x8  Code  Gb  lv_label.o [4]
lv_label_refr_text      0x9002'7105     0x4ac  Code  Lc  lv_label.o [4]
lv_label_revert_dots    0x9002'75b5      0x7c  Code  Lc  lv_label.o [4]
lv_label_set_align      0x9002'694d      0x2e  Code  Gb  lv_label.o [4]
lv_label_set_body_draw  0x9002'69b9      0x40  Code  Gb  lv_label.o [4]
lv_label_set_dot_tmp    0x9002'7681      0x84  Code  Lc  lv_label.o [4]
lv_label_set_long_mode  0x9002'68bb      0x92  Code  Gb  lv_label.o [4]
lv_label_set_offset_x   0x9002'7651      0x18  Code  Lc  lv_label.o [4]
lv_label_set_offset_y   0x9002'7669      0x18  Code  Lc  lv_label.o [4]
lv_label_set_recolor    0x9002'697b      0x3e  Code  Gb  lv_label.o [4]
lv_label_set_static_text
                        0x9002'687b      0x40  Code  Gb  lv_label.o [4]
lv_label_set_style      0x9002'199d      0x12  Code  Lc  page_home.o [1]
lv_label_set_style      0x9002'17d1      0x12  Code  Lc  page_start.o [1]
lv_label_set_style      0x9002'6555      0x12  Code  Lc  lv_label.o [4]
lv_label_set_text       0x9002'675f      0x8c  Code  Gb  lv_label.o [4]
lv_label_set_text_fmt   0x9002'67eb      0x90  Code  Gb  lv_label.o [4]
lv_label_signal         0x9002'6f69     0x18a  Code  Lc  lv_label.o [4]
lv_ll_chg_list          0x9000'4ffd      0x7a  Code  Gb  lv_ll.o [4]
lv_ll_get_head          0x9000'5077       0xe  Code  Gb  lv_ll.o [4]
lv_ll_get_next          0x9000'5093      0x2e  Code  Gb  lv_ll.o [4]
lv_ll_get_prev          0x9000'50c1      0x2c  Code  Gb  lv_ll.o [4]
lv_ll_get_tail          0x9000'5085       0xe  Code  Gb  lv_ll.o [4]
lv_ll_init              0x9000'4e59      0x18  Code  Gb  lv_ll.o [4]
lv_ll_ins_head          0x9000'4e71      0x44  Code  Gb  lv_ll.o [4]
lv_ll_ins_prev          0x9000'4eb5      0x74  Code  Gb  lv_ll.o [4]
lv_ll_ins_tail          0x9000'4f29      0x4c  Code  Gb  lv_ll.o [4]
lv_ll_is_empty          0x9000'5153      0x1e  Code  Gb  lv_ll.o [4]
lv_ll_move_before       0x9000'50ed      0x66  Code  Gb  lv_ll.o [4]
lv_ll_rem               0x9000'4f75      0x88  Code  Gb  lv_ll.o [4]
lv_mem_alloc            0x9000'6d53      0x3e  Code  Gb  lv_mem.o [4]
lv_mem_free             0x9000'6d91      0x44  Code  Gb  lv_mem.o [4]
lv_mem_get_size         0x9000'6e47      0x1c  Code  Gb  lv_mem.o [4]
lv_mem_init             0x9000'6d31      0x22  Code  Gb  lv_mem.o [4]
lv_mem_init::work_mem_int
                        0x2000'0794    0x8000  Data  Lc  lv_mem.o [4]
lv_mem_realloc          0x9000'6dd5      0x72  Code  Gb  lv_mem.o [4]
lv_obj_align            0x9000'5a6d     0x3cc  Code  Gb  lv_obj.o [4]
lv_obj_align_origo      0x9000'5e39     0x33c  Code  Gb  lv_obj.o [4]
lv_obj_allocate_ext_attr
                        0x9000'6373      0x16  Code  Gb  lv_obj.o [4]
lv_obj_clean            0x9000'574d      0x28  Code  Gb  lv_obj.o [4]
lv_obj_clear_protect    0x9000'627d      0x10  Code  Gb  lv_obj.o [4]
lv_obj_create           0x9000'5283     0x3ae  Code  Gb  lv_obj.o [4]
lv_obj_del              0x9000'5631      0xfe  Code  Gb  lv_obj.o [4]
lv_obj_design           0x9000'6627      0xd6  Code  Lc  lv_obj.o [4]
lv_obj_get_auto_realign
                        0x9000'64c7       0xa  Code  Gb  lv_obj.o [4]
lv_obj_get_base_dir     0x9000'658f       0x6  Code  Gb  lv_obj.o [4]
lv_obj_get_child        0x9000'641d      0x1e  Code  Gb  lv_obj.o [4]
lv_obj_get_click        0x9000'6551       0xa  Code  Gb  lv_obj.o [4]
lv_obj_get_coords       0x9000'643b      0x12  Code  Gb  lv_obj.o [4]
lv_obj_get_design_cb    0x9000'65d7       0x4  Code  Gb  lv_obj.o [4]
lv_obj_get_disp         0x9000'63bb      0x5e  Code  Gb  lv_obj.o [4]
lv_obj_get_drag         0x9000'655b       0xe  Code  Gb  lv_obj.o [4]
lv_obj_get_drag_dir     0x9000'6569       0xa  Code  Gb  lv_obj.o [4]
lv_obj_get_drag_parent  0x9000'6581       0xe  Code  Gb  lv_obj.o [4]
lv_obj_get_drag_throw   0x9000'6573       0xe  Code  Gb  lv_obj.o [4]
lv_obj_get_ext_attr     0x9000'65db       0x4  Code  Gb  lv_obj.o [4]
lv_obj_get_group        0x9000'65df       0x4  Code  Gb  lv_obj.o [4]
lv_obj_get_height       0x9000'649b       0xe  Code  Gb  lv_obj.o [4]
lv_obj_get_hidden       0x9000'6543       0xe  Code  Gb  lv_obj.o [4]
lv_obj_get_opa_scale    0x9000'6595      0x2c  Code  Gb  lv_obj.o [4]
lv_obj_get_parent       0x9000'6419       0x4  Code  Gb  lv_obj.o [4]
lv_obj_get_screen       0x9000'63a3      0x18  Code  Gb  lv_obj.o [4]
lv_obj_get_signal_cb    0x9000'65d3       0x4  Code  Gb  lv_obj.o [4]
lv_obj_get_style        0x9000'64d1      0x72  Code  Gb  lv_obj.o [4]
lv_obj_get_width        0x9000'648d       0xe  Code  Gb  lv_obj.o [4]
lv_obj_get_width_fit    0x9000'64a9      0x1e  Code  Gb  lv_obj.o [4]
lv_obj_get_x            0x9000'644d      0x20  Code  Gb  lv_obj.o [4]
lv_obj_get_y            0x9000'646d      0x20  Code  Gb  lv_obj.o [4]
lv_obj_handle_get_type_signal
                        0x9000'65ff      0x28  Code  Gb  lv_obj.o [4]
lv_obj_invalidate       0x9000'5851      0x44  Code  Gb  lv_obj.o [4]
lv_obj_invalidate_area  0x9000'5775      0xdc  Code  Gb  lv_obj.o [4]
lv_obj_is_focused       0x9000'65e3      0x1c  Code  Gb  lv_obj.o [4]
lv_obj_is_protected     0x9000'65c1      0x12  Code  Gb  lv_obj.o [4]
lv_obj_move_foreground  0x9000'5895      0x3a  Code  Gb  lv_obj.o [4]
lv_obj_realign          0x9000'6175      0x42  Code  Gb  lv_obj.o [4]
lv_obj_refresh_ext_draw_pad
                        0x9000'6389      0x1a  Code  Gb  lv_obj.o [4]
lv_obj_refresh_style    0x9000'61e9      0x1c  Code  Gb  lv_obj.o [4]
lv_obj_report_style_mod
                        0x9000'6205      0x50  Code  Gb  lv_obj.o [4]
lv_obj_set_auto_realign
                        0x9000'61b7      0x1c  Code  Gb  lv_obj.o [4]
lv_obj_set_click        0x9000'6255      0x1c  Code  Gb  lv_obj.o [4]
lv_obj_set_design_cb    0x9000'636f       0x4  Code  Gb  lv_obj.o [4]
lv_obj_set_event_cb     0x9000'628d       0x4  Code  Gb  lv_obj.o [4]
lv_obj_set_height       0x9000'5a51      0x1c  Code  Gb  lv_obj.o [4]
lv_obj_set_pos          0x9000'58cf      0x92  Code  Gb  lv_obj.o [4]
lv_obj_set_protect      0x9000'6271       0xc  Code  Gb  lv_obj.o [4]
lv_obj_set_signal_cb    0x9000'636b       0x4  Code  Gb  lv_obj.o [4]
lv_obj_set_size         0x9000'5999      0xb8  Code  Gb  lv_obj.o [4]
lv_obj_set_style        0x9000'61d3      0x16  Code  Gb  lv_obj.o [4]
lv_obj_set_x            0x9000'5961      0x1c  Code  Gb  lv_obj.o [4]
lv_obj_set_y            0x9000'597d      0x1c  Code  Gb  lv_obj.o [4]
lv_obj_signal           0x9000'66fd      0x6a  Code  Lc  lv_obj.o [4]
lv_port_disp_init       0x9001'b199      0x3e  Code  Gb  lv_port_disp.o [4]
lv_port_disp_init::disp_buf_1
                        0x2001'3dd4      0x1c  Data  Lc  lv_port_disp.o [4]
lv_port_indev_init      0x9001'b215      0x24  Code  Gb  lv_port_indev.o [4]
lv_refr_area            0x9000'3621     0x154  Code  Lc  lv_refr.o [4]
lv_refr_area_part       0x9000'3775      0x6a  Code  Lc  lv_refr.o [4]
lv_refr_areas           0x9000'35cb      0x56  Code  Lc  lv_refr.o [4]
lv_refr_get_disp_refreshing
                        0x9000'337f       0x8  Code  Gb  lv_refr.o [4]
lv_refr_get_top_obj     0x9000'37df      0x80  Code  Lc  lv_refr.o [4]
lv_refr_init            0x9000'3289       0x2  Code  Gb  lv_refr.o [4]
lv_refr_join_area       0x9000'3501      0xca  Code  Lc  lv_refr.o [4]
lv_refr_obj             0x9000'38c7     0x100  Code  Lc  lv_refr.o [4]
lv_refr_obj_and_children
                        0x9000'385f      0x68  Code  Lc  lv_refr.o [4]
lv_refr_vdb_flush       0x9000'39c7      0x5c  Code  Lc  lv_refr.o [4]
lv_scr_act              0x9001'b869       0xc  Code  Lc  display_win.o [1]
lv_style_btn_ina        0x2001'3934      0x3c  Data  Gb  lv_style.o [4]
lv_style_btn_pr         0x2001'3880      0x3c  Data  Gb  lv_style.o [4]
lv_style_btn_rel        0x2001'3844      0x3c  Data  Gb  lv_style.o [4]
lv_style_btn_tgl_pr     0x2001'38f8      0x3c  Data  Gb  lv_style.o [4]
lv_style_btn_tgl_rel    0x2001'38bc      0x3c  Data  Gb  lv_style.o [4]
lv_style_copy           0x9000'7ea9      0x1c  Code  Gb  lv_style.o [4]
lv_style_init           0x9000'79e1     0x4c8  Code  Gb  lv_style.o [4]
lv_style_mix            0x9000'7ec5     0x3fc  Code  Gb  lv_style.o [4]
lv_style_plain          0x2001'3754      0x3c  Data  Gb  lv_style.o [4]
lv_style_plain_color    0x2001'3790      0x3c  Data  Gb  lv_style.o [4]
lv_style_pretty         0x2001'37cc      0x3c  Data  Gb  lv_style.o [4]
lv_style_pretty_color   0x2001'3808      0x3c  Data  Gb  lv_style.o [4]
lv_style_scr            0x2001'3664      0x3c  Data  Gb  lv_style.o [4]
lv_style_transp         0x2001'36a0      0x3c  Data  Gb  lv_style.o [4]
lv_style_transp_fit     0x2001'36dc      0x3c  Data  Gb  lv_style.o [4]
lv_style_transp_tight   0x2001'3718      0x3c  Data  Gb  lv_style.o [4]
lv_task_core_init       0x9000'6929      0x14  Code  Gb  lv_task.o [4]
lv_task_create          0x9000'6b65      0x3e  Code  Gb  lv_task.o [4]
lv_task_create_basic    0x9000'6ad1      0x94  Code  Gb  lv_task.o [4]
lv_task_del             0x9000'6ba7      0x22  Code  Gb  lv_task.o [4]
lv_task_enable          0x9000'6c43       0x6  Code  Gb  lv_task.o [4]
lv_task_exec            0x9000'6c49      0x54  Code  Lc  lv_task.o [4]
lv_task_handler         0x9000'693d     0x194  Code  Gb  lv_task.o [4]
lv_task_handler::already_running
                        0x2001'402c       0x1  Data  Lc  lv_task.o [4]
lv_task_handler::busy_time
                        0x2001'3f20       0x4  Data  Lc  lv_task.o [4]
lv_task_handler::handler_start
                        0x2001'3f1c       0x4  Data  Lc  lv_task.o [4]
lv_task_handler::idle_period_start
                        0x2001'3f18       0x4  Data  Lc  lv_task.o [4]
lv_task_ready           0x9000'6c31      0x12  Code  Gb  lv_task.o [4]
lv_task_run             0x2001'4028       0x1  Data  Lc  lv_task.o [4]
lv_task_set_cb          0x9000'6ba3       0x4  Code  Gb  lv_task.o [4]
lv_task_set_period      0x9000'6c2d       0x4  Code  Gb  lv_task.o [4]
lv_task_set_prio        0x9000'6bc9      0x64  Code  Gb  lv_task.o [4]
lv_theme_get_current    0x9000'a3e3      0x10  Code  Gb  lv_theme.o [4]
lv_theme_mono_init      0x9001'b717      0xa6  Code  Gb  lv_theme_mono.o [4]
lv_theme_set_current    0x9000'a331      0xb2  Code  Gb  lv_theme.o [4]
lv_tick_elaps           0x9000'4df1      0x1a  Code  Gb  lv_hal_tick.o [4]
lv_tick_get             0x9000'4dd5      0x14  Code  Gb  lv_hal_tick.o [4]
lv_tick_inc             0x9000'4dc5      0x10  Code  Gb  lv_hal_tick.o [4]
lv_txt_encoded_get_byte_id
                        0x2000'069c       0x4  Data  Gb  lv_txt.o [4]
lv_txt_encoded_get_char_id
                        0x2000'06a0       0x4  Data  Gb  lv_txt.o [4]
lv_txt_encoded_next     0x2000'0694       0x4  Data  Gb  lv_txt.o [4]
lv_txt_encoded_prev     0x2000'0698       0x4  Data  Gb  lv_txt.o [4]
lv_txt_encoded_size     0x2000'0690       0x4  Data  Gb  lv_txt.o [4]
lv_txt_get_encoded_length
                        0x2000'06a4       0x4  Data  Gb  lv_txt.o [4]
lv_txt_get_next_line    0x9000'b23f      0xde  Code  Gb  lv_txt.o [4]
lv_txt_get_next_word    0x9000'b085     0x1ba  Code  Lc  lv_txt.o [4]
lv_txt_get_size         0x9000'af71     0x114  Code  Gb  lv_txt.o [4]
lv_txt_get_width        0x9000'b31d      0x9c  Code  Gb  lv_txt.o [4]
lv_txt_is_cmd           0x9000'b3b9      0x4c  Code  Gb  lv_txt.o [4]
lv_txt_utf8_get_byte_id
                        0x9000'b5f7      0x32  Code  Lc  lv_txt.o [4]
lv_txt_utf8_get_char_id
                        0x9000'b629      0x24  Code  Lc  lv_txt.o [4]
lv_txt_utf8_get_length  0x9000'b64d      0x24  Code  Lc  lv_txt.o [4]
lv_txt_utf8_next        0x9000'b443     0x15a  Code  Lc  lv_txt.o [4]
lv_txt_utf8_prev        0x9000'b59d      0x5a  Code  Lc  lv_txt.o [4]
lv_txt_utf8_size        0x9000'b409      0x3a  Code  Lc  lv_txt.o [4]
lv_utils_bsearch        0x9003'08a5      0x58  Code  Gb  lv_utils.o [4]
lv_vsnprintf            0x9002'd221      0x1a  Code  Gb  lv_printf.o [4]
main                    0x9001'3661      0xbc  Code  Gb  main.o [1]
mbox_init               0x9001'b5bd      0x1a  Code  Lc  lv_theme_mono.o [4]
med3                    0x9001'e9a1      0x50  Code  Lc  qsort.o [2]
media_memory            0x3000'0000  0x4'0000  Data  Gb  file.o [1]
memchr                  0x9002'35a9            Code  Gb  memchr.o [6]
memset                  0x9001'3911      0x14  Code  Gb  memset.o [6]
ndigs                   0x9003'28c8      0x28  Data  Lc  iar_Stoulx.o [2]
node_set_next           0x9000'51b5      0x48  Code  Lc  lv_ll.o [4]
node_set_prev           0x9000'5171      0x44  Code  Lc  lv_ll.o [4]
obj_to_foreground       0x9000'78d9      0x32  Code  Lc  lv_group.o [4]
obuf                    0x2001'3394      0x50  Data  Lc  xfiles.o [2]
page_Home               0x2000'0400      0x10  Data  Gb  page_home.o [1]
page_Start              0x2000'0414      0x10  Data  Gb  page_start.o [1]
page_init               0x9001'b5d7      0x14  Code  Lc  lv_theme_mono.o [4]
page_manager            0x2001'3e6c       0x8  Data  Gb  display_basic.o [1]
printf                  0x9001'aa29      0x28  Code  Gb  printf.o [2]
process_line            0x9001'a649      0x34  Code  Lc  bsp_cli.o [1]
putchar                 0x9003'32c9       0xc  Code  Gb  putchar.o [2]
px_num                  0x2001'3f40       0x4  Data  Lc  lv_refr.o [4]
qsort                   0x9001'ed37      0x18  Code  Gb  qsort.o [2]
rbrecv                  0x2001'3e04      0x10  Data  Lc  bsp_cli.o [1]
recvbuf                 0x2001'347c      0x44  Data  Lc  bsp_cli.o [1]
recvcnt                 0x2001'4008       0x2  Data  Lc  bsp_cli.o [1]
refr_img                0x9002'801d      0xd0  Code  Lc  lv_imgbtn.o [4]
refresh_children_position
                        0x9000'6767      0x48  Code  Lc  lv_obj.o [4]
refresh_children_style  0x9000'67ed      0x46  Code  Lc  lv_obj.o [4]
refresh_theme           0x9000'775f      0x2a  Code  Lc  lv_group.o [4]
report_style_mod_core   0x9000'67af      0x3e  Code  Lc  lv_obj.o [4]
ring_buf_get            0x9001'e7b7      0x80  Code  Gb  bsp_ringbuffer.o [1]
ring_buf_init           0x9001'e715      0x20  Code  Gb  bsp_ringbuffer.o [1]
ring_buf_put            0x9001'e735      0x82  Code  Gb  bsp_ringbuffer.o [1]
rle_bpp                 0x2001'402f       0x1  Data  Lc  lv_font_fmt_txt.o [4]
rle_cnt                 0x2001'4031       0x1  Data  Lc  lv_font_fmt_txt.o [4]
rle_in                  0x2001'3ffc       0x4  Data  Lc  lv_font_fmt_txt.o [4]
rle_init                0x9003'06f7      0x22  Code  Lc  lv_font_fmt_txt.o [4]
rle_next                0x9003'0719     0x166  Code  Lc  lv_font_fmt_txt.o [4]
rle_prev_v              0x2001'4030       0x1  Data  Lc  lv_font_fmt_txt.o [4]
rle_rdp                 0x2001'3ff8       0x4  Data  Lc  lv_font_fmt_txt.o [4]
rle_state               0x2001'4032       0x1  Data  Lc  lv_font_fmt_txt.o [4]
roller_init             0x9001'b657      0x1e  Code  Lc  lv_theme_mono.o [4]
roller_init::bg         0x2001'3cb8      0x3c  Data  Lc  lv_theme_mono.o [4]
rot3                    0x9001'e8e9      0x68  Code  Lc  qsort.o [2]
rotate                  0x9001'e957      0x4a  Code  Lc  qsort.o [2]
rxbuf                   0x2001'2900     0x100  Data  Lc  bsp_cli.o [1]
scalbln                 0x9002'36e5            Code  Gb  ldexp.o [5]
scalblnl                0x9002'36e5            Code  Gb  ldexp.o [5]
scalbn                  0x9002'36e5            Code  Gb  ldexp.o [5]
scalbnl                 0x9002'36e5            Code  Gb  ldexp.o [5]
scale                   0x9001'fded      0x46  Code  Lc  xprintffull.o [2]
scr                     0x2001'39ac      0x3c  Data  Lc  lv_theme_mono.o [4]
scratch                 0x2001'2040     0x200  Data  Gb  fx_stm32_sdio_driver.o [3]
sd_read_data            0x9001'cb55     0x120  Code  Lc  fx_stm32_sdio_driver.o [3]
sd_write_data           0x9001'cc75     0x10e  Code  Lc  fx_stm32_sdio_driver.o [3]
sdio_disk               0x2000'8798    0x24b8  Data  Gb  file.o [1]
sec_hand                0x2001'4004       0x4  Data  Lc  xfail_s.o [2]
slider_init             0x9001'b489      0x36  Code  Lc  lv_theme_mono.o [4]
slider_init::slider_knob
                        0x2001'3b8c      0x3c  Data  Lc  lv_theme_mono.o [4]
sprintf                 0x9002'08b1      0x40  Code  Gb  sprintf.o [2]
strcasecmp              0x9001'e837      0x46  Code  Gb  strcasecmp.o [2]
strchr                  0x9001'e87d            Code  Gb  strchr.o [6]
strcmp                  0x9000'a8c5            Code  Gb  strcmp.o [6]
strcpy                  0x9000'a8ad            Code  Gb  strcpy.o [6]
strlen                  0x9000'a875            Code  Gb  strlen.o [6]
strsplit                0x9001'a5f3      0x56  Code  Lc  bsp_cli.o [1]
style_mod               0x9001'b6db      0x1e  Code  Lc  lv_theme_mono.o [4]
style_mod_def           0x9000'764b      0x8a  Code  Lc  lv_group.o [4]
style_mod_edit          0x9001'b6f9      0x1e  Code  Lc  lv_theme_mono.o [4]
style_mod_edit_def      0x9000'76d5      0x8a  Code  Lc  lv_group.o [4]
sw_color_fill           0x9000'4a85     0x19c  Code  Lc  lv_draw_basic.o [4]
sw_init                 0x9001'b4bf      0x1a  Code  Lc  lv_theme_mono.o [4]
sw_mem_blend            0x9000'4a31      0x54  Code  Lc  lv_draw_basic.o [4]
swap                    0x9001'e893      0x56  Code  Lc  qsort.o [2]
sys_time                0x2001'3ec4       0x4  Data  Lc  lv_hal_tick.o [4]
ta_init                 0x9001'b5eb      0x1a  Code  Lc  lv_theme_mono.o [4]
tabview_init            0x9001'b675      0x28  Code  Lc  lv_theme_mono.o [4]
taskPageJump            0x2001'3eac       0x4  Data  Lc  page_start.o [1]
taskTimeUpdate          0x2001'3e98       0x4  Data  Lc  page_home.o [1]
task_created            0x2001'402b       0x1  Data  Lc  lv_task.o [4]
task_deleted            0x2001'402a       0x1  Data  Lc  lv_task.o [4]
th_styles               0x2000'ac50    0x18d8  Data  Lc  lv_theme.o [4]
theme                   0x2001'2420     0x1b0  Data  Lc  lv_theme_mono.o [4]
tick_irq_flag           0x2001'4021       0x1  Data  Lc  lv_hal_tick.o [4]
tolower                 0x9002'3415      0x14  Code  Gb  tolower.o [2]
touchpad_read           0x9001'b239      0x44  Code  Lc  lv_port_indev.o [4]
touchpad_read::last_x   0x2001'4016       0x2  Data  Lc  lv_port_indev.o [4]
touchpad_read::last_y   0x2001'4018       0x2  Data  Lc  lv_port_indev.o [4]
transfer_semaphore      0x2001'3db4      0x20  Data  Lc  fx_stm32_sdio_driver.o [3]
tx_application_define   0x9001'842d      0x8e  Code  Gb  task.o [1]
tx_thread_fpu_disable   0x9001'8867            Code  Gb  tx_thread_schedule.o [8]
tx_thread_fpu_enable    0x9001'8867            Code  Gb  tx_thread_schedule.o [8]
unicode_list_1          0x9003'224c      0xd4  Data  Lc  SYHT_BOLD_20.o [1]
unicode_list_1          0x9003'2320      0xc4  Data  Lc  SYHT_MED_16.o [1]
unicode_list_1          0x9003'2754      0x74  Data  Lc  lv_font_roboto_16.o [4]
unicode_list_compare    0x9003'089d       0x8  Code  Lc  lv_font_fmt_txt.o [4]
uwTick                  0x2001'3eb0       0x4  Data  Gb  stm32h7xx_hal.o [1]
uwTickFreq              0x2000'0790       0x1  Data  Gb  stm32h7xx_hal.o [1]
uwTickPrio              0x2000'0424       0x4  Data  Gb  stm32h7xx_hal.o [1]
vsnprintf               0x9001'a95d      0x3c  Code  Gb  vsnprint.o [2]
win_init                0x9001'b69d      0x3e  Code  Lc  lv_theme_mono.o [4]
win_init::win_header    0x2001'3cf4      0x3c  Data  Lc  lv_theme_mono.o [4]
work_mem                0x2001'3f48       0x4  Data  Lc  lv_mem.o [4]
zero_mem                0x2001'3f4c       0x4  Data  Lc  lv_mem.o [4]


[1] = F:\WQA\App\EWARM\App\Obj
[2] = dl7M_tlf.a
[3] = filex.a
[4] = gui.a
[5] = m7M_tlv.a
[6] = rt7M_tl.a
[7] = shb_l.a
[8] = threadx.a

  172'360 bytes of readonly  code memory
   39'636 bytes of readonly  data memory
   98'352 bytes of readwrite data memory (+ 415'744 absolute)

Errors: none
Warnings: none
