###############################################################################
#
# IAR ELF Linker V8.40.1.212/W32 for ARM                  24/Oct/2021  23:14:56
# Copyright 2007-2019 IAR Systems AB.
#
#    Output file  =  F:\WQA\App\EWARM\App\Exe\App.out
#    Map file     =  F:\WQA\App\EWARM\App\List\App.map
#    Command line =
#        -f C:\Users\walker\AppData\Local\Temp\EW66F9.tmp
#        (F:\WQA\App\EWARM\App\Obj\adc.o F:\WQA\App\EWARM\App\Obj\bsp.o
#        F:\WQA\App\EWARM\App\Obj\bsp_adc.o F:\WQA\App\EWARM\App\Obj\bsp_cli.o
#        F:\WQA\App\EWARM\App\Obj\bsp_dwt.o
#        F:\WQA\App\EWARM\App\Obj\bsp_eeprom.o
#        F:\WQA\App\EWARM\App\Obj\bsp_lcd.o
#        F:\WQA\App\EWARM\App\Obj\bsp_ringbuffer.o
#        F:\WQA\App\EWARM\App\Obj\bsp_sdio.o
#        F:\WQA\App\EWARM\App\Obj\bsp_touch.o F:\WQA\App\EWARM\App\Obj\file.o
#        F:\WQA\App\EWARM\App\Obj\gpio.o F:\WQA\App\EWARM\App\Obj\IconBackB.o
#        F:\WQA\App\EWARM\App\Obj\IconBackW.o
#        F:\WQA\App\EWARM\App\Obj\IconTemp.o F:\WQA\App\EWARM\App\Obj\LChartB.o
#        F:\WQA\App\EWARM\App\Obj\LChartW.o F:\WQA\App\EWARM\App\Obj\LeftB.o
#        F:\WQA\App\EWARM\App\Obj\LeftW.o F:\WQA\App\EWARM\App\Obj\ltdc.o
#        F:\WQA\App\EWARM\App\Obj\lv_anim.o
#        F:\WQA\App\EWARM\App\Obj\lv_animimg.o
#        F:\WQA\App\EWARM\App\Obj\lv_arc.o F:\WQA\App\EWARM\App\Obj\lv_area.o
#        F:\WQA\App\EWARM\App\Obj\lv_async.o F:\WQA\App\EWARM\App\Obj\lv_bar.o
#        F:\WQA\App\EWARM\App\Obj\lv_bidi.o F:\WQA\App\EWARM\App\Obj\lv_btn.o
#        F:\WQA\App\EWARM\App\Obj\lv_btnmatrix.o
#        F:\WQA\App\EWARM\App\Obj\lv_calendar.o
#        F:\WQA\App\EWARM\App\Obj\lv_calendar_header_arrow.o
#        F:\WQA\App\EWARM\App\Obj\lv_calendar_header_dropdown.o
#        F:\WQA\App\EWARM\App\Obj\lv_canvas.o
#        F:\WQA\App\EWARM\App\Obj\lv_chart.o
#        F:\WQA\App\EWARM\App\Obj\lv_checkbox.o
#        F:\WQA\App\EWARM\App\Obj\lv_color.o
#        F:\WQA\App\EWARM\App\Obj\lv_colorwheel.o
#        F:\WQA\App\EWARM\App\Obj\lv_demo_widgets.o
#        F:\WQA\App\EWARM\App\Obj\lv_disp.o
#        F:\WQA\App\EWARM\App\Obj\lv_draw_arc.o
#        F:\WQA\App\EWARM\App\Obj\lv_draw_blend.o
#        F:\WQA\App\EWARM\App\Obj\lv_draw_img.o
#        F:\WQA\App\EWARM\App\Obj\lv_draw_label.o
#        F:\WQA\App\EWARM\App\Obj\lv_draw_line.o
#        F:\WQA\App\EWARM\App\Obj\lv_draw_mask.o
#        F:\WQA\App\EWARM\App\Obj\lv_draw_rect.o
#        F:\WQA\App\EWARM\App\Obj\lv_draw_triangle.o
#        F:\WQA\App\EWARM\App\Obj\lv_dropdown.o
#        F:\WQA\App\EWARM\App\Obj\lv_event.o
#        F:\WQA\App\EWARM\App\Obj\lv_extra.o F:\WQA\App\EWARM\App\Obj\lv_flex.o
#        F:\WQA\App\EWARM\App\Obj\lv_font.o
#        F:\WQA\App\EWARM\App\Obj\lv_font_dejavu_16_persian_hebrew.o
#        F:\WQA\App\EWARM\App\Obj\lv_font_fmt_txt.o
#        F:\WQA\App\EWARM\App\Obj\lv_font_loader.o
#        F:\WQA\App\EWARM\App\Obj\lv_font_montserrat_10.o
#        F:\WQA\App\EWARM\App\Obj\lv_font_montserrat_12.o
#        F:\WQA\App\EWARM\App\Obj\lv_font_montserrat_12_subpx.o
#        F:\WQA\App\EWARM\App\Obj\lv_font_montserrat_14.o
#        F:\WQA\App\EWARM\App\Obj\lv_font_montserrat_16.o
#        F:\WQA\App\EWARM\App\Obj\lv_font_montserrat_18.o
#        F:\WQA\App\EWARM\App\Obj\lv_font_montserrat_20.o
#        F:\WQA\App\EWARM\App\Obj\lv_font_montserrat_22.o
#        F:\WQA\App\EWARM\App\Obj\lv_font_montserrat_24.o
#        F:\WQA\App\EWARM\App\Obj\lv_font_montserrat_26.o
#        F:\WQA\App\EWARM\App\Obj\lv_font_montserrat_28.o
#        F:\WQA\App\EWARM\App\Obj\lv_font_montserrat_28_compressed.o
#        F:\WQA\App\EWARM\App\Obj\lv_font_montserrat_30.o
#        F:\WQA\App\EWARM\App\Obj\lv_font_montserrat_32.o
#        F:\WQA\App\EWARM\App\Obj\lv_font_montserrat_34.o
#        F:\WQA\App\EWARM\App\Obj\lv_font_montserrat_36.o
#        F:\WQA\App\EWARM\App\Obj\lv_font_montserrat_38.o
#        F:\WQA\App\EWARM\App\Obj\lv_font_montserrat_40.o
#        F:\WQA\App\EWARM\App\Obj\lv_font_montserrat_42.o
#        F:\WQA\App\EWARM\App\Obj\lv_font_montserrat_44.o
#        F:\WQA\App\EWARM\App\Obj\lv_font_montserrat_46.o
#        F:\WQA\App\EWARM\App\Obj\lv_font_montserrat_48.o
#        F:\WQA\App\EWARM\App\Obj\lv_font_montserrat_8.o
#        F:\WQA\App\EWARM\App\Obj\lv_font_simsun_16_cjk.o
#        F:\WQA\App\EWARM\App\Obj\lv_font_unscii_16.o
#        F:\WQA\App\EWARM\App\Obj\lv_font_unscii_8.o
#        F:\WQA\App\EWARM\App\Obj\lv_fs.o F:\WQA\App\EWARM\App\Obj\lv_gc.o
#        F:\WQA\App\EWARM\App\Obj\lv_gpu_nxp_pxp.o
#        F:\WQA\App\EWARM\App\Obj\lv_gpu_nxp_pxp_osa.o
#        F:\WQA\App\EWARM\App\Obj\lv_gpu_nxp_vglite.o
#        F:\WQA\App\EWARM\App\Obj\lv_gpu_stm32_dma2d.o
#        F:\WQA\App\EWARM\App\Obj\lv_grid.o F:\WQA\App\EWARM\App\Obj\lv_group.o
#        F:\WQA\App\EWARM\App\Obj\lv_hal_disp.o
#        F:\WQA\App\EWARM\App\Obj\lv_hal_indev.o
#        F:\WQA\App\EWARM\App\Obj\lv_hal_tick.o
#        F:\WQA\App\EWARM\App\Obj\lv_img.o
#        F:\WQA\App\EWARM\App\Obj\lv_img_buf.o
#        F:\WQA\App\EWARM\App\Obj\lv_img_cache.o
#        F:\WQA\App\EWARM\App\Obj\lv_img_decoder.o
#        F:\WQA\App\EWARM\App\Obj\lv_imgbtn.o
#        F:\WQA\App\EWARM\App\Obj\lv_indev.o
#        F:\WQA\App\EWARM\App\Obj\lv_indev_scroll.o
#        F:\WQA\App\EWARM\App\Obj\lv_keyboard.o
#        F:\WQA\App\EWARM\App\Obj\lv_label.o F:\WQA\App\EWARM\App\Obj\lv_led.o
#        F:\WQA\App\EWARM\App\Obj\lv_line.o F:\WQA\App\EWARM\App\Obj\lv_list.o
#        F:\WQA\App\EWARM\App\Obj\lv_ll.o F:\WQA\App\EWARM\App\Obj\lv_log.o
#        F:\WQA\App\EWARM\App\Obj\lv_math.o F:\WQA\App\EWARM\App\Obj\lv_mem.o
#        F:\WQA\App\EWARM\App\Obj\lv_meter.o
#        F:\WQA\App\EWARM\App\Obj\lv_msgbox.o F:\WQA\App\EWARM\App\Obj\lv_obj.o
#        F:\WQA\App\EWARM\App\Obj\lv_obj_class.o
#        F:\WQA\App\EWARM\App\Obj\lv_obj_draw.o
#        F:\WQA\App\EWARM\App\Obj\lv_obj_pos.o
#        F:\WQA\App\EWARM\App\Obj\lv_obj_scroll.o
#        F:\WQA\App\EWARM\App\Obj\lv_obj_style.o
#        F:\WQA\App\EWARM\App\Obj\lv_obj_style_gen.o
#        F:\WQA\App\EWARM\App\Obj\lv_obj_tree.o
#        F:\WQA\App\EWARM\App\Obj\lv_objx_templ.o
#        F:\WQA\App\EWARM\App\Obj\lv_port_disp.o
#        F:\WQA\App\EWARM\App\Obj\lv_port_indev.o
#        F:\WQA\App\EWARM\App\Obj\lv_printf.o
#        F:\WQA\App\EWARM\App\Obj\lv_refr.o
#        F:\WQA\App\EWARM\App\Obj\lv_roller.o
#        F:\WQA\App\EWARM\App\Obj\lv_slider.o
#        F:\WQA\App\EWARM\App\Obj\lv_span.o
#        F:\WQA\App\EWARM\App\Obj\lv_spinbox.o
#        F:\WQA\App\EWARM\App\Obj\lv_spinner.o
#        F:\WQA\App\EWARM\App\Obj\lv_style.o
#        F:\WQA\App\EWARM\App\Obj\lv_style_gen.o
#        F:\WQA\App\EWARM\App\Obj\lv_switch.o
#        F:\WQA\App\EWARM\App\Obj\lv_table.o
#        F:\WQA\App\EWARM\App\Obj\lv_tabview.o
#        F:\WQA\App\EWARM\App\Obj\lv_templ.o
#        F:\WQA\App\EWARM\App\Obj\lv_textarea.o
#        F:\WQA\App\EWARM\App\Obj\lv_theme.o
#        F:\WQA\App\EWARM\App\Obj\lv_theme_basic.o
#        F:\WQA\App\EWARM\App\Obj\lv_theme_default.o
#        F:\WQA\App\EWARM\App\Obj\lv_theme_mono.o
#        F:\WQA\App\EWARM\App\Obj\lv_tileview.o
#        F:\WQA\App\EWARM\App\Obj\lv_timer.o F:\WQA\App\EWARM\App\Obj\lv_tlsf.o
#        F:\WQA\App\EWARM\App\Obj\lv_txt.o F:\WQA\App\EWARM\App\Obj\lv_txt_ap.o
#        F:\WQA\App\EWARM\App\Obj\lv_utils.o F:\WQA\App\EWARM\App\Obj\lv_win.o
#        F:\WQA\App\EWARM\App\Obj\main.o F:\WQA\App\EWARM\App\Obj\RightB.o
#        F:\WQA\App\EWARM\App\Obj\RightW.o F:\WQA\App\EWARM\App\Obj\rtc.o
#        F:\WQA\App\EWARM\App\Obj\sdmmc.o
#        F:\WQA\App\EWARM\App\Obj\startup_stm32h750xx.o
#        F:\WQA\App\EWARM\App\Obj\stm32h7xx_hal.o
#        F:\WQA\App\EWARM\App\Obj\stm32h7xx_hal_adc.o
#        F:\WQA\App\EWARM\App\Obj\stm32h7xx_hal_adc_ex.o
#        F:\WQA\App\EWARM\App\Obj\stm32h7xx_hal_cortex.o
#        F:\WQA\App\EWARM\App\Obj\stm32h7xx_hal_dma.o
#        F:\WQA\App\EWARM\App\Obj\stm32h7xx_hal_dma_ex.o
#        F:\WQA\App\EWARM\App\Obj\stm32h7xx_hal_exti.o
#        F:\WQA\App\EWARM\App\Obj\stm32h7xx_hal_flash.o
#        F:\WQA\App\EWARM\App\Obj\stm32h7xx_hal_flash_ex.o
#        F:\WQA\App\EWARM\App\Obj\stm32h7xx_hal_gpio.o
#        F:\WQA\App\EWARM\App\Obj\stm32h7xx_hal_hsem.o
#        F:\WQA\App\EWARM\App\Obj\stm32h7xx_hal_i2c.o
#        F:\WQA\App\EWARM\App\Obj\stm32h7xx_hal_i2c_ex.o
#        F:\WQA\App\EWARM\App\Obj\stm32h7xx_hal_ltdc.o
#        F:\WQA\App\EWARM\App\Obj\stm32h7xx_hal_ltdc_ex.o
#        F:\WQA\App\EWARM\App\Obj\stm32h7xx_hal_mdma.o
#        F:\WQA\App\EWARM\App\Obj\stm32h7xx_hal_msp.o
#        F:\WQA\App\EWARM\App\Obj\stm32h7xx_hal_pcd.o
#        F:\WQA\App\EWARM\App\Obj\stm32h7xx_hal_pcd_ex.o
#        F:\WQA\App\EWARM\App\Obj\stm32h7xx_hal_pwr.o
#        F:\WQA\App\EWARM\App\Obj\stm32h7xx_hal_pwr_ex.o
#        F:\WQA\App\EWARM\App\Obj\stm32h7xx_hal_rcc.o
#        F:\WQA\App\EWARM\App\Obj\stm32h7xx_hal_rcc_ex.o
#        F:\WQA\App\EWARM\App\Obj\stm32h7xx_hal_rtc.o
#        F:\WQA\App\EWARM\App\Obj\stm32h7xx_hal_rtc_ex.o
#        F:\WQA\App\EWARM\App\Obj\stm32h7xx_hal_sd.o
#        F:\WQA\App\EWARM\App\Obj\stm32h7xx_hal_sd_ex.o
#        F:\WQA\App\EWARM\App\Obj\stm32h7xx_hal_tim.o
#        F:\WQA\App\EWARM\App\Obj\stm32h7xx_hal_tim_ex.o
#        F:\WQA\App\EWARM\App\Obj\stm32h7xx_hal_timebase_tim.o
#        F:\WQA\App\EWARM\App\Obj\stm32h7xx_hal_uart.o
#        F:\WQA\App\EWARM\App\Obj\stm32h7xx_hal_uart_ex.o
#        F:\WQA\App\EWARM\App\Obj\stm32h7xx_it.o
#        F:\WQA\App\EWARM\App\Obj\stm32h7xx_ll_delayblock.o
#        F:\WQA\App\EWARM\App\Obj\stm32h7xx_ll_sdmmc.o
#        F:\WQA\App\EWARM\App\Obj\stm32h7xx_ll_usb.o
#        F:\WQA\App\EWARM\App\Obj\SYHT_BOLD_20.o
#        F:\WQA\App\EWARM\App\Obj\SYHT_BOLD_32.o
#        F:\WQA\App\EWARM\App\Obj\SYHT_BOLD_40.o
#        F:\WQA\App\EWARM\App\Obj\SYHT_MED_16.o
#        F:\WQA\App\EWARM\App\Obj\system_stm32h7xx.o
#        F:\WQA\App\EWARM\App\Obj\task.o F:\WQA\App\EWARM\App\Obj\tim.o
#        F:\WQA\App\EWARM\App\Obj\usart.o F:\WQA\App\EWARM\App\Obj\usb_device.o
#        F:\WQA\App\EWARM\App\Obj\usbd_cdc.o
#        F:\WQA\App\EWARM\App\Obj\usbd_cdc_if.o
#        F:\WQA\App\EWARM\App\Obj\usbd_conf.o
#        F:\WQA\App\EWARM\App\Obj\usbd_core.o
#        F:\WQA\App\EWARM\App\Obj\usbd_ctlreq.o
#        F:\WQA\App\EWARM\App\Obj\usbd_desc.o
#        F:\WQA\App\EWARM\App\Obj\usbd_ioreq.o --redirect _Printf=_PrintfFull
#        --redirect _Scanf=_ScanfFull --no_out_extension -o
#        F:\WQA\App\EWARM\App\Exe\App.out --map
#        F:\WQA\App\EWARM\App\List\App.map --config
#        F:\WQA\App\EWARM/stm32h750xx_flash.icf --semihosting
#        F:\WQA\App\EWARM\..\Middlewares\FileX\filex.a
#        F:\WQA\App\EWARM\..\Middlewares\ThreadX\threadx.a --entry
#        __iar_program_start --vfe --text_out locale)
#
###############################################################################

*******************************************************************************
*** RUNTIME MODEL ATTRIBUTES
***

CppFlavor       = *
__SystemLibrary = DLib
__dlib_version  = 6


*******************************************************************************
*** HEAP SELECTION
***

The basic heap was selected because no calls to memory allocation
functions were found in the application outside of system library
functions, and there are calls to deallocation functions in the
application.


*******************************************************************************
*** PLACEMENT SUMMARY
***

"A0":  place at address 0x9000'0000 { ro section .intvec };
"P1":  place in [from 0x9000'0000 to 0x91ff'ffff] { ro };
define block CSTACK with size = 16K, alignment = 8 { };
define block HEAP with size = 16K, alignment = 8 { };
"P2":  place in [from 0x2000'0000 to 0x2001'ffff] {
          rw, block CSTACK, block HEAP };
initialize by copy { rw };

  Section            Kind         Address      Size  Object
  -------            ----         -------      ----  ------
"P2", part 1 of 3:                            0x8cd
  P2-1                        0x2000'0000     0x8cd  <Init block>
    .data            inited   0x2000'0000     0x400  file.o [1]
    .data            inited   0x2000'0400      0x1c  lv_btnmatrix.o [1]
    .data            inited   0x2000'041c      0x1c  lv_calendar.o [1]
    .data            inited   0x2000'0438      0x30  lv_calendar_header_arrow.o [1]
    .data            inited   0x2000'0468       0x4  lv_calendar_header_dropdown.o [1]
    .data            inited   0x2000'046c       0x4  lv_calendar_header_dropdown.o [1]
    .data            inited   0x2000'0470       0x4  lv_demo_widgets.o [1]
    .data            inited   0x2000'0474       0x4  lv_demo_widgets.o [1]
    .data            inited   0x2000'0478       0x4  lv_demo_widgets.o [1]
    .data            inited   0x2000'047c       0x8  lv_demo_widgets.o [1]
    .data            inited   0x2000'0484       0x8  lv_demo_widgets.o [1]
    .data            inited   0x2000'048c      0x10  lv_demo_widgets.o [1]
    .data            inited   0x2000'049c       0xc  lv_demo_widgets.o [1]
    .data            inited   0x2000'04a8       0x8  lv_demo_widgets.o [1]
    .data            inited   0x2000'04b0      0x10  lv_demo_widgets.o [1]
    .data            inited   0x2000'04c0       0x8  lv_demo_widgets.o [1]
    .data            inited   0x2000'04c8       0x8  lv_demo_widgets.o [1]
    .data            inited   0x2000'04d0       0xc  lv_demo_widgets.o [1]
    .data            inited   0x2000'04dc      0x10  lv_demo_widgets.o [1]
    .data            inited   0x2000'04ec       0x8  lv_demo_widgets.o [1]
    .data            inited   0x2000'04f4      0x18  lv_demo_widgets.o [1]
    .data            inited   0x2000'050c       0x4  lv_demo_widgets.o [1]
    .data            inited   0x2000'0510       0x8  lv_demo_widgets.o [1]
    .data            inited   0x2000'0518       0x8  lv_demo_widgets.o [1]
    .data            inited   0x2000'0520      0x10  lv_demo_widgets.o [1]
    .data            inited   0x2000'0530       0x8  lv_demo_widgets.o [1]
    .data            inited   0x2000'0538      0x18  lv_demo_widgets.o [1]
    .data            inited   0x2000'0550       0x8  lv_demo_widgets.o [1]
    .data            inited   0x2000'0558       0x8  lv_demo_widgets.o [1]
    .data            inited   0x2000'0560       0x8  lv_demo_widgets.o [1]
    .data            inited   0x2000'0568       0xc  lv_demo_widgets.o [1]
    .data            inited   0x2000'0574       0x8  lv_demo_widgets.o [1]
    .data            inited   0x2000'057c       0x8  lv_demo_widgets.o [1]
    .data            inited   0x2000'0584       0x4  lv_demo_widgets.o [1]
    .data            inited   0x2000'0588       0xc  lv_demo_widgets.o [1]
    .data            inited   0x2000'0594       0x8  lv_demo_widgets.o [1]
    .data            inited   0x2000'059c       0xc  lv_demo_widgets.o [1]
    .data            inited   0x2000'05a8      0x10  lv_demo_widgets.o [1]
    .data            inited   0x2000'05b8       0x8  lv_demo_widgets.o [1]
    .data            inited   0x2000'05c0       0xc  lv_demo_widgets.o [1]
    .data            inited   0x2000'05cc      0x14  lv_keyboard.o [1]
    .data            inited   0x2000'05e0      0x14  lv_keyboard.o [1]
    .data            inited   0x2000'05f4       0x4  lv_math.o [1]
    .data            inited   0x2000'05f8       0x4  lv_mem.o [1]
    .data            inited   0x2000'05fc       0x4  lv_txt.o [1]
    .data            inited   0x2000'0600       0x4  lv_txt.o [1]
    .data            inited   0x2000'0604       0x4  lv_txt.o [1]
    .data            inited   0x2000'0608       0x4  lv_txt.o [1]
    .data            inited   0x2000'060c       0x4  lv_txt.o [1]
    .data            inited   0x2000'0610       0x4  lv_txt.o [1]
    .data            inited   0x2000'0614       0x4  lv_txt.o [1]
    .data            inited   0x2000'0618       0x4  stm32h7xx_hal.o [1]
    .data            inited   0x2000'061c       0x4  system_stm32h7xx.o [1]
    .data            inited   0x2000'0620       0x4  system_stm32h7xx.o [1]
    .data            inited   0x2000'0624       0xc  usbd_cdc.o [1]
    .data            inited   0x2000'0630      0x38  usbd_cdc.o [1]
    .data            inited   0x2000'0668      0x44  usbd_cdc.o [1]
    .data            inited   0x2000'06ac      0x44  usbd_cdc.o [1]
    .data            inited   0x2000'06f0      0x44  usbd_cdc.o [1]
    .data            inited   0x2000'0734      0x14  usbd_cdc_if.o [1]
    .data            inited   0x2000'0748      0x1c  usbd_desc.o [1]
    .data            inited   0x2000'0764      0x14  usbd_desc.o [1]
    .data            inited   0x2000'0778       0x4  usbd_desc.o [1]
    .data            inited   0x2000'077c      0x1c  usbd_desc.o [1]
    .data            inited   0x2000'0798      0x64  fx_system_initialize.o [3]
    .data            inited   0x2000'07fc       0x4  tx_thread_initialize.o [7]
    .data            inited   0x2000'0800      0x38  xlocale_c.o [2]
    .data            inited   0x2000'0838      0x48  xlocale_c.o [2]
    .data            inited   0x2000'0880      0x48  xfiles.o [2]
    .data            inited   0x2000'08c8       0x2  lv_style.o [1]
    .data            inited   0x2000'08ca       0x1  lv_colorwheel.o [1]
    .data            inited   0x2000'08cb       0x1  lv_obj_style.o [1]
    .data            inited   0x2000'08cc       0x1  stm32h7xx_hal.o [1]
                            - 0x2000'08cd     0x8cd

"P2", part 2 of 3:                         0x1'15c8
  .bss               zero     0x2000'08d0    0x8000  lv_mem.o [1]
  .bss               zero     0x2000'88d0    0x24b8  file.o [1]
  .bss               zero     0x2000'ad88    0x1000  task.o [1]
  .bss               zero     0x2000'bd88    0x1000  task.o [1]
  .bss               zero     0x2000'cd88     0x800  task.o [1]
  .bss               zero     0x2000'd588     0x800  task.o [1]
  .bss               zero     0x2000'dd88     0x800  usbd_cdc_if.o [1]
  .bss               zero     0x2000'e588     0x800  usbd_cdc_if.o [1]
  .bss               zero     0x2000'ed88     0x408  usbd_conf.o [1]
  .bss               zero     0x2000'f1a0     0x400  file.o [1]
  .bss               zero     0x2000'f5a0     0x400  task.o [1]
  .bss               zero     0x2000'f9a0     0x400  task.o [1]
  .bss               zero     0x2000'fda0     0x400  tx_timer_initialize.o [7]
  .bss               zero     0x2001'01a0     0x2d0  usb_device.o [1]
  .bss               zero     0x2001'0470     0x220  usbd_conf.o [1]
  .bss               zero     0x2001'0690     0x200  usbd_desc.o [1]
  .bss               zero     0x2001'08a0     0x200  fx_stm32_sdio_driver.o [3]
  .bss               zero     0x2001'0aa0     0x1e0  file.o [1]
  .bss               zero     0x2001'0c80     0x100  bsp_cli.o [1]
  .bss               zero     0x2001'0d80     0x100  file.o [1]
  .bss               zero     0x2001'0e80     0x100  lv_draw_label.o [1]
  .bss               zero     0x2001'0f80      0xb4  task.o [1]
  .bss               zero     0x2001'1034      0xb4  task.o [1]
  .bss               zero     0x2001'10e8      0xb4  task.o [1]
  .bss               zero     0x2001'119c      0xb4  task.o [1]
  .bss               zero     0x2001'1250      0xb4  task.o [1]
  .bss               zero     0x2001'1304      0xb4  task.o [1]
  .bss               zero     0x2001'13b8      0xb4  tx_timer_initialize.o [7]
  .bss               zero     0x2001'146c      0xa8  ltdc.o [1]
  .bss               zero     0x2001'1514      0x90  usart.o [1]
  .bss               zero     0x2001'15a4      0x90  usart.o [1]
  .bss               zero     0x2001'1634      0x80  lv_gc.o [1]
  .bss               zero     0x2001'16b4      0x80  lv_gc.o [1]
  .bss               zero     0x2001'1734      0x80  tx_thread_initialize.o [7]
  .bss               zero     0x2001'17b4      0x80  tx_timer_initialize.o [7]
  .bss               zero     0x2001'1834      0x7c  sdmmc.o [1]
  .bss               zero     0x2001'18b0      0x64  adc.o [1]
  .bss               zero     0x2001'1914      0x50  xfiles.o [2]
  .bss               zero     0x2001'1964      0x4c  stm32h7xx_hal_timebase_tim.o [1]
  .bss               zero     0x2001'19b0      0x4c  tim.o [1]
  .bss               zero     0x2001'19fc      0x44  bsp_cli.o [1]
  .bss               zero     0x2001'1a40      0x38  lv_port_disp.o [1]
  .bss               zero     0x2001'1a78      0x34  task.o [1]
  .bss               zero     0x2001'1aac      0x2c  lv_gc.o [1]
  .bss               zero     0x2001'1ad8      0x2c  fx_system_initialize.o [3]
  .bss               zero     0x2001'1b04      0x24  lv_port_disp.o [1]
  .bss               zero     0x2001'1b28      0x24  lv_theme_default.o [1]
  .bss               zero     0x2001'1b4c      0x24  rtc.o [1]
  .bss               zero     0x2001'1b70      0x20  lv_port_indev.o [1]
  .bss               zero     0x2001'1b90      0x20  fx_stm32_sdio_driver.o [3]
  .bss               zero     0x2001'1bb0      0x14  lv_theme_default.o [1]
  .bss               zero     0x2001'1bc4      0x14  lv_theme_default.o [1]
  .bss               zero     0x2001'1bd8      0x10  bsp_cli.o [1]
  FREE_MEM           zero     0x2001'1be8      0x10  tx_initialize_low_level.o [7]
  .bss               zero     0x2001'1bf8       0xc  lv_demo_widgets.o [1]
  .bss               zero     0x2001'1c04       0xc  lv_gc.o [1]
  .bss               zero     0x2001'1c10       0xc  lv_gc.o [1]
  .bss               zero     0x2001'1c1c       0xc  lv_gc.o [1]
  .bss               zero     0x2001'1c28       0xc  lv_gc.o [1]
  .bss               zero     0x2001'1c34       0xc  lv_gc.o [1]
  .bss               zero     0x2001'1c40       0xc  lv_gc.o [1]
  .bss               zero     0x2001'1c4c       0xc  lv_gc.o [1]
  .bss               zero     0x2001'1c58       0xc  lv_gc.o [1]
  .bss               zero     0x2001'1c64       0x8  lv_demo_widgets.o [1]
  .bss               zero     0x2001'1c6c       0x8  lv_demo_widgets.o [1]
  .bss               zero     0x2001'1c74       0x8  lv_demo_widgets.o [1]
  .bss               zero     0x2001'1c7c       0x8  lv_demo_widgets.o [1]
  .bss               zero     0x2001'1c84       0x8  lv_font_montserrat_14.o [1]
  .bss               zero     0x2001'1c8c       0x8  lv_theme_default.o [1]
  .bss               zero     0x2001'1c94       0x8  lv_theme_default.o [1]
  .bss               zero     0x2001'1c9c       0x4  bsp_adc.o [1]
  .bss               zero     0x2001'1ca0       0x4  bsp_adc.o [1]
  .bss               zero     0x2001'1ca4       0x4  bsp_eeprom.o [1]
  .bss               zero     0x2001'1ca8       0x4  bsp_eeprom.o [1]
  .bss               zero     0x2001'1cac       0x4  bsp_touch.o [1]
  .bss               zero     0x2001'1cb0       0x4  lv_anim.o [1]
  .bss               zero     0x2001'1cb4       0x4  lv_anim.o [1]
  .bss               zero     0x2001'1cb8       0x4  lv_calendar_header_arrow.o [1]
  .bss               zero     0x2001'1cbc       0x4  lv_calendar_header_dropdown.o [1]
  .bss               zero     0x2001'1cc0       0x4  lv_demo_widgets.o [1]
  .bss               zero     0x2001'1cc4       0x4  lv_demo_widgets.o [1]
  .bss               zero     0x2001'1cc8       0x4  lv_demo_widgets.o [1]
  .bss               zero     0x2001'1ccc       0x4  lv_demo_widgets.o [1]
  .bss               zero     0x2001'1cd0       0x4  lv_demo_widgets.o [1]
  .bss               zero     0x2001'1cd4       0x4  lv_demo_widgets.o [1]
  .bss               zero     0x2001'1cd8       0x4  lv_demo_widgets.o [1]
  .bss               zero     0x2001'1cdc       0x4  lv_demo_widgets.o [1]
  .bss               zero     0x2001'1ce0       0x4  lv_demo_widgets.o [1]
  .bss               zero     0x2001'1ce4       0x4  lv_demo_widgets.o [1]
  .bss               zero     0x2001'1ce8       0x4  lv_demo_widgets.o [1]
  .bss               zero     0x2001'1cec       0x4  lv_demo_widgets.o [1]
  .bss               zero     0x2001'1cf0       0x4  lv_demo_widgets.o [1]
  .bss               zero     0x2001'1cf4       0x4  lv_demo_widgets.o [1]
  .bss               zero     0x2001'1cf8       0x4  lv_demo_widgets.o [1]
  .bss               zero     0x2001'1cfc       0x4  lv_draw_label.o [1]
  .bss               zero     0x2001'1d00       0x4  lv_event.o [1]
  .bss               zero     0x2001'1d04       0x4  lv_flex.o [1]
  .bss               zero     0x2001'1d08       0x4  lv_gc.o [1]
  .bss               zero     0x2001'1d0c       0x4  lv_gc.o [1]
  .bss               zero     0x2001'1d10       0x4  lv_gc.o [1]
  .bss               zero     0x2001'1d14       0x4  lv_grid.o [1]
  .bss               zero     0x2001'1d18       0x4  lv_group.o [1]
  .bss               zero     0x2001'1d1c       0x4  lv_hal_disp.o [1]
  .bss               zero     0x2001'1d20       0x4  lv_hal_tick.o [1]
  .bss               zero     0x2001'1d24       0x4  lv_indev.o [1]
  .bss               zero     0x2001'1d28       0x4  lv_indev.o [1]
  .bss               zero     0x2001'1d2c       0x4  lv_mem.o [1]
  .bss               zero     0x2001'1d30       0x4  lv_obj.o [1]
  .bss               zero     0x2001'1d34       0x4  lv_obj_pos.o [1]
  .bss               zero     0x2001'1d38       0x4  lv_port_indev.o [1]
  .bss               zero     0x2001'1d3c       0x4  lv_refr.o [1]
  .bss               zero     0x2001'1d40       0x4  lv_refr.o [1]
  .bss               zero     0x2001'1d44       0x4  lv_spinner.o [1]
  .bss               zero     0x2001'1d48       0x4  lv_spinner.o [1]
  .bss               zero     0x2001'1d4c       0x4  lv_textarea.o [1]
  .bss               zero     0x2001'1d50       0x4  lv_theme_default.o [1]
  .bss               zero     0x2001'1d54       0x4  lv_tileview.o [1]
  .bss               zero     0x2001'1d58       0x4  lv_tileview.o [1]
  .bss               zero     0x2001'1d5c       0x4  lv_timer.o [1]
  .bss               zero     0x2001'1d60       0x4  lv_timer.o [1]
  .bss               zero     0x2001'1d64       0x4  lv_timer.o [1]
  .bss               zero     0x2001'1d68       0x4  stm32h7xx_hal.o [1]
  .bss               zero     0x2001'1d6c       0x4  task.o [1]
  .bss               zero     0x2001'1d70       0x4  task.o [1]
  .bss               zero     0x2001'1d74       0x4  task.o [1]
  .bss               zero     0x2001'1d78       0x4  task.o [1]
  .bss               zero     0x2001'1d7c       0x4  fx_system_initialize.o [3]
  .bss               zero     0x2001'1d80       0x4  fx_system_initialize.o [3]
  .bss               zero     0x2001'1d84       0x4  fx_system_initialize.o [3]
  .bss               zero     0x2001'1d88       0x4  fx_system_initialize.o [3]
  .bss               zero     0x2001'1d8c       0x4  fx_system_initialize.o [3]
  .bss               zero     0x2001'1d90       0x4  fx_system_initialize.o [3]
  .bss               zero     0x2001'1d94       0x4  fx_system_initialize.o [3]
  .bss               zero     0x2001'1d98       0x4  fx_system_initialize.o [3]
  .bss               zero     0x2001'1d9c       0x4  fx_system_initialize.o [3]
  .bss               zero     0x2001'1da0       0x4  tx_thread_initialize.o [7]
  .bss               zero     0x2001'1da4       0x4  tx_thread_initialize.o [7]
  .bss               zero     0x2001'1da8       0x4  tx_thread_initialize.o [7]
  .bss               zero     0x2001'1dac       0x4  tx_thread_initialize.o [7]
  .bss               zero     0x2001'1db0       0x4  tx_thread_initialize.o [7]
  .bss               zero     0x2001'1db4       0x4  tx_thread_initialize.o [7]
  .bss               zero     0x2001'1db8       0x4  tx_thread_initialize.o [7]
  .bss               zero     0x2001'1dbc       0x4  tx_thread_initialize.o [7]
  .bss               zero     0x2001'1dc0       0x4  tx_thread_initialize.o [7]
  .bss               zero     0x2001'1dc4       0x4  tx_thread_initialize.o [7]
  .bss               zero     0x2001'1dc8       0x4  tx_thread_initialize.o [7]
  .bss               zero     0x2001'1dcc       0x4  tx_thread_initialize.o [7]
  .bss               zero     0x2001'1dd0       0x4  tx_timer_initialize.o [7]
  .bss               zero     0x2001'1dd4       0x4  tx_timer_initialize.o [7]
  .bss               zero     0x2001'1dd8       0x4  tx_timer_initialize.o [7]
  .bss               zero     0x2001'1ddc       0x4  tx_timer_initialize.o [7]
  .bss               zero     0x2001'1de0       0x4  tx_timer_initialize.o [7]
  .bss               zero     0x2001'1de4       0x4  tx_timer_initialize.o [7]
  .bss               zero     0x2001'1de8       0x4  tx_timer_initialize.o [7]
  .bss               zero     0x2001'1dec       0x4  tx_timer_initialize.o [7]
  .bss               zero     0x2001'1df0       0x4  tx_timer_initialize.o [7]
  .bss               zero     0x2001'1df4       0x4  tx_timer_initialize.o [7]
  .bss               zero     0x2001'1df8       0x4  tx_timer_initialize.o [7]
  .bss               zero     0x2001'1dfc       0x4  tx_timer_initialize.o [7]
  .bss               zero     0x2001'1e00       0x4  tx_timer_initialize.o [7]
  .bss               zero     0x2001'1e04       0x4  tx_initialize_high_level.o [7]
  .bss               zero     0x2001'1e08       0x4  tx_initialize_high_level.o [7]
  .bss               zero     0x2001'1e0c       0x4  tx_initialize_high_level.o [7]
  .bss               zero     0x2001'1e10       0x4  tx_initialize_high_level.o [7]
  .bss               zero     0x2001'1e14       0x4  tx_initialize_high_level.o [7]
  .bss               zero     0x2001'1e18       0x4  tx_initialize_high_level.o [7]
  .bss               zero     0x2001'1e1c       0x4  tx_initialize_high_level.o [7]
  .bss               zero     0x2001'1e20       0x4  tx_initialize_high_level.o [7]
  .bss               zero     0x2001'1e24       0x4  tx_initialize_high_level.o [7]
  .bss               zero     0x2001'1e28       0x4  tx_initialize_high_level.o [7]
  .bss               zero     0x2001'1e2c       0x4  tx_initialize_high_level.o [7]
  .bss               zero     0x2001'1e30       0x4  tx_initialize_high_level.o [7]
  .bss               zero     0x2001'1e34       0x4  tx_initialize_high_level.o [7]
  .bss               zero     0x2001'1e38       0x4  xfail_s.o [2]
  .bss               zero     0x2001'1e3c       0x2  bsp_cli.o [1]
  .bss               zero     0x2001'1e3e       0x2  bsp_eeprom.o [1]
  .bss               zero     0x2001'1e40       0x2  bsp_eeprom.o [1]
  .bss               zero     0x2001'1e42       0x2  bsp_touch.o [1]
  .bss               zero     0x2001'1e44       0x2  bsp_touch.o [1]
  .bss               zero     0x2001'1e46       0x2  bsp_touch.o [1]
  .bss               zero     0x2001'1e48       0x2  lv_calendar_header_arrow.o [1]
  .bss               zero     0x2001'1e4a       0x2  lv_colorwheel.o [1]
  .bss               zero     0x2001'1e4c       0x2  lv_flex.o [1]
  .bss               zero     0x2001'1e4e       0x2  lv_flex.o [1]
  .bss               zero     0x2001'1e50       0x2  lv_flex.o [1]
  .bss               zero     0x2001'1e52       0x2  lv_flex.o [1]
  .bss               zero     0x2001'1e54       0x2  lv_flex.o [1]
  .bss               zero     0x2001'1e56       0x2  lv_grid.o [1]
  .bss               zero     0x2001'1e58       0x2  lv_grid.o [1]
  .bss               zero     0x2001'1e5a       0x2  lv_grid.o [1]
  .bss               zero     0x2001'1e5c       0x2  lv_grid.o [1]
  .bss               zero     0x2001'1e5e       0x2  lv_grid.o [1]
  .bss               zero     0x2001'1e60       0x2  lv_grid.o [1]
  .bss               zero     0x2001'1e62       0x2  lv_grid.o [1]
  .bss               zero     0x2001'1e64       0x2  lv_grid.o [1]
  .bss               zero     0x2001'1e66       0x2  lv_grid.o [1]
  .bss               zero     0x2001'1e68       0x2  lv_grid.o [1]
  .bss               zero     0x2001'1e6a       0x2  lv_port_indev.o [1]
  .bss               zero     0x2001'1e6c       0x2  lv_port_indev.o [1]
  .bss               zero     0x2001'1e6e       0x2  lv_tabview.o [1]
  .bss               zero     0x2001'1e70       0x2  lv_theme_default.o [1]
  .bss               zero     0x2001'1e72       0x2  lv_theme_default.o [1]
  .bss               zero     0x2001'1e74       0x2  lv_theme_default.o [1]
  .bss               zero     0x2001'1e76       0x2  lv_theme_default.o [1]
  .bss               zero     0x2001'1e78       0x2  lv_win.o [1]
  .bss               zero     0x2001'1e7a       0x1  bsp_eeprom.o [1]
  .bss               zero     0x2001'1e7b       0x1  bsp_eeprom.o [1]
  .bss               zero     0x2001'1e7c       0x1  lv_anim.o [1]
  .bss               zero     0x2001'1e7d       0x1  lv_anim.o [1]
  .bss               zero     0x2001'1e7e       0x1  lv_colorwheel.o [1]
  .bss               zero     0x2001'1e7f       0x1  lv_colorwheel.o [1]
  .bss               zero     0x2001'1e80       0x1  lv_colorwheel.o [1]
  .bss               zero     0x2001'1e81       0x1  lv_demo_widgets.o [1]
  .bss               zero     0x2001'1e82       0x1  lv_demo_widgets.o [1]
  .bss               zero     0x2001'1e83       0x1  lv_demo_widgets.o [1]
  .bss               zero     0x2001'1e84       0x1  lv_demo_widgets.o [1]
  .bss               zero     0x2001'1e85       0x1  lv_draw_label.o [1]
  .bss               zero     0x2001'1e86       0x1  lv_hal_tick.o [1]
  .bss               zero     0x2001'1e87       0x1  lv_indev.o [1]
  .bss               zero     0x2001'1e88       0x1  lv_obj.o [1]
  .bss               zero     0x2001'1e89       0x1  lv_obj_pos.o [1]
  .bss               zero     0x2001'1e8a       0x1  lv_tabview.o [1]
  .bss               zero     0x2001'1e8b       0x1  lv_theme_default.o [1]
  .bss               zero     0x2001'1e8c       0x1  lv_theme_default.o [1]
  .bss               zero     0x2001'1e8d       0x1  lv_tileview.o [1]
  .bss               zero     0x2001'1e8e       0x1  lv_timer.o [1]
  .bss               zero     0x2001'1e8f       0x1  lv_timer.o [1]
  .bss               zero     0x2001'1e90       0x1  lv_timer.o [1]
  .bss               zero     0x2001'1e91       0x1  lv_timer.o [1]
  .bss               zero     0x2001'1e92       0x1  lv_timer.o [1]
  .bss               zero     0x2001'1e93       0x1  task.o [1]
  .bss               zero     0x2001'1e94       0x1  usbd_ctlreq.o [1]
  .bss               zero     0x2001'1e95       0x1  fx_stm32_sdio_driver.o [3]
                            - 0x2001'1e96  0x1'15c6

"P2", part 3 of 3:                           0x4000
  CSTACK                      0x2001'1e98    0x4000  <Block>
    CSTACK           uninit   0x2001'1e98    0x4000  <Block tail>
                            - 0x2001'5e98    0x4000

Absolute sections, part 1 of 2:            0x2'5800
  .bss               zero     0x2402'5800  0x2'5800  lv_port_disp.o [1]
                            - 0x2404'b000  0x2'5800

Absolute sections, part 2 of 2:            0x4'0000
  .bss               zero     0x3000'0000  0x4'0000  file.o [1]
                            - 0x3004'0000  0x4'0000

"A0":                                         0x298
  .intvec            ro code  0x9000'0000     0x298  startup_stm32h750xx.o [1]
                            - 0x9000'0298     0x298

"P1":                                      0x5'098c
  .text              ro code  0x9000'0298    0x3cac  lv_demo_widgets.o [1]
  .text              ro code  0x9000'3f44    0x17f4  lv_obj_pos.o [1]
  .text              ro code  0x9000'5738    0x12c0  lv_obj_style.o [1]
  .text              ro code  0x9000'69f8     0x2d4  lv_obj_style_gen.o [1]
  .text              ro code  0x9000'6ccc     0x2b6  lv_hal_disp.o [1]
  .text              ro code  0x9000'6f82      0x3a  zero_init3.o [5]
  .text              ro code  0x9000'6fbc      0x7a  lv_disp.o [1]
  .text              ro code  0x9000'7036      0x1e  xencoding_8859_1.o [2]
  .text              ro code  0x9000'7054     0xabe  lv_bar.o [1]
  .text              ro code  0x9000'7b12      0x1a  xsnprout.o [2]
  .text              ro code  0x9000'7b2c     0x364  lv_color.o [1]
  .text              ro code  0x9000'7e90    0x2510  lv_theme_default.o [1]
  .text              ro code  0x9000'a3a0     0x46e  lv_style.o [1]
  .text              ro code  0x9000'a80e     0x402  lv_style_gen.o [1]
  .text              ro code  0x9000'ac10      0x94  lv_theme.o [1]
  .text              ro code  0x9000'aca4     0x590  lv_tabview.o [1]
  .text              ro code  0x9000'b234     0xad0  lv_img.o [1]
  .text              ro code  0x9000'bd04    0x16d8  lv_label.o [1]
  .text              ro code  0x9000'd3dc     0xf02  lv_obj.o [1]
  .text              ro code  0x9000'e2de       0xa  xsprout.o [2]
  .text              ro code  0x9000'e2e8      0x36  lv_btn.o [1]
  .rodata            const    0x9000'e31e       0x2  bsp_cli.o [1]
  .text              ro code  0x9000'e320     0x340  lv_keyboard.o [1]
  .text              ro code  0x9000'e660    0x166c  lv_textarea.o [1]
  .text              ro code  0x9000'fccc     0x30a  lv_event.o [1]
  .rodata            const    0x9000'ffd6       0x2  lv_btnmatrix.o [1]
  .text              ro code  0x9000'ffd8    0x10e4  lv_dropdown.o [1]
  .text              ro code  0x9001'10bc     0xd16  lv_slider.o [1]
  .text              ro code  0x9001'1dd2     0xb6e  lv_obj_draw.o [1]
  .text              ro code  0x9001'2940     0x3bc  lv_switch.o [1]
  .text              ro code  0x9001'2cfc    0x1000  lv_grid.o [1]
  .text              ro code  0x9001'3cfc    0x1076  lv_flex.o [1]
  .rodata            const    0x9001'4d72       0x2  lv_demo_widgets.o [1]
  .text              ro code  0x9001'4d74    0x2668  lv_chart.o [1]
  .text              ro code  0x9001'73dc     0x4a4  lv_group.o [1]
  .text              ro code  0x9001'7880     0x264  lv_math.o [1]
  .text              ro code  0x9001'7ae4     0x2cc  lv_obj_tree.o [1]
  .text              ro code  0x9001'7db0    0x1016  lv_meter.o [1]
  .rodata            const    0x9001'8dc6       0x2  lv_demo_widgets.o [1]
  .text              ro code  0x9001'8dc8     0x4b4  lv_anim.o [1]
  .text              ro code  0x9001'927c     0x27e  lv_timer.o [1]
  .rodata            const    0x9001'94fa       0x2  lv_demo_widgets.o [1]
  .text              ro code  0x9001'94fc     0x566  lv_checkbox.o [1]
  .rodata            const    0x9001'9a62       0x2  lv_draw_label.o [1]
  .text              ro code  0x9001'9a64    0x11b0  lv_indev.o [1]
  .text              ro code  0x9001'ac14    0x14e0  lv_obj_scroll.o [1]
  .text              ro code  0x9001'c0f4     0x562  lv_calendar.o [1]
  .rodata            const    0x9001'c656       0x2  lv_img_decoder.o [1]
  .text              ro code  0x9001'c658     0x278  lv_calendar_header_dropdown.o [1]
  .text              ro code  0x9001'c8d0     0x934  lv_printf.o [1]
  .text              ro code  0x9001'd204     0x908  lv_txt.o [1]
  .text              ro code  0x9001'db0c    0x2616  lv_draw_rect.o [1]
  .rodata            const    0x9002'0122       0x2  lv_keyboard.o [1]
  .text              ro code  0x9002'0124     0xb9e  lv_draw_label.o [1]
  .rodata            const    0x9002'0cc2       0x2  lv_keyboard.o [1]
  .text              ro code  0x9002'0cc4      0xa6  ABImemcpy.o [5]
  .rodata            const    0x9002'0d6a       0x2  lv_keyboard.o [1]
  .text              ro code  0x9002'0d6c    0x1a84  lv_draw_mask.o [1]
  .text              ro code  0x9002'27f0     0x468  lv_area.o [1]
  .text              ro code  0x9002'2c58     0x680  lv_mem.o [1]
  .text              ro code  0x9002'32d8     0xd88  lv_refr.o [1]
  .text              ro code  0x9002'4060     0x200  lv_ll.o [1]
  .text              ro code  0x9002'4260     0x244  lv_obj_class.o [1]
  .text              ro code  0x9002'44a4      0x36  strlen.o [5]
  .rodata            const    0x9002'44da       0x2  lv_keyboard.o [1]
  .text              ro code  0x9002'44dc      0x18  strcpy.o [5]
  .text              ro code  0x9002'44f4    0x1650  lv_btnmatrix.o [1]
  .text              ro code  0x9002'5b44     0xb1e  lv_draw_img.o [1]
  .rodata            const    0x9002'6662       0x2  lv_keyboard.o [1]
  .text              ro code  0x9002'6664     0xb36  lv_img_decoder.o [1]
  .rodata            const    0x9002'719a       0x2  lv_keyboard.o [1]
  .text              ro code  0x9002'719c     0xf34  lv_img_buf.o [1]
  .text              ro code  0x9002'80d0      0x54  lv_font.o [1]
  .text              ro code  0x9002'8124     0x1b0  lv_fs.o [1]
  .text              ro code  0x9002'82d4       0xc  lv_extra.o [1]
  .text              ro code  0x9002'82e0      0x12  strcmp.o [5]
  .rodata            const    0x9002'82f2       0x2  lv_keyboard.o [1]
  .text              ro code  0x9002'82f4      0x66  ABImemset.o [5]
  .rodata            const    0x9002'835a       0x2  lv_keyboard.o [1]
  .text              ro code  0x9002'835c     0xc60  lv_draw_line.o [1]
  .text              ro code  0x9002'8fbc      0xf2  lv_hal_indev.o [1]
  .text              ro code  0x9002'90ae    0x1274  lv_draw_arc.o [1]
  .rodata            const    0x9002'a322       0x2  lv_keyboard.o [1]
  .text              ro code  0x9002'a324      0x46  lv_hal_tick.o [1]
  .rodata            const    0x9002'a36a       0x2  lv_keyboard.o [1]
  .text              ro code  0x9002'a36c     0xe14  lv_indev_scroll.o [1]
  .text              ro code  0x9002'b180     0x230  I64DivMod.o [5]
  .text              ro code  0x9002'b3b0    0x1240  lv_draw_blend.o [1]
  .text              ro code  0x9002'c5f0     0xdc0  lv_tlsf.o [1]
  .text              ro code  0x9002'd3b0     0x410  lv_font_fmt_txt.o [1]
  .text              ro code  0x9002'd7c0      0x64  lv_img_cache.o [1]
  .text              ro code  0x9002'd824       0x2  I64DivZer.o [5]
  .text              ro code  0x9002'd826      0x58  lv_utils.o [1]
  .rodata            const    0x9002'd87e       0x2  lv_keyboard.o [1]
  .rodata            const    0x9002'd880    0x2280  lv_font_montserrat_14.o [1]
  .text              ro code  0x9002'fb00    0x19f0  stm32h7xx_hal_rcc_ex.o [1]
  .text              ro code  0x9003'14f0       0xc  stm32h7xx_hal.o [1]
  .text              ro code  0x9003'14fc     0xc48  stm32h7xx_hal_rcc.o [1]
  .text              ro code  0x9003'2144      0xd0  stm32h7xx_hal_timebase_tim.o [1]
  .text              ro code  0x9003'2214      0x74  stm32h7xx_hal.o [1]
  .text              ro code  0x9003'2288     0x1e4  stm32h7xx_hal_cortex.o [1]
  .text              ro code  0x9003'246c     0x9fc  stm32h7xx_hal_tim.o [1]
  .text              ro code  0x9003'2e68      0x20  stm32h7xx_hal_msp.o [1]
  .text              ro code  0x9003'2e88      0xf4  tim.o [1]
  .text              ro code  0x9003'2f7c       0x2  stm32h7xx_hal_tim.o [1]
  .text              ro code  0x9003'2f7e       0x2  stm32h7xx_hal_tim.o [1]
  .text              ro code  0x9003'2f80       0x2  stm32h7xx_hal_tim.o [1]
  .text              ro code  0x9003'2f82       0x2  stm32h7xx_hal_tim.o [1]
  .text              ro code  0x9003'2f84     0x2a8  main.o [1]
  .text              ro code  0x9003'322c       0x2  stm32h7xx_hal_tim_ex.o [1]
  .text              ro code  0x9003'322e       0x2  stm32h7xx_hal_tim_ex.o [1]
  .text              ro code  0x9003'3230       0x2  stm32h7xx_hal_tim.o [1]
  .text              ro code  0x9003'3232       0x2  stm32h7xx_hal_tim_ex.o [1]
  .text              ro code  0x9003'3234      0x14  memset.o [5]
  .text              ro code  0x9003'3248     0x428  stm32h7xx_hal_gpio.o [1]
  .text              ro code  0x9003'3670     0x190  gpio.o [1]
  .text              ro code  0x9003'3800     0x108  rtc.o [1]
  .text              ro code  0x9003'3908     0x224  usart.o [1]
  .text              ro code  0x9003'3b2c     0x268  ltdc.o [1]
  .text              ro code  0x9003'3d94     0x160  adc.o [1]
  .text              ro code  0x9003'3ef4      0x5c  usb_device.o [1]
  .text              ro code  0x9003'3f50     0x174  sdmmc.o [1]
  .text              ro code  0x9003'40c4      0x48  tx_initialize_kernel_enter.o [7]
  .text              ro code  0x9003'410c      0x64  stm32h7xx_hal_pwr_ex.o [1]
  .text              ro code  0x9003'4170      0x10  stm32h7xx_hal_pwr.o [1]
  .text              ro code  0x9003'4180      0x18  stm32h7xx_hal.o [1]
  .text              ro code  0x9003'4198     0x446  stm32h7xx_hal_rtc.o [1]
  .rodata            const    0x9003'45de       0x2  lv_keyboard.o [1]
  .text              ro code  0x9003'45e0      0x1a  stm32h7xx_hal_rtc_ex.o [1]
  .rodata            const    0x9003'45fa       0x2  lv_keyboard.o [1]
  .text              ro code  0x9003'45fc     0x92c  stm32h7xx_hal_uart.o [1]
  .text              ro code  0x9003'4f28     0x170  stm32h7xx_hal_uart_ex.o [1]
  .text              ro code  0x9003'5098     0x414  stm32h7xx_hal_ltdc.o [1]
  .text              ro code  0x9003'54ac     0xd60  stm32h7xx_hal_adc.o [1]
  .text              ro code  0x9003'620c     0x174  stm32h7xx_hal_adc_ex.o [1]
  .text              ro code  0x9003'6380     0x436  usbd_core.o [1]
  .rodata            const    0x9003'67b6       0x2  lv_keyboard.o [1]
  .text              ro code  0x9003'67b8     0x410  usbd_cdc.o [1]
  .text              ro code  0x9003'6bc8    0x1090  stm32h7xx_hal_sd.o [1]
  .text              ro code  0x9003'7c58      0x74  tx_initialize_low_level.o [7]
  .text              ro code  0x9003'7ccc      0x84  tx_initialize_high_level.o [7]
  .text              ro code  0x9003'7d50     0x380  task.o [1]
  .text              ro code  0x9003'80d0      0xc0  tx_thread_schedule.o [7]
  .text              ro code  0x9003'8190     0x438  usbd_conf.o [1]
  .text              ro code  0x9003'85c8     0x8ac  usbd_ctlreq.o [1]
  .text              ro code  0x9003'8e74      0xac  usbd_ioreq.o [1]
  .text              ro code  0x9003'8f20     0x7c8  stm32h7xx_ll_sdmmc.o [1]
  .text              ro code  0x9003'96e8      0x28  stm32h7xx_hal.o [1]
  .text              ro code  0x9003'9710      0xa6  bsp_sdio.o [1]
  .text              ro code  0x9003'97b6       0x2  stm32h7xx_hal_sd.o [1]
  .text              ro code  0x9003'97b8       0x2  stm32h7xx_hal_sd.o [1]
  .text              ro code  0x9003'97ba       0x2  stm32h7xx_hal_sd.o [1]
  .text              ro code  0x9003'97bc       0x2  stm32h7xx_hal_sd.o [1]
  .rodata            const    0x9003'97be       0x2  lv_keyboard.o [1]
  .text              ro code  0x9003'97c0      0xb8  tx_timer_interrupt.o [7]
  .text              ro code  0x9003'9878      0xac  tx_thread_initialize.o [7]
  .text              ro code  0x9003'9924      0xf8  tx_timer_initialize.o [7]
  .text              ro code  0x9003'9a1c     0x190  txe_thread_create.o [7]
  .text              ro code  0x9003'9bac      0x2e  bsp.o [1]
  .rodata            const    0x9003'9bda       0x2  lv_keyboard.o [1]
  .text              ro code  0x9003'9bdc      0x9c  tx_thread_sleep.o [7]
  .text              ro code  0x9003'9c78     0x2f4  bsp_cli.o [1]
  .text              ro code  0x9003'9f6c      0xec  txe_mutex_create.o [7]
  .text              ro code  0x9003'a058      0x3c  vsnprint.o [2]
  .text              ro code  0x9003'a094      0x90  txe_mutex_get.o [7]
  .text              ro code  0x9003'a124      0x28  printf.o [2]
  .text              ro code  0x9003'a14c      0x58  txe_mutex_put.o [7]
  .text              ro code  0x9003'a1a4     0x6f0  file.o [1]
  .text              ro code  0x9003'a894      0x78  lv_port_disp.o [1]
  .text              ro code  0x9003'a90c      0x7c  lv_port_indev.o [1]
  .text              ro code  0x9003'a988     0xd38  stm32h7xx_hal_pcd.o [1]
  .text              ro code  0x9003'b6c0      0xa2  stm32h7xx_hal_pcd_ex.o [1]
  .rodata            const    0x9003'b762       0x2  lv_keyboard.o [1]
  .text              ro code  0x9003'b764     0x54c  fx_stm32_sdio_driver.o [3]
  .text              ro code  0x9003'bcb0       0x2  bsp_sdio.o [1]
  .rodata            const    0x9003'bcb2       0x2  lv_keyboard.o [1]
  .text              ro code  0x9003'bcb4      0x28  tx_timer_expiration_process.o [7]
  .text              ro code  0x9003'bcdc     0x178  tx_thread_time_slice.o [7]
  .text              ro code  0x9003'be54     0x1a8  tx_thread_create.o [7]
  .text              ro code  0x9003'bffc      0xd0  tx_thread_system_preempt_check.o [7]
  .text              ro code  0x9003'c0cc      0x6a  bsp_dwt.o [1]
  .rodata            const    0x9003'c136       0x2  lv_keyboard.o [1]
  .text              ro code  0x9003'c138     0x4e4  bsp_eeprom.o [1]
  .text              ro code  0x9003'c61c     0x54c  bsp_lcd.o [1]
  .text              ro code  0x9003'cb68     0x6b4  bsp_touch.o [1]
  .text              ro code  0x9003'd21c      0xcc  bsp_adc.o [1]
  .text              ro code  0x9003'd2e8     0x340  tx_thread_system_suspend.o [7]
  .text              ro code  0x9003'd628     0x122  bsp_ringbuffer.o [1]
  .text              ro code  0x9003'd74a      0x46  strcasecmp.o [2]
  .text              ro code  0x9003'd790      0x16  strchr.o [5]
  .text              ro code  0x9003'd7a6     0x4bc  qsort.o [2]
  .rodata            const    0x9003'dc62       0x2  lv_keyboard.o [1]
  .text              ro code  0x9003'dc64      0x80  tx_mutex_create.o [7]
  .text              ro code  0x9003'dce4    0x10c6  xprintffull.o [2]
  .rodata            const    0x9003'edaa       0x2  lv_keyboard.o [1]
  .text              ro code  0x9003'edac     0x144  tx_mutex_get.o [7]
  .text              ro code  0x9003'eef0     0x2b8  tx_mutex_put.o [7]
  .text              ro code  0x9003'f1a8      0xbc  fx_system_initialize.o [3]
  .text              ro code  0x9003'f264     0x100  fxe_media_open.o [3]
  .text              ro code  0x9003'f364      0x6c  fxe_directory_next_full_entry_find.o [3]
  .text              ro code  0x9003'f3d0      0x4c  fxe_media_extended_space_available.o [3]
  .text              ro code  0x9003'f41c      0x44  fxe_media_close.o [3]
  .text              ro code  0x9003'f460      0x48  fxe_file_create.o [3]
  .text              ro code  0x9003'f4a8      0xcc  fxe_file_open.o [3]
  .text              ro code  0x9003'f574      0x48  fxe_file_seek.o [3]
  .text              ro code  0x9003'f5bc      0x50  fxe_file_write.o [3]
  .text              ro code  0x9003'f60c      0x44  fxe_file_close.o [3]
  .text              ro code  0x9003'f650      0x44  fxe_media_flush.o [3]
  .text              ro code  0x9003'f694      0x58  fxe_file_read.o [3]
  .text              ro code  0x9003'f6ec      0x48  fxe_directory_create.o [3]
  .text              ro code  0x9003'f734      0x48  fxe_directory_delete.o [3]
  .text              ro code  0x9003'f77c      0x48  fxe_file_delete.o [3]
  .text              ro code  0x9003'f7c4      0x40  sprintf.o [2]
  .text              ro code  0x9003'f804     0x14c  iar_Stoulx.o [2]
  .text              ro code  0x9003'f950     0xfa4  stm32h7xx_ll_usb.o [1]
  .text              ro code  0x9004'08f4      0x18  tx_time_get.o [7]
  .text              ro code  0x9004'090c      0xe0  txe_semaphore_create.o [7]
  .text              ro code  0x9004'09ec      0x64  txe_semaphore_delete.o [7]
  .text              ro code  0x9004'0a50      0x6c  txe_semaphore_get.o [7]
  .text              ro code  0x9004'0abc     0x1ea  fx_partition_offset_calculate.o [3]
  .rodata            const    0x9004'0ca6       0x2  lv_keyboard.o [1]
  .text              ro code  0x9004'0ca8      0x24  txe_semaphore_put.o [7]
  .text              ro code  0x9004'0ccc      0x1e  fx_utility_memory_copy.o [3]
  .rodata            const    0x9004'0cea       0x2  lv_keyboard.o [1]
  .text              ro code  0x9004'0cec     0x314  tx_thread_system_resume.o [7]
  .text              ro code  0x9004'1000      0x24  tx_thread_stack_error_handler.o [7]
  .text              ro code  0x9004'1024      0x90  tx_thread_stack_analyze.o [7]
  .text              ro code  0x9004'10b4      0x44  tx_thread_stack_build.o [7]
  .text              ro code  0x9004'10f8      0x78  tx_timer_system_activate.o [7]
  .text              ro code  0x9004'1170      0x14  tolower.o [2]
  .text              ro code  0x9004'1184      0x96  ABImemmove.o [5]
  .rodata            const    0x9004'121a       0x2  lv_keyboard.o [1]
  .text              ro code  0x9004'121c      0xa8  xlocale_c.o [2]
  .text              ro code  0x9004'12c4      0x40  xfail_s.o [2]
  .text              ro code  0x9004'1304      0x58  memchr.o [5]
  .text              ro code  0x9004'135c      0x70  frexp.o [4]
  .text              ro code  0x9004'13cc      0x2e  DblCmpLe.o [4]
  .rodata            const    0x9004'13fa       0x2  lv_keyboard.o [1]
  .text              ro code  0x9004'13fc      0x2e  DblCmpGe.o [4]
  .rodata            const    0x9004'142a       0x2  lv_keyboard.o [1]
  .text              ro code  0x9004'142c     0x104  ldexp.o [4]
  .text              ro code  0x9004'1530       0xe  DblToS32.o [4]
  .text              ro code  0x9004'153e       0xe  S32ToDbl.o [4]
  .text              ro code  0x9004'154c      0x12  DblSub.o [4]
  .text              ro code  0x9004'155e      0x12  DblDiv.o [4]
  .text              ro code  0x9004'1570       0xe  DblToU32.o [4]
  .text              ro code  0x9004'157e       0xe  U32ToDbl.o [4]
  .text              ro code  0x9004'158c      0x12  DblMul.o [4]
  .text              ro code  0x9004'159e       0xa  xmbcurmax.o [2]
  .text              ro code  0x9004'15a8     0x108  tx_mutex_priority_change.o [7]
  .text              ro code  0x9004'16b0     0x100  tx_mutex_prioritize.o [7]
  .text              ro code  0x9004'17b0      0x9c  tx_timer_create.o [7]
  .text              ro code  0x9004'184c      0x18  tx_thread_identify.o [7]
  .text              ro code  0x9004'1864      0xd0  tx_thread_preemption_change.o [7]
  .text              ro code  0x9004'1934     0x7d0  fx_media_open.o [3]
  .text              ro code  0x9004'2104     0x368  fx_directory_next_full_entry_find.o [3]
  .text              ro code  0x9004'246c      0x5c  fx_media_extended_space_available.o [3]
  .text              ro code  0x9004'24c8     0x2bc  fx_media_close.o [3]
  .text              ro code  0x9004'2784     0x170  fx_file_create.o [3]
  .text              ro code  0x9004'28f4     0x464  fx_file_open.o [3]
  .text              ro code  0x9004'2d58      0x12  fx_file_seek.o [3]
  .rodata            const    0x9004'2d6a       0x2  lv_keyboard.o [1]
  .text              ro code  0x9004'2d6c     0x684  fx_file_write.o [3]
  .text              ro code  0x9004'33f0      0xec  fx_file_close.o [3]
  .text              ro code  0x9004'34dc     0x244  fx_media_flush.o [3]
  .text              ro code  0x9004'3720     0x340  fx_file_read.o [3]
  .text              ro code  0x9004'3a60     0x424  fx_directory_create.o [3]
  .text              ro code  0x9004'3e84     0x254  fx_directory_delete.o [3]
  .text              ro code  0x9004'40d8     0x1a4  fx_file_delete.o [3]
  .text              ro code  0x9004'427c      0x14  isspace.o [2]
  .text              ro code  0x9004'4290      0x74  tx_semaphore_create.o [7]
  .text              ro code  0x9004'4304      0xc8  tx_semaphore_delete.o [7]
  .text              ro code  0x9004'43cc      0xbc  tx_semaphore_get.o [7]
  .text              ro code  0x9004'4488      0x88  tx_semaphore_put.o [7]
  .text              ro code  0x9004'4510      0x36  tx_timer_system_deactivate.o [7]
  .text              ro code  0x9004'4546       0x6  abort.o [2]
  .text              ro code  0x9004'454c      0xde  fx_media_boot_info_extract.o [3]
  .text              ro code  0x9004'462a       0xc  fx_utility_16_unsigned_read.o [3]
  .text              ro code  0x9004'4636     0x320  fx_utility_FAT_entry_read.o [3]
  .text              ro code  0x9004'4956      0x18  fx_utility_32_unsigned_read.o [3]
  .text              ro code  0x9004'496e     0x34a  fx_utility_logical_sector_flush.o [3]
  .text              ro code  0x9004'4cb8     0x552  fx_directory_entry_read.o [3]
  .text              ro code  0x9004'520a     0x8f4  fx_directory_entry_write.o [3]
  .rodata            const    0x9004'5afe       0x2  lv_keyboard.o [1]
  .text              ro code  0x9004'5b00      0xd4  fx_media_abort.o [3]
  .text              ro code  0x9004'5bd4     0x46e  fx_utility_FAT_flush.o [3]
  .text              ro code  0x9004'6042      0xe4  fx_utility_FAT_map_flush.o [3]
  .text              ro code  0x9004'6126      0x16  fx_utility_32_unsigned_write.o [3]
  .text              ro code  0x9004'613c      0xec  tx_mutex_delete.o [7]
  .text              ro code  0x9004'6228     0x6fc  fx_directory_search.o [3]
  .text              ro code  0x9004'6924      0x66  fx_directory_name_extract.o [3]
  .rodata            const    0x9004'698a       0x2  lv_keyboard.o [1]
  .text              ro code  0x9004'698c     0x5b8  fx_directory_free_search.o [3]
  .text              ro code  0x9004'6f44     0x278  fx_file_extended_seek.o [3]
  .text              ro code  0x9004'71bc     0x152  fx_utility_FAT_entry_write.o [3]
  .text              ro code  0x9004'730e     0x39c  fx_utility_logical_sector_read.o [3]
  .text              ro code  0x9004'76aa     0x22a  fx_utility_logical_sector_write.o [3]
  .text              ro code  0x9004'78d4      0x14  exit.o [6]
  .text              ro code  0x9004'78e8       0xa  fx_utility_16_unsigned_write.o [3]
  .text              ro code  0x9004'78f2     0x374  fx_utility_logical_sector_cache_entry_read.o [3]
  .rodata            const    0x9004'7c66       0x2  lv_keyboard.o [1]
  .text              ro code  0x9004'7c68    0x13e2  lv_arc.o [1]
  .rodata            const    0x9004'904a       0x2  lv_keyboard.o [1]
  .text              ro code  0x9004'904c     0xe38  lv_colorwheel.o [1]
  .text              ro code  0x9004'9e84     0xd92  lv_table.o [1]
  .rodata            const    0x9004'ac16       0x2  lv_keyboard.o [1]
  .text              ro code  0x9004'ac18     0xd22  lv_roller.o [1]
  .rodata            const    0x9004'b93a       0x2  lv_keyboard.o [1]
  .rodata            const    0x9004'b93c     0xbb0  lv_font_montserrat_14.o [1]
  .rodata            const    0x9004'c4ec     0x4f0  lv_font_montserrat_14.o [1]
  .text              ro code  0x9004'c9dc     0x4b4  lv_spinbox.o [1]
  .text              ro code  0x9004'ce90     0x35c  lv_led.o [1]
  .text              ro code  0x9004'd1ec     0x2cc  lv_calendar_header_arrow.o [1]
  .rodata            const    0x9004'd4b8     0x268  lv_calendar_header_dropdown.o [1]
  .text              ro code  0x9004'd720     0x254  lv_line.o [1]
  .text              ro code  0x9004'd974     0x1bc  lv_tileview.o [1]
  .text              ro code  0x9004'db30     0x19c  fx_system_timer_entry.o [3]
  .text              ro code  0x9004'dccc     0x168  tx_timer_thread_entry.o [7]
  .text              ro code  0x9004'de34     0x15e  usbd_desc.o [1]
  .rodata            const    0x9004'df92       0x2  lv_keyboard.o [1]
  .text              ro code  0x9004'df94     0x124  system_stm32h7xx.o [1]
  .rodata            const    0x9004'e0b8     0x100  lv_draw_label.o [1]
  .text              ro code  0x9004'e1b8      0xf4  tx_mutex_cleanup.o [7]
  .text              ro code  0x9004'e2ac      0xe0  lv_spinner.o [1]
  .rodata            const    0x9004'e38c      0xc0  lv_color.o [1]
  .rodata            const    0x9004'e44c      0xb8  lv_math.o [1]
  .rodata            const    0x9004'e504      0xb0  lv_keyboard.o [1]
  .rodata            const    0x9004'e5b4      0xb0  lv_keyboard.o [1]
  .rodata            const    0x9004'e664      0xb0  lv_keyboard.o [1]
  .text              ro code  0x9004'e714      0xa4  tx_semaphore_cleanup.o [7]
  .rodata            const    0x9004'e7b8      0xa0  lv_font_montserrat_14.o [1]
  .rodata            const    0x9004'e858      0xa0  lv_font_montserrat_14.o [1]
  .rodata            const    0x9004'e8f8      0x98  lv_color.o [1]
  .text              ro code  0x9004'e990      0x90  usbd_cdc_if.o [1]
  .text              ro code  0x9004'ea20      0x8c  tx_thread_shell_entry.o [7]
  .text              ro code  0x9004'eaac      0x84  lv_win.o [1]
  .rodata            const    0x9004'eb30      0x7c  lv_font_montserrat_14.o [1]
  .text              ro code  0x9004'ebac      0x78  lz77_init_single.o [5]
  .rodata            const    0x9004'ec24      0x58  file.o [1]
  .rodata            const    0x9004'ec7c      0x58  task.o [1]
  .rodata            const    0x9004'ecd4      0x54  lv_keyboard.o [1]
  .rodata            const    0x9004'ed28      0x50  lv_keyboard.o [1]
  .rodata            const    0x9004'ed78      0x50  lv_keyboard.o [1]
  .rodata            const    0x9004'edc8      0x50  lv_keyboard.o [1]
  .rodata            const    0x9004'ee18      0x50  iar_Stoulx.o [2]
  .text              ro code  0x9004'ee68      0x50  tx_thread_timeout.o [7]
  .rodata            const    0x9004'eeb8      0x4c  file.o [1]
  .rodata            const    0x9004'ef04      0x48  file.o [1]
  .rodata            const    0x9004'ef4c      0x48  file.o [1]
  .rodata            const    0x9004'ef94      0x44  bsp_cli.o [1]
  .rodata            const    0x9004'efd8      0x44  bsp_cli.o [1]
  .rodata            const    0x9004'f01c      0x44  file.o [1]
  .rodata            const    0x9004'f060      0x44  file.o [1]
  .rodata            const    0x9004'f0a4      0x44  task.o [1]
  .rodata            const    0x9004'f0e8      0x40  file.o [1]
  .rodata            const    0x9004'f128      0x40  lv_demo_widgets.o [1]
  .rodata            const    0x9004'f168      0x40  task.o [1]
  .rodata            const    0x9004'f1a8      0x38  file.o [1]
  .text              ro code  0x9004'f1e0      0x38  stm32h7xx_it.o [1]
  .rodata            const    0x9004'f218      0x30  file.o [1]
  .rodata            const    0x9004'f248      0x30  lv_demo_widgets.o [1]
  .rodata            const    0x9004'f278      0x30  lv_demo_widgets.o [1]
  .rodata            const    0x9004'f2a8      0x30  lv_demo_widgets.o [1]
  .rodata            const    0x9004'f2d8      0x30  lv_roller.o [1]
  .rodata            const    0x9004'f308      0x30  task.o [1]
  .rodata            const    0x9004'f338      0x28  file.o [1]
  .rodata            const    0x9004'f360      0x28  file.o [1]
  .rodata            const    0x9004'f388      0x28  file.o [1]
  .rodata            const    0x9004'f3b0      0x28  file.o [1]
  .rodata            const    0x9004'f3d8      0x28  file.o [1]
  .rodata            const    0x9004'f400      0x28  file.o [1]
  .rodata            const    0x9004'f428      0x28  lv_color.o [1]
  .rodata            const    0x9004'f450      0x28  lv_demo_widgets.o [1]
  .rodata            const    0x9004'f478      0x28  lv_demo_widgets.o [1]
  .rodata            const    0x9004'f4a0      0x28  lv_demo_widgets.o [1]
  .rodata            const    0x9004'f4c8      0x28  lv_font_montserrat_14.o [1]
  .text              ro code  0x9004'f4f0      0x28  data_init.o [5]
  .rodata            const    0x9004'f518      0x24  bsp_cli.o [1]
  .rodata            const    0x9004'f53c      0x24  file.o [1]
  .rodata            const    0x9004'f560      0x24  file.o [1]
  .rodata            const    0x9004'f584      0x24  file.o [1]
  .rodata            const    0x9004'f5a8      0x24  file.o [1]
  .rodata            const    0x9004'f5cc      0x24  file.o [1]
  .rodata            const    0x9004'f5f0      0x24  file.o [1]
  .rodata            const    0x9004'f614      0x24  lv_calendar_header_dropdown.o [1]
  .rodata            const    0x9004'f638      0x24  lv_draw_line.o [1]
  .rodata            const    0x9004'f65c      0x24  lv_keyboard.o [1]
  .text              ro code  0x9004'f680      0x22  fpinit_M.o [4]
  .iar.init_table    const    0x9004'f6a4      0x30  - Linker created -
  .rodata            const    0x9004'f6d4       0x2  lv_keyboard.o [1]
  .rodata            const    0x9004'f6d8      0x20  file.o [1]
  .rodata            const    0x9004'f6f8      0x20  file.o [1]
  .rodata            const    0x9004'f718      0x20  file.o [1]
  .rodata            const    0x9004'f738      0x20  file.o [1]
  .rodata            const    0x9004'f758      0x20  file.o [1]
  .rodata            const    0x9004'f778      0x20  fx_stm32_sdio_driver.o [3]
  .text              ro code  0x9004'f798      0x1e  cmain.o [5]
  .text              ro code  0x9004'f7b6       0x4  low_level_init.o [2]
  .text              ro code  0x9004'f7ba       0x4  exit.o [2]
  .rodata            const    0x9004'f7be       0x2  lv_keyboard.o [1]
  .text              ro code  0x9004'f7c0       0xa  cexit.o [5]
  .rodata            const    0x9004'f7ca       0x2  lv_keyboard.o [1]
  .rodata            const    0x9004'f7cc      0x1c  bsp_adc.o [1]
  .rodata            const    0x9004'f7e8      0x1c  file.o [1]
  .rodata            const    0x9004'f804      0x1c  file.o [1]
  .rodata            const    0x9004'f820      0x1c  file.o [1]
  .rodata            const    0x9004'f83c      0x1c  file.o [1]
  .rodata            const    0x9004'f858      0x1c  file.o [1]
  .rodata            const    0x9004'f874      0x1c  file.o [1]
  .rodata            const    0x9004'f890      0x1c  file.o [1]
  .rodata            const    0x9004'f8ac      0x1c  file.o [1]
  .rodata            const    0x9004'f8c8      0x1c  file.o [1]
  .rodata            const    0x9004'f8e4      0x1c  lv_arc.o [1]
  .rodata            const    0x9004'f900      0x1c  lv_bar.o [1]
  .rodata            const    0x9004'f91c      0x1c  lv_btn.o [1]
  .rodata            const    0x9004'f938      0x1c  lv_btnmatrix.o [1]
  .rodata            const    0x9004'f954      0x1c  lv_calendar.o [1]
  .rodata            const    0x9004'f970      0x1c  lv_calendar_header_arrow.o [1]
  .rodata            const    0x9004'f98c      0x1c  lv_calendar_header_dropdown.o [1]
  .rodata            const    0x9004'f9a8      0x1c  lv_chart.o [1]
  .rodata            const    0x9004'f9c4      0x1c  lv_checkbox.o [1]
  .rodata            const    0x9004'f9e0      0x1c  lv_colorwheel.o [1]
  .rodata            const    0x9004'f9fc      0x1c  lv_demo_widgets.o [1]
  .rodata            const    0x9004'fa18      0x1c  lv_dropdown.o [1]
  .rodata            const    0x9004'fa34      0x1c  lv_dropdown.o [1]
  .rodata            const    0x9004'fa50      0x1c  lv_dropdown.o [1]
  .rodata            const    0x9004'fa6c      0x1c  lv_img.o [1]
  .rodata            const    0x9004'fa88      0x1c  lv_keyboard.o [1]
  .rodata            const    0x9004'faa4      0x1c  lv_label.o [1]
  .rodata            const    0x9004'fac0      0x1c  lv_led.o [1]
  .rodata            const    0x9004'fadc      0x1c  lv_line.o [1]
  .rodata            const    0x9004'faf8      0x1c  lv_list.o [1]
  .rodata            const    0x9004'fb14      0x1c  lv_list.o [1]
  .rodata            const    0x9004'fb30      0x1c  lv_list.o [1]
  .rodata            const    0x9004'fb4c      0x1c  lv_meter.o [1]
  .rodata            const    0x9004'fb68      0x1c  lv_msgbox.o [1]
  .rodata            const    0x9004'fb84      0x1c  lv_obj.o [1]
  .rodata            const    0x9004'fba0      0x1c  lv_roller.o [1]
  .rodata            const    0x9004'fbbc      0x1c  lv_roller.o [1]
  .rodata            const    0x9004'fbd8      0x1c  lv_slider.o [1]
  .rodata            const    0x9004'fbf4      0x1c  lv_spinbox.o [1]
  .rodata            const    0x9004'fc10      0x1c  lv_spinner.o [1]
  .rodata            const    0x9004'fc2c      0x1c  lv_switch.o [1]
  .rodata            const    0x9004'fc48      0x1c  lv_table.o [1]
  .rodata            const    0x9004'fc64      0x1c  lv_tabview.o [1]
  .rodata            const    0x9004'fc80      0x1c  lv_textarea.o [1]
  .rodata            const    0x9004'fc9c      0x1c  lv_tileview.o [1]
  .rodata            const    0x9004'fcb8      0x1c  lv_tileview.o [1]
  .rodata            const    0x9004'fcd4      0x1c  lv_win.o [1]
  .rodata            const    0x9004'fcf0      0x1c  task.o [1]
  .rodata            const    0x9004'fd0c      0x18  file.o [1]
  .rodata            const    0x9004'fd24      0x18  file.o [1]
  .rodata            const    0x9004'fd3c      0x18  file.o [1]
  .rodata            const    0x9004'fd54      0x18  file.o [1]
  .rodata            const    0x9004'fd6c      0x18  file.o [1]
  .rodata            const    0x9004'fd84      0x18  file.o [1]
  .rodata            const    0x9004'fd9c      0x18  file.o [1]
  .rodata            const    0x9004'fdb4      0x18  lv_font_montserrat_14.o [1]
  .rodata            const    0x9004'fdcc      0x18  lv_font_montserrat_14.o [1]
  .rodata            const    0x9004'fde4      0x18  lv_theme_default.o [1]
  .rodata            const    0x9004'fdfc      0x18  stm32h7xx_hal_uart.o [1]
  .rodata            const    0x9004'fe14      0x18  task.o [1]
  .rodata            const    0x9004'fe2c      0x18  usbd_desc.o [1]
  .text              ro code  0x9004'fe44      0x16  xprout.o [2]
  .rodata            const    0x9004'fe5a       0x2  lv_keyboard.o [1]
  .text              ro code  0x9004'fe5c       0xc  putchar.o [2]
  .rodata            const    0x9004'fe68      0x14  bsp_adc.o [1]
  .rodata            const    0x9004'fe7c      0x14  bsp_cli.o [1]
  .rodata            const    0x9004'fe90      0x14  bsp_cli.o [1]
  .rodata            const    0x9004'fea4      0x14  bsp_cli.o [1]
  .rodata            const    0x9004'feb8      0x14  bsp_cli.o [1]
  .rodata            const    0x9004'fecc      0x14  bsp_lcd.o [1]
  .rodata            const    0x9004'fee0      0x14  bsp_touch.o [1]
  .rodata            const    0x9004'fef4      0x14  file.o [1]
  .rodata            const    0x9004'ff08      0x14  file.o [1]
  .rodata            const    0x9004'ff1c      0x14  file.o [1]
  .rodata            const    0x9004'ff30      0x14  lv_demo_widgets.o [1]
  .rodata            const    0x9004'ff44      0x14  lv_demo_widgets.o [1]
  .rodata            const    0x9004'ff58      0x14  lv_demo_widgets.o [1]
  .rodata            const    0x9004'ff6c      0x14  usbd_desc.o [1]
  .rodata            const    0x9004'ff80      0x14  fx_system_initialize.o [3]
  .rodata            const    0x9004'ff94      0x14  tx_timer_initialize.o [7]
  .rodata            const    0x9004'ffa8      0x14  fx_media_open.o [3]
  .rodata            const    0x9004'ffbc      0x10  bsp_cli.o [1]
  .rodata            const    0x9004'ffcc      0x10  bsp_cli.o [1]
  .rodata            const    0x9004'ffdc      0x10  file.o [1]
  .rodata            const    0x9004'ffec      0x10  file.o [1]
  .rodata            const    0x9004'fffc      0x10  file.o [1]
  .rodata            const    0x9005'000c      0x10  file.o [1]
  .rodata            const    0x9005'001c      0x10  lv_demo_widgets.o [1]
  .rodata            const    0x9005'002c      0x10  lv_demo_widgets.o [1]
  .rodata            const    0x9005'003c      0x10  lv_demo_widgets.o [1]
  .rodata            const    0x9005'004c      0x10  lv_demo_widgets.o [1]
  .rodata            const    0x9005'005c      0x10  lv_demo_widgets.o [1]
  .rodata            const    0x9005'006c      0x10  lv_demo_widgets.o [1]
  .rodata            const    0x9005'007c      0x10  lv_demo_widgets.o [1]
  .rodata            const    0x9005'008c      0x10  lv_demo_widgets.o [1]
  .rodata            const    0x9005'009c      0x10  lv_demo_widgets.o [1]
  .rodata            const    0x9005'00ac      0x10  lv_demo_widgets.o [1]
  .rodata            const    0x9005'00bc      0x10  lv_demo_widgets.o [1]
  .rodata            const    0x9005'00cc      0x10  lv_demo_widgets.o [1]
  .rodata            const    0x9005'00dc      0x10  lv_demo_widgets.o [1]
  .rodata            const    0x9005'00ec      0x10  lv_demo_widgets.o [1]
  .rodata            const    0x9005'00fc      0x10  lv_demo_widgets.o [1]
  .rodata            const    0x9005'010c      0x10  lv_demo_widgets.o [1]
  .rodata            const    0x9005'011c      0x10  lv_demo_widgets.o [1]
  .rodata            const    0x9005'012c      0x10  lv_demo_widgets.o [1]
  .rodata            const    0x9005'013c      0x10  lv_demo_widgets.o [1]
  .rodata            const    0x9005'014c      0x10  lv_demo_widgets.o [1]
  .rodata            const    0x9005'015c      0x10  lv_demo_widgets.o [1]
  .rodata            const    0x9005'016c      0x10  lv_demo_widgets.o [1]
  .rodata            const    0x9005'017c      0x10  lv_demo_widgets.o [1]
  .rodata            const    0x9005'018c      0x10  lv_draw_label.o [1]
  .rodata            const    0x9005'019c      0x10  lv_font_montserrat_14.o [1]
  .rodata            const    0x9005'01ac      0x10  lv_img_buf.o [1]
  .rodata            const    0x9005'01bc      0x10  lv_img_decoder.o [1]
  .rodata            const    0x9005'01cc      0x10  system_stm32h7xx.o [1]
  .rodata            const    0x9005'01dc      0x10  task.o [1]
  .rodata            const    0x9005'01ec      0x10  task.o [1]
  .rodata            const    0x9005'01fc      0x10  task.o [1]
  .rodata            const    0x9005'020c      0x10  task.o [1]
  .rodata            const    0x9005'021c      0x10  task.o [1]
  .rodata            const    0x9005'022c      0x10  task.o [1]
  .rodata            const    0x9005'023c      0x10  task.o [1]
  .rodata            const    0x9005'024c      0x10  usbd_desc.o [1]
  .text              ro code  0x9005'025c      0x10  startup_stm32h750xx.o [1]
  .rodata            const    0x9005'026c       0xc  bsp_touch.o [1]
  .rodata            const    0x9005'0278       0xc  file.o [1]
  .rodata            const    0x9005'0284       0xc  file.o [1]
  .rodata            const    0x9005'0290       0xc  file.o [1]
  .rodata            const    0x9005'029c       0xc  file.o [1]
  .rodata            const    0x9005'02a8       0xc  file.o [1]
  .rodata            const    0x9005'02b4       0xc  file.o [1]
  .rodata            const    0x9005'02c0       0xc  lv_calendar_header_arrow.o [1]
  .rodata            const    0x9005'02cc       0xc  lv_calendar_header_arrow.o [1]
  .rodata            const    0x9005'02d8       0xc  lv_calendar_header_arrow.o [1]
  .rodata            const    0x9005'02e4       0xc  lv_calendar_header_arrow.o [1]
  .rodata            const    0x9005'02f0       0xc  lv_checkbox.o [1]
  .rodata            const    0x9005'02fc       0xc  lv_demo_widgets.o [1]
  .rodata            const    0x9005'0308       0xc  lv_demo_widgets.o [1]
  .rodata            const    0x9005'0314       0xc  lv_demo_widgets.o [1]
  .rodata            const    0x9005'0320       0xc  lv_demo_widgets.o [1]
  .rodata            const    0x9005'032c       0xc  lv_demo_widgets.o [1]
  .rodata            const    0x9005'0338       0xc  lv_demo_widgets.o [1]
  .rodata            const    0x9005'0344       0xc  lv_demo_widgets.o [1]
  .rodata            const    0x9005'0350       0xc  lv_demo_widgets.o [1]
  .rodata            const    0x9005'035c       0xc  lv_demo_widgets.o [1]
  .rodata            const    0x9005'0368       0xc  lv_demo_widgets.o [1]
  .rodata            const    0x9005'0374       0xc  lv_demo_widgets.o [1]
  .rodata            const    0x9005'0380       0xc  lv_demo_widgets.o [1]
  .rodata            const    0x9005'038c       0xc  lv_demo_widgets.o [1]
  .rodata            const    0x9005'0398       0xc  lv_demo_widgets.o [1]
  .rodata            const    0x9005'03a4       0xc  lv_demo_widgets.o [1]
  .rodata            const    0x9005'03b0       0xc  lv_demo_widgets.o [1]
  .rodata            const    0x9005'03bc       0xc  lv_demo_widgets.o [1]
  .rodata            const    0x9005'03c8       0xc  lv_demo_widgets.o [1]
  .rodata            const    0x9005'03d4       0xc  lv_demo_widgets.o [1]
  .rodata            const    0x9005'03e0       0xc  lv_demo_widgets.o [1]
  .rodata            const    0x9005'03ec       0xc  lv_demo_widgets.o [1]
  .rodata            const    0x9005'03f8       0xc  lv_demo_widgets.o [1]
  .rodata            const    0x9005'0404       0xc  usbd_desc.o [1]
  .text              ro code  0x9005'0410       0xc  cstartup_M.o [5]
  cli.cmd.0          const    0x9005'041c       0xc  bsp_cli.o [1]
  cli.cmd.1          const    0x9005'0428       0xc  bsp_adc.o [1]
  cli.cmd.1          const    0x9005'0434       0xc  bsp_cli.o [1]
  cli.cmd.1          const    0x9005'0440       0xc  bsp_cli.o [1]
  cli.cmd.1          const    0x9005'044c       0xc  bsp_cli.o [1]
  cli.cmd.1          const    0x9005'0458       0xc  bsp_cli.o [1]
  cli.cmd.1          const    0x9005'0464       0xc  bsp_lcd.o [1]
  cli.cmd.1          const    0x9005'0470       0xc  bsp_touch.o [1]
  cli.cmd.1          const    0x9005'047c       0xc  file.o [1]
  cli.cmd.1          const    0x9005'0488       0xc  task.o [1]
  cli.cmd.2          const    0x9005'0494       0xc  bsp_cli.o [1]
  .rodata            const    0x9005'04a0       0x8  bsp_cli.o [1]
  .rodata            const    0x9005'04a8       0x8  bsp_cli.o [1]
  .rodata            const    0x9005'04b0       0x8  bsp_lcd.o [1]
  .rodata            const    0x9005'04b8       0x8  file.o [1]
  .rodata            const    0x9005'04c0       0x8  file.o [1]
  .rodata            const    0x9005'04c8       0x8  file.o [1]
  .rodata            const    0x9005'04d0       0x8  file.o [1]
  .rodata            const    0x9005'04d8       0x8  file.o [1]
  .rodata            const    0x9005'04e0       0x8  lv_btnmatrix.o [1]
  .rodata            const    0x9005'04e8       0x8  lv_btnmatrix.o [1]
  .rodata            const    0x9005'04f0       0x8  lv_btnmatrix.o [1]
  .rodata            const    0x9005'04f8       0x8  lv_btnmatrix.o [1]
  .rodata            const    0x9005'0500       0x8  lv_btnmatrix.o [1]
  .rodata            const    0x9005'0508       0x8  lv_calendar_header_arrow.o [1]
  .rodata            const    0x9005'0510       0x8  lv_calendar_header_arrow.o [1]
  .rodata            const    0x9005'0518       0x8  lv_calendar_header_arrow.o [1]
  .rodata            const    0x9005'0520       0x8  lv_calendar_header_arrow.o [1]
  .rodata            const    0x9005'0528       0x8  lv_calendar_header_arrow.o [1]
  .rodata            const    0x9005'0530       0x8  lv_calendar_header_arrow.o [1]
  .rodata            const    0x9005'0538       0x8  lv_calendar_header_arrow.o [1]
  .rodata            const    0x9005'0540       0x8  lv_calendar_header_arrow.o [1]
  .rodata            const    0x9005'0548       0x8  lv_demo_widgets.o [1]
  .rodata            const    0x9005'0550       0x8  lv_demo_widgets.o [1]
  .rodata            const    0x9005'0558       0x8  lv_demo_widgets.o [1]
  .rodata            const    0x9005'0560       0x8  lv_demo_widgets.o [1]
  .rodata            const    0x9005'0568       0x8  lv_demo_widgets.o [1]
  .rodata            const    0x9005'0570       0x8  lv_demo_widgets.o [1]
  .rodata            const    0x9005'0578       0x8  lv_demo_widgets.o [1]
  .rodata            const    0x9005'0580       0x8  lv_demo_widgets.o [1]
  .rodata            const    0x9005'0588       0x8  lv_demo_widgets.o [1]
  .rodata            const    0x9005'0590       0x8  lv_demo_widgets.o [1]
  .rodata            const    0x9005'0598       0x8  lv_demo_widgets.o [1]
  .rodata            const    0x9005'05a0       0x8  lv_demo_widgets.o [1]
  .rodata            const    0x9005'05a8       0x8  lv_draw_img.o [1]
  .rodata            const    0x9005'05b0       0x8  lv_keyboard.o [1]
  .rodata            const    0x9005'05b8       0x8  lv_label.o [1]
  .rodata            const    0x9005'05c0       0x8  lv_txt.o [1]
  .rodata            const    0x9005'05c8       0x8  stm32h7xx_hal_uart_ex.o [1]
  .rodata            const    0x9005'05d0       0x8  stm32h7xx_hal_uart_ex.o [1]
  .rodata            const    0x9005'05d8       0x8  task.o [1]
  .rodata            const    0x9005'05e0       0x4  bsp_adc.o [1]
  .rodata            const    0x9005'05e4       0x4  bsp_cli.o [1]
  .rodata            const    0x9005'05e8       0x4  lv_calendar.o [1]
  .rodata            const    0x9005'05ec       0x4  lv_calendar.o [1]
  .rodata            const    0x9005'05f0       0x4  lv_calendar.o [1]
  .rodata            const    0x9005'05f4       0x4  lv_calendar.o [1]
  .rodata            const    0x9005'05f8       0x4  lv_calendar.o [1]
  .rodata            const    0x9005'05fc       0x4  lv_calendar.o [1]
[...]
lv_tileview_class       0x9004'fc9c      0x1c  Data  Gb  lv_tileview.o [1]
lv_tileview_constructor
                        0x9004'd975      0x3a  Code  Lc  lv_tileview.o [1]
lv_tileview_tile_class  0x9004'fcb8      0x1c  Data  Gb  lv_tileview.o [1]
lv_tileview_tile_constructor
                        0x9004'd9af      0x70  Code  Lc  lv_tileview.o [1]
lv_timer_create         0x9001'93b7      0x4a  Code  Gb  lv_timer.o [1]
lv_timer_del            0x9001'9401      0x1a  Code  Gb  lv_timer.o [1]
lv_timer_enable         0x9001'9441       0x6  Code  Gb  lv_timer.o [1]
lv_timer_exec           0x9001'9447      0x6c  Code  Lc  lv_timer.o [1]
lv_timer_handler        0x9001'928f     0x128  Code  Gb  lv_timer.o [1]
lv_timer_handler::already_running
                        0x2001'1e92       0x1  Data  Lc  lv_timer.o [1]
lv_timer_handler::busy_time
                        0x2001'1d60       0x4  Data  Lc  lv_timer.o [1]
lv_timer_handler::idle_period_start
                        0x2001'1d5c       0x4  Data  Lc  lv_timer.o [1]
lv_timer_handler{2}{3}::run_cnt
                        0x2001'1d64       0x4  Data  Lc  lv_timer.o [1]
lv_timer_pause          0x9001'941b       0xa  Code  Gb  lv_timer.o [1]
lv_timer_ready          0x9001'942f      0x12  Code  Gb  lv_timer.o [1]
lv_timer_resume         0x9001'9425       0xa  Code  Gb  lv_timer.o [1]
lv_timer_run            0x2001'1e8e       0x1  Data  Lc  lv_timer.o [1]
lv_timer_time_remaining
                        0x9001'94dd      0x1e  Code  Lc  lv_timer.o [1]
lv_tlsf_add_pool        0x9002'd163      0x8e  Code  Gb  lv_tlsf.o [1]
lv_tlsf_create          0x9002'd1f1      0x22  Code  Gb  lv_tlsf.o [1]
lv_tlsf_create_with_pool
                        0x9002'd213      0x2a  Code  Gb  lv_tlsf.o [1]
lv_tlsf_free            0x9002'd27d      0x48  Code  Gb  lv_tlsf.o [1]
lv_tlsf_get_pool        0x9002'd23d       0xc  Code  Gb  lv_tlsf.o [1]
lv_tlsf_malloc          0x9002'd249      0x2c  Code  Gb  lv_tlsf.o [1]
lv_tlsf_pool_overhead   0x9002'd159       0xa  Code  Gb  lv_tlsf.o [1]
lv_tlsf_realloc         0x9002'd2c5      0xd6  Code  Gb  lv_tlsf.o [1]
lv_tlsf_size            0x9002'd153       0x6  Code  Gb  lv_tlsf.o [1]
lv_tlsf_walk_pool       0x9002'd0e1      0x72  Code  Gb  lv_tlsf.o [1]
lv_trigo_cos            0x9004'904d      0x10  Code  Lc  lv_colorwheel.o [1]
lv_trigo_cos            0x9001'7db1      0x10  Code  Lc  lv_meter.o [1]
lv_trigo_sin            0x9001'7881      0x88  Code  Gb  lv_math.o [1]
lv_txt_get_next_word    0x9001'd371     0x162  Code  Lc  lv_txt.o [1]
lv_txt_get_size         0x9001'd269     0x108  Code  Gb  lv_txt.o [1]
lv_txt_get_width        0x9001'd5d9      0x90  Code  Gb  lv_txt.o [1]
lv_txt_unicode_to_utf8  0x9001'd813      0xb4  Code  Lc  lv_txt.o [1]
lv_txt_utf8_get_byte_id
                        0x9001'da7b      0x38  Code  Lc  lv_txt.o [1]
lv_txt_utf8_get_char_id
                        0x9001'dab3      0x24  Code  Lc  lv_txt.o [1]
lv_txt_utf8_get_length  0x9001'dad7      0x24  Code  Lc  lv_txt.o [1]
lv_txt_utf8_next        0x9001'd8c7     0x15a  Code  Lc  lv_txt.o [1]
lv_txt_utf8_prev        0x9001'da21      0x5a  Code  Lc  lv_txt.o [1]
lv_txt_utf8_size        0x9001'd7d9      0x3a  Code  Lc  lv_txt.o [1]
lv_vsnprintf            0x9001'd1e3      0x1a  Code  Gb  lv_printf.o [1]
lv_win_class            0x9004'fcd4      0x1c  Data  Gb  lv_win.o [1]
lv_win_constructor      0x9004'eaad      0x7e  Code  Lc  lv_win.o [1]
main                    0x9003'2f85      0xbc  Code  Gb  main.o [1]
make_one_button_checked
                        0x9002'5b13      0x32  Code  Lc  lv_btnmatrix.o [1]
map_blended             0x9002'c315     0x176  Code  Lc  lv_draw_blend.o [1]
map_normal              0x9002'bf87     0x38e  Code  Lc  lv_draw_blend.o [1]
map_set_px              0x9002'be37     0x150  Code  Lc  lv_draw_blend.o [1]
mapping_insert          0x9002'cc59      0x30  Code  Lc  lv_tlsf.o [1]
mapping_search          0x9002'cc89      0x2a  Code  Lc  lv_tlsf.o [1]
mask_mix                0x9002'278f      0x30  Code  Lc  lv_draw_mask.o [1]
med3                    0x9003'd8b5      0x50  Code  Lc  qsort.o [2]
media_memory            0x3000'0000  0x4'0000  Data  Gb  file.o [1]
memchr                  0x9004'1305            Code  Gb  memchr.o [5]
memset                  0x9003'3235      0x14  Code  Gb  memset.o [5]
meter1                  0x2001'1ccc       0x4  Data  Lc  lv_demo_widgets.o [1]
meter1_indic1_anim_cb   0x9000'3c81      0x32  Code  Lc  lv_demo_widgets.o [1]
meter1_indic2_anim_cb   0x9000'3cb9      0x32  Code  Lc  lv_demo_widgets.o [1]
meter1_indic3_anim_cb   0x9000'3cf1      0x32  Code  Lc  lv_demo_widgets.o [1]
meter2                  0x2001'1cd0       0x4  Data  Lc  lv_demo_widgets.o [1]
meter2_timer_cb         0x9000'3d39     0x176  Code  Lc  lv_demo_widgets.o [1]
meter2_timer_cb::down1  0x2001'1e82       0x1  Data  Lc  lv_demo_widgets.o [1]
meter2_timer_cb::down2  0x2001'1e83       0x1  Data  Lc  lv_demo_widgets.o [1]
meter2_timer_cb::down3  0x2001'1e84       0x1  Data  Lc  lv_demo_widgets.o [1]
meter3                  0x2001'1cd4       0x4  Data  Lc  lv_demo_widgets.o [1]
meter3_anim_cb          0x9000'3eb5      0x28  Code  Lc  lv_demo_widgets.o [1]
month_event_cb          0x9004'd3e9      0xb8  Code  Lc  lv_calendar_header_arrow.o [1]
month_event_cb          0x9001'c845      0x44  Code  Lc  lv_calendar_header_dropdown.o [1]
month_list              0x2000'0468       0x4  Data  Lc  lv_calendar_header_dropdown.o [1]
month_names_def         0x2000'0438      0x30  Data  Lc  lv_calendar_header_arrow.o [1]
my_constructor          0x9004'd26f     0x17a  Code  Lc  lv_calendar_header_arrow.o [1]
my_constructor          0x9001'c6f9     0x13c  Code  Lc  lv_calendar_header_dropdown.o [1]
ndigs                   0x9004'ee18      0x28  Data  Lc  iar_Stoulx.o [2]
new_points_alloc        0x9001'72c1      0xe6  Code  Lc  lv_chart.o [1]
next_color_mode         0x9004'9aad      0x34  Code  Lc  lv_colorwheel.o [1]
node_set_next           0x9002'4247      0x1a  Code  Lc  lv_ll.o [1]
node_set_prev           0x9002'422f      0x18  Code  Lc  lv_ll.o [1]
obj_del_core            0x9001'7c4f     0x162  Code  Lc  lv_obj_tree.o [1]
obuf                    0x2001'1914      0x50  Data  Lc  xfiles.o [2]
offset_to_block         0x9002'cb63       0x4  Code  Lc  lv_tlsf.o [1]
page_press_handler      0x9001'0f85      0x4a  Code  Lc  lv_dropdown.o [1]
place_content           0x9001'4c6d      0xbc  Code  Lc  lv_flex.o [1]
position_knob           0x9001'1d11      0xc2  Code  Lc  lv_slider.o [1]
position_to_selected    0x9001'103d      0x66  Code  Lc  lv_dropdown.o [1]
printf                  0x9003'a125      0x28  Code  Gb  printf.o [2]
process_line            0x9003'9d31      0x34  Code  Lc  bsp_cli.o [1]
profile_create          0x9000'0625     0xbd0  Code  Lc  lv_demo_widgets.o [1]
profile_create{1}{2}::grid_1_col_dsc
                        0x2000'048c      0x10  Data  Lc  lv_demo_widgets.o [1]
profile_create{1}{2}::grid_1_row_dsc
                        0x2000'049c       0xc  Data  Lc  lv_demo_widgets.o [1]
profile_create{1}{2}::grid_2_col_dsc
                        0x2000'04a8       0x8  Data  Lc  lv_demo_widgets.o [1]
profile_create{1}{2}::grid_2_row_dsc
                        0x2000'04b0      0x10  Data  Lc  lv_demo_widgets.o [1]
profile_create{1}{2}::grid_main_col_dsc
                        0x2000'047c       0x8  Data  Lc  lv_demo_widgets.o [1]
profile_create{1}{2}::grid_main_row_dsc
                        0x2000'0484       0x8  Data  Lc  lv_demo_widgets.o [1]
profile_create{1}{3}{4}{5}::grid_1_col_dsc
                        0x2000'04d0       0xc  Data  Lc  lv_demo_widgets.o [1]
profile_create{1}{3}{4}{5}::grid_1_row_dsc
                        0x2000'04dc      0x10  Data  Lc  lv_demo_widgets.o [1]
profile_create{1}{3}{4}{5}::grid_2_col_dsc
                        0x2000'04ec       0x8  Data  Lc  lv_demo_widgets.o [1]
profile_create{1}{3}{4}{5}::grid_2_row_dsc
                        0x2000'04f4      0x18  Data  Lc  lv_demo_widgets.o [1]
profile_create{1}{3}{4}{5}::grid_main_col_dsc
                        0x2000'04c0       0x8  Data  Lc  lv_demo_widgets.o [1]
profile_create{1}{3}{4}{5}::grid_main_row_dsc
                        0x2000'04c8       0x8  Data  Lc  lv_demo_widgets.o [1]
profile_create{1}{3}{4}{6}{7}{8}::grid_1_col_dsc
                        0x2000'0518       0x8  Data  Lc  lv_demo_widgets.o [1]
profile_create{1}{3}{4}{6}{7}{8}::grid_1_row_dsc
                        0x2000'0520      0x10  Data  Lc  lv_demo_widgets.o [1]
profile_create{1}{3}{4}{6}{7}{8}::grid_2_col_dsc
                        0x2000'0530       0x8  Data  Lc  lv_demo_widgets.o [1]
profile_create{1}{3}{4}{6}{7}{8}::grid_2_row_dsc
                        0x2000'0538      0x18  Data  Lc  lv_demo_widgets.o [1]
profile_create{1}{3}{4}{6}{7}{8}::grid_main_col_dsc
                        0x2000'050c       0x4  Data  Lc  lv_demo_widgets.o [1]
profile_create{1}{3}{4}{6}{7}{8}::grid_main_row_dsc
                        0x2000'0510       0x8  Data  Lc  lv_demo_widgets.o [1]
putchar                 0x9004'fe5d       0xc  Code  Gb  putchar.o [2]
pwd_char_hider          0x9000'f40b      0xb4  Code  Lc  lv_textarea.o [1]
pwd_char_hider_anim     0x9000'f3f9       0x2  Code  Lc  lv_textarea.o [1]
pwd_char_hider_anim_ready
                        0x9000'f3fd       0xe  Code  Lc  lv_textarea.o [1]
px_num                  0x2001'1d3c       0x4  Data  Lc  lv_refr.o [1]
qsort                   0x9003'dc4b      0x18  Code  Gb  qsort.o [2]
rbrecv                  0x2001'1bd8      0x10  Data  Lc  bsp_cli.o [1]
recvbuf                 0x2001'19fc      0x44  Data  Lc  bsp_cli.o [1]
recvcnt                 0x2001'1e3c       0x2  Data  Lc  bsp_cli.o [1]
refr_cursor_area        0x9000'f5c5     0x26e  Code  Lc  lv_textarea.o [1]
refr_knob_pos           0x9004'9ae1      0x82  Code  Lc  lv_colorwheel.o [1]
refr_position           0x9004'b4a3     0x19e  Code  Lc  lv_roller.o [1]
refr_size               0x9004'a857     0x112  Code  Lc  lv_table.o [1]
refresh_children_style  0x9000'6651      0x3c  Code  Lc  lv_obj_style.o [1]
release_handler         0x9004'b641     0x190  Code  Lc  lv_roller.o [1]
remove_free_block       0x9002'cd23      0x6c  Code  Lc  lv_tlsf.o [1]
report_style_change_core
                        0x9000'65f9      0x58  Code  Lc  lv_obj_style.o [1]
ring_buf_get            0x9003'd6cb      0x80  Code  Gb  bsp_ringbuffer.o [1]
ring_buf_init           0x9003'd629      0x20  Code  Gb  bsp_ringbuffer.o [1]
ring_buf_put            0x9003'd649      0x82  Code  Gb  bsp_ringbuffer.o [1]
rot3                    0x9003'd7fd      0x68  Code  Lc  qsort.o [2]
rotate                  0x9003'd86b      0x4a  Code  Lc  qsort.o [2]
rxbuf                   0x2001'0c80     0x100  Data  Lc  bsp_cli.o [1]
scalbln                 0x9004'1441            Code  Gb  ldexp.o [4]
scalblnl                0x9004'1441            Code  Gb  ldexp.o [4]
scalbn                  0x9004'1441            Code  Gb  ldexp.o [4]
scalbnl                 0x9004'1441            Code  Gb  ldexp.o [4]
scale                   0x9003'ed01      0x46  Code  Lc  xprintffull.o [2]
scratch                 0x2001'08a0     0x200  Data  Gb  fx_stm32_sdio_driver.o [3]
scroll_anim_ready_cb    0x9001'bd29      0x10  Code  Lc  lv_obj_scroll.o [1]
scroll_anim_ready_cb    0x9004'b915      0x14  Code  Lc  lv_roller.o [1]
scroll_area_into_view   0x9001'bd39     0x3b2  Code  Lc  lv_obj_scroll.o [1]
scroll_by_raw           0x9001'bc97      0x58  Code  Lc  lv_obj_scroll.o [1]
scroll_limit_diff       0x9002'ae9d      0x76  Code  Lc  lv_indev_scroll.o [1]
scroll_throw_predict_x  0x9002'af4b      0x38  Code  Lc  lv_indev_scroll.o [1]
scroll_throw_predict_y  0x9002'af13      0x38  Code  Lc  lv_indev_scroll.o [1]
scroll_x_anim           0x9001'bcf1      0x1c  Code  Lc  lv_obj_scroll.o [1]
scroll_y_anim           0x9001'bd0d      0x1c  Code  Lc  lv_obj_scroll.o [1]
scrollbar_init_draw_dsc
                        0x9000'dc93     0x120  Code  Lc  lv_obj.o [1]
sd_read_data            0x9003'ba69     0x120  Code  Lc  fx_stm32_sdio_driver.o [3]
sd_write_data           0x9003'bb89     0x10e  Code  Lc  fx_stm32_sdio_driver.o [3]
sdio_disk               0x2000'88d0    0x24b8  Data  Gb  file.o [1]
search_suitable_block   0x9002'ccb3      0x70  Code  Lc  lv_tlsf.o [1]
sec_hand                0x2001'1e38       0x4  Data  Lc  xfail_s.o [2]
ser1                    0x2001'1ce4       0x4  Data  Lc  lv_demo_widgets.o [1]
ser2                    0x2001'1ce8       0x4  Data  Lc  lv_demo_widgets.o [1]
ser3                    0x2001'1cec       0x4  Data  Lc  lv_demo_widgets.o [1]
ser4                    0x2001'1cf0       0x4  Data  Lc  lv_demo_widgets.o [1]
session_desktop         0x2000'0470       0x4  Data  Lc  lv_demo_widgets.o [1]
session_mobile          0x2000'0478       0x4  Data  Lc  lv_demo_widgets.o [1]
session_tablet          0x2000'0474       0x4  Data  Lc  lv_demo_widgets.o [1]
set_ofs_x_anim          0x9000'd3b5      0x14  Code  Lc  lv_label.o [1]
set_ofs_y_anim          0x9000'd3c9      0x14  Code  Lc  lv_label.o [1]
set_y_anim              0x9004'b929      0x12  Code  Lc  lv_roller.o [1]
shadow_blur_corner      0x9001'f8e9     0x20c  Code  Lc  lv_draw_rect.o [1]
shadow_draw_corner_buf  0x9001'f6ff     0x1ea  Code  Lc  lv_draw_rect.o [1]
shop_chart_event_cb     0x9000'3b15     0x168  Code  Lc  lv_demo_widgets.o [1]
shop_chart_event_cb{7}{8}{9}{10}::clothes
                        0x9004'f478      0x28  Data  Lc  lv_demo_widgets.o [1]
shop_chart_event_cb{7}{8}{9}{10}::devices
                        0x9004'f450      0x28  Data  Lc  lv_demo_widgets.o [1]
shop_chart_event_cb{7}{8}{9}{10}::services
                        0x9004'f4a0      0x28  Data  Lc  lv_demo_widgets.o [1]
shop_create             0x9000'1f6d     0x672  Code  Lc  lv_demo_widgets.o [1]
shop_create{1}{2}::grid1_col_dsc
                        0x2000'0560       0x8  Data  Lc  lv_demo_widgets.o [1]
shop_create{1}{2}::grid1_row_dsc
                        0x2000'0568       0xc  Data  Lc  lv_demo_widgets.o [1]
shop_create{1}{3}{4}{5}::grid1_col_dsc
                        0x2000'0574       0x8  Data  Lc  lv_demo_widgets.o [1]
shop_create{1}{3}{4}{5}::grid1_row_dsc
                        0x2000'057c       0x8  Data  Lc  lv_demo_widgets.o [1]
shop_create{1}{3}{4}{6}{7}{8}::grid1_col_dsc
                        0x2000'0584       0x4  Data  Lc  lv_demo_widgets.o [1]
shop_create{1}{3}{4}{6}{7}{8}::grid1_row_dsc
                        0x2000'0588       0xc  Data  Lc  lv_demo_widgets.o [1]
show_error              0x9002'6615      0x42  Code  Lc  lv_draw_img.o [1]
sin0_90_table           0x9004'e44c      0xb8  Data  Lc  lv_math.o [1]
slider_event_cb         0x9000'343d     0x22e  Code  Lc  lv_demo_widgets.o [1]
sprintf                 0x9003'f7c5      0x40  Code  Gb  sprintf.o [2]
sqrt_approx             0x9002'27bf      0x32  Code  Lc  lv_draw_mask.o [1]
start_cursor_blink      0x9000'f531      0x80  Code  Lc  lv_textarea.o [1]
strcasecmp              0x9003'd74b      0x46  Code  Gb  strcasecmp.o [2]
strchr                  0x9003'd791            Code  Gb  strchr.o [5]
strcmp                  0x9002'82e1            Code  Gb  strcmp.o [5]
strcpy                  0x9002'44dd            Code  Gb  strcpy.o [5]
strlen                  0x9002'44a5            Code  Gb  strlen.o [5]
strsplit                0x9003'9cdb      0x56  Code  Lc  bsp_cli.o [1]
style_bullet            0x2001'1c7c       0x8  Data  Lc  lv_demo_widgets.o [1]
style_icon              0x2001'1c74       0x8  Data  Lc  lv_demo_widgets.o [1]
style_init              0x9000'80f9    0x11c4  Code  Lc  lv_theme_default.o [1]
style_init::dark_filter
                        0x2001'1c8c       0x8  Data  Lc  lv_theme_default.o [1]
style_init::grey_filter
                        0x2001'1c94       0x8  Data  Lc  lv_theme_default.o [1]
style_init::trans_delayed
                        0x2001'1bb0      0x14  Data  Lc  lv_theme_default.o [1]
style_init::trans_normal
                        0x2001'1bc4      0x14  Data  Lc  lv_theme_default.o [1]
style_init::trans_props
                        0x9004'fde4      0x18  Data  Lc  lv_theme_default.o [1]
style_init_reset        0x9000'a2d1      0x1c  Code  Lc  lv_theme_default.o [1]
style_refr              0x2000'08cb       0x1  Data  Lc  lv_obj_style.o [1]
style_text_muted        0x2001'1c64       0x8  Data  Lc  lv_demo_widgets.o [1]
style_title             0x2001'1c6c       0x8  Data  Lc  lv_demo_widgets.o [1]
styles                  0x2001'1d50       0x4  Data  Lc  lv_theme_default.o [1]
swap                    0x9003'd7a7      0x56  Code  Lc  qsort.o [2]
sys_time                0x2001'1d20       0x4  Data  Lc  lv_hal_tick.o [1]
ta_event_cb             0x9000'31a9     0x106  Code  Lc  lv_demo_widgets.o [1]
ta_insert_replace       0x2001'1d4c       0x4  Data  Lc  lv_textarea.o [1]
tabpos_create           0x2001'1e8a       0x1  Data  Lc  lv_tabview.o [1]
tabsize_create          0x2001'1e6e       0x2  Data  Lc  lv_tabview.o [1]
theme                   0x2001'1b28      0x24  Data  Lc  lv_theme_default.o [1]
theme_apply             0x9000'93a5     0xf1e  Code  Lc  lv_theme_default.o [1]
tick_irq_flag           0x2001'1e86       0x1  Data  Lc  lv_hal_tick.o [1]
tileview_event_cb       0x9004'da2d     0x104  Code  Lc  lv_tileview.o [1]
time_param              0x2001'1d44       0x4  Data  Lc  lv_spinner.o [1]
timer_created           0x2001'1e91       0x1  Data  Lc  lv_timer.o [1]
timer_deleted           0x2001'1e90       0x1  Data  Lc  lv_timer.o [1]
tlsf                    0x2001'1d2c       0x4  Data  Lc  lv_mem.o [1]
tlsf_ffs                0x9002'c5f1     0x266  Code  Lc  lv_tlsf.o [1]
tlsf_fls                0x9002'c857     0x25e  Code  Lc  lv_tlsf.o [1]
tolower                 0x9004'1171      0x14  Code  Gb  tolower.o [2]
touchpad_read           0x9003'a92d      0x40  Code  Lc  lv_port_indev.o [1]
touchpad_read::last_x   0x2001'1e6a       0x2  Data  Lc  lv_port_indev.o [1]
touchpad_read::last_y   0x2001'1e6c       0x2  Data  Lc  lv_port_indev.o [1]
trans_anim_cb           0x9000'6755     0x17a  Code  Lc  lv_obj_style.o [1]
trans_anim_ready_cb     0x9000'691d      0xd6  Code  Lc  lv_obj_style.o [1]
trans_anim_start_cb     0x9000'68d1      0x4c  Code  Lc  lv_obj_style.o [1]
trans_del               0x9000'668d      0xc6  Code  Lc  lv_obj_style.o [1]
transfer_semaphore      0x2001'1b90      0x20  Data  Lc  fx_stm32_sdio_driver.o [3]
tv                      0x2001'1cc0       0x4  Data  Lc  lv_demo_widgets.o [1]
tx_application_define   0x9003'7d59      0x8e  Code  Gb  task.o [1]
tx_thread_fpu_disable   0x9003'817f            Code  Gb  tx_thread_schedule.o [7]
tx_thread_fpu_enable    0x9003'817f            Code  Gb  tx_thread_schedule.o [7]
unicode_list_1          0x9004'eb30      0x7c  Data  Lc  lv_font_montserrat_14.o [1]
unicode_list_compare    0x9002'd7b9       0x8  Code  Lc  lv_font_fmt_txt.o [1]
update_cursor_position_on_click
                        0x9000'f833     0x26a  Code  Lc  lv_textarea.o [1]
uwTick                  0x2001'1d68       0x4  Data  Gb  stm32h7xx_hal.o [1]
uwTickFreq              0x2000'08cc       0x1  Data  Gb  stm32h7xx_hal.o [1]
uwTickPrio              0x2000'0618       0x4  Data  Gb  stm32h7xx_hal.o [1]
value_update            0x9004'8f27     0x124  Code  Lc  lv_arc.o [1]
vsnprintf               0x9003'a059      0x3c  Code  Gb  vsnprint.o [2]
year_event_cb           0x9001'c889      0x48  Code  Lc  lv_calendar_header_dropdown.o [1]
year_list               0x2000'046c       0x4  Data  Lc  lv_calendar_header_dropdown.o [1]
zero_mem                0x2000'05f8       0x4  Data  Lc  lv_mem.o [1]


[1] = F:\WQA\App\EWARM\App\Obj
[2] = dl7M_tlf.a
[3] = filex.a
[4] = m7M_tlv.a
[5] = rt7M_tl.a
[6] = shb_l.a
[7] = threadx.a

  307'918 bytes of readonly  code memory
   22'870 bytes of readonly  data memory
   89'747 bytes of readwrite data memory (+ 415'744 absolute)

Errors: none
Warnings: none
