###############################################################################
#
# IAR ELF Linker V8.40.1.212/W32 for ARM                  18/Oct/2021  22:02:49
# Copyright 2007-2019 IAR Systems AB.
#
#    Output file  =  F:\WQA\App\EWARM\App\Exe\App.out
#    Map file     =  F:\WQA\App\EWARM\App\List\App.map
#    Command line =
#        -f C:\Users\walker\AppData\Local\Temp\EW526A.tmp
#        (F:\WQA\App\EWARM\App\Obj\adc.o F:\WQA\App\EWARM\App\Obj\bsp.o
#        F:\WQA\App\EWARM\App\Obj\bsp_adc.o F:\WQA\App\EWARM\App\Obj\bsp_cli.o
#        F:\WQA\App\EWARM\App\Obj\bsp_dwt.o
#        F:\WQA\App\EWARM\App\Obj\bsp_eeprom.o
#        F:\WQA\App\EWARM\App\Obj\bsp_lcd.o F:\WQA\App\EWARM\App\Obj\bsp_sdio.o
#        F:\WQA\App\EWARM\App\Obj\bsp_touch.o F:\WQA\App\EWARM\App\Obj\file.o
#        F:\WQA\App\EWARM\App\Obj\fx_directory_attributes_read.o
#        F:\WQA\App\EWARM\App\Obj\fx_directory_attributes_set.o
#        F:\WQA\App\EWARM\App\Obj\fx_directory_create.o
#        F:\WQA\App\EWARM\App\Obj\fx_directory_default_get.o
#        F:\WQA\App\EWARM\App\Obj\fx_directory_default_get_copy.o
#        F:\WQA\App\EWARM\App\Obj\fx_directory_default_set.o
#        F:\WQA\App\EWARM\App\Obj\fx_directory_delete.o
#        F:\WQA\App\EWARM\App\Obj\fx_directory_entry_read.o
#        F:\WQA\App\EWARM\App\Obj\fx_directory_entry_write.o
#        F:\WQA\App\EWARM\App\Obj\fx_directory_exFAT_entry_read.o
#        F:\WQA\App\EWARM\App\Obj\fx_directory_exFAT_entry_write.o
#        F:\WQA\App\EWARM\App\Obj\fx_directory_exFAT_free_search.o
#        F:\WQA\App\EWARM\App\Obj\fx_directory_exFAT_unicode_entry_write.o
#        F:\WQA\App\EWARM\App\Obj\fx_directory_first_entry_find.o
#        F:\WQA\App\EWARM\App\Obj\fx_directory_first_full_entry_find.o
#        F:\WQA\App\EWARM\App\Obj\fx_directory_free_search.o
#        F:\WQA\App\EWARM\App\Obj\fx_directory_information_get.o
#        F:\WQA\App\EWARM\App\Obj\fx_directory_local_path_clear.o
#        F:\WQA\App\EWARM\App\Obj\fx_directory_local_path_get.o
#        F:\WQA\App\EWARM\App\Obj\fx_directory_local_path_get_copy.o
#        F:\WQA\App\EWARM\App\Obj\fx_directory_local_path_restore.o
#        F:\WQA\App\EWARM\App\Obj\fx_directory_local_path_set.o
#        F:\WQA\App\EWARM\App\Obj\fx_directory_long_name_get.o
#        F:\WQA\App\EWARM\App\Obj\fx_directory_long_name_get_extended.o
#        F:\WQA\App\EWARM\App\Obj\fx_directory_name_extract.o
#        F:\WQA\App\EWARM\App\Obj\fx_directory_name_test.o
#        F:\WQA\App\EWARM\App\Obj\fx_directory_next_entry_find.o
#        F:\WQA\App\EWARM\App\Obj\fx_directory_next_full_entry_find.o
#        F:\WQA\App\EWARM\App\Obj\fx_directory_rename.o
#        F:\WQA\App\EWARM\App\Obj\fx_directory_search.o
#        F:\WQA\App\EWARM\App\Obj\fx_directory_short_name_get.o
#        F:\WQA\App\EWARM\App\Obj\fx_directory_short_name_get_extended.o
#        F:\WQA\App\EWARM\App\Obj\fx_fault_tolerant_add_bitmap_log.o
#        F:\WQA\App\EWARM\App\Obj\fx_fault_tolerant_add_checksum_log.o
#        F:\WQA\App\EWARM\App\Obj\fx_fault_tolerant_add_dir_log.o
#        F:\WQA\App\EWARM\App\Obj\fx_fault_tolerant_add_FAT_log.o
#        F:\WQA\App\EWARM\App\Obj\fx_fault_tolerant_apply_logs.o
#        F:\WQA\App\EWARM\App\Obj\fx_fault_tolerant_calculate_checksum.o
#        F:\WQA\App\EWARM\App\Obj\fx_fault_tolerant_cleanup_FAT_chain.o
#        F:\WQA\App\EWARM\App\Obj\fx_fault_tolerant_create_log_file.o
#        F:\WQA\App\EWARM\App\Obj\fx_fault_tolerant_enable.o
#        F:\WQA\App\EWARM\App\Obj\fx_fault_tolerant_read_directory_sector.o
#        F:\WQA\App\EWARM\App\Obj\fx_fault_tolerant_read_FAT.o
#        F:\WQA\App\EWARM\App\Obj\fx_fault_tolerant_read_log_file.o
#        F:\WQA\App\EWARM\App\Obj\fx_fault_tolerant_recover.o
#        F:\WQA\App\EWARM\App\Obj\fx_fault_tolerant_reset_log_file.o
#        F:\WQA\App\EWARM\App\Obj\fx_fault_tolerant_set_FAT_chain.o
#        F:\WQA\App\EWARM\App\Obj\fx_fault_tolerant_transaction_end.o
#        F:\WQA\App\EWARM\App\Obj\fx_fault_tolerant_transaction_fail.o
#        F:\WQA\App\EWARM\App\Obj\fx_fault_tolerant_transaction_start.o
#        F:\WQA\App\EWARM\App\Obj\fx_fault_tolerant_write_log_file.o
#        F:\WQA\App\EWARM\App\Obj\fx_file_allocate.o
#        F:\WQA\App\EWARM\App\Obj\fx_file_attributes_read.o
#        F:\WQA\App\EWARM\App\Obj\fx_file_attributes_set.o
#        F:\WQA\App\EWARM\App\Obj\fx_file_best_effort_allocate.o
#        F:\WQA\App\EWARM\App\Obj\fx_file_close.o
#        F:\WQA\App\EWARM\App\Obj\fx_file_create.o
#        F:\WQA\App\EWARM\App\Obj\fx_file_date_time_set.o
#        F:\WQA\App\EWARM\App\Obj\fx_file_delete.o
#        F:\WQA\App\EWARM\App\Obj\fx_file_extended_allocate.o
#        F:\WQA\App\EWARM\App\Obj\fx_file_extended_best_effort_allocate.o
#        F:\WQA\App\EWARM\App\Obj\fx_file_extended_relative_seek.o
#        F:\WQA\App\EWARM\App\Obj\fx_file_extended_seek.o
#        F:\WQA\App\EWARM\App\Obj\fx_file_extended_truncate.o
#        F:\WQA\App\EWARM\App\Obj\fx_file_extended_truncate_release.o
#        F:\WQA\App\EWARM\App\Obj\fx_file_open.o
#        F:\WQA\App\EWARM\App\Obj\fx_file_read.o
#        F:\WQA\App\EWARM\App\Obj\fx_file_relative_seek.o
#        F:\WQA\App\EWARM\App\Obj\fx_file_rename.o
#        F:\WQA\App\EWARM\App\Obj\fx_file_seek.o
#        F:\WQA\App\EWARM\App\Obj\fx_file_truncate.o
#        F:\WQA\App\EWARM\App\Obj\fx_file_truncate_release.o
#        F:\WQA\App\EWARM\App\Obj\fx_file_write.o
#        F:\WQA\App\EWARM\App\Obj\fx_file_write_notify_set.o
#        F:\WQA\App\EWARM\App\Obj\fx_media_abort.o
#        F:\WQA\App\EWARM\App\Obj\fx_media_boot_info_extract.o
#        F:\WQA\App\EWARM\App\Obj\fx_media_cache_invalidate.o
#        F:\WQA\App\EWARM\App\Obj\fx_media_check.o
#        F:\WQA\App\EWARM\App\Obj\fx_media_check_FAT_chain_check.o
#        F:\WQA\App\EWARM\App\Obj\fx_media_check_lost_cluster_check.o
#        F:\WQA\App\EWARM\App\Obj\fx_media_close.o
#        F:\WQA\App\EWARM\App\Obj\fx_media_close_notify_set.o
#        F:\WQA\App\EWARM\App\Obj\fx_media_exFAT_format.o
#        F:\WQA\App\EWARM\App\Obj\fx_media_extended_space_available.o
#        F:\WQA\App\EWARM\App\Obj\fx_media_flush.o
#        F:\WQA\App\EWARM\App\Obj\fx_media_format.o
#        F:\WQA\App\EWARM\App\Obj\fx_media_format_oem_name_set.o
#        F:\WQA\App\EWARM\App\Obj\fx_media_format_type_set.o
#        F:\WQA\App\EWARM\App\Obj\fx_media_format_volume_id_set.o
#        F:\WQA\App\EWARM\App\Obj\fx_media_open.o
#        F:\WQA\App\EWARM\App\Obj\fx_media_open_notify_set.o
#        F:\WQA\App\EWARM\App\Obj\fx_media_read.o
#        F:\WQA\App\EWARM\App\Obj\fx_media_space_available.o
#        F:\WQA\App\EWARM\App\Obj\fx_media_volume_get.o
#        F:\WQA\App\EWARM\App\Obj\fx_media_volume_get_extended.o
#        F:\WQA\App\EWARM\App\Obj\fx_media_volume_set.o
#        F:\WQA\App\EWARM\App\Obj\fx_media_write.o
#        F:\WQA\App\EWARM\App\Obj\fx_partition_offset_calculate.o
#        F:\WQA\App\EWARM\App\Obj\fx_ram_driver.o
#        F:\WQA\App\EWARM\App\Obj\fx_stm32_sdio_driver.o
#        F:\WQA\App\EWARM\App\Obj\fx_system_date_get.o
#        F:\WQA\App\EWARM\App\Obj\fx_system_date_set.o
#        F:\WQA\App\EWARM\App\Obj\fx_system_initialize.o
#        F:\WQA\App\EWARM\App\Obj\fx_system_time_get.o
#        F:\WQA\App\EWARM\App\Obj\fx_system_time_set.o
#        F:\WQA\App\EWARM\App\Obj\fx_system_timer_entry.o
#        F:\WQA\App\EWARM\App\Obj\fx_trace_event_insert.o
#        F:\WQA\App\EWARM\App\Obj\fx_trace_event_update.o
#        F:\WQA\App\EWARM\App\Obj\fx_trace_object_register.o
#        F:\WQA\App\EWARM\App\Obj\fx_trace_object_unregister.o
#        F:\WQA\App\EWARM\App\Obj\fx_unicode_directory_create.o
#        F:\WQA\App\EWARM\App\Obj\fx_unicode_directory_entry_change.o
#        F:\WQA\App\EWARM\App\Obj\fx_unicode_directory_entry_read.o
#        F:\WQA\App\EWARM\App\Obj\fx_unicode_directory_rename.o
#        F:\WQA\App\EWARM\App\Obj\fx_unicode_directory_search.o
#        F:\WQA\App\EWARM\App\Obj\fx_unicode_file_create.o
#        F:\WQA\App\EWARM\App\Obj\fx_unicode_file_rename.o
#        F:\WQA\App\EWARM\App\Obj\fx_unicode_length_get.o
#        F:\WQA\App\EWARM\App\Obj\fx_unicode_length_get_extended.o
#        F:\WQA\App\EWARM\App\Obj\fx_unicode_name_get.o
#        F:\WQA\App\EWARM\App\Obj\fx_unicode_name_get_extended.o
#        F:\WQA\App\EWARM\App\Obj\fx_unicode_short_name_get.o
#        F:\WQA\App\EWARM\App\Obj\fx_unicode_short_name_get_extended.o
#        F:\WQA\App\EWARM\App\Obj\fx_utility_16_unsigned_read.o
#        F:\WQA\App\EWARM\App\Obj\fx_utility_16_unsigned_write.o
#        F:\WQA\App\EWARM\App\Obj\fx_utility_32_unsigned_read.o
#        F:\WQA\App\EWARM\App\Obj\fx_utility_32_unsigned_write.o
#        F:\WQA\App\EWARM\App\Obj\fx_utility_64_unsigned_read.o
#        F:\WQA\App\EWARM\App\Obj\fx_utility_64_unsigned_write.o
#        F:\WQA\App\EWARM\App\Obj\fx_utility_absolute_path_get.o
#        F:\WQA\App\EWARM\App\Obj\fx_utility_exFAT_allocate_new_cluster.o
#        F:\WQA\App\EWARM\App\Obj\fx_utility_exFAT_bitmap_cache_prepare.o
#        F:\WQA\App\EWARM\App\Obj\fx_utility_exFAT_bitmap_cache_update.o
#        F:\WQA\App\EWARM\App\Obj\fx_utility_exFAT_bitmap_flush.o
#        F:\WQA\App\EWARM\App\Obj\fx_utility_exFAT_bitmap_free_cluster_find.o
#        F:\WQA\App\EWARM\App\Obj\fx_utility_exFAT_bitmap_initialize.o
#        F:\WQA\App\EWARM\App\Obj\fx_utility_exFAT_bitmap_start_sector_get.o
#        F:\WQA\App\EWARM\App\Obj\fx_utility_exFAT_cluster_free.o
#        F:\WQA\App\EWARM\App\Obj\fx_utility_exFAT_cluster_state_get.o
#        F:\WQA\App\EWARM\App\Obj\fx_utility_exFAT_cluster_state_set.o
#        F:\WQA\App\EWARM\App\Obj\fx_utility_exFAT_geometry_check.o
#        F:\WQA\App\EWARM\App\Obj\fx_utility_exFAT_name_hash_get.o
#        F:\WQA\App\EWARM\App\Obj\fx_utility_exFAT_size_calculate.o
#        F:\WQA\App\EWARM\App\Obj\fx_utility_exFAT_system_area_checksum_verify.o
#        F:\WQA\App\EWARM\App\Obj\fx_utility_exFAT_system_area_checksum_write.o
#        F:\WQA\App\EWARM\App\Obj\fx_utility_exFAT_system_area_format.o
#        F:\WQA\App\EWARM\App\Obj\fx_utility_exFAT_system_sector_write.o
#        F:\WQA\App\EWARM\App\Obj\fx_utility_exFAT_unicode_name_hash_get.o
#        F:\WQA\App\EWARM\App\Obj\fx_utility_exFAT_upcase_table.o
#        F:\WQA\App\EWARM\App\Obj\fx_utility_FAT_entry_read.o
#        F:\WQA\App\EWARM\App\Obj\fx_utility_FAT_entry_write.o
#        F:\WQA\App\EWARM\App\Obj\fx_utility_FAT_flush.o
#        F:\WQA\App\EWARM\App\Obj\fx_utility_FAT_map_flush.o
#        F:\WQA\App\EWARM\App\Obj\fx_utility_FAT_sector_get.o
#        F:\WQA\App\EWARM\App\Obj\fx_utility_logical_sector_cache_entry_read.o
#        F:\WQA\App\EWARM\App\Obj\fx_utility_logical_sector_flush.o
#        F:\WQA\App\EWARM\App\Obj\fx_utility_logical_sector_read.o
#        F:\WQA\App\EWARM\App\Obj\fx_utility_logical_sector_write.o
#        F:\WQA\App\EWARM\App\Obj\fx_utility_memory_copy.o
#        F:\WQA\App\EWARM\App\Obj\fx_utility_memory_set.o
#        F:\WQA\App\EWARM\App\Obj\fx_utility_string_length_get.o
#        F:\WQA\App\EWARM\App\Obj\fx_utility_token_length_get.o
#        F:\WQA\App\EWARM\App\Obj\fxe_directory_attributes_read.o
#        F:\WQA\App\EWARM\App\Obj\fxe_directory_attributes_set.o
#        F:\WQA\App\EWARM\App\Obj\fxe_directory_create.o
#        F:\WQA\App\EWARM\App\Obj\fxe_directory_default_get.o
#        F:\WQA\App\EWARM\App\Obj\fxe_directory_default_get_copy.o
#        F:\WQA\App\EWARM\App\Obj\fxe_directory_default_set.o
#        F:\WQA\App\EWARM\App\Obj\fxe_directory_delete.o
#        F:\WQA\App\EWARM\App\Obj\fxe_directory_first_entry_find.o
#        F:\WQA\App\EWARM\App\Obj\fxe_directory_first_full_entry_find.o
#        F:\WQA\App\EWARM\App\Obj\fxe_directory_information_get.o
#        F:\WQA\App\EWARM\App\Obj\fxe_directory_local_path_clear.o
#        F:\WQA\App\EWARM\App\Obj\fxe_directory_local_path_get.o
#        F:\WQA\App\EWARM\App\Obj\fxe_directory_local_path_get_copy.o
#        F:\WQA\App\EWARM\App\Obj\fxe_directory_local_path_restore.o
#        F:\WQA\App\EWARM\App\Obj\fxe_directory_local_path_set.o
#        F:\WQA\App\EWARM\App\Obj\fxe_directory_long_name_get.o
#        F:\WQA\App\EWARM\App\Obj\fxe_directory_long_name_get_extended.o
#        F:\WQA\App\EWARM\App\Obj\fxe_directory_name_test.o
#        F:\WQA\App\EWARM\App\Obj\fxe_directory_next_entry_find.o
#        F:\WQA\App\EWARM\App\Obj\fxe_directory_next_full_entry_find.o
#        F:\WQA\App\EWARM\App\Obj\fxe_directory_rename.o
#        F:\WQA\App\EWARM\App\Obj\fxe_directory_short_name_get.o
#        F:\WQA\App\EWARM\App\Obj\fxe_directory_short_name_get_extended.o
#        F:\WQA\App\EWARM\App\Obj\fxe_fault_tolerant_enable.o
#        F:\WQA\App\EWARM\App\Obj\fxe_file_allocate.o
#        F:\WQA\App\EWARM\App\Obj\fxe_file_attributes_read.o
#        F:\WQA\App\EWARM\App\Obj\fxe_file_attributes_set.o
#        F:\WQA\App\EWARM\App\Obj\fxe_file_best_effort_allocate.o
#        F:\WQA\App\EWARM\App\Obj\fxe_file_close.o
#        F:\WQA\App\EWARM\App\Obj\fxe_file_create.o
#        F:\WQA\App\EWARM\App\Obj\fxe_file_date_time_set.o
#        F:\WQA\App\EWARM\App\Obj\fxe_file_delete.o
#        F:\WQA\App\EWARM\App\Obj\fxe_file_extended_allocate.o
#        F:\WQA\App\EWARM\App\Obj\fxe_file_extended_best_effort_allocate.o
#        F:\WQA\App\EWARM\App\Obj\fxe_file_extended_relative_seek.o
#        F:\WQA\App\EWARM\App\Obj\fxe_file_extended_seek.o
#        F:\WQA\App\EWARM\App\Obj\fxe_file_extended_truncate.o
#        F:\WQA\App\EWARM\App\Obj\fxe_file_extended_truncate_release.o
#        F:\WQA\App\EWARM\App\Obj\fxe_file_open.o
#        F:\WQA\App\EWARM\App\Obj\fxe_file_read.o
#        F:\WQA\App\EWARM\App\Obj\fxe_file_relative_seek.o
#        F:\WQA\App\EWARM\App\Obj\fxe_file_rename.o
#        F:\WQA\App\EWARM\App\Obj\fxe_file_seek.o
#        F:\WQA\App\EWARM\App\Obj\fxe_file_truncate.o
#        F:\WQA\App\EWARM\App\Obj\fxe_file_truncate_release.o
#        F:\WQA\App\EWARM\App\Obj\fxe_file_write.o
#        F:\WQA\App\EWARM\App\Obj\fxe_file_write_notify_set.o
#        F:\WQA\App\EWARM\App\Obj\fxe_media_abort.o
#        F:\WQA\App\EWARM\App\Obj\fxe_media_cache_invalidate.o
#        F:\WQA\App\EWARM\App\Obj\fxe_media_check.o
#        F:\WQA\App\EWARM\App\Obj\fxe_media_close.o
#        F:\WQA\App\EWARM\App\Obj\fxe_media_close_notify_set.o
#        F:\WQA\App\EWARM\App\Obj\fxe_media_exFAT_format.o
#        F:\WQA\App\EWARM\App\Obj\fxe_media_extended_space_available.o
#        F:\WQA\App\EWARM\App\Obj\fxe_media_flush.o
#        F:\WQA\App\EWARM\App\Obj\fxe_media_format.o
#        F:\WQA\App\EWARM\App\Obj\fxe_media_open.o
#        F:\WQA\App\EWARM\App\Obj\fxe_media_open_notify_set.o
#        F:\WQA\App\EWARM\App\Obj\fxe_media_read.o
#        F:\WQA\App\EWARM\App\Obj\fxe_media_space_available.o
#        F:\WQA\App\EWARM\App\Obj\fxe_media_volume_get.o
#        F:\WQA\App\EWARM\App\Obj\fxe_media_volume_get_extended.o
#        F:\WQA\App\EWARM\App\Obj\fxe_media_volume_set.o
#        F:\WQA\App\EWARM\App\Obj\fxe_media_write.o
#        F:\WQA\App\EWARM\App\Obj\fxe_system_date_get.o
#        F:\WQA\App\EWARM\App\Obj\fxe_system_date_set.o
#        F:\WQA\App\EWARM\App\Obj\fxe_system_time_get.o
#        F:\WQA\App\EWARM\App\Obj\fxe_system_time_set.o
#        F:\WQA\App\EWARM\App\Obj\fxe_unicode_directory_create.o
#        F:\WQA\App\EWARM\App\Obj\fxe_unicode_directory_rename.o
#        F:\WQA\App\EWARM\App\Obj\fxe_unicode_file_create.o
#        F:\WQA\App\EWARM\App\Obj\fxe_unicode_file_rename.o
#        F:\WQA\App\EWARM\App\Obj\fxe_unicode_name_get.o
#        F:\WQA\App\EWARM\App\Obj\fxe_unicode_name_get_extended.o
#        F:\WQA\App\EWARM\App\Obj\fxe_unicode_short_name_get.o
#        F:\WQA\App\EWARM\App\Obj\fxe_unicode_short_name_get_extended.o
#        F:\WQA\App\EWARM\App\Obj\gpio.o F:\WQA\App\EWARM\App\Obj\ltdc.o
#        F:\WQA\App\EWARM\App\Obj\lv_anim.o
#        F:\WQA\App\EWARM\App\Obj\lv_animimg.o
#        F:\WQA\App\EWARM\App\Obj\lv_arc.o F:\WQA\App\EWARM\App\Obj\lv_area.o
#        F:\WQA\App\EWARM\App\Obj\lv_async.o F:\WQA\App\EWARM\App\Obj\lv_bar.o
#        F:\WQA\App\EWARM\App\Obj\lv_bidi.o F:\WQA\App\EWARM\App\Obj\lv_btn.o
#        F:\WQA\App\EWARM\App\Obj\lv_btnmatrix.o
#        F:\WQA\App\EWARM\App\Obj\lv_calendar.o
#        F:\WQA\App\EWARM\App\Obj\lv_calendar_header_arrow.o
#        F:\WQA\App\EWARM\App\Obj\lv_calendar_header_dropdown.o
#        F:\WQA\App\EWARM\App\Obj\lv_canvas.o
#        F:\WQA\App\EWARM\App\Obj\lv_chart.o
#        F:\WQA\App\EWARM\App\Obj\lv_checkbox.o
#        F:\WQA\App\EWARM\App\Obj\lv_color.o
#        F:\WQA\App\EWARM\App\Obj\lv_colorwheel.o
#        F:\WQA\App\EWARM\App\Obj\lv_disp.o
#        F:\WQA\App\EWARM\App\Obj\lv_draw_arc.o
#        F:\WQA\App\EWARM\App\Obj\lv_draw_blend.o
#        F:\WQA\App\EWARM\App\Obj\lv_draw_img.o
#        F:\WQA\App\EWARM\App\Obj\lv_draw_label.o
#        F:\WQA\App\EWARM\App\Obj\lv_draw_line.o
#        F:\WQA\App\EWARM\App\Obj\lv_draw_mask.o
#        F:\WQA\App\EWARM\App\Obj\lv_draw_rect.o
#        F:\WQA\App\EWARM\App\Obj\lv_draw_triangle.o
#        F:\WQA\App\EWARM\App\Obj\lv_dropdown.o
#        F:\WQA\App\EWARM\App\Obj\lv_event.o
#        F:\WQA\App\EWARM\App\Obj\lv_extra.o F:\WQA\App\EWARM\App\Obj\lv_flex.o
#        F:\WQA\App\EWARM\App\Obj\lv_font.o
#        F:\WQA\App\EWARM\App\Obj\lv_font_dejavu_16_persian_hebrew.o
#        F:\WQA\App\EWARM\App\Obj\lv_font_fmt_txt.o
#        F:\WQA\App\EWARM\App\Obj\lv_font_loader.o
#        F:\WQA\App\EWARM\App\Obj\lv_font_montserrat_10.o
#        F:\WQA\App\EWARM\App\Obj\lv_font_montserrat_12.o
#        F:\WQA\App\EWARM\App\Obj\lv_font_montserrat_12_subpx.o
#        F:\WQA\App\EWARM\App\Obj\lv_font_montserrat_14.o
#        F:\WQA\App\EWARM\App\Obj\lv_font_montserrat_16.o
#        F:\WQA\App\EWARM\App\Obj\lv_font_montserrat_18.o
#        F:\WQA\App\EWARM\App\Obj\lv_font_montserrat_20.o
#        F:\WQA\App\EWARM\App\Obj\lv_font_montserrat_22.o
#        F:\WQA\App\EWARM\App\Obj\lv_font_montserrat_24.o
#        F:\WQA\App\EWARM\App\Obj\lv_font_montserrat_26.o
#        F:\WQA\App\EWARM\App\Obj\lv_font_montserrat_28.o
#        F:\WQA\App\EWARM\App\Obj\lv_font_montserrat_28_compressed.o
#        F:\WQA\App\EWARM\App\Obj\lv_font_montserrat_30.o
#        F:\WQA\App\EWARM\App\Obj\lv_font_montserrat_32.o
#        F:\WQA\App\EWARM\App\Obj\lv_font_montserrat_34.o
#        F:\WQA\App\EWARM\App\Obj\lv_font_montserrat_36.o
#        F:\WQA\App\EWARM\App\Obj\lv_font_montserrat_38.o
#        F:\WQA\App\EWARM\App\Obj\lv_font_montserrat_40.o
#        F:\WQA\App\EWARM\App\Obj\lv_font_montserrat_42.o
#        F:\WQA\App\EWARM\App\Obj\lv_font_montserrat_44.o
#        F:\WQA\App\EWARM\App\Obj\lv_font_montserrat_46.o
#        F:\WQA\App\EWARM\App\Obj\lv_font_montserrat_48.o
#        F:\WQA\App\EWARM\App\Obj\lv_font_montserrat_8.o
#        F:\WQA\App\EWARM\App\Obj\lv_font_simsun_16_cjk.o
#        F:\WQA\App\EWARM\App\Obj\lv_font_unscii_16.o
#        F:\WQA\App\EWARM\App\Obj\lv_font_unscii_8.o
#        F:\WQA\App\EWARM\App\Obj\lv_fs.o F:\WQA\App\EWARM\App\Obj\lv_gc.o
#        F:\WQA\App\EWARM\App\Obj\lv_gpu_nxp_pxp.o
#        F:\WQA\App\EWARM\App\Obj\lv_gpu_nxp_pxp_osa.o
#        F:\WQA\App\EWARM\App\Obj\lv_gpu_nxp_vglite.o
#        F:\WQA\App\EWARM\App\Obj\lv_gpu_stm32_dma2d.o
#        F:\WQA\App\EWARM\App\Obj\lv_grid.o F:\WQA\App\EWARM\App\Obj\lv_group.o
#        F:\WQA\App\EWARM\App\Obj\lv_hal_disp.o
#        F:\WQA\App\EWARM\App\Obj\lv_hal_indev.o
#        F:\WQA\App\EWARM\App\Obj\lv_hal_tick.o
#        F:\WQA\App\EWARM\App\Obj\lv_img.o
#        F:\WQA\App\EWARM\App\Obj\lv_img_buf.o
#        F:\WQA\App\EWARM\App\Obj\lv_img_cache.o
#        F:\WQA\App\EWARM\App\Obj\lv_img_decoder.o
#        F:\WQA\App\EWARM\App\Obj\lv_imgbtn.o
#        F:\WQA\App\EWARM\App\Obj\lv_indev.o
#        F:\WQA\App\EWARM\App\Obj\lv_indev_scroll.o
#        F:\WQA\App\EWARM\App\Obj\lv_keyboard.o
#        F:\WQA\App\EWARM\App\Obj\lv_label.o F:\WQA\App\EWARM\App\Obj\lv_led.o
#        F:\WQA\App\EWARM\App\Obj\lv_line.o F:\WQA\App\EWARM\App\Obj\lv_list.o
#        F:\WQA\App\EWARM\App\Obj\lv_ll.o F:\WQA\App\EWARM\App\Obj\lv_log.o
#        F:\WQA\App\EWARM\App\Obj\lv_math.o F:\WQA\App\EWARM\App\Obj\lv_mem.o
#        F:\WQA\App\EWARM\App\Obj\lv_meter.o
#        F:\WQA\App\EWARM\App\Obj\lv_msgbox.o F:\WQA\App\EWARM\App\Obj\lv_obj.o
#        F:\WQA\App\EWARM\App\Obj\lv_obj_class.o
#        F:\WQA\App\EWARM\App\Obj\lv_obj_draw.o
#        F:\WQA\App\EWARM\App\Obj\lv_obj_pos.o
#        F:\WQA\App\EWARM\App\Obj\lv_obj_scroll.o
#        F:\WQA\App\EWARM\App\Obj\lv_obj_style.o
#        F:\WQA\App\EWARM\App\Obj\lv_obj_style_gen.o
#        F:\WQA\App\EWARM\App\Obj\lv_obj_tree.o
#        F:\WQA\App\EWARM\App\Obj\lv_objx_templ.o
#        F:\WQA\App\EWARM\App\Obj\lv_port_disp.o
#        F:\WQA\App\EWARM\App\Obj\lv_port_indev.o
#        F:\WQA\App\EWARM\App\Obj\lv_printf.o
#        F:\WQA\App\EWARM\App\Obj\lv_refr.o
#        F:\WQA\App\EWARM\App\Obj\lv_roller.o
#        F:\WQA\App\EWARM\App\Obj\lv_slider.o
#        F:\WQA\App\EWARM\App\Obj\lv_span.o
#        F:\WQA\App\EWARM\App\Obj\lv_spinbox.o
#        F:\WQA\App\EWARM\App\Obj\lv_spinner.o
#        F:\WQA\App\EWARM\App\Obj\lv_style.o
#        F:\WQA\App\EWARM\App\Obj\lv_style_gen.o
#        F:\WQA\App\EWARM\App\Obj\lv_switch.o
#        F:\WQA\App\EWARM\App\Obj\lv_table.o
#        F:\WQA\App\EWARM\App\Obj\lv_tabview.o
#        F:\WQA\App\EWARM\App\Obj\lv_templ.o
#        F:\WQA\App\EWARM\App\Obj\lv_textarea.o
#        F:\WQA\App\EWARM\App\Obj\lv_theme.o
#        F:\WQA\App\EWARM\App\Obj\lv_theme_basic.o
#        F:\WQA\App\EWARM\App\Obj\lv_theme_default.o
#        F:\WQA\App\EWARM\App\Obj\lv_theme_mono.o
#        F:\WQA\App\EWARM\App\Obj\lv_tileview.o
#        F:\WQA\App\EWARM\App\Obj\lv_timer.o F:\WQA\App\EWARM\App\Obj\lv_tlsf.o
#        F:\WQA\App\EWARM\App\Obj\lv_txt.o F:\WQA\App\EWARM\App\Obj\lv_txt_ap.o
#        F:\WQA\App\EWARM\App\Obj\lv_utils.o F:\WQA\App\EWARM\App\Obj\lv_win.o
#        F:\WQA\App\EWARM\App\Obj\main.o F:\WQA\App\EWARM\App\Obj\rtc.o
#        F:\WQA\App\EWARM\App\Obj\sdmmc.o
#        F:\WQA\App\EWARM\App\Obj\startup_stm32h750xx.o
#        F:\WQA\App\EWARM\App\Obj\stm32h7xx_hal.o
#        F:\WQA\App\EWARM\App\Obj\stm32h7xx_hal_adc.o
#        F:\WQA\App\EWARM\App\Obj\stm32h7xx_hal_adc_ex.o
#        F:\WQA\App\EWARM\App\Obj\stm32h7xx_hal_cortex.o
#        F:\WQA\App\EWARM\App\Obj\stm32h7xx_hal_dma.o
#        F:\WQA\App\EWARM\App\Obj\stm32h7xx_hal_dma_ex.o
#        F:\WQA\App\EWARM\App\Obj\stm32h7xx_hal_exti.o
#        F:\WQA\App\EWARM\App\Obj\stm32h7xx_hal_flash.o
#        F:\WQA\App\EWARM\App\Obj\stm32h7xx_hal_flash_ex.o
#        F:\WQA\App\EWARM\App\Obj\stm32h7xx_hal_gpio.o
#        F:\WQA\App\EWARM\App\Obj\stm32h7xx_hal_hsem.o
#        F:\WQA\App\EWARM\App\Obj\stm32h7xx_hal_i2c.o
#        F:\WQA\App\EWARM\App\Obj\stm32h7xx_hal_i2c_ex.o
#        F:\WQA\App\EWARM\App\Obj\stm32h7xx_hal_ltdc.o
#        F:\WQA\App\EWARM\App\Obj\stm32h7xx_hal_ltdc_ex.o
#        F:\WQA\App\EWARM\App\Obj\stm32h7xx_hal_mdma.o
#        F:\WQA\App\EWARM\App\Obj\stm32h7xx_hal_msp.o
#        F:\WQA\App\EWARM\App\Obj\stm32h7xx_hal_pcd.o
#        F:\WQA\App\EWARM\App\Obj\stm32h7xx_hal_pcd_ex.o
#        F:\WQA\App\EWARM\App\Obj\stm32h7xx_hal_pwr.o
#        F:\WQA\App\EWARM\App\Obj\stm32h7xx_hal_pwr_ex.o
#        F:\WQA\App\EWARM\App\Obj\stm32h7xx_hal_rcc.o
#        F:\WQA\App\EWARM\App\Obj\stm32h7xx_hal_rcc_ex.o
#        F:\WQA\App\EWARM\App\Obj\stm32h7xx_hal_rtc.o
#        F:\WQA\App\EWARM\App\Obj\stm32h7xx_hal_rtc_ex.o
#        F:\WQA\App\EWARM\App\Obj\stm32h7xx_hal_sd.o
#        F:\WQA\App\EWARM\App\Obj\stm32h7xx_hal_sd_ex.o
#        F:\WQA\App\EWARM\App\Obj\stm32h7xx_hal_tim.o
#        F:\WQA\App\EWARM\App\Obj\stm32h7xx_hal_tim_ex.o
#        F:\WQA\App\EWARM\App\Obj\stm32h7xx_hal_timebase_tim.o
#        F:\WQA\App\EWARM\App\Obj\stm32h7xx_hal_uart.o
#        F:\WQA\App\EWARM\App\Obj\stm32h7xx_hal_uart_ex.o
#        F:\WQA\App\EWARM\App\Obj\stm32h7xx_it.o
#        F:\WQA\App\EWARM\App\Obj\stm32h7xx_ll_delayblock.o
#        F:\WQA\App\EWARM\App\Obj\stm32h7xx_ll_sdmmc.o
#        F:\WQA\App\EWARM\App\Obj\stm32h7xx_ll_usb.o
#        F:\WQA\App\EWARM\App\Obj\system_stm32h7xx.o
#        F:\WQA\App\EWARM\App\Obj\task.o F:\WQA\App\EWARM\App\Obj\tim.o
#        F:\WQA\App\EWARM\App\Obj\tx_block_allocate.o
#        F:\WQA\App\EWARM\App\Obj\tx_block_pool_cleanup.o
#        F:\WQA\App\EWARM\App\Obj\tx_block_pool_create.o
#        F:\WQA\App\EWARM\App\Obj\tx_block_pool_delete.o
#        F:\WQA\App\EWARM\App\Obj\tx_block_pool_info_get.o
#        F:\WQA\App\EWARM\App\Obj\tx_block_pool_initialize.o
#        F:\WQA\App\EWARM\App\Obj\tx_block_pool_performance_info_get.o
#        F:\WQA\App\EWARM\App\Obj\tx_block_pool_performance_system_info_get.o
#        F:\WQA\App\EWARM\App\Obj\tx_block_pool_prioritize.o
#        F:\WQA\App\EWARM\App\Obj\tx_block_release.o
#        F:\WQA\App\EWARM\App\Obj\tx_byte_allocate.o
#        F:\WQA\App\EWARM\App\Obj\tx_byte_pool_cleanup.o
#        F:\WQA\App\EWARM\App\Obj\tx_byte_pool_create.o
#        F:\WQA\App\EWARM\App\Obj\tx_byte_pool_delete.o
#        F:\WQA\App\EWARM\App\Obj\tx_byte_pool_info_get.o
#        F:\WQA\App\EWARM\App\Obj\tx_byte_pool_initialize.o
#        F:\WQA\App\EWARM\App\Obj\tx_byte_pool_performance_info_get.o
#        F:\WQA\App\EWARM\App\Obj\tx_byte_pool_performance_system_info_get.o
#        F:\WQA\App\EWARM\App\Obj\tx_byte_pool_prioritize.o
#        F:\WQA\App\EWARM\App\Obj\tx_byte_pool_search.o
#        F:\WQA\App\EWARM\App\Obj\tx_byte_release.o
#        F:\WQA\App\EWARM\App\Obj\tx_event_flags_cleanup.o
#        F:\WQA\App\EWARM\App\Obj\tx_event_flags_create.o
#        F:\WQA\App\EWARM\App\Obj\tx_event_flags_delete.o
#        F:\WQA\App\EWARM\App\Obj\tx_event_flags_get.o
#        F:\WQA\App\EWARM\App\Obj\tx_event_flags_info_get.o
#        F:\WQA\App\EWARM\App\Obj\tx_event_flags_initialize.o
#        F:\WQA\App\EWARM\App\Obj\tx_event_flags_performance_info_get.o
#        F:\WQA\App\EWARM\App\Obj\tx_event_flags_performance_system_info_get.o
#        F:\WQA\App\EWARM\App\Obj\tx_event_flags_set.o
#        F:\WQA\App\EWARM\App\Obj\tx_event_flags_set_notify.o
#        F:\WQA\App\EWARM\App\Obj\tx_iar.o
#        F:\WQA\App\EWARM\App\Obj\tx_initialize_high_level.o
#        F:\WQA\App\EWARM\App\Obj\tx_initialize_kernel_enter.o
#        F:\WQA\App\EWARM\App\Obj\tx_initialize_kernel_setup.o
#        F:\WQA\App\EWARM\App\Obj\tx_initialize_low_level.o
#        F:\WQA\App\EWARM\App\Obj\tx_misra.o
#        F:\WQA\App\EWARM\App\Obj\tx_mutex_cleanup.o
#        F:\WQA\App\EWARM\App\Obj\tx_mutex_create.o
#        F:\WQA\App\EWARM\App\Obj\tx_mutex_delete.o
#        F:\WQA\App\EWARM\App\Obj\tx_mutex_get.o
#        F:\WQA\App\EWARM\App\Obj\tx_mutex_info_get.o
#        F:\WQA\App\EWARM\App\Obj\tx_mutex_initialize.o
#        F:\WQA\App\EWARM\App\Obj\tx_mutex_performance_info_get.o
#        F:\WQA\App\EWARM\App\Obj\tx_mutex_performance_system_info_get.o
#        F:\WQA\App\EWARM\App\Obj\tx_mutex_prioritize.o
#        F:\WQA\App\EWARM\App\Obj\tx_mutex_priority_change.o
#        F:\WQA\App\EWARM\App\Obj\tx_mutex_put.o
#        F:\WQA\App\EWARM\App\Obj\tx_queue_cleanup.o
#        F:\WQA\App\EWARM\App\Obj\tx_queue_create.o
#        F:\WQA\App\EWARM\App\Obj\tx_queue_delete.o
#        F:\WQA\App\EWARM\App\Obj\tx_queue_flush.o
#        F:\WQA\App\EWARM\App\Obj\tx_queue_front_send.o
#        F:\WQA\App\EWARM\App\Obj\tx_queue_info_get.o
#        F:\WQA\App\EWARM\App\Obj\tx_queue_initialize.o
#        F:\WQA\App\EWARM\App\Obj\tx_queue_performance_info_get.o
#        F:\WQA\App\EWARM\App\Obj\tx_queue_performance_system_info_get.o
#        F:\WQA\App\EWARM\App\Obj\tx_queue_prioritize.o
#        F:\WQA\App\EWARM\App\Obj\tx_queue_receive.o
#        F:\WQA\App\EWARM\App\Obj\tx_queue_send.o
#        F:\WQA\App\EWARM\App\Obj\tx_queue_send_notify.o
#        F:\WQA\App\EWARM\App\Obj\tx_semaphore_ceiling_put.o
#        F:\WQA\App\EWARM\App\Obj\tx_semaphore_cleanup.o
#        F:\WQA\App\EWARM\App\Obj\tx_semaphore_create.o
#        F:\WQA\App\EWARM\App\Obj\tx_semaphore_delete.o
#        F:\WQA\App\EWARM\App\Obj\tx_semaphore_get.o
#        F:\WQA\App\EWARM\App\Obj\tx_semaphore_info_get.o
#        F:\WQA\App\EWARM\App\Obj\tx_semaphore_initialize.o
#        F:\WQA\App\EWARM\App\Obj\tx_semaphore_performance_info_get.o
#        F:\WQA\App\EWARM\App\Obj\tx_semaphore_performance_system_info_get.o
#        F:\WQA\App\EWARM\App\Obj\tx_semaphore_prioritize.o
#        F:\WQA\App\EWARM\App\Obj\tx_semaphore_put.o
#        F:\WQA\App\EWARM\App\Obj\tx_semaphore_put_notify.o
#        F:\WQA\App\EWARM\App\Obj\tx_thread_context_restore.o
#        F:\WQA\App\EWARM\App\Obj\tx_thread_context_save.o
#        F:\WQA\App\EWARM\App\Obj\tx_thread_create.o
#        F:\WQA\App\EWARM\App\Obj\tx_thread_delete.o
#        F:\WQA\App\EWARM\App\Obj\tx_thread_entry_exit_notify.o
#        F:\WQA\App\EWARM\App\Obj\tx_thread_identify.o
#        F:\WQA\App\EWARM\App\Obj\tx_thread_info_get.o
#        F:\WQA\App\EWARM\App\Obj\tx_thread_initialize.o
#        F:\WQA\App\EWARM\App\Obj\tx_thread_interrupt_control.o
#        F:\WQA\App\EWARM\App\Obj\tx_thread_interrupt_disable.o
#        F:\WQA\App\EWARM\App\Obj\tx_thread_interrupt_restore.o
#        F:\WQA\App\EWARM\App\Obj\tx_thread_performance_info_get.o
#        F:\WQA\App\EWARM\App\Obj\tx_thread_performance_system_info_get.o
#        F:\WQA\App\EWARM\App\Obj\tx_thread_preemption_change.o
#        F:\WQA\App\EWARM\App\Obj\tx_thread_priority_change.o
#        F:\WQA\App\EWARM\App\Obj\tx_thread_relinquish.o
#        F:\WQA\App\EWARM\App\Obj\tx_thread_reset.o
#        F:\WQA\App\EWARM\App\Obj\tx_thread_resume.o
#        F:\WQA\App\EWARM\App\Obj\tx_thread_schedule.o
#        F:\WQA\App\EWARM\App\Obj\tx_thread_shell_entry.o
#        F:\WQA\App\EWARM\App\Obj\tx_thread_sleep.o
#        F:\WQA\App\EWARM\App\Obj\tx_thread_stack_analyze.o
#        F:\WQA\App\EWARM\App\Obj\tx_thread_stack_build.o
#        F:\WQA\App\EWARM\App\Obj\tx_thread_stack_error_handler.o
#        F:\WQA\App\EWARM\App\Obj\tx_thread_stack_error_notify.o
#        F:\WQA\App\EWARM\App\Obj\tx_thread_suspend.o
#        F:\WQA\App\EWARM\App\Obj\tx_thread_system_preempt_check.o
#        F:\WQA\App\EWARM\App\Obj\tx_thread_system_resume.o
#        F:\WQA\App\EWARM\App\Obj\tx_thread_system_return.o
#        F:\WQA\App\EWARM\App\Obj\tx_thread_system_suspend.o
#        F:\WQA\App\EWARM\App\Obj\tx_thread_terminate.o
#        F:\WQA\App\EWARM\App\Obj\tx_thread_time_slice.o
#        F:\WQA\App\EWARM\App\Obj\tx_thread_time_slice_change.o
#        F:\WQA\App\EWARM\App\Obj\tx_thread_timeout.o
#        F:\WQA\App\EWARM\App\Obj\tx_thread_wait_abort.o
#        F:\WQA\App\EWARM\App\Obj\tx_time_get.o
#        F:\WQA\App\EWARM\App\Obj\tx_time_set.o
#        F:\WQA\App\EWARM\App\Obj\tx_timer_activate.o
#        F:\WQA\App\EWARM\App\Obj\tx_timer_change.o
#        F:\WQA\App\EWARM\App\Obj\tx_timer_create.o
#        F:\WQA\App\EWARM\App\Obj\tx_timer_deactivate.o
#        F:\WQA\App\EWARM\App\Obj\tx_timer_delete.o
#        F:\WQA\App\EWARM\App\Obj\tx_timer_expiration_process.o
#        F:\WQA\App\EWARM\App\Obj\tx_timer_info_get.o
#        F:\WQA\App\EWARM\App\Obj\tx_timer_initialize.o
#        F:\WQA\App\EWARM\App\Obj\tx_timer_interrupt.o
#        F:\WQA\App\EWARM\App\Obj\tx_timer_performance_info_get.o
#        F:\WQA\App\EWARM\App\Obj\tx_timer_performance_system_info_get.o
#        F:\WQA\App\EWARM\App\Obj\tx_timer_system_activate.o
#        F:\WQA\App\EWARM\App\Obj\tx_timer_system_deactivate.o
#        F:\WQA\App\EWARM\App\Obj\tx_timer_thread_entry.o
#        F:\WQA\App\EWARM\App\Obj\tx_trace_buffer_full_notify.o
#        F:\WQA\App\EWARM\App\Obj\tx_trace_disable.o
#        F:\WQA\App\EWARM\App\Obj\tx_trace_enable.o
#        F:\WQA\App\EWARM\App\Obj\tx_trace_event_filter.o
#        F:\WQA\App\EWARM\App\Obj\tx_trace_event_unfilter.o
#        F:\WQA\App\EWARM\App\Obj\tx_trace_initialize.o
#        F:\WQA\App\EWARM\App\Obj\tx_trace_interrupt_control.o
#        F:\WQA\App\EWARM\App\Obj\tx_trace_isr_enter_insert.o
#        F:\WQA\App\EWARM\App\Obj\tx_trace_isr_exit_insert.o
#        F:\WQA\App\EWARM\App\Obj\tx_trace_object_register.o
#        F:\WQA\App\EWARM\App\Obj\tx_trace_object_unregister.o
#        F:\WQA\App\EWARM\App\Obj\tx_trace_user_event_insert.o
#        F:\WQA\App\EWARM\App\Obj\txe_block_allocate.o
#        F:\WQA\App\EWARM\App\Obj\txe_block_pool_create.o
#        F:\WQA\App\EWARM\App\Obj\txe_block_pool_delete.o
#        F:\WQA\App\EWARM\App\Obj\txe_block_pool_info_get.o
#        F:\WQA\App\EWARM\App\Obj\txe_block_pool_prioritize.o
#        F:\WQA\App\EWARM\App\Obj\txe_block_release.o
#        F:\WQA\App\EWARM\App\Obj\txe_byte_allocate.o
#        F:\WQA\App\EWARM\App\Obj\txe_byte_pool_create.o
#        F:\WQA\App\EWARM\App\Obj\txe_byte_pool_delete.o
#        F:\WQA\App\EWARM\App\Obj\txe_byte_pool_info_get.o
#        F:\WQA\App\EWARM\App\Obj\txe_byte_pool_prioritize.o
#        F:\WQA\App\EWARM\App\Obj\txe_byte_release.o
#        F:\WQA\App\EWARM\App\Obj\txe_event_flags_create.o
#        F:\WQA\App\EWARM\App\Obj\txe_event_flags_delete.o
#        F:\WQA\App\EWARM\App\Obj\txe_event_flags_get.o
#        F:\WQA\App\EWARM\App\Obj\txe_event_flags_info_get.o
#        F:\WQA\App\EWARM\App\Obj\txe_event_flags_set.o
#        F:\WQA\App\EWARM\App\Obj\txe_event_flags_set_notify.o
#        F:\WQA\App\EWARM\App\Obj\txe_mutex_create.o
#        F:\WQA\App\EWARM\App\Obj\txe_mutex_delete.o
#        F:\WQA\App\EWARM\App\Obj\txe_mutex_get.o
#        F:\WQA\App\EWARM\App\Obj\txe_mutex_info_get.o
#        F:\WQA\App\EWARM\App\Obj\txe_mutex_prioritize.o
#        F:\WQA\App\EWARM\App\Obj\txe_mutex_put.o
#        F:\WQA\App\EWARM\App\Obj\txe_queue_create.o
#        F:\WQA\App\EWARM\App\Obj\txe_queue_delete.o
#        F:\WQA\App\EWARM\App\Obj\txe_queue_flush.o
#        F:\WQA\App\EWARM\App\Obj\txe_queue_front_send.o
#        F:\WQA\App\EWARM\App\Obj\txe_queue_info_get.o
#        F:\WQA\App\EWARM\App\Obj\txe_queue_prioritize.o
#        F:\WQA\App\EWARM\App\Obj\txe_queue_receive.o
#        F:\WQA\App\EWARM\App\Obj\txe_queue_send.o
#        F:\WQA\App\EWARM\App\Obj\txe_queue_send_notify.o
#        F:\WQA\App\EWARM\App\Obj\txe_semaphore_ceiling_put.o
#        F:\WQA\App\EWARM\App\Obj\txe_semaphore_create.o
#        F:\WQA\App\EWARM\App\Obj\txe_semaphore_delete.o
#        F:\WQA\App\EWARM\App\Obj\txe_semaphore_get.o
#        F:\WQA\App\EWARM\App\Obj\txe_semaphore_info_get.o
#        F:\WQA\App\EWARM\App\Obj\txe_semaphore_prioritize.o
#        F:\WQA\App\EWARM\App\Obj\txe_semaphore_put.o
#        F:\WQA\App\EWARM\App\Obj\txe_semaphore_put_notify.o
#        F:\WQA\App\EWARM\App\Obj\txe_thread_create.o
#        F:\WQA\App\EWARM\App\Obj\txe_thread_delete.o
#        F:\WQA\App\EWARM\App\Obj\txe_thread_entry_exit_notify.o
#        F:\WQA\App\EWARM\App\Obj\txe_thread_info_get.o
#        F:\WQA\App\EWARM\App\Obj\txe_thread_preemption_change.o
#        F:\WQA\App\EWARM\App\Obj\txe_thread_priority_change.o
#        F:\WQA\App\EWARM\App\Obj\txe_thread_relinquish.o
#        F:\WQA\App\EWARM\App\Obj\txe_thread_reset.o
#        F:\WQA\App\EWARM\App\Obj\txe_thread_resume.o
#        F:\WQA\App\EWARM\App\Obj\txe_thread_suspend.o
#        F:\WQA\App\EWARM\App\Obj\txe_thread_terminate.o
#        F:\WQA\App\EWARM\App\Obj\txe_thread_time_slice_change.o
#        F:\WQA\App\EWARM\App\Obj\txe_thread_wait_abort.o
#        F:\WQA\App\EWARM\App\Obj\txe_timer_activate.o
#        F:\WQA\App\EWARM\App\Obj\txe_timer_change.o
#        F:\WQA\App\EWARM\App\Obj\txe_timer_create.o
#        F:\WQA\App\EWARM\App\Obj\txe_timer_deactivate.o
#        F:\WQA\App\EWARM\App\Obj\txe_timer_delete.o
#        F:\WQA\App\EWARM\App\Obj\txe_timer_info_get.o
#        F:\WQA\App\EWARM\App\Obj\usart.o F:\WQA\App\EWARM\App\Obj\usb_device.o
#        F:\WQA\App\EWARM\App\Obj\usbd_cdc.o
#        F:\WQA\App\EWARM\App\Obj\usbd_cdc_if.o
#        F:\WQA\App\EWARM\App\Obj\usbd_conf.o
#        F:\WQA\App\EWARM\App\Obj\usbd_core.o
#        F:\WQA\App\EWARM\App\Obj\usbd_ctlreq.o
#        F:\WQA\App\EWARM\App\Obj\usbd_desc.o
#        F:\WQA\App\EWARM\App\Obj\usbd_ioreq.o --redirect _Printf=_PrintfFull
#        --redirect _Scanf=_ScanfFull --no_out_extension -o
#        F:\WQA\App\EWARM\App\Exe\App.out --map
#        F:\WQA\App\EWARM\App\List\App.map --config
#        F:\WQA\App\EWARM/stm32h750xx_flash.icf --semihosting --entry
#        __iar_program_start --vfe --text_out locale)
#
###############################################################################

*******************************************************************************
*** RUNTIME MODEL ATTRIBUTES
***

CppFlavor       = *
__SystemLibrary = DLib
__dlib_version  = 6


*******************************************************************************
*** HEAP SELECTION
***

The basic heap was selected because no calls to memory allocation
functions were found in the application outside of system library
functions, and there are calls to deallocation functions in the
application.


*******************************************************************************
*** PLACEMENT SUMMARY
***

"A0":  place at address 0x9000'0000 { ro section .intvec };
"P1":  place in [from 0x9000'0000 to 0x91ff'ffff] { ro };
define block CSTACK with size = 16K, alignment = 8 { };
define block HEAP with size = 16K, alignment = 8 { };
"P2":  place in [from 0x2000'0000 to 0x2001'ffff] {
          rw, block CSTACK, block HEAP };
initialize by copy { rw };

  Section            Kind         Address      Size  Object
  -------            ----         -------      ----  ------
"P2", part 1 of 3:                            0x76d
  P2-1                        0x2000'0000     0x76d  <Init block>
    .data            inited   0x2000'0000     0x400  file.o [1]
    .data            inited   0x2000'0400      0x64  fx_system_initialize.o [1]
    .data            inited   0x2000'0464      0x1c  lv_btnmatrix.o [1]
    .data            inited   0x2000'0480      0x1c  lv_calendar.o [1]
    .data            inited   0x2000'049c      0x30  lv_calendar_header_arrow.o [1]
    .data            inited   0x2000'04cc       0x4  lv_calendar_header_dropdown.o [1]
    .data            inited   0x2000'04d0       0x4  lv_calendar_header_dropdown.o [1]
    .data            inited   0x2000'04d4      0x14  lv_keyboard.o [1]
    .data            inited   0x2000'04e8      0x14  lv_keyboard.o [1]
    .data            inited   0x2000'04fc       0x4  lv_mem.o [1]
    .data            inited   0x2000'0500       0x4  lv_txt.o [1]
    .data            inited   0x2000'0504       0x4  lv_txt.o [1]
    .data            inited   0x2000'0508       0x4  lv_txt.o [1]
    .data            inited   0x2000'050c       0x4  lv_txt.o [1]
    .data            inited   0x2000'0510       0x4  lv_txt.o [1]
    .data            inited   0x2000'0514       0x4  lv_txt.o [1]
    .data            inited   0x2000'0518       0x4  lv_txt.o [1]
    .data            inited   0x2000'051c       0x4  stm32h7xx_hal.o [1]
    .data            inited   0x2000'0520       0x4  system_stm32h7xx.o [1]
    .data            inited   0x2000'0524       0x4  system_stm32h7xx.o [1]
    .data            inited   0x2000'0528       0x4  tx_thread_initialize.o [1]
    .data            inited   0x2000'052c       0xc  usbd_cdc.o [1]
    .data            inited   0x2000'0538      0x38  usbd_cdc.o [1]
    .data            inited   0x2000'0570      0x44  usbd_cdc.o [1]
    .data            inited   0x2000'05b4      0x44  usbd_cdc.o [1]
    .data            inited   0x2000'05f8      0x44  usbd_cdc.o [1]
    .data            inited   0x2000'063c      0x14  usbd_cdc_if.o [1]
    .data            inited   0x2000'0650      0x1c  usbd_desc.o [1]
    .data            inited   0x2000'066c      0x14  usbd_desc.o [1]
    .data            inited   0x2000'0680       0x4  usbd_desc.o [1]
    .data            inited   0x2000'0684      0x1c  usbd_desc.o [1]
    .data            inited   0x2000'06a0      0x38  xlocale_c.o [2]
    .data            inited   0x2000'06d8      0x48  xlocale_c.o [2]
    .data            inited   0x2000'0720      0x48  xfiles.o [2]
    .data            inited   0x2000'0768       0x2  lv_style.o [1]
    .data            inited   0x2000'076a       0x1  lv_colorwheel.o [1]
    .data            inited   0x2000'076b       0x1  lv_obj_style.o [1]
    .data            inited   0x2000'076c       0x1  stm32h7xx_hal.o [1]
                            - 0x2000'076d     0x76d

"P2", part 2 of 3:                         0x1'14cc
  .bss               zero     0x2000'0770    0x8000  lv_mem.o [1]
  .bss               zero     0x2000'8770    0x24b8  file.o [1]
  .bss               zero     0x2000'ac28    0x1000  task.o [1]
  .bss               zero     0x2000'bc28    0x1000  task.o [1]
  .bss               zero     0x2000'cc28     0x800  task.o [1]
  .bss               zero     0x2000'd428     0x800  task.o [1]
  .bss               zero     0x2000'dc28     0x800  usbd_cdc_if.o [1]
  .bss               zero     0x2000'e428     0x800  usbd_cdc_if.o [1]
  .bss               zero     0x2000'ec28     0x408  usbd_conf.o [1]
  .bss               zero     0x2000'f040     0x400  file.o [1]
  .bss               zero     0x2000'f440     0x400  task.o [1]
  .bss               zero     0x2000'f840     0x400  task.o [1]
  .bss               zero     0x2000'fc40     0x400  tx_timer_initialize.o [1]
  .bss               zero     0x2001'0040     0x2d0  usb_device.o [1]
  .bss               zero     0x2001'0310     0x220  usbd_conf.o [1]
  .bss               zero     0x2001'0540     0x200  fx_stm32_sdio_driver.o [1]
  .bss               zero     0x2001'0740     0x200  usbd_desc.o [1]
  .bss               zero     0x2001'0940     0x1e0  file.o [1]
  .bss               zero     0x2001'0b20     0x100  bsp_cli.o [1]
  .bss               zero     0x2001'0c20     0x100  file.o [1]
  .bss               zero     0x2001'0d20     0x100  lv_draw_label.o [1]
  .bss               zero     0x2001'0e20      0xb4  task.o [1]
  .bss               zero     0x2001'0ed4      0xb4  task.o [1]
  .bss               zero     0x2001'0f88      0xb4  task.o [1]
  .bss               zero     0x2001'103c      0xb4  task.o [1]
  .bss               zero     0x2001'10f0      0xb4  task.o [1]
  .bss               zero     0x2001'11a4      0xb4  task.o [1]
  .bss               zero     0x2001'1258      0xb4  tx_timer_initialize.o [1]
  .bss               zero     0x2001'130c      0xa8  ltdc.o [1]
  .bss               zero     0x2001'13b4      0x90  usart.o [1]
  .bss               zero     0x2001'1444      0x80  lv_gc.o [1]
  .bss               zero     0x2001'14c4      0x80  lv_gc.o [1]
  .bss               zero     0x2001'1544      0x80  tx_thread_initialize.o [1]
  .bss               zero     0x2001'15c4      0x80  tx_timer_initialize.o [1]
  .bss               zero     0x2001'1644      0x7c  sdmmc.o [1]
  .bss               zero     0x2001'16c0      0x64  adc.o [1]
  .bss               zero     0x2001'1724      0x50  xfiles.o [2]
  .bss               zero     0x2001'1774      0x4c  stm32h7xx_hal_timebase_tim.o [1]
  .bss               zero     0x2001'17c0      0x4c  tim.o [1]
  .bss               zero     0x2001'180c      0x44  bsp_cli.o [1]
  .bss               zero     0x2001'1850      0x38  lv_port_disp.o [1]
  .bss               zero     0x2001'1888      0x34  task.o [1]
  .bss               zero     0x2001'18bc      0x2c  fx_system_initialize.o [1]
  .bss               zero     0x2001'18e8      0x2c  lv_gc.o [1]
  .bss               zero     0x2001'1914      0x24  lv_port_disp.o [1]
  .bss               zero     0x2001'1938      0x24  lv_theme_default.o [1]
  .bss               zero     0x2001'195c      0x24  rtc.o [1]
  .bss               zero     0x2001'1980      0x20  fx_stm32_sdio_driver.o [1]
  .bss               zero     0x2001'19a0      0x20  lv_port_indev.o [1]
  .bss               zero     0x2001'19c0      0x14  lv_theme_default.o [1]
  .bss               zero     0x2001'19d4      0x14  lv_theme_default.o [1]
  .bss               zero     0x2001'19e8      0x10  bsp_cli.o [1]
  FREE_MEM           zero     0x2001'19f8      0x10  tx_initialize_low_level.o [1]
  .bss               zero     0x2001'1a08       0xc  lv_gc.o [1]
  .bss               zero     0x2001'1a14       0xc  lv_gc.o [1]
  .bss               zero     0x2001'1a20       0xc  lv_gc.o [1]
  .bss               zero     0x2001'1a2c       0xc  lv_gc.o [1]
  .bss               zero     0x2001'1a38       0xc  lv_gc.o [1]
  .bss               zero     0x2001'1a44       0xc  lv_gc.o [1]
  .bss               zero     0x2001'1a50       0xc  lv_gc.o [1]
  .bss               zero     0x2001'1a5c       0xc  lv_gc.o [1]
  .bss               zero     0x2001'1a68       0x8  lv_font_montserrat_14.o [1]
  .bss               zero     0x2001'1a70       0x8  lv_theme_default.o [1]
  .bss               zero     0x2001'1a78       0x8  lv_theme_default.o [1]
  .bss               zero     0x2001'1a80       0x4  bsp_adc.o [1]
  .bss               zero     0x2001'1a84       0x4  bsp_adc.o [1]
  .bss               zero     0x2001'1a88       0x4  bsp_eeprom.o [1]
  .bss               zero     0x2001'1a8c       0x4  bsp_eeprom.o [1]
  .bss               zero     0x2001'1a90       0x4  bsp_touch.o [1]
  .bss               zero     0x2001'1a94       0x4  fx_system_initialize.o [1]
  .bss               zero     0x2001'1a98       0x4  fx_system_initialize.o [1]
  .bss               zero     0x2001'1a9c       0x4  fx_system_initialize.o [1]
  .bss               zero     0x2001'1aa0       0x4  fx_system_initialize.o [1]
  .bss               zero     0x2001'1aa4       0x4  fx_system_initialize.o [1]
  .bss               zero     0x2001'1aa8       0x4  fx_system_initialize.o [1]
  .bss               zero     0x2001'1aac       0x4  fx_system_initialize.o [1]
  .bss               zero     0x2001'1ab0       0x4  fx_system_initialize.o [1]
  .bss               zero     0x2001'1ab4       0x4  fx_system_initialize.o [1]
  .bss               zero     0x2001'1ab8       0x4  lv_anim.o [1]
  .bss               zero     0x2001'1abc       0x4  lv_anim.o [1]
  .bss               zero     0x2001'1ac0       0x4  lv_calendar_header_arrow.o [1]
  .bss               zero     0x2001'1ac4       0x4  lv_calendar_header_dropdown.o [1]
  .bss               zero     0x2001'1ac8       0x4  lv_draw_label.o [1]
  .bss               zero     0x2001'1acc       0x4  lv_event.o [1]
  .bss               zero     0x2001'1ad0       0x4  lv_flex.o [1]
  .bss               zero     0x2001'1ad4       0x4  lv_gc.o [1]
  .bss               zero     0x2001'1ad8       0x4  lv_gc.o [1]
  .bss               zero     0x2001'1adc       0x4  lv_gc.o [1]
  .bss               zero     0x2001'1ae0       0x4  lv_grid.o [1]
  .bss               zero     0x2001'1ae4       0x4  lv_group.o [1]
  .bss               zero     0x2001'1ae8       0x4  lv_hal_disp.o [1]
  .bss               zero     0x2001'1aec       0x4  lv_hal_tick.o [1]
  .bss               zero     0x2001'1af0       0x4  lv_indev.o [1]
  .bss               zero     0x2001'1af4       0x4  lv_indev.o [1]
  .bss               zero     0x2001'1af8       0x4  lv_mem.o [1]
  .bss               zero     0x2001'1afc       0x4  lv_obj.o [1]
  .bss               zero     0x2001'1b00       0x4  lv_obj_pos.o [1]
  .bss               zero     0x2001'1b04       0x4  lv_port_indev.o [1]
  .bss               zero     0x2001'1b08       0x4  lv_refr.o [1]
  .bss               zero     0x2001'1b0c       0x4  lv_refr.o [1]
  .bss               zero     0x2001'1b10       0x4  lv_spinner.o [1]
  .bss               zero     0x2001'1b14       0x4  lv_spinner.o [1]
  .bss               zero     0x2001'1b18       0x4  lv_textarea.o [1]
  .bss               zero     0x2001'1b1c       0x4  lv_theme_default.o [1]
  .bss               zero     0x2001'1b20       0x4  lv_tileview.o [1]
  .bss               zero     0x2001'1b24       0x4  lv_tileview.o [1]
  .bss               zero     0x2001'1b28       0x4  lv_timer.o [1]
  .bss               zero     0x2001'1b2c       0x4  lv_timer.o [1]
  .bss               zero     0x2001'1b30       0x4  lv_timer.o [1]
  .bss               zero     0x2001'1b34       0x4  stm32h7xx_hal.o [1]
  .bss               zero     0x2001'1b38       0x4  task.o [1]
  .bss               zero     0x2001'1b3c       0x4  task.o [1]
  .bss               zero     0x2001'1b40       0x4  task.o [1]
  .bss               zero     0x2001'1b44       0x4  task.o [1]
  .bss               zero     0x2001'1b48       0x4  tx_initialize_high_level.o [1]
  .bss               zero     0x2001'1b4c       0x4  tx_initialize_high_level.o [1]
  .bss               zero     0x2001'1b50       0x4  tx_initialize_high_level.o [1]
  .bss               zero     0x2001'1b54       0x4  tx_initialize_high_level.o [1]
  .bss               zero     0x2001'1b58       0x4  tx_initialize_high_level.o [1]
  .bss               zero     0x2001'1b5c       0x4  tx_initialize_high_level.o [1]
  .bss               zero     0x2001'1b60       0x4  tx_initialize_high_level.o [1]
  .bss               zero     0x2001'1b64       0x4  tx_initialize_high_level.o [1]
  .bss               zero     0x2001'1b68       0x4  tx_initialize_high_level.o [1]
  .bss               zero     0x2001'1b6c       0x4  tx_initialize_high_level.o [1]
  .bss               zero     0x2001'1b70       0x4  tx_initialize_high_level.o [1]
  .bss               zero     0x2001'1b74       0x4  tx_initialize_high_level.o [1]
  .bss               zero     0x2001'1b78       0x4  tx_initialize_high_level.o [1]
  .bss               zero     0x2001'1b7c       0x4  tx_thread_initialize.o [1]
  .bss               zero     0x2001'1b80       0x4  tx_thread_initialize.o [1]
  .bss               zero     0x2001'1b84       0x4  tx_thread_initialize.o [1]
  .bss               zero     0x2001'1b88       0x4  tx_thread_initialize.o [1]
  .bss               zero     0x2001'1b8c       0x4  tx_thread_initialize.o [1]
  .bss               zero     0x2001'1b90       0x4  tx_thread_initialize.o [1]
  .bss               zero     0x2001'1b94       0x4  tx_thread_initialize.o [1]
  .bss               zero     0x2001'1b98       0x4  tx_thread_initialize.o [1]
  .bss               zero     0x2001'1b9c       0x4  tx_thread_initialize.o [1]
  .bss               zero     0x2001'1ba0       0x4  tx_thread_initialize.o [1]
  .bss               zero     0x2001'1ba4       0x4  tx_thread_initialize.o [1]
  .bss               zero     0x2001'1ba8       0x4  tx_thread_initialize.o [1]
  .bss               zero     0x2001'1bac       0x4  tx_timer_initialize.o [1]
  .bss               zero     0x2001'1bb0       0x4  tx_timer_initialize.o [1]
  .bss               zero     0x2001'1bb4       0x4  tx_timer_initialize.o [1]
  .bss               zero     0x2001'1bb8       0x4  tx_timer_initialize.o [1]
  .bss               zero     0x2001'1bbc       0x4  tx_timer_initialize.o [1]
  .bss               zero     0x2001'1bc0       0x4  tx_timer_initialize.o [1]
  .bss               zero     0x2001'1bc4       0x4  tx_timer_initialize.o [1]
  .bss               zero     0x2001'1bc8       0x4  tx_timer_initialize.o [1]
  .bss               zero     0x2001'1bcc       0x4  tx_timer_initialize.o [1]
  .bss               zero     0x2001'1bd0       0x4  tx_timer_initialize.o [1]
  .bss               zero     0x2001'1bd4       0x4  tx_timer_initialize.o [1]
  .bss               zero     0x2001'1bd8       0x4  tx_timer_initialize.o [1]
  .bss               zero     0x2001'1bdc       0x4  tx_timer_initialize.o [1]
  .bss               zero     0x2001'1be0       0x4  xfail_s.o [2]
  .bss               zero     0x2001'1be4       0x2  bsp_cli.o [1]
  .bss               zero     0x2001'1be6       0x2  bsp_eeprom.o [1]
  .bss               zero     0x2001'1be8       0x2  bsp_eeprom.o [1]
  .bss               zero     0x2001'1bea       0x2  bsp_touch.o [1]
  .bss               zero     0x2001'1bec       0x2  bsp_touch.o [1]
  .bss               zero     0x2001'1bee       0x2  bsp_touch.o [1]
  .bss               zero     0x2001'1bf0       0x2  lv_calendar_header_arrow.o [1]
  .bss               zero     0x2001'1bf2       0x2  lv_colorwheel.o [1]
  .bss               zero     0x2001'1bf4       0x2  lv_flex.o [1]
  .bss               zero     0x2001'1bf6       0x2  lv_flex.o [1]
  .bss               zero     0x2001'1bf8       0x2  lv_flex.o [1]
  .bss               zero     0x2001'1bfa       0x2  lv_flex.o [1]
  .bss               zero     0x2001'1bfc       0x2  lv_flex.o [1]
  .bss               zero     0x2001'1bfe       0x2  lv_grid.o [1]
  .bss               zero     0x2001'1c00       0x2  lv_grid.o [1]
  .bss               zero     0x2001'1c02       0x2  lv_grid.o [1]
  .bss               zero     0x2001'1c04       0x2  lv_grid.o [1]
  .bss               zero     0x2001'1c06       0x2  lv_grid.o [1]
  .bss               zero     0x2001'1c08       0x2  lv_grid.o [1]
  .bss               zero     0x2001'1c0a       0x2  lv_grid.o [1]
  .bss               zero     0x2001'1c0c       0x2  lv_grid.o [1]
  .bss               zero     0x2001'1c0e       0x2  lv_grid.o [1]
  .bss               zero     0x2001'1c10       0x2  lv_grid.o [1]
  .bss               zero     0x2001'1c12       0x2  lv_port_indev.o [1]
  .bss               zero     0x2001'1c14       0x2  lv_port_indev.o [1]
  .bss               zero     0x2001'1c16       0x2  lv_tabview.o [1]
  .bss               zero     0x2001'1c18       0x2  lv_theme_default.o [1]
  .bss               zero     0x2001'1c1a       0x2  lv_theme_default.o [1]
  .bss               zero     0x2001'1c1c       0x2  lv_theme_default.o [1]
  .bss               zero     0x2001'1c1e       0x2  lv_theme_default.o [1]
  .bss               zero     0x2001'1c20       0x2  lv_win.o [1]
  .bss               zero     0x2001'1c22       0x1  bsp_eeprom.o [1]
  .bss               zero     0x2001'1c23       0x1  bsp_eeprom.o [1]
  .bss               zero     0x2001'1c24       0x1  fx_stm32_sdio_driver.o [1]
  .bss               zero     0x2001'1c25       0x1  lv_anim.o [1]
  .bss               zero     0x2001'1c26       0x1  lv_anim.o [1]
  .bss               zero     0x2001'1c27       0x1  lv_colorwheel.o [1]
  .bss               zero     0x2001'1c28       0x1  lv_colorwheel.o [1]
  .bss               zero     0x2001'1c29       0x1  lv_colorwheel.o [1]
  .bss               zero     0x2001'1c2a       0x1  lv_draw_label.o [1]
  .bss               zero     0x2001'1c2b       0x1  lv_hal_tick.o [1]
  .bss               zero     0x2001'1c2c       0x1  lv_indev.o [1]
  .bss               zero     0x2001'1c2d       0x1  lv_obj.o [1]
  .bss               zero     0x2001'1c2e       0x1  lv_obj_pos.o [1]
  .bss               zero     0x2001'1c2f       0x1  lv_tabview.o [1]
  .bss               zero     0x2001'1c30       0x1  lv_theme_default.o [1]
  .bss               zero     0x2001'1c31       0x1  lv_theme_default.o [1]
  .bss               zero     0x2001'1c32       0x1  lv_tileview.o [1]
  .bss               zero     0x2001'1c33       0x1  lv_timer.o [1]
  .bss               zero     0x2001'1c34       0x1  lv_timer.o [1]
  .bss               zero     0x2001'1c35       0x1  lv_timer.o [1]
  .bss               zero     0x2001'1c36       0x1  lv_timer.o [1]
  .bss               zero     0x2001'1c37       0x1  lv_timer.o [1]
  .bss               zero     0x2001'1c38       0x1  task.o [1]
  .bss               zero     0x2001'1c39       0x1  usbd_ctlreq.o [1]
                            - 0x2001'1c3a  0x1'14ca

"P2", part 3 of 3:                           0x4000
  CSTACK                      0x2001'1c40    0x4000  <Block>
    CSTACK           uninit   0x2001'1c40    0x4000  <Block tail>
                            - 0x2001'5c40    0x4000

Absolute sections, part 1 of 2:            0x2'5800
  .bss               zero     0x2402'5800  0x2'5800  lv_port_disp.o [1]
                            - 0x2404'b000  0x2'5800

Absolute sections, part 2 of 2:            0x4'0000
  .bss               zero     0x3000'0000  0x4'0000  file.o [1]
                            - 0x3004'0000  0x4'0000

"A0":                                         0x298
  .intvec            ro code  0x9000'0000     0x298  startup_stm32h750xx.o [1]
                            - 0x9000'0298     0x298

"P1":                                      0x4'a3b9
  .text              ro code  0x9000'0298    0x2616  lv_draw_rect.o [1]
  .text              ro code  0x9000'28ae      0x3a  zero_init3.o [4]
  .text              ro code  0x9000'28e8     0x680  lv_mem.o [1]
  .text              ro code  0x9000'2f68     0xd88  lv_refr.o [1]
  .text              ro code  0x9000'3cf0     0x2b6  lv_hal_disp.o [1]
  .text              ro code  0x9000'3fa6     0x468  lv_area.o [1]
  .text              ro code  0x9000'440e      0x1e  xencoding_8859_1.o [2]
  .text              ro code  0x9000'442c    0x1906  lv_draw_mask.o [1]
  .text              ro code  0x9000'5d32      0x1a  xsnprout.o [2]
  .text              ro code  0x9000'5d4c    0x1240  lv_draw_blend.o [1]
  .text              ro code  0x9000'6f8c     0xb1e  lv_draw_img.o [1]
  .text              ro code  0x9000'7aaa       0xa  xsprout.o [2]
  .text              ro code  0x9000'7ab4     0x908  lv_txt.o [1]
  .text              ro code  0x9000'83bc     0xb9e  lv_draw_label.o [1]
  .rodata            const    0x9000'8f5a       0x2  bsp_cli.o [1]
  .text              ro code  0x9000'8f5c     0xb36  lv_img_decoder.o [1]
  .rodata            const    0x9000'9a92       0x2  lv_btnmatrix.o [1]
  .text              ro code  0x9000'9a94     0xdc0  lv_tlsf.o [1]
  .text              ro code  0x9000'a854      0xa6  ABImemcpy.o [4]
  .rodata            const    0x9000'a8fa       0x2  lv_draw_label.o [1]
  .text              ro code  0x9000'a8fc     0x27e  lv_timer.o [1]
  .rodata            const    0x9000'ab7a       0x2  lv_img_decoder.o [1]
  .text              ro code  0x9000'ab7c      0x46  lv_hal_tick.o [1]
  .rodata            const    0x9000'abc2       0x2  lv_keyboard.o [1]
  .text              ro code  0x9000'abc4    0x17f4  lv_obj_pos.o [1]
  .text              ro code  0x9000'c3b8     0x410  lv_font_fmt_txt.o [1]
  .text              ro code  0x9000'c7c8      0x7a  lv_disp.o [1]
  .rodata            const    0x9000'c842       0x2  lv_keyboard.o [1]
  .text              ro code  0x9000'c844     0xef2  lv_obj.o [1]
  .rodata            const    0x9000'd736       0x2  lv_keyboard.o [1]
  .text              ro code  0x9000'd738     0x30a  lv_event.o [1]
  .rodata            const    0x9000'da42       0x2  lv_keyboard.o [1]
  .text              ro code  0x9000'da44     0x2cc  lv_obj_tree.o [1]
  .text              ro code  0x9000'dd10     0xb6e  lv_obj_draw.o [1]
  .rodata            const    0x9000'e87e       0x2  lv_keyboard.o [1]
  .text              ro code  0x9000'e880    0x12c0  lv_obj_style.o [1]
  .text              ro code  0x9000'fb40     0x200  lv_ll.o [1]
  .text              ro code  0x9000'fd40    0x2510  lv_theme_default.o [1]
  .text              ro code  0x9001'2250     0x364  lv_color.o [1]
  .text              ro code  0x9001'25b4    0x14e0  lv_obj_scroll.o [1]
  .text              ro code  0x9001'3a94     0x234  lv_math.o [1]
  .text              ro code  0x9001'3cc8      0x64  lv_img_cache.o [1]
  .text              ro code  0x9001'3d2c     0xf34  lv_img_buf.o [1]
  .text              ro code  0x9001'4c60      0x66  ABImemset.o [4]
  .text              ro code  0x9001'4cc6      0x54  lv_font.o [1]
  .rodata            const    0x9001'4d1a       0x2  lv_keyboard.o [1]
  .text              ro code  0x9001'4d1c      0x36  strlen.o [4]
  .rodata            const    0x9001'4d52       0x2  lv_keyboard.o [1]
  .text              ro code  0x9001'4d54     0x934  lv_printf.o [1]
  .text              ro code  0x9001'5688     0xc60  lv_draw_line.o [1]
  .text              ro code  0x9001'62e8      0x18  strcpy.o [4]
  .text              ro code  0x9001'6300     0x1b0  lv_fs.o [1]
  .text              ro code  0x9001'64b0      0x12  strcmp.o [4]
  .text              ro code  0x9001'64c2     0x19e  lv_obj_style_gen.o [1]
  .text              ro code  0x9001'6660      0x58  lv_utils.o [1]
  .text              ro code  0x9001'66b8     0x4b4  lv_anim.o [1]
  .text              ro code  0x9001'6b6c     0x4a4  lv_group.o [1]
  .text              ro code  0x9001'7010       0xc  lv_extra.o [1]
  .text              ro code  0x9001'701c     0x244  lv_obj_class.o [1]
  .text              ro code  0x9001'7260    0x11b0  lv_indev.o [1]
  .text              ro code  0x9001'8410      0xf2  lv_hal_indev.o [1]
  .rodata            const    0x9001'8502       0x2  lv_keyboard.o [1]
  .text              ro code  0x9001'8504     0x46e  lv_style.o [1]
  .text              ro code  0x9001'8972     0x3ea  lv_style_gen.o [1]
  .text              ro code  0x9001'8d5c     0x230  I64DivMod.o [4]
  .text              ro code  0x9001'8f8c    0x1076  lv_flex.o [1]
  .rodata            const    0x9001'a002       0x2  lv_keyboard.o [1]
  .text              ro code  0x9001'a004     0xe48  lv_grid.o [1]
  .text              ro code  0x9001'ae4c      0x94  lv_theme.o [1]
  .text              ro code  0x9001'aee0     0xe14  lv_indev_scroll.o [1]
  .text              ro code  0x9001'bcf4       0x2  I64DivZer.o [4]
  .rodata            const    0x9001'bcf6       0x2  lv_keyboard.o [1]
  .rodata            const    0x9001'bcf8    0x2280  lv_font_montserrat_14.o [1]
  .text              ro code  0x9001'df78    0x220a  lv_chart.o [1]
  .rodata            const    0x9002'0182       0x2  lv_keyboard.o [1]
  .text              ro code  0x9002'0184    0x19f0  stm32h7xx_hal_rcc_ex.o [1]
  .text              ro code  0x9002'1b74       0xc  stm32h7xx_hal.o [1]
  .text              ro code  0x9002'1b80     0xc48  stm32h7xx_hal_rcc.o [1]
  .text              ro code  0x9002'27c8      0xd0  stm32h7xx_hal_timebase_tim.o [1]
  .text              ro code  0x9002'2898      0x74  stm32h7xx_hal.o [1]
  .text              ro code  0x9002'290c     0x1e4  stm32h7xx_hal_cortex.o [1]
  .text              ro code  0x9002'2af0     0x9fc  stm32h7xx_hal_tim.o [1]
  .text              ro code  0x9002'34ec      0x20  stm32h7xx_hal_msp.o [1]
  .text              ro code  0x9002'350c      0xf4  tim.o [1]
  .text              ro code  0x9002'3600       0x2  stm32h7xx_hal_tim.o [1]
  .text              ro code  0x9002'3602       0x2  stm32h7xx_hal_tim.o [1]
  .text              ro code  0x9002'3604       0x2  stm32h7xx_hal_tim.o [1]
  .text              ro code  0x9002'3606       0x2  stm32h7xx_hal_tim.o [1]
  .text              ro code  0x9002'3608     0x2a4  main.o [1]
  .text              ro code  0x9002'38ac       0x2  stm32h7xx_hal_tim_ex.o [1]
  .text              ro code  0x9002'38ae       0x2  stm32h7xx_hal_tim_ex.o [1]
  .text              ro code  0x9002'38b0       0x2  stm32h7xx_hal_tim.o [1]
  .text              ro code  0x9002'38b2       0x2  stm32h7xx_hal_tim_ex.o [1]
  .text              ro code  0x9002'38b4      0x14  memset.o [4]
  .text              ro code  0x9002'38c8     0x428  stm32h7xx_hal_gpio.o [1]
  .text              ro code  0x9002'3cf0     0x160  gpio.o [1]
  .text              ro code  0x9002'3e50     0x108  rtc.o [1]
  .text              ro code  0x9002'3f58     0x130  usart.o [1]
  .text              ro code  0x9002'4088     0x268  ltdc.o [1]
  .text              ro code  0x9002'42f0     0x160  adc.o [1]
  .text              ro code  0x9002'4450      0x5c  usb_device.o [1]
  .text              ro code  0x9002'44ac     0x174  sdmmc.o [1]
  .text              ro code  0x9002'4620      0x48  tx_initialize_kernel_enter.o [1]
  .text              ro code  0x9002'4668      0x64  stm32h7xx_hal_pwr_ex.o [1]
  .text              ro code  0x9002'46cc      0x10  stm32h7xx_hal_pwr.o [1]
  .text              ro code  0x9002'46dc      0x18  stm32h7xx_hal.o [1]
  .text              ro code  0x9002'46f4     0x446  stm32h7xx_hal_rtc.o [1]
  .rodata            const    0x9002'4b3a       0x2  lv_keyboard.o [1]
  .text              ro code  0x9002'4b3c      0x1a  stm32h7xx_hal_rtc_ex.o [1]
  .rodata            const    0x9002'4b56       0x2  lv_keyboard.o [1]
  .text              ro code  0x9002'4b58     0x92c  stm32h7xx_hal_uart.o [1]
  .text              ro code  0x9002'5484     0x170  stm32h7xx_hal_uart_ex.o [1]
  .text              ro code  0x9002'55f4     0x414  stm32h7xx_hal_ltdc.o [1]
  .text              ro code  0x9002'5a08     0xd60  stm32h7xx_hal_adc.o [1]
  .text              ro code  0x9002'6768     0x174  stm32h7xx_hal_adc_ex.o [1]
  .text              ro code  0x9002'68dc     0x436  usbd_core.o [1]
  .rodata            const    0x9002'6d12       0x2  lv_keyboard.o [1]
  .text              ro code  0x9002'6d14     0x410  usbd_cdc.o [1]
  .text              ro code  0x9002'7124    0x1090  stm32h7xx_hal_sd.o [1]
  .text              ro code  0x9002'81b4      0x74  tx_initialize_low_level.o [1]
  .text              ro code  0x9002'8228      0x84  tx_initialize_high_level.o [1]
  .text              ro code  0x9002'82ac     0x384  task.o [1]
  .text              ro code  0x9002'8630      0xc0  tx_thread_schedule.o [1]
  .text              ro code  0x9002'86f0     0x438  usbd_conf.o [1]
  .text              ro code  0x9002'8b28     0x8ac  usbd_ctlreq.o [1]
  .text              ro code  0x9002'93d4      0xac  usbd_ioreq.o [1]
  .text              ro code  0x9002'9480     0x7c8  stm32h7xx_ll_sdmmc.o [1]
  .text              ro code  0x9002'9c48      0x28  stm32h7xx_hal.o [1]
  .text              ro code  0x9002'9c70      0xa6  bsp_sdio.o [1]
  .text              ro code  0x9002'9d16       0x2  stm32h7xx_hal_sd.o [1]
  .text              ro code  0x9002'9d18       0x2  stm32h7xx_hal_sd.o [1]
  .text              ro code  0x9002'9d1a       0x2  stm32h7xx_hal_sd.o [1]
  .text              ro code  0x9002'9d1c       0x2  stm32h7xx_hal_sd.o [1]
  .rodata            const    0x9002'9d1e       0x2  lv_keyboard.o [1]
  .text              ro code  0x9002'9d20      0xb8  tx_timer_interrupt.o [1]
  .text              ro code  0x9002'9dd8      0xac  tx_thread_initialize.o [1]
  .text              ro code  0x9002'9e84      0xf8  tx_timer_initialize.o [1]
  .text              ro code  0x9002'9f7c     0x190  txe_thread_create.o [1]
  .text              ro code  0x9002'a10c      0x88  bsp.o [1]
  .text              ro code  0x9002'a194      0x9c  tx_thread_sleep.o [1]
  .text              ro code  0x9002'a230     0x3ac  bsp_cli.o [1]
  .text              ro code  0x9002'a5dc      0xec  txe_mutex_create.o [1]
  .text              ro code  0x9002'a6c8      0x3c  vsnprint.o [2]
  .text              ro code  0x9002'a704      0x90  txe_mutex_get.o [1]
  .text              ro code  0x9002'a794      0x28  printf.o [2]
  .text              ro code  0x9002'a7bc      0x58  txe_mutex_put.o [1]
  .text              ro code  0x9002'a814     0x6f0  file.o [1]
  .text              ro code  0x9002'af04      0x74  lv_port_disp.o [1]
  .text              ro code  0x9002'af78      0x80  lv_port_indev.o [1]
  .text              ro code  0x9002'aff8      0x36  lv_btn.o [1]
  .rodata            const    0x9002'b02e       0x2  lv_keyboard.o [1]
  .text              ro code  0x9002'b030     0xd38  stm32h7xx_hal_pcd.o [1]
  .text              ro code  0x9002'bd68      0xa2  stm32h7xx_hal_pcd_ex.o [1]
  .rodata            const    0x9002'be0a       0x2  lv_keyboard.o [1]
  .text              ro code  0x9002'be0c     0x54c  fx_stm32_sdio_driver.o [1]
  .text              ro code  0x9002'c358       0x2  bsp_sdio.o [1]
  .rodata            const    0x9002'c35a       0x2  lv_keyboard.o [1]
  .text              ro code  0x9002'c35c      0x28  tx_timer_expiration_process.o [1]
  .text              ro code  0x9002'c384     0x178  tx_thread_time_slice.o [1]
  .text              ro code  0x9002'c4fc     0x1a8  tx_thread_create.o [1]
  .text              ro code  0x9002'c6a4      0xd0  tx_thread_system_preempt_check.o [1]
  .text              ro code  0x9002'c774      0x6a  bsp_dwt.o [1]
  .rodata            const    0x9002'c7de       0x2  lv_keyboard.o [1]
  .text              ro code  0x9002'c7e0     0x4e4  bsp_eeprom.o [1]
  .text              ro code  0x9002'ccc4     0x57c  bsp_lcd.o [1]
  .text              ro code  0x9002'd240     0x68c  bsp_touch.o [1]
  .text              ro code  0x9002'd8cc      0xcc  bsp_adc.o [1]
  .text              ro code  0x9002'd998     0x340  tx_thread_system_suspend.o [1]
  .text              ro code  0x9002'dcd8      0x46  strcasecmp.o [2]
  .rodata            const    0x9002'dd1e       0x2  lv_keyboard.o [1]
  .text              ro code  0x9002'dd20      0x16  strchr.o [4]
  .text              ro code  0x9002'dd36     0x4bc  qsort.o [2]
  .rodata            const    0x9002'e1f2       0x2  lv_keyboard.o [1]
  .text              ro code  0x9002'e1f4      0x80  tx_mutex_create.o [1]
  .text              ro code  0x9002'e274    0x10c6  xprintffull.o [2]
  .rodata            const    0x9002'f33a       0x2  lv_keyboard.o [1]
  .text              ro code  0x9002'f33c     0x144  tx_mutex_get.o [1]
  .text              ro code  0x9002'f480     0x2b8  tx_mutex_put.o [1]
  .text              ro code  0x9002'f738      0xbc  fx_system_initialize.o [1]
  .text              ro code  0x9002'f7f4     0x100  fxe_media_open.o [1]
  .text              ro code  0x9002'f8f4      0x6c  fxe_directory_next_full_entry_find.o [1]
  .text              ro code  0x9002'f960      0x4c  fxe_media_extended_space_available.o [1]
  .text              ro code  0x9002'f9ac      0x44  fxe_media_close.o [1]
  .text              ro code  0x9002'f9f0      0x48  fxe_file_create.o [1]
  .text              ro code  0x9002'fa38      0xcc  fxe_file_open.o [1]
  .text              ro code  0x9002'fb04      0x48  fxe_file_seek.o [1]
  .text              ro code  0x9002'fb4c      0x50  fxe_file_write.o [1]
  .text              ro code  0x9002'fb9c      0x44  fxe_file_close.o [1]
  .text              ro code  0x9002'fbe0      0x44  fxe_media_flush.o [1]
  .text              ro code  0x9002'fc24      0x58  fxe_file_read.o [1]
  .text              ro code  0x9002'fc7c      0x48  fxe_directory_create.o [1]
  .text              ro code  0x9002'fcc4      0x48  fxe_directory_delete.o [1]
  .text              ro code  0x9002'fd0c      0x48  fxe_file_delete.o [1]
  .text              ro code  0x9002'fd54      0x40  sprintf.o [2]
  .text              ro code  0x9002'fd94     0x14c  iar_Stoulx.o [2]
  .text              ro code  0x9002'fee0     0xfa4  stm32h7xx_ll_usb.o [1]
  .text              ro code  0x9003'0e84      0x18  tx_time_get.o [1]
  .text              ro code  0x9003'0e9c      0xe0  txe_semaphore_create.o [1]
  .text              ro code  0x9003'0f7c      0x64  txe_semaphore_delete.o [1]
  .text              ro code  0x9003'0fe0      0x6c  txe_semaphore_get.o [1]
  .text              ro code  0x9003'104c     0x1ea  fx_partition_offset_calculate.o [1]
  .rodata            const    0x9003'1236       0x2  lv_keyboard.o [1]
  .text              ro code  0x9003'1238      0x24  txe_semaphore_put.o [1]
  .text              ro code  0x9003'125c      0x1e  fx_utility_memory_copy.o [1]
  .rodata            const    0x9003'127a       0x2  lv_keyboard.o [1]
  .text              ro code  0x9003'127c     0x314  tx_thread_system_resume.o [1]
  .text              ro code  0x9003'1590      0x24  tx_thread_stack_error_handler.o [1]
  .text              ro code  0x9003'15b4      0x90  tx_thread_stack_analyze.o [1]
  .text              ro code  0x9003'1644      0x44  tx_thread_stack_build.o [1]
  .text              ro code  0x9003'1688      0x78  tx_timer_system_activate.o [1]
  .text              ro code  0x9003'1700      0x14  tolower.o [2]
  .text              ro code  0x9003'1714      0x96  ABImemmove.o [4]
  .rodata            const    0x9003'17aa       0x2  lv_keyboard.o [1]
  .text              ro code  0x9003'17ac      0xa8  xlocale_c.o [2]
  .text              ro code  0x9003'1854      0x40  xfail_s.o [2]
  .text              ro code  0x9003'1894      0x58  memchr.o [4]
  .text              ro code  0x9003'18ec      0x70  frexp.o [3]
  .text              ro code  0x9003'195c      0x2e  DblCmpLe.o [3]
  .rodata            const    0x9003'198a       0x2  lv_keyboard.o [1]
  .text              ro code  0x9003'198c      0x2e  DblCmpGe.o [3]
  .rodata            const    0x9003'19ba       0x2  lv_keyboard.o [1]
  .text              ro code  0x9003'19bc     0x104  ldexp.o [3]
  .text              ro code  0x9003'1ac0       0xe  DblToS32.o [3]
  .text              ro code  0x9003'1ace       0xe  S32ToDbl.o [3]
  .text              ro code  0x9003'1adc      0x12  DblSub.o [3]
  .text              ro code  0x9003'1aee      0x12  DblDiv.o [3]
  .text              ro code  0x9003'1b00       0xe  DblToU32.o [3]
  .text              ro code  0x9003'1b0e       0xe  U32ToDbl.o [3]
  .text              ro code  0x9003'1b1c      0x12  DblMul.o [3]
  .text              ro code  0x9003'1b2e       0xa  xmbcurmax.o [2]
  .text              ro code  0x9003'1b38     0x108  tx_mutex_priority_change.o [1]
  .text              ro code  0x9003'1c40     0x100  tx_mutex_prioritize.o [1]
  .text              ro code  0x9003'1d40      0x9c  tx_timer_create.o [1]
  .text              ro code  0x9003'1ddc      0x18  tx_thread_identify.o [1]
  .text              ro code  0x9003'1df4      0xd0  tx_thread_preemption_change.o [1]
  .text              ro code  0x9003'1ec4     0x7d0  fx_media_open.o [1]
  .text              ro code  0x9003'2694     0x368  fx_directory_next_full_entry_find.o [1]
  .text              ro code  0x9003'29fc      0x5c  fx_media_extended_space_available.o [1]
  .text              ro code  0x9003'2a58     0x2bc  fx_media_close.o [1]
  .text              ro code  0x9003'2d14     0x170  fx_file_create.o [1]
  .text              ro code  0x9003'2e84     0x464  fx_file_open.o [1]
  .text              ro code  0x9003'32e8      0x12  fx_file_seek.o [1]
  .rodata            const    0x9003'32fa       0x2  lv_keyboard.o [1]
  .text              ro code  0x9003'32fc     0x684  fx_file_write.o [1]
  .text              ro code  0x9003'3980      0xec  fx_file_close.o [1]
  .text              ro code  0x9003'3a6c     0x244  fx_media_flush.o [1]
  .text              ro code  0x9003'3cb0     0x340  fx_file_read.o [1]
  .text              ro code  0x9003'3ff0     0x424  fx_directory_create.o [1]
  .text              ro code  0x9003'4414     0x254  fx_directory_delete.o [1]
  .text              ro code  0x9003'4668     0x1a4  fx_file_delete.o [1]
  .text              ro code  0x9003'480c      0x14  isspace.o [2]
  .text              ro code  0x9003'4820      0x74  tx_semaphore_create.o [1]
  .text              ro code  0x9003'4894      0xc8  tx_semaphore_delete.o [1]
  .text              ro code  0x9003'495c      0xbc  tx_semaphore_get.o [1]
  .text              ro code  0x9003'4a18      0x88  tx_semaphore_put.o [1]
  .text              ro code  0x9003'4aa0      0x36  tx_timer_system_deactivate.o [1]
  .text              ro code  0x9003'4ad6       0x6  abort.o [2]
  .text              ro code  0x9003'4adc      0xde  fx_media_boot_info_extract.o [1]
  .text              ro code  0x9003'4bba       0xc  fx_utility_16_unsigned_read.o [1]
  .text              ro code  0x9003'4bc6     0x320  fx_utility_FAT_entry_read.o [1]
  .text              ro code  0x9003'4ee6      0x18  fx_utility_32_unsigned_read.o [1]
  .text              ro code  0x9003'4efe     0x34a  fx_utility_logical_sector_flush.o [1]
  .text              ro code  0x9003'5248     0x552  fx_directory_entry_read.o [1]
  .text              ro code  0x9003'579a     0x8f4  fx_directory_entry_write.o [1]
  .rodata            const    0x9003'608e       0x2  lv_keyboard.o [1]
  .text              ro code  0x9003'6090      0xd4  fx_media_abort.o [1]
  .text              ro code  0x9003'6164     0x46e  fx_utility_FAT_flush.o [1]
  .text              ro code  0x9003'65d2      0xe4  fx_utility_FAT_map_flush.o [1]
  .text              ro code  0x9003'66b6      0x16  fx_utility_32_unsigned_write.o [1]
  .text              ro code  0x9003'66cc      0xec  tx_mutex_delete.o [1]
  .text              ro code  0x9003'67b8     0x6fc  fx_directory_search.o [1]
  .text              ro code  0x9003'6eb4      0x66  fx_directory_name_extract.o [1]
  .rodata            const    0x9003'6f1a       0x2  lv_keyboard.o [1]
  .text              ro code  0x9003'6f1c     0x5b8  fx_directory_free_search.o [1]
  .text              ro code  0x9003'74d4     0x278  fx_file_extended_seek.o [1]
  .text              ro code  0x9003'774c     0x152  fx_utility_FAT_entry_write.o [1]
  .text              ro code  0x9003'789e     0x39c  fx_utility_logical_sector_read.o [1]
  .text              ro code  0x9003'7c3a     0x22a  fx_utility_logical_sector_write.o [1]
  .text              ro code  0x9003'7e64      0x14  exit.o [5]
  .text              ro code  0x9003'7e78       0xa  fx_utility_16_unsigned_write.o [1]
  .text              ro code  0x9003'7e82     0x374  fx_utility_logical_sector_cache_entry_read.o [1]
  .rodata            const    0x9003'81f6       0x2  lv_keyboard.o [1]
  .text              ro code  0x9003'81f8    0x16d8  lv_label.o [1]
  .text              ro code  0x9003'98d0    0x1650  lv_btnmatrix.o [1]
  .text              ro code  0x9003'af20    0x1550  lv_textarea.o [1]
  .text              ro code  0x9003'c470    0x13e2  lv_arc.o [1]
  .text              ro code  0x9003'd852     0xdce  lv_draw_arc.o [1]
  .text              ro code  0x9003'e620    0x10e4  lv_dropdown.o [1]
  .text              ro code  0x9003'f704     0xe38  lv_colorwheel.o [1]
  .text              ro code  0x9004'053c     0xd92  lv_table.o [1]
  .rodata            const    0x9004'12ce       0x2  lv_keyboard.o [1]
  .text              ro code  0x9004'12d0     0xd22  lv_roller.o [1]
  .rodata            const    0x9004'1ff2       0x2  lv_keyboard.o [1]
  .text              ro code  0x9004'1ff4     0xcfa  lv_slider.o [1]
  .rodata            const    0x9004'2cee       0x2  lv_keyboard.o [1]
  .text              ro code  0x9004'2cf0     0xabe  lv_bar.o [1]
  .rodata            const    0x9004'37ae       0x2  lv_keyboard.o [1]
  .rodata            const    0x9004'37b0     0xbb0  lv_font_montserrat_14.o [1]
  .text              ro code  0x9004'4360     0xa60  lv_meter.o [1]
  .text              ro code  0x9004'4dc0     0x50a  lv_checkbox.o [1]
  .rodata            const    0x9004'52ca       0x2  lv_keyboard.o [1]
  .rodata            const    0x9004'52cc     0x4f0  lv_font_montserrat_14.o [1]
  .text              ro code  0x9004'57bc     0x4d6  lv_calendar.o [1]
  .rodata            const    0x9004'5c92       0x2  lv_keyboard.o [1]
  .text              ro code  0x9004'5c94     0x4b4  lv_spinbox.o [1]
  .text              ro code  0x9004'6148     0x3ec  lv_tabview.o [1]
  .text              ro code  0x9004'6534     0x3a4  lv_switch.o [1]
  .text              ro code  0x9004'68d8     0x35c  lv_led.o [1]
  .text              ro code  0x9004'6c34     0x2f8  lv_keyboard.o [1]
  .text              ro code  0x9004'6f2c     0x2cc  lv_calendar_header_arrow.o [1]
  .rodata            const    0x9004'71f8     0x268  lv_calendar_header_dropdown.o [1]
  .text              ro code  0x9004'7460     0x258  lv_calendar_header_dropdown.o [1]
  .text              ro code  0x9004'76b8     0x254  lv_line.o [1]
  .text              ro code  0x9004'790c     0x1bc  lv_tileview.o [1]
  .text              ro code  0x9004'7ac8     0x19c  fx_system_timer_entry.o [1]
  .text              ro code  0x9004'7c64     0x168  tx_timer_thread_entry.o [1]
  .text              ro code  0x9004'7dcc     0x15e  usbd_desc.o [1]
  .rodata            const    0x9004'7f2a       0x2  lv_keyboard.o [1]
  .text              ro code  0x9004'7f2c     0x124  system_stm32h7xx.o [1]
  .rodata            const    0x9004'8050     0x100  lv_draw_label.o [1]
  .text              ro code  0x9004'8150      0xf4  tx_mutex_cleanup.o [1]
  .text              ro code  0x9004'8244      0xe0  lv_spinner.o [1]
  .rodata            const    0x9004'8324      0xc0  lv_color.o [1]
[...]
lv_style_set_pad_right  0x9001'8a4b      0x18  Code  Gb  lv_style_gen.o [1]
lv_style_set_pad_row    0x9001'8a63      0x18  Code  Gb  lv_style_gen.o [1]
lv_style_set_pad_top    0x9001'8a03      0x18  Code  Gb  lv_style_gen.o [1]
lv_style_set_pad_ver    0x9000'feb5      0x1c  Code  Lc  lv_theme_default.o [1]
lv_style_set_prop       0x9001'871f     0x134  Code  Gb  lv_style.o [1]
lv_style_set_radius     0x9001'8a93      0x16  Code  Gb  lv_style_gen.o [1]
lv_style_set_shadow_color
                        0x9001'8ccf      0x18  Code  Gb  lv_style_gen.o [1]
lv_style_set_shadow_ofs_y
                        0x9001'8c9f      0x18  Code  Gb  lv_style_gen.o [1]
lv_style_set_shadow_spread
                        0x9001'8cb7      0x18  Code  Gb  lv_style_gen.o [1]
lv_style_set_shadow_width
                        0x9001'8c87      0x18  Code  Gb  lv_style_gen.o [1]
lv_style_set_size       0x9000'feed      0x1c  Code  Lc  lv_theme_default.o [1]
lv_style_set_text_align
                        0x9001'8c0f      0x18  Code  Gb  lv_style_gen.o [1]
lv_style_set_text_color
                        0x9001'8bc7      0x1a  Code  Gb  lv_style_gen.o [1]
lv_style_set_text_font  0x9001'8be1      0x16  Code  Gb  lv_style_gen.o [1]
lv_style_set_text_line_space
                        0x9001'8bf7      0x18  Code  Gb  lv_style_gen.o [1]
lv_style_set_transform_height
                        0x9001'89eb      0x18  Code  Gb  lv_style_gen.o [1]
lv_style_set_transform_width
                        0x9001'89d3      0x18  Code  Gb  lv_style_gen.o [1]
lv_style_set_transition
                        0x9001'8afd      0x14  Code  Gb  lv_style_gen.o [1]
lv_style_set_width      0x9001'8973      0x18  Code  Gb  lv_style_gen.o [1]
lv_style_transition_dsc_init
                        0x9001'8869      0x3a  Code  Gb  lv_style.o [1]
lv_switch_class         0x9004'9a44      0x1c  Data  Gb  lv_switch.o [1]
lv_switch_constructor   0x9004'65b5      0x22  Code  Lc  lv_switch.o [1]
lv_switch_event         0x9004'65d7     0x146  Code  Lc  lv_switch.o [1]
lv_table_class          0x9004'9a60      0x1c  Data  Gb  lv_table.o [1]
lv_table_constructor    0x9004'063d      0x48  Code  Lc  lv_table.o [1]
lv_table_destructor     0x9004'0685      0x5e  Code  Lc  lv_table.o [1]
lv_table_event          0x9004'06e3     0x282  Code  Lc  lv_table.o [1]
lv_tabview_class        0x9004'9a7c      0x1c  Data  Gb  lv_tabview.o [1]
lv_tabview_constructor  0x9004'6233     0x142  Code  Lc  lv_tabview.o [1]
lv_tabview_destructor   0x9004'6379      0x68  Code  Lc  lv_tabview.o [1]
lv_tabview_event        0x9004'63e1      0x48  Code  Lc  lv_tabview.o [1]
lv_tabview_get_content  0x9004'6217       0xe  Code  Gb  lv_tabview.o [1]
lv_tabview_get_tab_act  0x9004'620f       0x8  Code  Gb  lv_tabview.o [1]
lv_tabview_get_tab_btns
                        0x9004'6225       0xe  Code  Gb  lv_tabview.o [1]
lv_tabview_set_act      0x9004'6175      0x9a  Code  Gb  lv_tabview.o [1]
lv_task_handler         0x9002'82ad       0x8  Code  Lc  task.o [1]
lv_textarea_add_char    0x9003'b04d     0x156  Code  Gb  lv_textarea.o [1]
lv_textarea_add_text    0x9003'b1a3     0x16e  Code  Gb  lv_textarea.o [1]
lv_textarea_class       0x9004'9a98      0x1c  Data  Gb  lv_textarea.o [1]
lv_textarea_clear_selection
                        0x9003'b775      0x30  Code  Gb  lv_textarea.o [1]
lv_textarea_constructor
                        0x9003'b8bd      0xa0  Code  Lc  lv_textarea.o [1]
lv_textarea_cursor_down
                        0x9003'b7d9      0x7a  Code  Gb  lv_textarea.o [1]
lv_textarea_cursor_left
                        0x9003'b7bd      0x1c  Code  Gb  lv_textarea.o [1]
lv_textarea_cursor_right
                        0x9003'b7a5      0x18  Code  Gb  lv_textarea.o [1]
lv_textarea_cursor_up   0x9003'b853      0x6a  Code  Gb  lv_textarea.o [1]
lv_textarea_del_char    0x9003'b311      0xd8  Code  Gb  lv_textarea.o [1]
lv_textarea_del_char_forward
                        0x9003'b3e9      0x26  Code  Gb  lv_textarea.o [1]
lv_textarea_destructor  0x9003'b961      0x2a  Code  Lc  lv_textarea.o [1]
lv_textarea_event       0x9003'b98b     0x190  Code  Lc  lv_textarea.o [1]
lv_textarea_get_accepted_chars
                        0x9003'b765       0x8  Code  Gb  lv_textarea.o [1]
lv_textarea_get_cursor_pos
                        0x9003'b74b       0x8  Code  Gb  lv_textarea.o [1]
lv_textarea_get_max_length
                        0x9003'b76d       0x8  Code  Gb  lv_textarea.o [1]
lv_textarea_get_one_line
                        0x9003'b753      0x12  Code  Gb  lv_textarea.o [1]
lv_textarea_get_text    0x9003'b72b      0x20  Code  Gb  lv_textarea.o [1]
lv_textarea_set_cursor_click_pos
                        0x9003'b681      0x22  Code  Gb  lv_textarea.o [1]
lv_textarea_set_cursor_pos
                        0x9003'b54f     0x12c  Code  Gb  lv_textarea.o [1]
lv_textarea_set_one_line
                        0x9003'b6a3      0x88  Code  Gb  lv_textarea.o [1]
lv_textarea_set_text    0x9003'b40f     0x140  Code  Gb  lv_textarea.o [1]
lv_theme_apply          0x9001'ae7d      0x20  Code  Gb  lv_theme.o [1]
lv_theme_default_init   0x9001'116d      0xbe  Code  Gb  lv_theme_default.o [1]
lv_theme_default_is_inited
                        0x9001'122b       0x6  Code  Gb  lv_theme_default.o [1]
lv_theme_get_color_primary
                        0x9001'aea1      0x1c  Code  Gb  lv_theme.o [1]
lv_theme_get_from_obj   0x9001'ae5d      0x20  Code  Gb  lv_theme.o [1]
lv_tick_elaps           0x9000'aba9      0x1a  Code  Gb  lv_hal_tick.o [1]
lv_tick_get             0x9000'ab8d      0x14  Code  Gb  lv_hal_tick.o [1]
lv_tick_inc             0x9000'ab7d      0x10  Code  Gb  lv_hal_tick.o [1]
lv_tileview_class       0x9004'9ab4      0x1c  Data  Gb  lv_tileview.o [1]
lv_tileview_constructor
                        0x9004'790d      0x3a  Code  Lc  lv_tileview.o [1]
lv_tileview_tile_class  0x9004'9ad0      0x1c  Data  Gb  lv_tileview.o [1]
lv_tileview_tile_constructor
                        0x9004'7947      0x70  Code  Lc  lv_tileview.o [1]
lv_timer_create         0x9000'aa37      0x4a  Code  Gb  lv_timer.o [1]
lv_timer_del            0x9000'aa81      0x1a  Code  Gb  lv_timer.o [1]
lv_timer_enable         0x9000'aac1       0x6  Code  Gb  lv_timer.o [1]
lv_timer_exec           0x9000'aac7      0x6c  Code  Lc  lv_timer.o [1]
lv_timer_handler        0x9000'a90f     0x128  Code  Gb  lv_timer.o [1]
lv_timer_handler::already_running
                        0x2001'1c37       0x1  Data  Lc  lv_timer.o [1]
lv_timer_handler::busy_time
                        0x2001'1b2c       0x4  Data  Lc  lv_timer.o [1]
lv_timer_handler::idle_period_start
                        0x2001'1b28       0x4  Data  Lc  lv_timer.o [1]
lv_timer_handler{2}{3}::run_cnt
                        0x2001'1b30       0x4  Data  Lc  lv_timer.o [1]
lv_timer_pause          0x9000'aa9b       0xa  Code  Gb  lv_timer.o [1]
lv_timer_ready          0x9000'aaaf      0x12  Code  Gb  lv_timer.o [1]
lv_timer_resume         0x9000'aaa5       0xa  Code  Gb  lv_timer.o [1]
lv_timer_run            0x2001'1c33       0x1  Data  Lc  lv_timer.o [1]
lv_timer_time_remaining
                        0x9000'ab5d      0x1e  Code  Lc  lv_timer.o [1]
lv_tlsf_add_pool        0x9000'a607      0x8e  Code  Gb  lv_tlsf.o [1]
lv_tlsf_create          0x9000'a695      0x22  Code  Gb  lv_tlsf.o [1]
lv_tlsf_create_with_pool
                        0x9000'a6b7      0x2a  Code  Gb  lv_tlsf.o [1]
lv_tlsf_free            0x9000'a721      0x48  Code  Gb  lv_tlsf.o [1]
lv_tlsf_get_pool        0x9000'a6e1       0xc  Code  Gb  lv_tlsf.o [1]
lv_tlsf_malloc          0x9000'a6ed      0x2c  Code  Gb  lv_tlsf.o [1]
lv_tlsf_pool_overhead   0x9000'a5fd       0xa  Code  Gb  lv_tlsf.o [1]
lv_tlsf_realloc         0x9000'a769      0xd6  Code  Gb  lv_tlsf.o [1]
lv_tlsf_size            0x9000'a5f7       0x6  Code  Gb  lv_tlsf.o [1]
lv_tlsf_walk_pool       0x9000'a585      0x72  Code  Gb  lv_tlsf.o [1]
lv_trigo_cos            0x9003'f705      0x10  Code  Lc  lv_colorwheel.o [1]
lv_trigo_cos            0x9004'4361      0x10  Code  Lc  lv_meter.o [1]
lv_trigo_sin            0x9001'3a95      0x88  Code  Gb  lv_math.o [1]
lv_txt_get_next_word    0x9000'7c21     0x162  Code  Lc  lv_txt.o [1]
lv_txt_get_size         0x9000'7b19     0x108  Code  Gb  lv_txt.o [1]
lv_txt_get_width        0x9000'7e89      0x90  Code  Gb  lv_txt.o [1]
lv_txt_unicode_to_utf8  0x9000'80c3      0xb4  Code  Lc  lv_txt.o [1]
lv_txt_utf8_get_byte_id
                        0x9000'832b      0x38  Code  Lc  lv_txt.o [1]
lv_txt_utf8_get_char_id
                        0x9000'8363      0x24  Code  Lc  lv_txt.o [1]
lv_txt_utf8_get_length  0x9000'8387      0x24  Code  Lc  lv_txt.o [1]
lv_txt_utf8_next        0x9000'8177     0x15a  Code  Lc  lv_txt.o [1]
lv_txt_utf8_prev        0x9000'82d1      0x5a  Code  Lc  lv_txt.o [1]
lv_txt_utf8_size        0x9000'8089      0x3a  Code  Lc  lv_txt.o [1]
lv_vsnprintf            0x9001'5667      0x1a  Code  Gb  lv_printf.o [1]
lv_win_class            0x9004'9aec      0x1c  Data  Gb  lv_win.o [1]
lv_win_constructor      0x9004'8a45      0x7e  Code  Lc  lv_win.o [1]
main                    0x9002'3609      0xb8  Code  Gb  main.o [1]
make_one_button_checked
                        0x9003'aeef      0x32  Code  Lc  lv_btnmatrix.o [1]
map_blended             0x9000'6cb1     0x176  Code  Lc  lv_draw_blend.o [1]
map_normal              0x9000'6923     0x38e  Code  Lc  lv_draw_blend.o [1]
map_set_px              0x9000'67d3     0x150  Code  Lc  lv_draw_blend.o [1]
mapping_insert          0x9000'a0fd      0x30  Code  Lc  lv_tlsf.o [1]
mapping_search          0x9000'a12d      0x2a  Code  Lc  lv_tlsf.o [1]
mask_mix                0x9000'5cd1      0x30  Code  Lc  lv_draw_mask.o [1]
med3                    0x9002'de45      0x50  Code  Lc  qsort.o [2]
media_memory            0x3000'0000  0x4'0000  Data  Gb  file.o [1]
memchr                  0x9003'1895            Code  Gb  memchr.o [4]
memset                  0x9002'38b5      0x14  Code  Gb  memset.o [4]
month_event_cb          0x9004'7129      0xb8  Code  Lc  lv_calendar_header_arrow.o [1]
month_event_cb          0x9004'762d      0x44  Code  Lc  lv_calendar_header_dropdown.o [1]
month_list              0x2000'04cc       0x4  Data  Lc  lv_calendar_header_dropdown.o [1]
month_names_def         0x2000'049c      0x30  Data  Lc  lv_calendar_header_arrow.o [1]
my_constructor          0x9004'6faf     0x17a  Code  Lc  lv_calendar_header_arrow.o [1]
my_constructor          0x9004'74e3     0x13c  Code  Lc  lv_calendar_header_dropdown.o [1]
ndigs                   0x9004'8db0      0x28  Data  Lc  iar_Stoulx.o [2]
next_color_mode         0x9004'0165      0x34  Code  Lc  lv_colorwheel.o [1]
node_set_next           0x9000'fd27      0x1a  Code  Lc  lv_ll.o [1]
node_set_prev           0x9000'fd0f      0x18  Code  Lc  lv_ll.o [1]
obj_del_core            0x9000'dbaf     0x162  Code  Lc  lv_obj_tree.o [1]
obuf                    0x2001'1724      0x50  Data  Lc  xfiles.o [2]
offset_to_block         0x9000'a007       0x4  Code  Lc  lv_tlsf.o [1]
page_press_handler      0x9003'f5cd      0x4a  Code  Lc  lv_dropdown.o [1]
place_content           0x9001'9efd      0xbc  Code  Lc  lv_flex.o [1]
position_knob           0x9004'2c2d      0xc2  Code  Lc  lv_slider.o [1]
position_to_selected    0x9003'f685      0x66  Code  Lc  lv_dropdown.o [1]
printf                  0x9002'a795      0x28  Code  Gb  printf.o [2]
process_line            0x9002'a40b      0x34  Code  Lc  bsp_cli.o [1]
putchar                 0x9004'9c75       0xc  Code  Gb  putchar.o [2]
pwd_char_hider          0x9003'bbaf      0xb4  Code  Lc  lv_textarea.o [1]
pwd_char_hider_anim     0x9003'bb9d       0x2  Code  Lc  lv_textarea.o [1]
pwd_char_hider_anim_ready
                        0x9003'bba1       0xe  Code  Lc  lv_textarea.o [1]
px_num                  0x2001'1b08       0x4  Data  Lc  lv_refr.o [1]
qsort                   0x9002'e1db      0x18  Code  Gb  qsort.o [2]
rbrecv                  0x2001'19e8      0x10  Data  Lc  bsp_cli.o [1]
recvbuf                 0x2001'180c      0x44  Data  Lc  bsp_cli.o [1]
recvcnt                 0x2001'1be4       0x2  Data  Lc  bsp_cli.o [1]
refr_cursor_area        0x9003'bd69     0x26e  Code  Lc  lv_textarea.o [1]
refr_knob_pos           0x9004'0199      0x82  Code  Lc  lv_colorwheel.o [1]
refr_position           0x9004'1b5b     0x19e  Code  Lc  lv_roller.o [1]
refr_size               0x9004'0f0f     0x112  Code  Lc  lv_table.o [1]
refresh_children_style  0x9000'f799      0x3c  Code  Lc  lv_obj_style.o [1]
release_handler         0x9004'1cf9     0x190  Code  Lc  lv_roller.o [1]
remove_free_block       0x9000'a1c7      0x6c  Code  Lc  lv_tlsf.o [1]
report_style_change_core
                        0x9000'f741      0x58  Code  Lc  lv_obj_style.o [1]
ring_buf_get            0x9002'a2d3      0x80  Code  Gb  bsp_cli.o [1]
ring_buf_init           0x9002'a231      0x20  Code  Gb  bsp_cli.o [1]
ring_buf_put            0x9002'a251      0x82  Code  Gb  bsp_cli.o [1]
rot3                    0x9002'dd8d      0x68  Code  Lc  qsort.o [2]
rotate                  0x9002'ddfb      0x4a  Code  Lc  qsort.o [2]
rxbuf                   0x2001'0b20     0x100  Data  Lc  bsp_cli.o [1]
scalbln                 0x9003'19d1            Code  Gb  ldexp.o [3]
scalblnl                0x9003'19d1            Code  Gb  ldexp.o [3]
scalbn                  0x9003'19d1            Code  Gb  ldexp.o [3]
scalbnl                 0x9003'19d1            Code  Gb  ldexp.o [3]
scale                   0x9002'f291      0x46  Code  Lc  xprintffull.o [2]
scratch                 0x2001'0540     0x200  Data  Gb  fx_stm32_sdio_driver.o [1]
scroll_anim_ready_cb    0x9001'36c9      0x10  Code  Lc  lv_obj_scroll.o [1]
scroll_anim_ready_cb    0x9004'1fcd      0x14  Code  Lc  lv_roller.o [1]
scroll_area_into_view   0x9001'36d9     0x3b2  Code  Lc  lv_obj_scroll.o [1]
scroll_by_raw           0x9001'3637      0x58  Code  Lc  lv_obj_scroll.o [1]
scroll_limit_diff       0x9001'ba11      0x76  Code  Lc  lv_indev_scroll.o [1]
scroll_throw_predict_x  0x9001'babf      0x38  Code  Lc  lv_indev_scroll.o [1]
scroll_throw_predict_y  0x9001'ba87      0x38  Code  Lc  lv_indev_scroll.o [1]
scroll_x_anim           0x9001'3691      0x1c  Code  Lc  lv_obj_scroll.o [1]
scroll_y_anim           0x9001'36ad      0x1c  Code  Lc  lv_obj_scroll.o [1]
scrollbar_init_draw_dsc
                        0x9000'd0eb     0x120  Code  Lc  lv_obj.o [1]
sd_read_data            0x9002'c111     0x120  Code  Lc  fx_stm32_sdio_driver.o [1]
sd_write_data           0x9002'c231     0x10e  Code  Lc  fx_stm32_sdio_driver.o [1]
sdio_disk               0x2000'8770    0x24b8  Data  Gb  file.o [1]
search_suitable_block   0x9000'a157      0x70  Code  Lc  lv_tlsf.o [1]
sec_hand                0x2001'1be0       0x4  Data  Lc  xfail_s.o [2]
set_ofs_x_anim          0x9003'98a9      0x14  Code  Lc  lv_label.o [1]
set_ofs_y_anim          0x9003'98bd      0x14  Code  Lc  lv_label.o [1]
set_y_anim              0x9004'1fe1      0x12  Code  Lc  lv_roller.o [1]
shadow_blur_corner      0x9000'2075     0x20c  Code  Lc  lv_draw_rect.o [1]
shadow_draw_corner_buf  0x9000'1e8b     0x1ea  Code  Lc  lv_draw_rect.o [1]
show_error              0x9000'7a5d      0x42  Code  Lc  lv_draw_img.o [1]
sin0_90_table           0x9004'83e4      0xb8  Data  Lc  lv_math.o [1]
sprintf                 0x9002'fd55      0x40  Code  Gb  sprintf.o [2]
sqrt_approx             0x9000'5d01      0x32  Code  Lc  lv_draw_mask.o [1]
start_cursor_blink      0x9003'bcd5      0x80  Code  Lc  lv_textarea.o [1]
strcasecmp              0x9002'dcd9      0x46  Code  Gb  strcasecmp.o [2]
strchr                  0x9002'dd21            Code  Gb  strchr.o [4]
strcmp                  0x9001'64b1            Code  Gb  strcmp.o [4]
strcpy                  0x9001'62e9            Code  Gb  strcpy.o [4]
strlen                  0x9001'4d1d            Code  Gb  strlen.o [4]
strsplit                0x9002'a3b5      0x56  Code  Lc  bsp_cli.o [1]
style_init              0x9000'ffa9    0x11c4  Code  Lc  lv_theme_default.o [1]
style_init::dark_filter
                        0x2001'1a70       0x8  Data  Lc  lv_theme_default.o [1]
style_init::grey_filter
                        0x2001'1a78       0x8  Data  Lc  lv_theme_default.o [1]
style_init::trans_delayed
                        0x2001'19c0      0x14  Data  Lc  lv_theme_default.o [1]
style_init::trans_normal
                        0x2001'19d4      0x14  Data  Lc  lv_theme_default.o [1]
style_init::trans_props
                        0x9004'9bfc      0x18  Data  Lc  lv_theme_default.o [1]
style_init_reset        0x9001'2181      0x1c  Code  Lc  lv_theme_default.o [1]
style_refr              0x2000'076b       0x1  Data  Lc  lv_obj_style.o [1]
styles                  0x2001'1b1c       0x4  Data  Lc  lv_theme_default.o [1]
swap                    0x9002'dd37      0x56  Code  Lc  qsort.o [2]
sys_time                0x2001'1aec       0x4  Data  Lc  lv_hal_tick.o [1]
ta_insert_replace       0x2001'1b18       0x4  Data  Lc  lv_textarea.o [1]
tabpos_create           0x2001'1c2f       0x1  Data  Lc  lv_tabview.o [1]
tabsize_create          0x2001'1c16       0x2  Data  Lc  lv_tabview.o [1]
theme                   0x2001'1938      0x24  Data  Lc  lv_theme_default.o [1]
theme_apply             0x9001'1255     0xf1e  Code  Lc  lv_theme_default.o [1]
tick_irq_flag           0x2001'1c2b       0x1  Data  Lc  lv_hal_tick.o [1]
tileview_event_cb       0x9004'79c5     0x104  Code  Lc  lv_tileview.o [1]
time_param              0x2001'1b10       0x4  Data  Lc  lv_spinner.o [1]
timer_created           0x2001'1c36       0x1  Data  Lc  lv_timer.o [1]
timer_deleted           0x2001'1c35       0x1  Data  Lc  lv_timer.o [1]
tlsf                    0x2001'1af8       0x4  Data  Lc  lv_mem.o [1]
tlsf_ffs                0x9000'9a95     0x266  Code  Lc  lv_tlsf.o [1]
tlsf_fls                0x9000'9cfb     0x25e  Code  Lc  lv_tlsf.o [1]
tolower                 0x9003'1701      0x14  Code  Gb  tolower.o [2]
touchpad_read           0x9002'af99      0x44  Code  Lc  lv_port_indev.o [1]
touchpad_read::last_x   0x2001'1c12       0x2  Data  Lc  lv_port_indev.o [1]
touchpad_read::last_y   0x2001'1c14       0x2  Data  Lc  lv_port_indev.o [1]
trans_anim_cb           0x9000'f89d     0x17a  Code  Lc  lv_obj_style.o [1]
trans_anim_ready_cb     0x9000'fa65      0xd6  Code  Lc  lv_obj_style.o [1]
trans_anim_start_cb     0x9000'fa19      0x4c  Code  Lc  lv_obj_style.o [1]
trans_del               0x9000'f7d5      0xc6  Code  Lc  lv_obj_style.o [1]
transfer_semaphore      0x2001'1980      0x20  Data  Lc  fx_stm32_sdio_driver.o [1]
tx_application_define   0x9002'82b5      0x8e  Code  Gb  task.o [1]
tx_thread_fpu_disable   0x9002'86df            Code  Gb  tx_thread_schedule.o [1]
tx_thread_fpu_enable    0x9002'86df            Code  Gb  tx_thread_schedule.o [1]
unicode_list_1          0x9004'8ac8      0x7c  Data  Lc  lv_font_montserrat_14.o [1]
unicode_list_compare    0x9000'c7c1       0x8  Code  Lc  lv_font_fmt_txt.o [1]
update_cursor_position_on_click
                        0x9003'bfd7     0x26a  Code  Lc  lv_textarea.o [1]
uwTick                  0x2001'1b34       0x4  Data  Gb  stm32h7xx_hal.o [1]
uwTickFreq              0x2000'076c       0x1  Data  Gb  stm32h7xx_hal.o [1]
uwTickPrio              0x2000'051c       0x4  Data  Gb  stm32h7xx_hal.o [1]
value_update            0x9003'd72f     0x124  Code  Lc  lv_arc.o [1]
vsnprintf               0x9002'a6c9      0x3c  Code  Gb  vsnprint.o [2]
year_event_cb           0x9004'7671      0x48  Code  Lc  lv_calendar_header_dropdown.o [1]
year_list               0x2000'04d0       0x4  Data  Lc  lv_calendar_header_dropdown.o [1]
zero_mem                0x2000'04fc       0x4  Data  Lc  lv_mem.o [1]


[1] = F:\WQA\App\EWARM\App\Obj
[2] = dl7M_tlf.a
[3] = m7M_tlv.a
[4] = rt7M_tl.a
[5] = shb_l.a

  283'236 bytes of readonly  code memory
   21'485 bytes of readonly  data memory
   89'143 bytes of readwrite data memory (+ 415'744 absolute)

Errors: none
Warnings: none
