###############################################################################
#
# IAR ELF Linker V8.40.1.212/W32 for ARM                  27/Oct/2021  17:38:01
# Copyright 2007-2019 IAR Systems AB.
#
#    Output file  =  F:\WQA\App\EWARM\App\Exe\App.out
#    Map file     =  F:\WQA\App\EWARM\App\List\App.map
#    Command line =
#        -f C:\Users\walker\AppData\Local\Temp\EWFEC2.tmp
#        (F:\WQA\App\EWARM\App\Obj\adc.o F:\WQA\App\EWARM\App\Obj\bsp.o
#        F:\WQA\App\EWARM\App\Obj\bsp_adc.o F:\WQA\App\EWARM\App\Obj\bsp_cli.o
#        F:\WQA\App\EWARM\App\Obj\bsp_dwt.o
#        F:\WQA\App\EWARM\App\Obj\bsp_eeprom.o
#        F:\WQA\App\EWARM\App\Obj\bsp_lcd.o
#        F:\WQA\App\EWARM\App\Obj\bsp_ringbuffer.o
#        F:\WQA\App\EWARM\App\Obj\bsp_sdio.o
#        F:\WQA\App\EWARM\App\Obj\bsp_touch.o
#        F:\WQA\App\EWARM\App\Obj\display_basic.o
#        F:\WQA\App\EWARM\App\Obj\display_win.o F:\WQA\App\EWARM\App\Obj\file.o
#        F:\WQA\App\EWARM\App\Obj\gpio.o F:\WQA\App\EWARM\App\Obj\IconCels.o
#        F:\WQA\App\EWARM\App\Obj\IconTemp.o F:\WQA\App\EWARM\App\Obj\ltdc.o
#        F:\WQA\App\EWARM\App\Obj\lv_anim.o
#        F:\WQA\App\EWARM\App\Obj\lv_animimg.o
#        F:\WQA\App\EWARM\App\Obj\lv_arc.o F:\WQA\App\EWARM\App\Obj\lv_area.o
#        F:\WQA\App\EWARM\App\Obj\lv_async.o F:\WQA\App\EWARM\App\Obj\lv_bar.o
#        F:\WQA\App\EWARM\App\Obj\lv_bidi.o F:\WQA\App\EWARM\App\Obj\lv_btn.o
#        F:\WQA\App\EWARM\App\Obj\lv_btnmatrix.o
#        F:\WQA\App\EWARM\App\Obj\lv_calendar.o
#        F:\WQA\App\EWARM\App\Obj\lv_calendar_header_arrow.o
#        F:\WQA\App\EWARM\App\Obj\lv_calendar_header_dropdown.o
#        F:\WQA\App\EWARM\App\Obj\lv_canvas.o
#        F:\WQA\App\EWARM\App\Obj\lv_chart.o
#        F:\WQA\App\EWARM\App\Obj\lv_checkbox.o
#        F:\WQA\App\EWARM\App\Obj\lv_color.o
#        F:\WQA\App\EWARM\App\Obj\lv_colorwheel.o
#        F:\WQA\App\EWARM\App\Obj\lv_demo_widgets.o
#        F:\WQA\App\EWARM\App\Obj\lv_disp.o
#        F:\WQA\App\EWARM\App\Obj\lv_draw_arc.o
#        F:\WQA\App\EWARM\App\Obj\lv_draw_blend.o
#        F:\WQA\App\EWARM\App\Obj\lv_draw_img.o
#        F:\WQA\App\EWARM\App\Obj\lv_draw_label.o
#        F:\WQA\App\EWARM\App\Obj\lv_draw_line.o
#        F:\WQA\App\EWARM\App\Obj\lv_draw_mask.o
#        F:\WQA\App\EWARM\App\Obj\lv_draw_rect.o
#        F:\WQA\App\EWARM\App\Obj\lv_draw_triangle.o
#        F:\WQA\App\EWARM\App\Obj\lv_dropdown.o
#        F:\WQA\App\EWARM\App\Obj\lv_event.o
#        F:\WQA\App\EWARM\App\Obj\lv_extra.o F:\WQA\App\EWARM\App\Obj\lv_flex.o
#        F:\WQA\App\EWARM\App\Obj\lv_font.o
#        F:\WQA\App\EWARM\App\Obj\lv_font_dejavu_16_persian_hebrew.o
#        F:\WQA\App\EWARM\App\Obj\lv_font_fmt_txt.o
#        F:\WQA\App\EWARM\App\Obj\lv_font_loader.o
#        F:\WQA\App\EWARM\App\Obj\lv_font_montserrat_10.o
#        F:\WQA\App\EWARM\App\Obj\lv_font_montserrat_12.o
#        F:\WQA\App\EWARM\App\Obj\lv_font_montserrat_12_subpx.o
#        F:\WQA\App\EWARM\App\Obj\lv_font_montserrat_14.o
#        F:\WQA\App\EWARM\App\Obj\lv_font_montserrat_16.o
#        F:\WQA\App\EWARM\App\Obj\lv_font_montserrat_18.o
#        F:\WQA\App\EWARM\App\Obj\lv_font_montserrat_20.o
#        F:\WQA\App\EWARM\App\Obj\lv_font_montserrat_22.o
#        F:\WQA\App\EWARM\App\Obj\lv_font_montserrat_24.o
#        F:\WQA\App\EWARM\App\Obj\lv_font_montserrat_26.o
#        F:\WQA\App\EWARM\App\Obj\lv_font_montserrat_28.o
#        F:\WQA\App\EWARM\App\Obj\lv_font_montserrat_28_compressed.o
#        F:\WQA\App\EWARM\App\Obj\lv_font_montserrat_30.o
#        F:\WQA\App\EWARM\App\Obj\lv_font_montserrat_32.o
#        F:\WQA\App\EWARM\App\Obj\lv_font_montserrat_34.o
#        F:\WQA\App\EWARM\App\Obj\lv_font_montserrat_36.o
#        F:\WQA\App\EWARM\App\Obj\lv_font_montserrat_38.o
#        F:\WQA\App\EWARM\App\Obj\lv_font_montserrat_40.o
#        F:\WQA\App\EWARM\App\Obj\lv_font_montserrat_42.o
#        F:\WQA\App\EWARM\App\Obj\lv_font_montserrat_44.o
#        F:\WQA\App\EWARM\App\Obj\lv_font_montserrat_46.o
#        F:\WQA\App\EWARM\App\Obj\lv_font_montserrat_48.o
#        F:\WQA\App\EWARM\App\Obj\lv_font_montserrat_8.o
#        F:\WQA\App\EWARM\App\Obj\lv_font_simsun_16_cjk.o
#        F:\WQA\App\EWARM\App\Obj\lv_font_unscii_16.o
#        F:\WQA\App\EWARM\App\Obj\lv_font_unscii_8.o
#        F:\WQA\App\EWARM\App\Obj\lv_fs.o F:\WQA\App\EWARM\App\Obj\lv_gc.o
#        F:\WQA\App\EWARM\App\Obj\lv_gpu_nxp_pxp.o
#        F:\WQA\App\EWARM\App\Obj\lv_gpu_nxp_pxp_osa.o
#        F:\WQA\App\EWARM\App\Obj\lv_gpu_nxp_vglite.o
#        F:\WQA\App\EWARM\App\Obj\lv_gpu_stm32_dma2d.o
#        F:\WQA\App\EWARM\App\Obj\lv_grid.o F:\WQA\App\EWARM\App\Obj\lv_group.o
#        F:\WQA\App\EWARM\App\Obj\lv_hal_disp.o
#        F:\WQA\App\EWARM\App\Obj\lv_hal_indev.o
#        F:\WQA\App\EWARM\App\Obj\lv_hal_tick.o
#        F:\WQA\App\EWARM\App\Obj\lv_img.o
#        F:\WQA\App\EWARM\App\Obj\lv_img_buf.o
#        F:\WQA\App\EWARM\App\Obj\lv_img_cache.o
#        F:\WQA\App\EWARM\App\Obj\lv_img_decoder.o
#        F:\WQA\App\EWARM\App\Obj\lv_imgbtn.o
#        F:\WQA\App\EWARM\App\Obj\lv_indev.o
#        F:\WQA\App\EWARM\App\Obj\lv_indev_scroll.o
#        F:\WQA\App\EWARM\App\Obj\lv_keyboard.o
#        F:\WQA\App\EWARM\App\Obj\lv_label.o F:\WQA\App\EWARM\App\Obj\lv_led.o
#        F:\WQA\App\EWARM\App\Obj\lv_line.o F:\WQA\App\EWARM\App\Obj\lv_list.o
#        F:\WQA\App\EWARM\App\Obj\lv_ll.o F:\WQA\App\EWARM\App\Obj\lv_log.o
#        F:\WQA\App\EWARM\App\Obj\lv_math.o F:\WQA\App\EWARM\App\Obj\lv_mem.o
#        F:\WQA\App\EWARM\App\Obj\lv_meter.o
#        F:\WQA\App\EWARM\App\Obj\lv_msgbox.o F:\WQA\App\EWARM\App\Obj\lv_obj.o
#        F:\WQA\App\EWARM\App\Obj\lv_obj_class.o
#        F:\WQA\App\EWARM\App\Obj\lv_obj_draw.o
#        F:\WQA\App\EWARM\App\Obj\lv_obj_pos.o
#        F:\WQA\App\EWARM\App\Obj\lv_obj_scroll.o
#        F:\WQA\App\EWARM\App\Obj\lv_obj_style.o
#        F:\WQA\App\EWARM\App\Obj\lv_obj_style_gen.o
#        F:\WQA\App\EWARM\App\Obj\lv_obj_tree.o
#        F:\WQA\App\EWARM\App\Obj\lv_objx_templ.o
#        F:\WQA\App\EWARM\App\Obj\lv_port_disp.o
#        F:\WQA\App\EWARM\App\Obj\lv_port_indev.o
#        F:\WQA\App\EWARM\App\Obj\lv_printf.o
#        F:\WQA\App\EWARM\App\Obj\lv_refr.o
#        F:\WQA\App\EWARM\App\Obj\lv_roller.o
#        F:\WQA\App\EWARM\App\Obj\lv_slider.o
#        F:\WQA\App\EWARM\App\Obj\lv_span.o
#        F:\WQA\App\EWARM\App\Obj\lv_spinbox.o
#        F:\WQA\App\EWARM\App\Obj\lv_spinner.o
#        F:\WQA\App\EWARM\App\Obj\lv_style.o
#        F:\WQA\App\EWARM\App\Obj\lv_style_gen.o
#        F:\WQA\App\EWARM\App\Obj\lv_switch.o
#        F:\WQA\App\EWARM\App\Obj\lv_table.o
#        F:\WQA\App\EWARM\App\Obj\lv_tabview.o
#        F:\WQA\App\EWARM\App\Obj\lv_templ.o
#        F:\WQA\App\EWARM\App\Obj\lv_textarea.o
#        F:\WQA\App\EWARM\App\Obj\lv_theme.o
#        F:\WQA\App\EWARM\App\Obj\lv_theme_basic.o
#        F:\WQA\App\EWARM\App\Obj\lv_theme_default.o
#        F:\WQA\App\EWARM\App\Obj\lv_theme_mono.o
#        F:\WQA\App\EWARM\App\Obj\lv_tileview.o
#        F:\WQA\App\EWARM\App\Obj\lv_timer.o F:\WQA\App\EWARM\App\Obj\lv_tlsf.o
#        F:\WQA\App\EWARM\App\Obj\lv_txt.o F:\WQA\App\EWARM\App\Obj\lv_txt_ap.o
#        F:\WQA\App\EWARM\App\Obj\lv_utils.o F:\WQA\App\EWARM\App\Obj\lv_win.o
#        F:\WQA\App\EWARM\App\Obj\main.o F:\WQA\App\EWARM\App\Obj\my_font_14.o
#        F:\WQA\App\EWARM\App\Obj\page_cal.o
#        F:\WQA\App\EWARM\App\Obj\page_home.o
#        F:\WQA\App\EWARM\App\Obj\page_info.o
#        F:\WQA\App\EWARM\App\Obj\page_mro.o
#        F:\WQA\App\EWARM\App\Obj\page_set.o
#        F:\WQA\App\EWARM\App\Obj\page_start.o F:\WQA\App\EWARM\App\Obj\rtc.o
#        F:\WQA\App\EWARM\App\Obj\sdmmc.o
#        F:\WQA\App\EWARM\App\Obj\startup_stm32h750xx.o
#        F:\WQA\App\EWARM\App\Obj\stm32h7xx_hal.o
#        F:\WQA\App\EWARM\App\Obj\stm32h7xx_hal_adc.o
#        F:\WQA\App\EWARM\App\Obj\stm32h7xx_hal_adc_ex.o
#        F:\WQA\App\EWARM\App\Obj\stm32h7xx_hal_cortex.o
#        F:\WQA\App\EWARM\App\Obj\stm32h7xx_hal_dma.o
#        F:\WQA\App\EWARM\App\Obj\stm32h7xx_hal_dma_ex.o
#        F:\WQA\App\EWARM\App\Obj\stm32h7xx_hal_exti.o
#        F:\WQA\App\EWARM\App\Obj\stm32h7xx_hal_flash.o
#        F:\WQA\App\EWARM\App\Obj\stm32h7xx_hal_flash_ex.o
#        F:\WQA\App\EWARM\App\Obj\stm32h7xx_hal_gpio.o
#        F:\WQA\App\EWARM\App\Obj\stm32h7xx_hal_hsem.o
#        F:\WQA\App\EWARM\App\Obj\stm32h7xx_hal_i2c.o
#        F:\WQA\App\EWARM\App\Obj\stm32h7xx_hal_i2c_ex.o
#        F:\WQA\App\EWARM\App\Obj\stm32h7xx_hal_ltdc.o
#        F:\WQA\App\EWARM\App\Obj\stm32h7xx_hal_ltdc_ex.o
#        F:\WQA\App\EWARM\App\Obj\stm32h7xx_hal_mdma.o
#        F:\WQA\App\EWARM\App\Obj\stm32h7xx_hal_msp.o
#        F:\WQA\App\EWARM\App\Obj\stm32h7xx_hal_pcd.o
#        F:\WQA\App\EWARM\App\Obj\stm32h7xx_hal_pcd_ex.o
#        F:\WQA\App\EWARM\App\Obj\stm32h7xx_hal_pwr.o
#        F:\WQA\App\EWARM\App\Obj\stm32h7xx_hal_pwr_ex.o
#        F:\WQA\App\EWARM\App\Obj\stm32h7xx_hal_rcc.o
#        F:\WQA\App\EWARM\App\Obj\stm32h7xx_hal_rcc_ex.o
#        F:\WQA\App\EWARM\App\Obj\stm32h7xx_hal_rtc.o
#        F:\WQA\App\EWARM\App\Obj\stm32h7xx_hal_rtc_ex.o
#        F:\WQA\App\EWARM\App\Obj\stm32h7xx_hal_sd.o
#        F:\WQA\App\EWARM\App\Obj\stm32h7xx_hal_sd_ex.o
#        F:\WQA\App\EWARM\App\Obj\stm32h7xx_hal_tim.o
#        F:\WQA\App\EWARM\App\Obj\stm32h7xx_hal_tim_ex.o
#        F:\WQA\App\EWARM\App\Obj\stm32h7xx_hal_timebase_tim.o
#        F:\WQA\App\EWARM\App\Obj\stm32h7xx_hal_uart.o
#        F:\WQA\App\EWARM\App\Obj\stm32h7xx_hal_uart_ex.o
#        F:\WQA\App\EWARM\App\Obj\stm32h7xx_it.o
#        F:\WQA\App\EWARM\App\Obj\stm32h7xx_ll_delayblock.o
#        F:\WQA\App\EWARM\App\Obj\stm32h7xx_ll_sdmmc.o
#        F:\WQA\App\EWARM\App\Obj\stm32h7xx_ll_usb.o
#        F:\WQA\App\EWARM\App\Obj\system_stm32h7xx.o
#        F:\WQA\App\EWARM\App\Obj\task.o F:\WQA\App\EWARM\App\Obj\tim.o
#        F:\WQA\App\EWARM\App\Obj\usart.o F:\WQA\App\EWARM\App\Obj\usb_device.o
#        F:\WQA\App\EWARM\App\Obj\usbd_cdc.o
#        F:\WQA\App\EWARM\App\Obj\usbd_cdc_if.o
#        F:\WQA\App\EWARM\App\Obj\usbd_conf.o
#        F:\WQA\App\EWARM\App\Obj\usbd_core.o
#        F:\WQA\App\EWARM\App\Obj\usbd_ctlreq.o
#        F:\WQA\App\EWARM\App\Obj\usbd_desc.o
#        F:\WQA\App\EWARM\App\Obj\usbd_ioreq.o --redirect _Printf=_PrintfFull
#        --redirect _Scanf=_ScanfFull --no_out_extension -o
#        F:\WQA\App\EWARM\App\Exe\App.out --map
#        F:\WQA\App\EWARM\App\List\App.map --config
#        F:\WQA\App\EWARM/stm32h750xx_flash.icf --semihosting
#        F:\WQA\App\EWARM\..\Middlewares\FileX\filex.a
#        F:\WQA\App\EWARM\..\Middlewares\ThreadX\threadx.a --entry
#        __iar_program_start --vfe --text_out locale)
#
###############################################################################

*******************************************************************************
*** RUNTIME MODEL ATTRIBUTES
***

CppFlavor       = *
__SystemLibrary = DLib
__dlib_version  = 6


*******************************************************************************
*** HEAP SELECTION
***

The basic heap was selected because no calls to memory allocation
functions were found in the application outside of system library
functions, and there are calls to deallocation functions in the
application.


*******************************************************************************
*** PLACEMENT SUMMARY
***

"A0":  place at address 0x9000'0000 { ro section .intvec };
"P1":  place in [from 0x9000'0000 to 0x91ff'ffff] { ro };
define block CSTACK with size = 16K, alignment = 8 { };
define block HEAP with size = 16K, alignment = 8 { };
"P2":  place in [from 0x2000'0000 to 0x2001'ffff] {
          rw, block CSTACK, block HEAP };
initialize by copy { rw };

  Section            Kind         Address       Size  Object
  -------            ----         -------       ----  ------
"P2", part 1 of 3:                             0x8f5
  P2-1                        0x2000'0000      0x8f5  <Init block>
    .data            inited   0x2000'0000      0x400  file.o [1]
    .data            inited   0x2000'0400       0x1c  lv_btnmatrix.o [1]
    .data            inited   0x2000'041c       0x1c  lv_calendar.o [1]
    .data            inited   0x2000'0438       0x30  lv_calendar_header_arrow.o [1]
    .data            inited   0x2000'0468        0x4  lv_calendar_header_dropdown.o [1]
    .data            inited   0x2000'046c        0x4  lv_calendar_header_dropdown.o [1]
    .data            inited   0x2000'0470       0x14  lv_keyboard.o [1]
    .data            inited   0x2000'0484       0x14  lv_keyboard.o [1]
    .data            inited   0x2000'0498        0x4  lv_mem.o [1]
    .data            inited   0x2000'049c        0x4  lv_txt.o [1]
    .data            inited   0x2000'04a0        0x4  lv_txt.o [1]
    .data            inited   0x2000'04a4        0x4  lv_txt.o [1]
    .data            inited   0x2000'04a8        0x4  lv_txt.o [1]
    .data            inited   0x2000'04ac        0x4  lv_txt.o [1]
    .data            inited   0x2000'04b0        0x4  lv_txt.o [1]
    .data            inited   0x2000'04b4        0x4  lv_txt.o [1]
    .data            inited   0x2000'04b8        0x8  my_font_14.o [1]
    .data            inited   0x2000'04c0       0x18  my_font_14.o [1]
    .data            inited   0x2000'04d8        0xc  page_cal.o [1]
    .data            inited   0x2000'04e4        0x4  page_cal.o [1]
    .data            inited   0x2000'04e8        0x8  page_cal.o [1]
    .data            inited   0x2000'04f0        0x8  page_cal.o [1]
    .data            inited   0x2000'04f8       0x18  page_cal.o [1]
    .data            inited   0x2000'0510       0x10  page_cal.o [1]
    .data            inited   0x2000'0520        0x4  page_home.o [1]
    .data            inited   0x2000'0524        0x8  page_home.o [1]
    .data            inited   0x2000'052c       0x10  page_home.o [1]
    .data            inited   0x2000'053c       0x18  page_info.o [1]
    .data            inited   0x2000'0554        0x4  page_info.o [1]
    .data            inited   0x2000'0558        0x8  page_info.o [1]
    .data            inited   0x2000'0560        0x8  page_info.o [1]
    .data            inited   0x2000'0568        0xc  page_info.o [1]
    .data            inited   0x2000'0574        0x8  page_info.o [1]
    .data            inited   0x2000'057c        0xc  page_info.o [1]
    .data            inited   0x2000'0588        0x8  page_info.o [1]
    .data            inited   0x2000'0590        0xc  page_info.o [1]
    .data            inited   0x2000'059c        0x8  page_info.o [1]
    .data            inited   0x2000'05a4        0x4  page_info.o [1]
    .data            inited   0x2000'05a8        0x8  page_info.o [1]
    .data            inited   0x2000'05b0        0xc  page_info.o [1]
    .data            inited   0x2000'05bc       0x10  page_info.o [1]
    .data            inited   0x2000'05cc        0x8  page_mro.o [1]
    .data            inited   0x2000'05d4        0x4  page_mro.o [1]
    .data            inited   0x2000'05d8        0x8  page_mro.o [1]
    .data            inited   0x2000'05e0       0x10  page_mro.o [1]
    .data            inited   0x2000'05f0       0x20  page_set.o [1]
    .data            inited   0x2000'0610        0x4  page_set.o [1]
    .data            inited   0x2000'0614        0x8  page_set.o [1]
    .data            inited   0x2000'061c       0x10  page_set.o [1]
    .data            inited   0x2000'062c        0x4  page_start.o [1]
    .data            inited   0x2000'0630       0x10  page_start.o [1]
    .data            inited   0x2000'0640        0x4  stm32h7xx_hal.o [1]
    .data            inited   0x2000'0644        0x4  system_stm32h7xx.o [1]
    .data            inited   0x2000'0648        0x4  system_stm32h7xx.o [1]
    .data            inited   0x2000'064c        0xc  usbd_cdc.o [1]
    .data            inited   0x2000'0658       0x38  usbd_cdc.o [1]
    .data            inited   0x2000'0690       0x44  usbd_cdc.o [1]
    .data            inited   0x2000'06d4       0x44  usbd_cdc.o [1]
    .data            inited   0x2000'0718       0x44  usbd_cdc.o [1]
    .data            inited   0x2000'075c       0x14  usbd_cdc_if.o [1]
    .data            inited   0x2000'0770       0x1c  usbd_desc.o [1]
    .data            inited   0x2000'078c       0x14  usbd_desc.o [1]
    .data            inited   0x2000'07a0        0x4  usbd_desc.o [1]
    .data            inited   0x2000'07a4       0x1c  usbd_desc.o [1]
    .data            inited   0x2000'07c0       0x64  fx_system_initialize.o [3]
    .data            inited   0x2000'0824        0x4  tx_thread_initialize.o [7]
    .data            inited   0x2000'0828       0x38  xlocale_c.o [2]
    .data            inited   0x2000'0860       0x48  xlocale_c.o [2]
    .data            inited   0x2000'08a8       0x48  xfiles.o [2]
    .data            inited   0x2000'08f0        0x2  lv_style.o [1]
    .data            inited   0x2000'08f2        0x1  lv_colorwheel.o [1]
    .data            inited   0x2000'08f3        0x1  lv_obj_style.o [1]
    .data            inited   0x2000'08f4        0x1  stm32h7xx_hal.o [1]
                            - 0x2000'08f5      0x8f5

"P2", part 2 of 3:                          0x1'17bc
  .bss               zero     0x2000'08f8     0x8000  lv_mem.o [1]
  .bss               zero     0x2000'88f8     0x24b8  file.o [1]
  .bss               zero     0x2000'adb0     0x1000  task.o [1]
  .bss               zero     0x2000'bdb0     0x1000  task.o [1]
  .bss               zero     0x2000'cdb0      0x800  task.o [1]
  .bss               zero     0x2000'd5b0      0x800  task.o [1]
  .bss               zero     0x2000'ddb0      0x800  usbd_cdc_if.o [1]
  .bss               zero     0x2000'e5b0      0x800  usbd_cdc_if.o [1]
  .bss               zero     0x2000'edb0      0x408  usbd_conf.o [1]
  .bss               zero     0x2000'f1c0      0x400  file.o [1]
  .bss               zero     0x2000'f5c0      0x400  task.o [1]
  .bss               zero     0x2000'f9c0      0x400  task.o [1]
  .bss               zero     0x2000'fdc0      0x400  tx_timer_initialize.o [7]
  .bss               zero     0x2001'01c0      0x2d0  usb_device.o [1]
  .bss               zero     0x2001'0490      0x220  usbd_conf.o [1]
  .bss               zero     0x2001'06b0      0x200  usbd_desc.o [1]
  .bss               zero     0x2001'08c0      0x200  fx_stm32_sdio_driver.o [3]
  .bss               zero     0x2001'0ac0      0x1e0  file.o [1]
  .bss               zero     0x2001'0ca0      0x100  bsp_cli.o [1]
  .bss               zero     0x2001'0da0      0x100  file.o [1]
  .bss               zero     0x2001'0ea0      0x100  lv_draw_label.o [1]
  .bss               zero     0x2001'0fa0       0xb4  task.o [1]
  .bss               zero     0x2001'1054       0xb4  task.o [1]
  .bss               zero     0x2001'1108       0xb4  task.o [1]
  .bss               zero     0x2001'11bc       0xb4  task.o [1]
  .bss               zero     0x2001'1270       0xb4  task.o [1]
  .bss               zero     0x2001'1324       0xb4  task.o [1]
  .bss               zero     0x2001'13d8       0xb4  tx_timer_initialize.o [7]
  .bss               zero     0x2001'148c       0xa8  ltdc.o [1]
  .bss               zero     0x2001'1534       0x90  usart.o [1]
  .bss               zero     0x2001'15c4       0x90  usart.o [1]
  .bss               zero     0x2001'1654       0x80  lv_gc.o [1]
  .bss               zero     0x2001'16d4       0x80  lv_gc.o [1]
  .bss               zero     0x2001'1754       0x80  tx_thread_initialize.o [7]
  .bss               zero     0x2001'17d4       0x80  tx_timer_initialize.o [7]
  .bss               zero     0x2001'1854       0x7c  sdmmc.o [1]
  .bss               zero     0x2001'18d0       0x64  adc.o [1]
  .bss               zero     0x2001'1934       0x54  display_win.o [1]
  .bss               zero     0x2001'1988       0x50  xfiles.o [2]
  .bss               zero     0x2001'19d8       0x4c  stm32h7xx_hal_timebase_tim.o [1]
  .bss               zero     0x2001'1a24       0x4c  tim.o [1]
  .bss               zero     0x2001'1a70       0x44  bsp_cli.o [1]
  .bss               zero     0x2001'1ab4       0x38  lv_port_disp.o [1]
  .bss               zero     0x2001'1aec       0x34  task.o [1]
  .bss               zero     0x2001'1b20       0x2c  lv_gc.o [1]
  .bss               zero     0x2001'1b4c       0x2c  fx_system_initialize.o [3]
  .bss               zero     0x2001'1b78       0x24  lv_port_disp.o [1]
  .bss               zero     0x2001'1b9c       0x24  lv_theme_default.o [1]
  .bss               zero     0x2001'1bc0       0x24  rtc.o [1]
  .bss               zero     0x2001'1be4       0x20  lv_port_indev.o [1]
  .bss               zero     0x2001'1c04       0x20  fx_stm32_sdio_driver.o [3]
  .bss               zero     0x2001'1c24       0x14  lv_theme_default.o [1]
  .bss               zero     0x2001'1c38       0x14  lv_theme_default.o [1]
  .bss               zero     0x2001'1c4c       0x14  page_home.o [1]
  .bss               zero     0x2001'1c60       0x10  bsp_cli.o [1]
  FREE_MEM           zero     0x2001'1c70       0x10  tx_initialize_low_level.o [7]
  .bss               zero     0x2001'1c80        0xc  lv_gc.o [1]
  .bss               zero     0x2001'1c8c        0xc  lv_gc.o [1]
  .bss               zero     0x2001'1c98        0xc  lv_gc.o [1]
  .bss               zero     0x2001'1ca4        0xc  lv_gc.o [1]
  .bss               zero     0x2001'1cb0        0xc  lv_gc.o [1]
  .bss               zero     0x2001'1cbc        0xc  lv_gc.o [1]
  .bss               zero     0x2001'1cc8        0xc  lv_gc.o [1]
  .bss               zero     0x2001'1cd4        0xc  lv_gc.o [1]
  .bss               zero     0x2001'1ce0        0x8  display_basic.o [1]
  .bss               zero     0x2001'1ce8        0x8  lv_font_montserrat_14.o [1]
  .bss               zero     0x2001'1cf0        0x8  lv_font_montserrat_20.o [1]
  .bss               zero     0x2001'1cf8        0x8  lv_font_montserrat_32.o [1]
  .bss               zero     0x2001'1d00        0x8  lv_font_montserrat_40.o [1]
  .bss               zero     0x2001'1d08        0x8  lv_theme_default.o [1]
  .bss               zero     0x2001'1d10        0x8  lv_theme_default.o [1]
  .bss               zero     0x2001'1d18        0x8  page_cal.o [1]
  .bss               zero     0x2001'1d20        0x8  page_info.o [1]
  .bss               zero     0x2001'1d28        0x8  page_mro.o [1]
  .bss               zero     0x2001'1d30        0x8  page_set.o [1]
  .bss               zero     0x2001'1d38        0x4  bsp_adc.o [1]
  .bss               zero     0x2001'1d3c        0x4  bsp_adc.o [1]
  .bss               zero     0x2001'1d40        0x4  bsp_eeprom.o [1]
  .bss               zero     0x2001'1d44        0x4  bsp_eeprom.o [1]
  .bss               zero     0x2001'1d48        0x4  bsp_touch.o [1]
  .bss               zero     0x2001'1d4c        0x4  lv_anim.o [1]
  .bss               zero     0x2001'1d50        0x4  lv_anim.o [1]
  .bss               zero     0x2001'1d54        0x4  lv_calendar_header_arrow.o [1]
  .bss               zero     0x2001'1d58        0x4  lv_calendar_header_dropdown.o [1]
  .bss               zero     0x2001'1d5c        0x4  lv_draw_label.o [1]
  .bss               zero     0x2001'1d60        0x4  lv_event.o [1]
  .bss               zero     0x2001'1d64        0x4  lv_flex.o [1]
  .bss               zero     0x2001'1d68        0x4  lv_gc.o [1]
  .bss               zero     0x2001'1d6c        0x4  lv_gc.o [1]
  .bss               zero     0x2001'1d70        0x4  lv_gc.o [1]
  .bss               zero     0x2001'1d74        0x4  lv_grid.o [1]
  .bss               zero     0x2001'1d78        0x4  lv_group.o [1]
  .bss               zero     0x2001'1d7c        0x4  lv_hal_disp.o [1]
  .bss               zero     0x2001'1d80        0x4  lv_hal_tick.o [1]
  .bss               zero     0x2001'1d84        0x4  lv_indev.o [1]
  .bss               zero     0x2001'1d88        0x4  lv_indev.o [1]
  .bss               zero     0x2001'1d8c        0x4  lv_mem.o [1]
  .bss               zero     0x2001'1d90        0x4  lv_obj.o [1]
  .bss               zero     0x2001'1d94        0x4  lv_obj_pos.o [1]
  .bss               zero     0x2001'1d98        0x4  lv_port_indev.o [1]
  .bss               zero     0x2001'1d9c        0x4  lv_refr.o [1]
  .bss               zero     0x2001'1da0        0x4  lv_refr.o [1]
  .bss               zero     0x2001'1da4        0x4  lv_spinner.o [1]
  .bss               zero     0x2001'1da8        0x4  lv_spinner.o [1]
  .bss               zero     0x2001'1dac        0x4  lv_textarea.o [1]
  .bss               zero     0x2001'1db0        0x4  lv_theme_default.o [1]
  .bss               zero     0x2001'1db4        0x4  lv_tileview.o [1]
  .bss               zero     0x2001'1db8        0x4  lv_tileview.o [1]
  .bss               zero     0x2001'1dbc        0x4  lv_timer.o [1]
  .bss               zero     0x2001'1dc0        0x4  lv_timer.o [1]
  .bss               zero     0x2001'1dc4        0x4  lv_timer.o [1]
  .bss               zero     0x2001'1dc8        0x4  page_cal.o [1]
  .bss               zero     0x2001'1dcc        0x4  page_cal.o [1]
  .bss               zero     0x2001'1dd0        0x4  page_cal.o [1]
  .bss               zero     0x2001'1dd4        0x4  page_cal.o [1]
  .bss               zero     0x2001'1dd8        0x4  page_cal.o [1]
  .bss               zero     0x2001'1ddc        0x4  page_cal.o [1]
  .bss               zero     0x2001'1de0        0x4  page_cal.o [1]
  .bss               zero     0x2001'1de4        0x4  page_cal.o [1]
  .bss               zero     0x2001'1de8        0x4  page_cal.o [1]
  .bss               zero     0x2001'1dec        0x4  page_cal.o [1]
  .bss               zero     0x2001'1df0        0x4  page_cal.o [1]
  .bss               zero     0x2001'1df4        0x4  page_cal.o [1]
  .bss               zero     0x2001'1df8        0x4  page_cal.o [1]
  .bss               zero     0x2001'1dfc        0x4  page_cal.o [1]
  .bss               zero     0x2001'1e00        0x4  page_cal.o [1]
  .bss               zero     0x2001'1e04        0x4  page_home.o [1]
  .bss               zero     0x2001'1e08        0x4  page_home.o [1]
  .bss               zero     0x2001'1e0c        0x4  page_home.o [1]
  .bss               zero     0x2001'1e10        0x4  page_home.o [1]
  .bss               zero     0x2001'1e14        0x4  page_home.o [1]
  .bss               zero     0x2001'1e18        0x4  page_home.o [1]
  .bss               zero     0x2001'1e1c        0x4  page_home.o [1]
  .bss               zero     0x2001'1e20        0x4  page_home.o [1]
  .bss               zero     0x2001'1e24        0x4  page_home.o [1]
  .bss               zero     0x2001'1e28        0x4  page_home.o [1]
  .bss               zero     0x2001'1e2c        0x4  page_home.o [1]
  .bss               zero     0x2001'1e30        0x4  page_home.o [1]
  .bss               zero     0x2001'1e34        0x4  page_home.o [1]
  .bss               zero     0x2001'1e38        0x4  page_home.o [1]
  .bss               zero     0x2001'1e3c        0x4  page_home.o [1]
  .bss               zero     0x2001'1e40        0x4  page_home.o [1]
  .bss               zero     0x2001'1e44        0x4  page_home.o [1]
  .bss               zero     0x2001'1e48        0x4  page_home.o [1]
  .bss               zero     0x2001'1e4c        0x4  page_home.o [1]
  .bss               zero     0x2001'1e50        0x4  page_home.o [1]
  .bss               zero     0x2001'1e54        0x4  page_home.o [1]
  .bss               zero     0x2001'1e58        0x4  page_home.o [1]
  .bss               zero     0x2001'1e5c        0x4  page_info.o [1]
  .bss               zero     0x2001'1e60        0x4  page_info.o [1]
  .bss               zero     0x2001'1e64        0x4  page_info.o [1]
  .bss               zero     0x2001'1e68        0x4  page_info.o [1]
  .bss               zero     0x2001'1e6c        0x4  page_info.o [1]
  .bss               zero     0x2001'1e70        0x4  page_info.o [1]
  .bss               zero     0x2001'1e74        0x4  page_info.o [1]
  .bss               zero     0x2001'1e78        0x4  page_info.o [1]
  .bss               zero     0x2001'1e7c        0x4  page_info.o [1]
  .bss               zero     0x2001'1e80        0x4  page_info.o [1]
  .bss               zero     0x2001'1e84        0x4  page_info.o [1]
  .bss               zero     0x2001'1e88        0x4  page_info.o [1]
  .bss               zero     0x2001'1e8c        0x4  page_info.o [1]
  .bss               zero     0x2001'1e90        0x4  page_info.o [1]
  .bss               zero     0x2001'1e94        0x4  page_info.o [1]
  .bss               zero     0x2001'1e98        0x4  page_info.o [1]
  .bss               zero     0x2001'1e9c        0x4  page_info.o [1]
  .bss               zero     0x2001'1ea0        0x4  page_info.o [1]
  .bss               zero     0x2001'1ea4        0x4  page_info.o [1]
  .bss               zero     0x2001'1ea8        0x4  page_info.o [1]
  .bss               zero     0x2001'1eac        0x4  page_info.o [1]
  .bss               zero     0x2001'1eb0        0x4  page_info.o [1]
  .bss               zero     0x2001'1eb4        0x4  page_info.o [1]
  .bss               zero     0x2001'1eb8        0x4  page_info.o [1]
  .bss               zero     0x2001'1ebc        0x4  page_info.o [1]
  .bss               zero     0x2001'1ec0        0x4  page_info.o [1]
  .bss               zero     0x2001'1ec4        0x4  page_info.o [1]
  .bss               zero     0x2001'1ec8        0x4  page_info.o [1]
  .bss               zero     0x2001'1ecc        0x4  page_info.o [1]
  .bss               zero     0x2001'1ed0        0x4  page_info.o [1]
  .bss               zero     0x2001'1ed4        0x4  page_info.o [1]
  .bss               zero     0x2001'1ed8        0x4  page_info.o [1]
  .bss               zero     0x2001'1edc        0x4  page_info.o [1]
  .bss               zero     0x2001'1ee0        0x4  page_info.o [1]
  .bss               zero     0x2001'1ee4        0x4  page_info.o [1]
  .bss               zero     0x2001'1ee8        0x4  page_info.o [1]
  .bss               zero     0x2001'1eec        0x4  page_mro.o [1]
  .bss               zero     0x2001'1ef0        0x4  page_mro.o [1]
  .bss               zero     0x2001'1ef4        0x4  page_mro.o [1]
  .bss               zero     0x2001'1ef8        0x4  page_mro.o [1]
  .bss               zero     0x2001'1efc        0x4  page_mro.o [1]
  .bss               zero     0x2001'1f00        0x4  page_mro.o [1]
  .bss               zero     0x2001'1f04        0x4  page_mro.o [1]
  .bss               zero     0x2001'1f08        0x4  page_mro.o [1]
  .bss               zero     0x2001'1f0c        0x4  page_mro.o [1]
  .bss               zero     0x2001'1f10        0x4  page_mro.o [1]
  .bss               zero     0x2001'1f14        0x4  page_mro.o [1]
  .bss               zero     0x2001'1f18        0x4  page_mro.o [1]
  .bss               zero     0x2001'1f1c        0x4  page_mro.o [1]
  .bss               zero     0x2001'1f20        0x4  page_mro.o [1]
  .bss               zero     0x2001'1f24        0x4  page_set.o [1]
  .bss               zero     0x2001'1f28        0x4  page_set.o [1]
  .bss               zero     0x2001'1f2c        0x4  page_set.o [1]
  .bss               zero     0x2001'1f30        0x4  page_set.o [1]
  .bss               zero     0x2001'1f34        0x4  page_set.o [1]
  .bss               zero     0x2001'1f38        0x4  page_set.o [1]
  .bss               zero     0x2001'1f3c        0x4  page_set.o [1]
  .bss               zero     0x2001'1f40        0x4  page_set.o [1]
  .bss               zero     0x2001'1f44        0x4  page_set.o [1]
  .bss               zero     0x2001'1f48        0x4  page_set.o [1]
  .bss               zero     0x2001'1f4c        0x4  page_set.o [1]
  .bss               zero     0x2001'1f50        0x4  page_set.o [1]
  .bss               zero     0x2001'1f54        0x4  page_set.o [1]
  .bss               zero     0x2001'1f58        0x4  page_set.o [1]
  .bss               zero     0x2001'1f5c        0x4  page_set.o [1]
  .bss               zero     0x2001'1f60        0x4  page_set.o [1]
  .bss               zero     0x2001'1f64        0x4  page_set.o [1]
  .bss               zero     0x2001'1f68        0x4  page_set.o [1]
  .bss               zero     0x2001'1f6c        0x4  page_set.o [1]
  .bss               zero     0x2001'1f70        0x4  page_set.o [1]
  .bss               zero     0x2001'1f74        0x4  page_start.o [1]
  .bss               zero     0x2001'1f78        0x4  page_start.o [1]
  .bss               zero     0x2001'1f7c        0x4  page_start.o [1]
  .bss               zero     0x2001'1f80        0x4  page_start.o [1]
  .bss               zero     0x2001'1f84        0x4  stm32h7xx_hal.o [1]
  .bss               zero     0x2001'1f88        0x4  task.o [1]
  .bss               zero     0x2001'1f8c        0x4  task.o [1]
  .bss               zero     0x2001'1f90        0x4  task.o [1]
  .bss               zero     0x2001'1f94        0x4  task.o [1]
  .bss               zero     0x2001'1f98        0x4  fx_system_initialize.o [3]
  .bss               zero     0x2001'1f9c        0x4  fx_system_initialize.o [3]
  .bss               zero     0x2001'1fa0        0x4  fx_system_initialize.o [3]
  .bss               zero     0x2001'1fa4        0x4  fx_system_initialize.o [3]
  .bss               zero     0x2001'1fa8        0x4  fx_system_initialize.o [3]
  .bss               zero     0x2001'1fac        0x4  fx_system_initialize.o [3]
  .bss               zero     0x2001'1fb0        0x4  fx_system_initialize.o [3]
  .bss               zero     0x2001'1fb4        0x4  fx_system_initialize.o [3]
  .bss               zero     0x2001'1fb8        0x4  fx_system_initialize.o [3]
  .bss               zero     0x2001'1fbc        0x4  tx_thread_initialize.o [7]
  .bss               zero     0x2001'1fc0        0x4  tx_thread_initialize.o [7]
  .bss               zero     0x2001'1fc4        0x4  tx_thread_initialize.o [7]
  .bss               zero     0x2001'1fc8        0x4  tx_thread_initialize.o [7]
  .bss               zero     0x2001'1fcc        0x4  tx_thread_initialize.o [7]
  .bss               zero     0x2001'1fd0        0x4  tx_thread_initialize.o [7]
  .bss               zero     0x2001'1fd4        0x4  tx_thread_initialize.o [7]
  .bss               zero     0x2001'1fd8        0x4  tx_thread_initialize.o [7]
  .bss               zero     0x2001'1fdc        0x4  tx_thread_initialize.o [7]
  .bss               zero     0x2001'1fe0        0x4  tx_thread_initialize.o [7]
  .bss               zero     0x2001'1fe4        0x4  tx_thread_initialize.o [7]
  .bss               zero     0x2001'1fe8        0x4  tx_thread_initialize.o [7]
  .bss               zero     0x2001'1fec        0x4  tx_timer_initialize.o [7]
  .bss               zero     0x2001'1ff0        0x4  tx_timer_initialize.o [7]
  .bss               zero     0x2001'1ff4        0x4  tx_timer_initialize.o [7]
  .bss               zero     0x2001'1ff8        0x4  tx_timer_initialize.o [7]
  .bss               zero     0x2001'1ffc        0x4  tx_timer_initialize.o [7]
  .bss               zero     0x2001'2000        0x4  tx_timer_initialize.o [7]
  .bss               zero     0x2001'2004        0x4  tx_timer_initialize.o [7]
  .bss               zero     0x2001'2008        0x4  tx_timer_initialize.o [7]
  .bss               zero     0x2001'200c        0x4  tx_timer_initialize.o [7]
  .bss               zero     0x2001'2010        0x4  tx_timer_initialize.o [7]
  .bss               zero     0x2001'2014        0x4  tx_timer_initialize.o [7]
  .bss               zero     0x2001'2018        0x4  tx_timer_initialize.o [7]
  .bss               zero     0x2001'201c        0x4  tx_timer_initialize.o [7]
  .bss               zero     0x2001'2020        0x4  tx_initialize_high_level.o [7]
  .bss               zero     0x2001'2024        0x4  tx_initialize_high_level.o [7]
  .bss               zero     0x2001'2028        0x4  tx_initialize_high_level.o [7]
  .bss               zero     0x2001'202c        0x4  tx_initialize_high_level.o [7]
  .bss               zero     0x2001'2030        0x4  tx_initialize_high_level.o [7]
  .bss               zero     0x2001'2034        0x4  tx_initialize_high_level.o [7]
  .bss               zero     0x2001'2038        0x4  tx_initialize_high_level.o [7]
  .bss               zero     0x2001'203c        0x4  tx_initialize_high_level.o [7]
  .bss               zero     0x2001'2040        0x4  tx_initialize_high_level.o [7]
  .bss               zero     0x2001'2044        0x4  tx_initialize_high_level.o [7]
  .bss               zero     0x2001'2048        0x4  tx_initialize_high_level.o [7]
  .bss               zero     0x2001'204c        0x4  tx_initialize_high_level.o [7]
  .bss               zero     0x2001'2050        0x4  tx_initialize_high_level.o [7]
  .bss               zero     0x2001'2054        0x4  xfail_s.o [2]
  .bss               zero     0x2001'2058        0x2  bsp_cli.o [1]
  .bss               zero     0x2001'205a        0x2  bsp_eeprom.o [1]
  .bss               zero     0x2001'205c        0x2  bsp_eeprom.o [1]
  .bss               zero     0x2001'205e        0x2  bsp_touch.o [1]
  .bss               zero     0x2001'2060        0x2  bsp_touch.o [1]
  .bss               zero     0x2001'2062        0x2  bsp_touch.o [1]
  .bss               zero     0x2001'2064        0x2  lv_calendar_header_arrow.o [1]
  .bss               zero     0x2001'2066        0x2  lv_colorwheel.o [1]
  .bss               zero     0x2001'2068        0x2  lv_flex.o [1]
  .bss               zero     0x2001'206a        0x2  lv_flex.o [1]
  .bss               zero     0x2001'206c        0x2  lv_flex.o [1]
  .bss               zero     0x2001'206e        0x2  lv_flex.o [1]
  .bss               zero     0x2001'2070        0x2  lv_flex.o [1]
  .bss               zero     0x2001'2072        0x2  lv_grid.o [1]
  .bss               zero     0x2001'2074        0x2  lv_grid.o [1]
  .bss               zero     0x2001'2076        0x2  lv_grid.o [1]
  .bss               zero     0x2001'2078        0x2  lv_grid.o [1]
  .bss               zero     0x2001'207a        0x2  lv_grid.o [1]
  .bss               zero     0x2001'207c        0x2  lv_grid.o [1]
  .bss               zero     0x2001'207e        0x2  lv_grid.o [1]
  .bss               zero     0x2001'2080        0x2  lv_grid.o [1]
  .bss               zero     0x2001'2082        0x2  lv_grid.o [1]
  .bss               zero     0x2001'2084        0x2  lv_grid.o [1]
  .bss               zero     0x2001'2086        0x2  lv_port_indev.o [1]
  .bss               zero     0x2001'2088        0x2  lv_port_indev.o [1]
  .bss               zero     0x2001'208a        0x2  lv_tabview.o [1]
  .bss               zero     0x2001'208c        0x2  lv_theme_default.o [1]
  .bss               zero     0x2001'208e        0x2  lv_theme_default.o [1]
  .bss               zero     0x2001'2090        0x2  lv_theme_default.o [1]
  .bss               zero     0x2001'2092        0x2  lv_theme_default.o [1]
  .bss               zero     0x2001'2094        0x2  lv_win.o [1]
  .bss               zero     0x2001'2096        0x1  bsp_eeprom.o [1]
  .bss               zero     0x2001'2097        0x1  bsp_eeprom.o [1]
  .bss               zero     0x2001'2098        0x1  lv_anim.o [1]
  .bss               zero     0x2001'2099        0x1  lv_anim.o [1]
  .bss               zero     0x2001'209a        0x1  lv_colorwheel.o [1]
  .bss               zero     0x2001'209b        0x1  lv_colorwheel.o [1]
  .bss               zero     0x2001'209c        0x1  lv_colorwheel.o [1]
  .bss               zero     0x2001'209d        0x1  lv_draw_label.o [1]
  .bss               zero     0x2001'209e        0x1  lv_hal_tick.o [1]
  .bss               zero     0x2001'209f        0x1  lv_indev.o [1]
  .bss               zero     0x2001'20a0        0x1  lv_obj.o [1]
  .bss               zero     0x2001'20a1        0x1  lv_obj_pos.o [1]
  .bss               zero     0x2001'20a2        0x1  lv_tabview.o [1]
  .bss               zero     0x2001'20a3        0x1  lv_theme_default.o [1]
  .bss               zero     0x2001'20a4        0x1  lv_theme_default.o [1]
  .bss               zero     0x2001'20a5        0x1  lv_tileview.o [1]
  .bss               zero     0x2001'20a6        0x1  lv_timer.o [1]
  .bss               zero     0x2001'20a7        0x1  lv_timer.o [1]
  .bss               zero     0x2001'20a8        0x1  lv_timer.o [1]
  .bss               zero     0x2001'20a9        0x1  lv_timer.o [1]
  .bss               zero     0x2001'20aa        0x1  lv_timer.o [1]
  .bss               zero     0x2001'20ab        0x1  page_cal.o [1]
  .bss               zero     0x2001'20ac        0x1  page_info.o [1]
  .bss               zero     0x2001'20ad        0x1  page_mro.o [1]
  .bss               zero     0x2001'20ae        0x1  page_set.o [1]
  .bss               zero     0x2001'20af        0x1  task.o [1]
  .bss               zero     0x2001'20b0        0x1  usbd_ctlreq.o [1]
  .bss               zero     0x2001'20b1        0x1  fx_stm32_sdio_driver.o [3]
                            - 0x2001'20b2   0x1'17ba

"P2", part 3 of 3:                            0x4000
  CSTACK                      0x2001'20b8     0x4000  <Block>
    CSTACK           uninit   0x2001'20b8     0x4000  <Block tail>
                            - 0x2001'60b8     0x4000

Absolute sections, part 1 of 2:             0x2'5800
  .bss               zero     0x2402'5800   0x2'5800  lv_port_disp.o [1]
                            - 0x2404'b000   0x2'5800

Absolute sections, part 2 of 2:             0x4'0000
  .bss               zero     0x3000'0000   0x4'0000  file.o [1]
                            - 0x3004'0000   0x4'0000

"A0":                                          0x298
  .intvec            ro code  0x9000'0000      0x298  startup_stm32h750xx.o [1]
                            - 0x9000'0298      0x298

"P1":                                      0x11'18d5
  .rodata            const    0x9000'0298   0x8'fa5c  my_font_14.o [1]
  .rodata            const    0x9008'fcf4     0xff50  lv_font_montserrat_40.o [1]
  .rodata            const    0x9009'fc44     0xd658  my_font_14.o [1]
  .rodata            const    0x900a'd29c     0xa088  lv_font_montserrat_32.o [1]
  .rodata            const    0x900b'7324     0x425c  lv_font_montserrat_20.o [1]
  .rodata            const    0x900b'b580     0x3598  my_font_14.o [1]
  .text              ro code  0x900b'eb18     0x2616  lv_draw_rect.o [1]
  .text              ro code  0x900c'112e       0x3a  zero_init3.o [5]
  .text              ro code  0x900c'1168      0x680  lv_mem.o [1]
  .text              ro code  0x900c'17e8      0xd88  lv_refr.o [1]
  .text              ro code  0x900c'2570      0x2b6  lv_hal_disp.o [1]
  .text              ro code  0x900c'2826      0x468  lv_area.o [1]
  .text              ro code  0x900c'2c8e       0x1e  xencoding_8859_1.o [2]
  .text              ro code  0x900c'2cac     0x1906  lv_draw_mask.o [1]
  .text              ro code  0x900c'45b2       0x1a  xsnprout.o [2]
  .text              ro code  0x900c'45cc     0x1240  lv_draw_blend.o [1]
  .text              ro code  0x900c'580c      0xb1e  lv_draw_img.o [1]
  .text              ro code  0x900c'632a        0xa  xsprout.o [2]
  .text              ro code  0x900c'6334      0x908  lv_txt.o [1]
  .text              ro code  0x900c'6c3c      0xb9e  lv_draw_label.o [1]
  .rodata            const    0x900c'77da        0x2  bsp_cli.o [1]
  .text              ro code  0x900c'77dc      0xb36  lv_img_decoder.o [1]
  .rodata            const    0x900c'8312        0x2  lv_btnmatrix.o [1]
  .text              ro code  0x900c'8314      0xdc0  lv_tlsf.o [1]
  .text              ro code  0x900c'90d4       0xa6  ABImemcpy.o [5]
  .rodata            const    0x900c'917a        0x2  lv_draw_label.o [1]
  .text              ro code  0x900c'917c      0x27e  lv_timer.o [1]
  .rodata            const    0x900c'93fa        0x2  lv_img_decoder.o [1]
  .text              ro code  0x900c'93fc       0x46  lv_hal_tick.o [1]
  .rodata            const    0x900c'9442        0x2  lv_keyboard.o [1]
  .text              ro code  0x900c'9444     0x17f4  lv_obj_pos.o [1]
  .text              ro code  0x900c'ac38      0x410  lv_font_fmt_txt.o [1]
  .text              ro code  0x900c'b048       0x7a  lv_disp.o [1]
  .rodata            const    0x900c'b0c2        0x2  lv_keyboard.o [1]
  .text              ro code  0x900c'b0c4      0xef2  lv_obj.o [1]
  .rodata            const    0x900c'bfb6        0x2  lv_keyboard.o [1]
  .text              ro code  0x900c'bfb8      0x30a  lv_event.o [1]
  .rodata            const    0x900c'c2c2        0x2  lv_keyboard.o [1]
  .text              ro code  0x900c'c2c4      0x378  lv_obj_tree.o [1]
  .text              ro code  0x900c'c63c      0xb6e  lv_obj_draw.o [1]
  .rodata            const    0x900c'd1aa        0x2  lv_keyboard.o [1]
  .text              ro code  0x900c'd1ac     0x12c0  lv_obj_style.o [1]
  .text              ro code  0x900c'e46c      0x200  lv_ll.o [1]
  .text              ro code  0x900c'e66c     0x2510  lv_theme_default.o [1]
  .text              ro code  0x900d'0b7c      0x364  lv_color.o [1]
  .text              ro code  0x900d'0ee0     0x14e0  lv_obj_scroll.o [1]
  .text              ro code  0x900d'23c0      0x234  lv_math.o [1]
  .text              ro code  0x900d'25f4       0x64  lv_img_cache.o [1]
  .text              ro code  0x900d'2658      0xf34  lv_img_buf.o [1]
  .text              ro code  0x900d'358c       0x66  ABImemset.o [5]
  .text              ro code  0x900d'35f2       0x54  lv_font.o [1]
  .rodata            const    0x900d'3646        0x2  lv_keyboard.o [1]
  .text              ro code  0x900d'3648       0x36  strlen.o [5]
  .rodata            const    0x900d'367e        0x2  lv_keyboard.o [1]
  .text              ro code  0x900d'3680      0x934  lv_printf.o [1]
  .text              ro code  0x900d'3fb4      0xc60  lv_draw_line.o [1]
  .text              ro code  0x900d'4c14       0x18  strcpy.o [5]
  .text              ro code  0x900d'4c2c      0x1b0  lv_fs.o [1]
  .text              ro code  0x900d'4ddc       0x12  strcmp.o [5]
  .text              ro code  0x900d'4dee      0x2ca  lv_obj_style_gen.o [1]
  .text              ro code  0x900d'50b8       0x58  lv_utils.o [1]
  .text              ro code  0x900d'5110      0x4b4  lv_anim.o [1]
  .text              ro code  0x900d'55c4      0x4a4  lv_group.o [1]
  .text              ro code  0x900d'5a68        0xc  lv_extra.o [1]
  .text              ro code  0x900d'5a74      0x244  lv_obj_class.o [1]
  .text              ro code  0x900d'5cb8     0x11b0  lv_indev.o [1]
  .text              ro code  0x900d'6e68       0xf2  lv_hal_indev.o [1]
  .rodata            const    0x900d'6f5a        0x2  lv_keyboard.o [1]
  .text              ro code  0x900d'6f5c      0x46e  lv_style.o [1]
  .text              ro code  0x900d'73ca      0x402  lv_style_gen.o [1]
  .text              ro code  0x900d'77cc      0x230  I64DivMod.o [5]
  .text              ro code  0x900d'79fc     0x1076  lv_flex.o [1]
  .rodata            const    0x900d'8a72        0x2  lv_keyboard.o [1]
  .text              ro code  0x900d'8a74     0x1000  lv_grid.o [1]
  .text              ro code  0x900d'9a74       0x94  lv_theme.o [1]
  .text              ro code  0x900d'9b08      0xe14  lv_indev_scroll.o [1]
  .text              ro code  0x900d'a91c        0x2  I64DivZer.o [5]
  .rodata            const    0x900d'a91e        0x2  lv_keyboard.o [1]
  .rodata            const    0x900d'a920     0x2280  lv_font_montserrat_14.o [1]
  .text              ro code  0x900d'cba0     0x220a  lv_chart.o [1]
  .rodata            const    0x900d'edaa        0x2  lv_keyboard.o [1]
  .text              ro code  0x900d'edac     0x19f0  stm32h7xx_hal_rcc_ex.o [1]
  .text              ro code  0x900e'079c        0xc  stm32h7xx_hal.o [1]
  .text              ro code  0x900e'07a8      0xc48  stm32h7xx_hal_rcc.o [1]
  .text              ro code  0x900e'13f0       0xd0  stm32h7xx_hal_timebase_tim.o [1]
  .text              ro code  0x900e'14c0       0x74  stm32h7xx_hal.o [1]
  .text              ro code  0x900e'1534      0x1e4  stm32h7xx_hal_cortex.o [1]
  .text              ro code  0x900e'1718      0x9fc  stm32h7xx_hal_tim.o [1]
  .text              ro code  0x900e'2114       0x20  stm32h7xx_hal_msp.o [1]
  .text              ro code  0x900e'2134       0xf4  tim.o [1]
  .text              ro code  0x900e'2228        0x2  stm32h7xx_hal_tim.o [1]
  .text              ro code  0x900e'222a        0x2  stm32h7xx_hal_tim.o [1]
  .text              ro code  0x900e'222c        0x2  stm32h7xx_hal_tim.o [1]
  .text              ro code  0x900e'222e        0x2  stm32h7xx_hal_tim.o [1]
  .text              ro code  0x900e'2230      0x2a8  main.o [1]
  .text              ro code  0x900e'24d8        0x2  stm32h7xx_hal_tim_ex.o [1]
  .text              ro code  0x900e'24da        0x2  stm32h7xx_hal_tim_ex.o [1]
  .text              ro code  0x900e'24dc        0x2  stm32h7xx_hal_tim.o [1]
  .text              ro code  0x900e'24de        0x2  stm32h7xx_hal_tim_ex.o [1]
  .text              ro code  0x900e'24e0       0x14  memset.o [5]
  .text              ro code  0x900e'24f4      0x428  stm32h7xx_hal_gpio.o [1]
  .text              ro code  0x900e'291c      0x190  gpio.o [1]
  .text              ro code  0x900e'2aac      0x108  rtc.o [1]
  .text              ro code  0x900e'2bb4      0x224  usart.o [1]
  .text              ro code  0x900e'2dd8      0x268  ltdc.o [1]
  .text              ro code  0x900e'3040      0x160  adc.o [1]
  .text              ro code  0x900e'31a0       0x5c  usb_device.o [1]
  .text              ro code  0x900e'31fc      0x174  sdmmc.o [1]
  .text              ro code  0x900e'3370       0x48  tx_initialize_kernel_enter.o [7]
  .text              ro code  0x900e'33b8       0x64  stm32h7xx_hal_pwr_ex.o [1]
  .text              ro code  0x900e'341c       0x10  stm32h7xx_hal_pwr.o [1]
  .text              ro code  0x900e'342c       0x18  stm32h7xx_hal.o [1]
  .text              ro code  0x900e'3444      0x446  stm32h7xx_hal_rtc.o [1]
  .rodata            const    0x900e'388a        0x2  lv_keyboard.o [1]
  .text              ro code  0x900e'388c       0x1a  stm32h7xx_hal_rtc_ex.o [1]
  .rodata            const    0x900e'38a6        0x2  lv_keyboard.o [1]
  .text              ro code  0x900e'38a8      0x92c  stm32h7xx_hal_uart.o [1]
  .text              ro code  0x900e'41d4      0x170  stm32h7xx_hal_uart_ex.o [1]
  .text              ro code  0x900e'4344      0x414  stm32h7xx_hal_ltdc.o [1]
  .text              ro code  0x900e'4758      0xd60  stm32h7xx_hal_adc.o [1]
  .text              ro code  0x900e'54b8      0x174  stm32h7xx_hal_adc_ex.o [1]
  .text              ro code  0x900e'562c      0x436  usbd_core.o [1]
  .rodata            const    0x900e'5a62        0x2  lv_keyboard.o [1]
  .text              ro code  0x900e'5a64      0x410  usbd_cdc.o [1]
  .text              ro code  0x900e'5e74     0x1090  stm32h7xx_hal_sd.o [1]
  .text              ro code  0x900e'6f04       0x74  tx_initialize_low_level.o [7]
  .text              ro code  0x900e'6f78       0x84  tx_initialize_high_level.o [7]
  .text              ro code  0x900e'6ffc      0x3ac  task.o [1]
  .text              ro code  0x900e'73a8       0xc0  tx_thread_schedule.o [7]
  .text              ro code  0x900e'7468      0x438  usbd_conf.o [1]
  .text              ro code  0x900e'78a0      0x8ac  usbd_ctlreq.o [1]
  .text              ro code  0x900e'814c       0xac  usbd_ioreq.o [1]
  .text              ro code  0x900e'81f8      0x7c8  stm32h7xx_ll_sdmmc.o [1]
  .text              ro code  0x900e'89c0       0x28  stm32h7xx_hal.o [1]
  .text              ro code  0x900e'89e8       0xa6  bsp_sdio.o [1]
  .text              ro code  0x900e'8a8e        0x2  stm32h7xx_hal_sd.o [1]
  .text              ro code  0x900e'8a90        0x2  stm32h7xx_hal_sd.o [1]
  .text              ro code  0x900e'8a92        0x2  stm32h7xx_hal_sd.o [1]
  .text              ro code  0x900e'8a94        0x2  stm32h7xx_hal_sd.o [1]
  .rodata            const    0x900e'8a96        0x2  lv_keyboard.o [1]
  .text              ro code  0x900e'8a98       0xb8  tx_timer_interrupt.o [7]
  .text              ro code  0x900e'8b50       0xac  tx_thread_initialize.o [7]
  .text              ro code  0x900e'8bfc       0xf8  tx_timer_initialize.o [7]
  .text              ro code  0x900e'8cf4      0x190  txe_thread_create.o [7]
  .text              ro code  0x900e'8e84       0x2e  bsp.o [1]
  .rodata            const    0x900e'8eb2        0x2  lv_keyboard.o [1]
  .text              ro code  0x900e'8eb4       0x9c  tx_thread_sleep.o [7]
  .text              ro code  0x900e'8f50      0x2f4  bsp_cli.o [1]
  .text              ro code  0x900e'9244       0xec  txe_mutex_create.o [7]
  .text              ro code  0x900e'9330       0x3c  vsnprint.o [2]
  .text              ro code  0x900e'936c       0x90  txe_mutex_get.o [7]
  .text              ro code  0x900e'93fc       0x28  printf.o [2]
  .text              ro code  0x900e'9424       0x58  txe_mutex_put.o [7]
  .text              ro code  0x900e'947c      0x6f0  file.o [1]
  .text              ro code  0x900e'9b6c       0x78  lv_port_disp.o [1]
  .text              ro code  0x900e'9be4       0x7c  lv_port_indev.o [1]
  .text              ro code  0x900e'9c60      0x178  display_win.o [1]
  .text              ro code  0x900e'9dd8       0xf8  display_basic.o [1]
  .text              ro code  0x900e'9ed0      0xd38  stm32h7xx_hal_pcd.o [1]
  .text              ro code  0x900e'ac08       0xa2  stm32h7xx_hal_pcd_ex.o [1]
  .rodata            const    0x900e'acaa        0x2  lv_keyboard.o [1]
  .text              ro code  0x900e'acac      0x54c  fx_stm32_sdio_driver.o [3]
  .text              ro code  0x900e'b1f8        0x2  bsp_sdio.o [1]
  .rodata            const    0x900e'b1fa        0x2  lv_keyboard.o [1]
  .text              ro code  0x900e'b1fc       0x28  tx_timer_expiration_process.o [7]
  .text              ro code  0x900e'b224      0x178  tx_thread_time_slice.o [7]
  .text              ro code  0x900e'b39c      0x1a8  tx_thread_create.o [7]
  .text              ro code  0x900e'b544       0xd0  tx_thread_system_preempt_check.o [7]
  .text              ro code  0x900e'b614       0x6a  bsp_dwt.o [1]
  .rodata            const    0x900e'b67e        0x2  lv_keyboard.o [1]
  .text              ro code  0x900e'b680      0x4e4  bsp_eeprom.o [1]
  .text              ro code  0x900e'bb64      0x54c  bsp_lcd.o [1]
  .text              ro code  0x900e'c0b0      0x6b4  bsp_touch.o [1]
  .text              ro code  0x900e'c764       0xcc  bsp_adc.o [1]
  .text              ro code  0x900e'c830      0x340  tx_thread_system_suspend.o [7]
  .text              ro code  0x900e'cb70      0x122  bsp_ringbuffer.o [1]
  .text              ro code  0x900e'cc92       0x46  strcasecmp.o [2]
  .text              ro code  0x900e'ccd8       0x16  strchr.o [5]
  .text              ro code  0x900e'ccee      0x4bc  qsort.o [2]
  .rodata            const    0x900e'd1aa        0x2  lv_keyboard.o [1]
  .text              ro code  0x900e'd1ac       0x80  tx_mutex_create.o [7]
  .text              ro code  0x900e'd22c     0x10c6  xprintffull.o [2]
  .rodata            const    0x900e'e2f2        0x2  lv_keyboard.o [1]
  .text              ro code  0x900e'e2f4      0x144  tx_mutex_get.o [7]
  .text              ro code  0x900e'e438      0x2b8  tx_mutex_put.o [7]
  .text              ro code  0x900e'e6f0       0xbc  fx_system_initialize.o [3]
  .text              ro code  0x900e'e7ac      0x100  fxe_media_open.o [3]
  .text              ro code  0x900e'e8ac       0x6c  fxe_directory_next_full_entry_find.o [3]
  .text              ro code  0x900e'e918       0x4c  fxe_media_extended_space_available.o [3]
  .text              ro code  0x900e'e964       0x44  fxe_media_close.o [3]
  .text              ro code  0x900e'e9a8       0x48  fxe_file_create.o [3]
  .text              ro code  0x900e'e9f0       0xcc  fxe_file_open.o [3]
  .text              ro code  0x900e'eabc       0x48  fxe_file_seek.o [3]
  .text              ro code  0x900e'eb04       0x50  fxe_file_write.o [3]
  .text              ro code  0x900e'eb54       0x44  fxe_file_close.o [3]
  .text              ro code  0x900e'eb98       0x44  fxe_media_flush.o [3]
  .text              ro code  0x900e'ebdc       0x58  fxe_file_read.o [3]
  .text              ro code  0x900e'ec34       0x48  fxe_directory_create.o [3]
  .text              ro code  0x900e'ec7c       0x48  fxe_directory_delete.o [3]
  .text              ro code  0x900e'ecc4       0x48  fxe_file_delete.o [3]
  .text              ro code  0x900e'ed0c       0x40  sprintf.o [2]
  .text              ro code  0x900e'ed4c      0x14c  iar_Stoulx.o [2]
  .text              ro code  0x900e'ee98      0x180  page_start.o [1]
  .text              ro code  0x900e'f018      0x5cc  page_home.o [1]
  .text              ro code  0x900e'f5e4     0x10bc  page_info.o [1]
  .text              ro code  0x900f'06a0      0x7c0  page_cal.o [1]
  .text              ro code  0x900f'0e60      0x50c  page_mro.o [1]
  .text              ro code  0x900f'136c      0x5bc  page_set.o [1]
  .text              ro code  0x900f'1928      0xfa4  stm32h7xx_ll_usb.o [1]
  .text              ro code  0x900f'28cc       0x18  tx_time_get.o [7]
  .text              ro code  0x900f'28e4       0xe0  txe_semaphore_create.o [7]
  .text              ro code  0x900f'29c4       0x64  txe_semaphore_delete.o [7]
  .text              ro code  0x900f'2a28       0x6c  txe_semaphore_get.o [7]
  .text              ro code  0x900f'2a94      0x1ea  fx_partition_offset_calculate.o [3]
  .rodata            const    0x900f'2c7e        0x2  lv_keyboard.o [1]
  .text              ro code  0x900f'2c80       0x24  txe_semaphore_put.o [7]
  .text              ro code  0x900f'2ca4       0x1e  fx_utility_memory_copy.o [3]
  .rodata            const    0x900f'2cc2        0x2  lv_keyboard.o [1]
  .text              ro code  0x900f'2cc4      0x314  tx_thread_system_resume.o [7]
  .text              ro code  0x900f'2fd8       0x24  tx_thread_stack_error_handler.o [7]
  .text              ro code  0x900f'2ffc       0x90  tx_thread_stack_analyze.o [7]
  .text              ro code  0x900f'308c       0x44  tx_thread_stack_build.o [7]
  .text              ro code  0x900f'30d0       0x78  tx_timer_system_activate.o [7]
  .text              ro code  0x900f'3148       0x14  tolower.o [2]
  .text              ro code  0x900f'315c       0x96  ABImemmove.o [5]
  .rodata            const    0x900f'31f2        0x2  lv_keyboard.o [1]
  .text              ro code  0x900f'31f4       0xa8  xlocale_c.o [2]
  .text              ro code  0x900f'329c       0x40  xfail_s.o [2]
  .text              ro code  0x900f'32dc       0x58  memchr.o [5]
  .text              ro code  0x900f'3334       0x70  frexp.o [4]
  .text              ro code  0x900f'33a4       0x2e  DblCmpLe.o [4]
  .rodata            const    0x900f'33d2        0x2  lv_keyboard.o [1]
  .text              ro code  0x900f'33d4       0x2e  DblCmpGe.o [4]
  .rodata            const    0x900f'3402        0x2  lv_keyboard.o [1]
  .text              ro code  0x900f'3404      0x104  ldexp.o [4]
  .text              ro code  0x900f'3508        0xe  DblToS32.o [4]
  .text              ro code  0x900f'3516        0xe  S32ToDbl.o [4]
  .text              ro code  0x900f'3524       0x12  DblSub.o [4]
  .text              ro code  0x900f'3536       0x12  DblDiv.o [4]
  .text              ro code  0x900f'3548        0xe  DblToU32.o [4]
  .text              ro code  0x900f'3556        0xe  U32ToDbl.o [4]
  .text              ro code  0x900f'3564       0x12  DblMul.o [4]
  .text              ro code  0x900f'3576        0xa  xmbcurmax.o [2]
  .text              ro code  0x900f'3580      0x108  tx_mutex_priority_change.o [7]
  .text              ro code  0x900f'3688      0x100  tx_mutex_prioritize.o [7]
  .text              ro code  0x900f'3788       0x9c  tx_timer_create.o [7]
  .text              ro code  0x900f'3824       0x18  tx_thread_identify.o [7]
  .text              ro code  0x900f'383c       0xd0  tx_thread_preemption_change.o [7]
  .text              ro code  0x900f'390c      0x7d0  fx_media_open.o [3]
  .text              ro code  0x900f'40dc      0x368  fx_directory_next_full_entry_find.o [3]
  .text              ro code  0x900f'4444       0x5c  fx_media_extended_space_available.o [3]
  .text              ro code  0x900f'44a0      0x2bc  fx_media_close.o [3]
  .text              ro code  0x900f'475c      0x170  fx_file_create.o [3]
  .text              ro code  0x900f'48cc      0x464  fx_file_open.o [3]
  .text              ro code  0x900f'4d30       0x12  fx_file_seek.o [3]
  .rodata            const    0x900f'4d42        0x2  lv_keyboard.o [1]
  .text              ro code  0x900f'4d44      0x684  fx_file_write.o [3]
  .text              ro code  0x900f'53c8       0xec  fx_file_close.o [3]
  .text              ro code  0x900f'54b4      0x244  fx_media_flush.o [3]
  .text              ro code  0x900f'56f8      0x340  fx_file_read.o [3]
  .text              ro code  0x900f'5a38      0x424  fx_directory_create.o [3]
  .text              ro code  0x900f'5e5c      0x254  fx_directory_delete.o [3]
  .text              ro code  0x900f'60b0      0x1a4  fx_file_delete.o [3]
  .text              ro code  0x900f'6254       0x14  isspace.o [2]
  .text              ro code  0x900f'6268     0x16d8  lv_label.o [1]
  .text              ro code  0x900f'7940      0xada  lv_bar.o [1]
  .rodata            const    0x900f'841a        0x2  lv_keyboard.o [1]
  .text              ro code  0x900f'841c      0x408  lv_led.o [1]
  .text              ro code  0x900f'8824       0x36  lv_btn.o [1]
  .rodata            const    0x900f'885a        0x2  lv_keyboard.o [1]
  .text              ro code  0x900f'885c      0xad0  lv_img.o [1]
  .text              ro code  0x900f'932c      0x590  lv_tabview.o [1]
  .text              ro code  0x900f'98bc     0x15c4  lv_textarea.o [1]
  .text              ro code  0x900f'ae80     0x10e4  lv_dropdown.o [1]
  .text              ro code  0x900f'bf64       0x74  tx_semaphore_create.o [7]
  .text              ro code  0x900f'bfd8       0xc8  tx_semaphore_delete.o [7]
  .text              ro code  0x900f'c0a0       0xbc  tx_semaphore_get.o [7]
  .text              ro code  0x900f'c15c       0x88  tx_semaphore_put.o [7]
  .text              ro code  0x900f'c1e4       0x36  tx_timer_system_deactivate.o [7]
  .text              ro code  0x900f'c21a        0x6  abort.o [2]
  .text              ro code  0x900f'c220       0xde  fx_media_boot_info_extract.o [3]
  .text              ro code  0x900f'c2fe        0xc  fx_utility_16_unsigned_read.o [3]
  .text              ro code  0x900f'c30a      0x320  fx_utility_FAT_entry_read.o [3]
  .text              ro code  0x900f'c62a       0x18  fx_utility_32_unsigned_read.o [3]
  .text              ro code  0x900f'c642      0x34a  fx_utility_logical_sector_flush.o [3]
  .text              ro code  0x900f'c98c      0x552  fx_directory_entry_read.o [3]
  .text              ro code  0x900f'cede      0x8f4  fx_directory_entry_write.o [3]
  .rodata            const    0x900f'd7d2        0x2  lv_keyboard.o [1]
  .text              ro code  0x900f'd7d4       0xd4  fx_media_abort.o [3]
  .text              ro code  0x900f'd8a8      0x46e  fx_utility_FAT_flush.o [3]
  .text              ro code  0x900f'dd16       0xe4  fx_utility_FAT_map_flush.o [3]
  .text              ro code  0x900f'ddfa       0x16  fx_utility_32_unsigned_write.o [3]
  .text              ro code  0x900f'de10       0xec  tx_mutex_delete.o [7]
  .text              ro code  0x900f'defc      0x6fc  fx_directory_search.o [3]
  .text              ro code  0x900f'e5f8       0x66  fx_directory_name_extract.o [3]
  .rodata            const    0x900f'e65e        0x2  lv_keyboard.o [1]
  .text              ro code  0x900f'e660      0x5b8  fx_directory_free_search.o [3]
  .text              ro code  0x900f'ec18      0x278  fx_file_extended_seek.o [3]
  .text              ro code  0x900f'ee90      0x152  fx_utility_FAT_entry_write.o [3]
  .text              ro code  0x900f'efe2      0x39c  fx_utility_logical_sector_read.o [3]
  .text              ro code  0x900f'f37e      0x22a  fx_utility_logical_sector_write.o [3]
  .text              ro code  0x900f'f5a8     0x1650  lv_btnmatrix.o [1]
  .text              ro code  0x9010'0bf8       0x14  exit.o [6]
  .text              ro code  0x9010'0c0c        0xa  fx_utility_16_unsigned_write.o [3]
  .text              ro code  0x9010'0c16      0x374  fx_utility_logical_sector_cache_entry_read.o [3]
  .rodata            const    0x9010'0f8a        0x2  lv_keyboard.o [1]
  .text              ro code  0x9010'0f8c     0x13e2  lv_arc.o [1]
  .text              ro code  0x9010'236e      0xdce  lv_draw_arc.o [1]
  .text              ro code  0x9010'313c      0xe38  lv_colorwheel.o [1]
  .text              ro code  0x9010'3f74      0xd92  lv_table.o [1]
  .rodata            const    0x9010'4d06        0x2  lv_keyboard.o [1]
  .text              ro code  0x9010'4d08      0xd22  lv_roller.o [1]
  .rodata            const    0x9010'5a2a        0x2  lv_keyboard.o [1]
  .text              ro code  0x9010'5a2c      0xcfa  lv_slider.o [1]
  .rodata            const    0x9010'6726        0x2  lv_keyboard.o [1]
  .rodata            const    0x9010'6728      0xc00  IconCels.o [1]
  .rodata            const    0x9010'7328      0xbb0  lv_font_montserrat_14.o [1]
  .rodata            const    0x9010'7ed8      0xbb0  lv_font_montserrat_20.o [1]
  .rodata            const    0x9010'8a88      0xbb0  lv_font_montserrat_32.o [1]
  .rodata            const    0x9010'9638      0xbb0  lv_font_montserrat_40.o [1]
  .text              ro code  0x9010'a1e8      0xa60  lv_meter.o [1]
  .text              ro code  0x9010'ac48      0x50a  lv_checkbox.o [1]
  .rodata            const    0x9010'b152        0x2  lv_keyboard.o [1]
  .rodata            const    0x9010'b154      0x4f0  lv_font_montserrat_14.o [1]
  .rodata            const    0x9010'b644      0x4f0  lv_font_montserrat_20.o [1]
  .rodata            const    0x9010'bb34      0x4f0  lv_font_montserrat_32.o [1]
  .rodata            const    0x9010'c024      0x4f0  lv_font_montserrat_40.o [1]
  .text              ro code  0x9010'c514      0x4d6  lv_calendar.o [1]
  .rodata            const    0x9010'c9ea        0x2  lv_keyboard.o [1]
  .text              ro code  0x9010'c9ec      0x4b4  lv_spinbox.o [1]
  .text              ro code  0x9010'cea0      0x3a4  lv_switch.o [1]
  .rodata            const    0x9010'd244      0x300  IconTemp.o [1]
  .text              ro code  0x9010'd544      0x2f8  lv_keyboard.o [1]
  .text              ro code  0x9010'd83c      0x2cc  lv_calendar_header_arrow.o [1]
  .rodata            const    0x9010'db08      0x268  lv_calendar_header_dropdown.o [1]
  .text              ro code  0x9010'dd70      0x258  lv_calendar_header_dropdown.o [1]
  .text              ro code  0x9010'dfc8      0x254  lv_line.o [1]
  .text              ro code  0x9010'e21c      0x1bc  lv_tileview.o [1]
  .text              ro code  0x9010'e3d8      0x19c  fx_system_timer_entry.o [3]
  .text              ro code  0x9010'e574      0x168  tx_timer_thread_entry.o [7]
  .text              ro code  0x9010'e6dc      0x15e  usbd_desc.o [1]
  .text              ro code  0x9010'e83a      0x13e  my_font_14.o [1]
  .text              ro code  0x9010'e978      0x124  system_stm32h7xx.o [1]
  .rodata            const    0x9010'ea9c      0x100  lv_draw_label.o [1]
  .text              ro code  0x9010'eb9c       0xf4  tx_mutex_cleanup.o [7]
  .text              ro code  0x9010'ec90       0xe0  lv_spinner.o [1]
  .rodata            const    0x9010'ed70       0xc0  lv_color.o [1]
  .rodata            const    0x9010'ee30       0xb8  lv_math.o [1]
  .rodata            const    0x9010'eee8       0xb0  lv_keyboard.o [1]
  .rodata            const    0x9010'ef98       0xb0  lv_keyboard.o [1]
  .rodata            const    0x9010'f048       0xb0  lv_keyboard.o [1]
  .text              ro code  0x9010'f0f8       0xa4  tx_semaphore_cleanup.o [7]
  .rodata            const    0x9010'f19c       0xa0  lv_font_montserrat_14.o [1]
  .rodata            const    0x9010'f23c       0xa0  lv_font_montserrat_14.o [1]
  .rodata            const    0x9010'f2dc       0xa0  lv_font_montserrat_20.o [1]
  .rodata            const    0x9010'f37c       0xa0  lv_font_montserrat_20.o [1]
  .rodata            const    0x9010'f41c       0xa0  lv_font_montserrat_32.o [1]
  .rodata            const    0x9010'f4bc       0xa0  lv_font_montserrat_32.o [1]
  .rodata            const    0x9010'f55c       0xa0  lv_font_montserrat_40.o [1]
  .rodata            const    0x9010'f5fc       0xa0  lv_font_montserrat_40.o [1]
  .rodata            const    0x9010'f69c       0x98  lv_color.o [1]
  .text              ro code  0x9010'f734       0x90  usbd_cdc_if.o [1]
  .text              ro code  0x9010'f7c4       0x8c  tx_thread_shell_entry.o [7]
  .text              ro code  0x9010'f850       0x84  lv_win.o [1]
  .rodata            const    0x9010'f8d4       0x7c  lv_font_montserrat_14.o [1]
  .rodata            const    0x9010'f950       0x7c  lv_font_montserrat_20.o [1]
  .rodata            const    0x9010'f9cc       0x7c  lv_font_montserrat_32.o [1]
  .rodata            const    0x9010'fa48       0x7c  lv_font_montserrat_40.o [1]
  .text              ro code  0x9010'fac4       0x78  lz77_init_single.o [5]
  .rodata            const    0x9010'fb3c       0x58  file.o [1]
  .rodata            const    0x9010'fb94       0x58  task.o [1]
  .rodata            const    0x9010'fbec       0x54  lv_keyboard.o [1]
  .rodata            const    0x9010'fc40       0x50  lv_keyboard.o [1]
  .rodata            const    0x9010'fc90       0x50  lv_keyboard.o [1]
  .rodata            const    0x9010'fce0       0x50  lv_keyboard.o [1]
  .rodata            const    0x9010'fd30       0x50  iar_Stoulx.o [2]
  .text              ro code  0x9010'fd80       0x50  tx_thread_timeout.o [7]
  .rodata            const    0x9010'fdd0       0x4c  file.o [1]
  .rodata            const    0x9010'fe1c       0x48  file.o [1]
  .rodata            const    0x9010'fe64       0x48  file.o [1]
  .rodata            const    0x9010'feac       0x44  bsp_cli.o [1]
  .rodata            const    0x9010'fef0       0x44  bsp_cli.o [1]
  .rodata            const    0x9010'ff34       0x44  file.o [1]
  .rodata            const    0x9010'ff78       0x44  file.o [1]
  .rodata            const    0x9010'ffbc       0x44  task.o [1]
  .rodata            const    0x9011'0000       0x40  file.o [1]
  .rodata            const    0x9011'0040       0x40  task.o [1]
  .rodata            const    0x9011'0080       0x38  file.o [1]
  .text              ro code  0x9011'00b8       0x38  stm32h7xx_it.o [1]
  .rodata            const    0x9011'00f0       0x30  file.o [1]
  .rodata            const    0x9011'0120       0x30  lv_roller.o [1]
  .rodata            const    0x9011'0150       0x30  task.o [1]
  .rodata            const    0x9011'0180       0x28  file.o [1]
  .rodata            const    0x9011'01a8       0x28  file.o [1]
  .rodata            const    0x9011'01d0       0x28  file.o [1]
  .rodata            const    0x9011'01f8       0x28  file.o [1]
  .rodata            const    0x9011'0220       0x28  file.o [1]
  .rodata            const    0x9011'0248       0x28  file.o [1]
  .rodata            const    0x9011'0270       0x28  lv_color.o [1]
  .rodata            const    0x9011'0298       0x28  lv_font_montserrat_14.o [1]
  .rodata            const    0x9011'02c0       0x28  lv_font_montserrat_20.o [1]
  .rodata            const    0x9011'02e8       0x28  lv_font_montserrat_32.o [1]
  .rodata            const    0x9011'0310       0x28  lv_font_montserrat_40.o [1]
  .text              ro code  0x9011'0338       0x28  data_init.o [5]
  .rodata            const    0x9011'0360       0x24  bsp_cli.o [1]
  .rodata            const    0x9011'0384       0x24  file.o [1]
  .rodata            const    0x9011'03a8       0x24  file.o [1]
  .rodata            const    0x9011'03cc       0x24  file.o [1]
  .rodata            const    0x9011'03f0       0x24  file.o [1]
  .rodata            const    0x9011'0414       0x24  file.o [1]
  .rodata            const    0x9011'0438       0x24  file.o [1]
  .rodata            const    0x9011'045c       0x24  lv_calendar_header_dropdown.o [1]
  .rodata            const    0x9011'0480       0x24  lv_draw_line.o [1]
  .rodata            const    0x9011'04a4       0x24  lv_keyboard.o [1]
  .text              ro code  0x9011'04c8       0x22  fpinit_M.o [4]
  .iar.init_table    const    0x9011'04ec       0x30  - Linker created -
  .rodata            const    0x9011'051c        0x2  lv_keyboard.o [1]
  .rodata            const    0x9011'0520       0x20  file.o [1]
  .rodata            const    0x9011'0540       0x20  file.o [1]
  .rodata            const    0x9011'0560       0x20  file.o [1]
  .rodata            const    0x9011'0580       0x20  file.o [1]
  .rodata            const    0x9011'05a0       0x20  file.o [1]
  .rodata            const    0x9011'05c0       0x20  fx_stm32_sdio_driver.o [3]
  .text              ro code  0x9011'05e0       0x1e  cmain.o [5]
  .text              ro code  0x9011'05fe        0x4  low_level_init.o [2]
  .text              ro code  0x9011'0602        0x4  exit.o [2]
  .rodata            const    0x9011'0606        0x2  lv_keyboard.o [1]
  .text              ro code  0x9011'0608        0xa  cexit.o [5]
  .rodata            const    0x9011'0612        0x2  lv_keyboard.o [1]
  .rodata            const    0x9011'0614       0x1c  bsp_adc.o [1]
  .rodata            const    0x9011'0630       0x1c  file.o [1]
  .rodata            const    0x9011'064c       0x1c  file.o [1]
  .rodata            const    0x9011'0668       0x1c  file.o [1]
  .rodata            const    0x9011'0684       0x1c  file.o [1]
  .rodata            const    0x9011'06a0       0x1c  file.o [1]
  .rodata            const    0x9011'06bc       0x1c  file.o [1]
  .rodata            const    0x9011'06d8       0x1c  file.o [1]
  .rodata            const    0x9011'06f4       0x1c  file.o [1]
  .rodata            const    0x9011'0710       0x1c  file.o [1]
  .rodata            const    0x9011'072c       0x1c  lv_arc.o [1]
  .rodata            const    0x9011'0748       0x1c  lv_bar.o [1]
  .rodata            const    0x9011'0764       0x1c  lv_btn.o [1]
  .rodata            const    0x9011'0780       0x1c  lv_btnmatrix.o [1]
  .rodata            const    0x9011'079c       0x1c  lv_calendar.o [1]
  .rodata            const    0x9011'07b8       0x1c  lv_calendar_header_arrow.o [1]
  .rodata            const    0x9011'07d4       0x1c  lv_calendar_header_dropdown.o [1]
  .rodata            const    0x9011'07f0       0x1c  lv_chart.o [1]
  .rodata            const    0x9011'080c       0x1c  lv_checkbox.o [1]
  .rodata            const    0x9011'0828       0x1c  lv_colorwheel.o [1]
  .rodata            const    0x9011'0844       0x1c  lv_dropdown.o [1]
  .rodata            const    0x9011'0860       0x1c  lv_dropdown.o [1]
  .rodata            const    0x9011'087c       0x1c  lv_dropdown.o [1]
  .rodata            const    0x9011'0898       0x1c  lv_img.o [1]
  .rodata            const    0x9011'08b4       0x1c  lv_keyboard.o [1]
  .rodata            const    0x9011'08d0       0x1c  lv_label.o [1]
  .rodata            const    0x9011'08ec       0x1c  lv_led.o [1]
  .rodata            const    0x9011'0908       0x1c  lv_line.o [1]
  .rodata            const    0x9011'0924       0x1c  lv_list.o [1]
  .rodata            const    0x9011'0940       0x1c  lv_list.o [1]
  .rodata            const    0x9011'095c       0x1c  lv_list.o [1]
  .rodata            const    0x9011'0978       0x1c  lv_meter.o [1]
  .rodata            const    0x9011'0994       0x1c  lv_msgbox.o [1]
  .rodata            const    0x9011'09b0       0x1c  lv_obj.o [1]
  .rodata            const    0x9011'09cc       0x1c  lv_roller.o [1]
  .rodata            const    0x9011'09e8       0x1c  lv_roller.o [1]
  .rodata            const    0x9011'0a04       0x1c  lv_slider.o [1]
  .rodata            const    0x9011'0a20       0x1c  lv_spinbox.o [1]
  .rodata            const    0x9011'0a3c       0x1c  lv_spinner.o [1]
  .rodata            const    0x9011'0a58       0x1c  lv_switch.o [1]
  .rodata            const    0x9011'0a74       0x1c  lv_table.o [1]
  .rodata            const    0x9011'0a90       0x1c  lv_tabview.o [1]
  .rodata            const    0x9011'0aac       0x1c  lv_textarea.o [1]
  .rodata            const    0x9011'0ac8       0x1c  lv_tileview.o [1]
  .rodata            const    0x9011'0ae4       0x1c  lv_tileview.o [1]
  .rodata            const    0x9011'0b00       0x1c  lv_win.o [1]
  .rodata            const    0x9011'0b1c       0x1c  task.o [1]
  .rodata            const    0x9011'0b38       0x18  file.o [1]
  .rodata            const    0x9011'0b50       0x18  file.o [1]
  .rodata            const    0x9011'0b68       0x18  file.o [1]
  .rodata            const    0x9011'0b80       0x18  file.o [1]
  .rodata            const    0x9011'0b98       0x18  file.o [1]
  .rodata            const    0x9011'0bb0       0x18  file.o [1]
  .rodata            const    0x9011'0bc8       0x18  file.o [1]
  .rodata            const    0x9011'0be0       0x18  lv_font_montserrat_14.o [1]
  .rodata            const    0x9011'0bf8       0x18  lv_font_montserrat_14.o [1]
  .rodata            const    0x9011'0c10       0x18  lv_font_montserrat_20.o [1]
  .rodata            const    0x9011'0c28       0x18  lv_font_montserrat_20.o [1]
  .rodata            const    0x9011'0c40       0x18  lv_font_montserrat_32.o [1]
  .rodata            const    0x9011'0c58       0x18  lv_font_montserrat_32.o [1]
  .rodata            const    0x9011'0c70       0x18  lv_font_montserrat_40.o [1]
  .rodata            const    0x9011'0c88       0x18  lv_font_montserrat_40.o [1]
  .rodata            const    0x9011'0ca0       0x18  lv_theme_default.o [1]
  .rodata            const    0x9011'0cb8       0x18  my_font_14.o [1]
  .rodata            const    0x9011'0cd0       0x18  page_home.o [1]
  .rodata            const    0x9011'0ce8       0x18  stm32h7xx_hal_uart.o [1]
  .rodata            const    0x9011'0d00       0x18  task.o [1]
  .rodata            const    0x9011'0d18       0x18  usbd_desc.o [1]
  .text              ro code  0x9011'0d30       0x16  xprout.o [2]
  .rodata            const    0x9011'0d46        0x2  lv_keyboard.o [1]
  .text              ro code  0x9011'0d48        0xc  putchar.o [2]
  .rodata            const    0x9011'0d54       0x14  bsp_adc.o [1]
  .rodata            const    0x9011'0d68       0x14  bsp_cli.o [1]
  .rodata            const    0x9011'0d7c       0x14  bsp_cli.o [1]
  .rodata            const    0x9011'0d90       0x14  bsp_cli.o [1]
  .rodata            const    0x9011'0da4       0x14  bsp_cli.o [1]
  .rodata            const    0x9011'0db8       0x14  bsp_lcd.o [1]
  .rodata            const    0x9011'0dcc       0x14  bsp_touch.o [1]
  .rodata            const    0x9011'0de0       0x14  file.o [1]
  .rodata            const    0x9011'0df4       0x14  file.o [1]
  .rodata            const    0x9011'0e08       0x14  file.o [1]
  .rodata            const    0x9011'0e1c       0x14  my_font_14.o [1]
  .rodata            const    0x9011'0e30       0x14  page_cal.o [1]
  .rodata            const    0x9011'0e44       0x14  page_info.o [1]
  .rodata            const    0x9011'0e58       0x14  page_info.o [1]
  .rodata            const    0x9011'0e6c       0x14  page_info.o [1]
  .rodata            const    0x9011'0e80       0x14  page_set.o [1]
[...]
lv_textarea_get_one_line
                        0x900f'a163      0x12  Code  Gb  lv_textarea.o [1]
lv_textarea_get_text    0x900f'a133      0x20  Code  Gb  lv_textarea.o [1]
lv_textarea_set_align   0x900f'a0df      0x54  Code  Gb  lv_textarea.o [1]
lv_textarea_set_cursor_click_pos
                        0x900f'a035      0x22  Code  Gb  lv_textarea.o [1]
lv_textarea_set_cursor_pos
                        0x900f'9f05     0x12c  Code  Gb  lv_textarea.o [1]
lv_textarea_set_one_line
                        0x900f'a057      0x88  Code  Gb  lv_textarea.o [1]
lv_textarea_set_text    0x900f'9dc5     0x140  Code  Gb  lv_textarea.o [1]
lv_theme_apply          0x900d'9aa5      0x20  Code  Gb  lv_theme.o [1]
lv_theme_default_init   0x900c'fa99      0xbe  Code  Gb  lv_theme_default.o [1]
lv_theme_default_is_inited
                        0x900c'fb57       0x6  Code  Gb  lv_theme_default.o [1]
lv_theme_get_color_primary
                        0x900d'9ac9      0x1c  Code  Gb  lv_theme.o [1]
lv_theme_get_from_obj   0x900d'9a85      0x20  Code  Gb  lv_theme.o [1]
lv_tick_elaps           0x900c'9429      0x1a  Code  Gb  lv_hal_tick.o [1]
lv_tick_get             0x900c'940d      0x14  Code  Gb  lv_hal_tick.o [1]
lv_tick_inc             0x900c'93fd      0x10  Code  Gb  lv_hal_tick.o [1]
lv_tileview_class       0x9011'0ac8      0x1c  Data  Gb  lv_tileview.o [1]
lv_tileview_constructor
                        0x9010'e21d      0x3a  Code  Lc  lv_tileview.o [1]
lv_tileview_tile_class  0x9011'0ae4      0x1c  Data  Gb  lv_tileview.o [1]
lv_tileview_tile_constructor
                        0x9010'e257      0x70  Code  Lc  lv_tileview.o [1]
lv_timer_create         0x900c'92b7      0x4a  Code  Gb  lv_timer.o [1]
lv_timer_del            0x900c'9301      0x1a  Code  Gb  lv_timer.o [1]
lv_timer_enable         0x900c'9341       0x6  Code  Gb  lv_timer.o [1]
lv_timer_exec           0x900c'9347      0x6c  Code  Lc  lv_timer.o [1]
lv_timer_handler        0x900c'918f     0x128  Code  Gb  lv_timer.o [1]
lv_timer_handler::already_running
                        0x2001'20aa       0x1  Data  Lc  lv_timer.o [1]
lv_timer_handler::busy_time
                        0x2001'1dc0       0x4  Data  Lc  lv_timer.o [1]
lv_timer_handler::idle_period_start
                        0x2001'1dbc       0x4  Data  Lc  lv_timer.o [1]
lv_timer_handler{2}{3}::run_cnt
                        0x2001'1dc4       0x4  Data  Lc  lv_timer.o [1]
lv_timer_pause          0x900c'931b       0xa  Code  Gb  lv_timer.o [1]
lv_timer_ready          0x900c'932f      0x12  Code  Gb  lv_timer.o [1]
lv_timer_resume         0x900c'9325       0xa  Code  Gb  lv_timer.o [1]
lv_timer_run            0x2001'20a6       0x1  Data  Lc  lv_timer.o [1]
lv_timer_time_remaining
                        0x900c'93dd      0x1e  Code  Lc  lv_timer.o [1]
lv_tlsf_add_pool        0x900c'8e87      0x8e  Code  Gb  lv_tlsf.o [1]
lv_tlsf_create          0x900c'8f15      0x22  Code  Gb  lv_tlsf.o [1]
lv_tlsf_create_with_pool
                        0x900c'8f37      0x2a  Code  Gb  lv_tlsf.o [1]
lv_tlsf_free            0x900c'8fa1      0x48  Code  Gb  lv_tlsf.o [1]
lv_tlsf_get_pool        0x900c'8f61       0xc  Code  Gb  lv_tlsf.o [1]
lv_tlsf_malloc          0x900c'8f6d      0x2c  Code  Gb  lv_tlsf.o [1]
lv_tlsf_pool_overhead   0x900c'8e7d       0xa  Code  Gb  lv_tlsf.o [1]
lv_tlsf_realloc         0x900c'8fe9      0xd6  Code  Gb  lv_tlsf.o [1]
lv_tlsf_size            0x900c'8e77       0x6  Code  Gb  lv_tlsf.o [1]
lv_tlsf_walk_pool       0x900c'8e05      0x72  Code  Gb  lv_tlsf.o [1]
lv_trigo_cos            0x9010'313d      0x10  Code  Lc  lv_colorwheel.o [1]
lv_trigo_cos            0x9010'a1e9      0x10  Code  Lc  lv_meter.o [1]
lv_trigo_sin            0x900d'23c1      0x88  Code  Gb  lv_math.o [1]
lv_txt_get_next_word    0x900c'64a1     0x162  Code  Lc  lv_txt.o [1]
lv_txt_get_size         0x900c'6399     0x108  Code  Gb  lv_txt.o [1]
lv_txt_get_width        0x900c'6709      0x90  Code  Gb  lv_txt.o [1]
lv_txt_unicode_to_utf8  0x900c'6943      0xb4  Code  Lc  lv_txt.o [1]
lv_txt_utf8_get_byte_id
                        0x900c'6bab      0x38  Code  Lc  lv_txt.o [1]
lv_txt_utf8_get_char_id
                        0x900c'6be3      0x24  Code  Lc  lv_txt.o [1]
lv_txt_utf8_get_length  0x900c'6c07      0x24  Code  Lc  lv_txt.o [1]
lv_txt_utf8_next        0x900c'69f7     0x15a  Code  Lc  lv_txt.o [1]
lv_txt_utf8_prev        0x900c'6b51      0x5a  Code  Lc  lv_txt.o [1]
lv_txt_utf8_size        0x900c'6909      0x3a  Code  Lc  lv_txt.o [1]
lv_vsnprintf            0x900d'3f93      0x1a  Code  Gb  lv_printf.o [1]
lv_win_class            0x9011'0b00      0x1c  Data  Gb  lv_win.o [1]
lv_win_constructor      0x9010'f851      0x7e  Code  Lc  lv_win.o [1]
main                    0x900e'2231      0xbc  Code  Gb  main.o [1]
make_one_button_checked
                        0x9010'0bc7      0x32  Code  Lc  lv_btnmatrix.o [1]
map_blended             0x900c'5531     0x176  Code  Lc  lv_draw_blend.o [1]
map_normal              0x900c'51a3     0x38e  Code  Lc  lv_draw_blend.o [1]
map_set_px              0x900c'5053     0x150  Code  Lc  lv_draw_blend.o [1]
mapping_insert          0x900c'897d      0x30  Code  Lc  lv_tlsf.o [1]
mapping_search          0x900c'89ad      0x2a  Code  Lc  lv_tlsf.o [1]
mask_mix                0x900c'4551      0x30  Code  Lc  lv_draw_mask.o [1]
med3                    0x900e'cdfd      0x50  Code  Lc  qsort.o [2]
media_memory            0x3000'0000  0x4'0000  Data  Gb  file.o [1]
memchr                  0x900f'32dd            Code  Gb  memchr.o [5]
memset                  0x900e'24e1      0x14  Code  Gb  memset.o [5]
month_event_cb          0x9010'da39      0xb8  Code  Lc  lv_calendar_header_arrow.o [1]
month_event_cb          0x9010'df3d      0x44  Code  Lc  lv_calendar_header_dropdown.o [1]
month_list              0x2000'0468       0x4  Data  Lc  lv_calendar_header_dropdown.o [1]
month_names_def         0x2000'0438      0x30  Data  Lc  lv_calendar_header_arrow.o [1]
mro_name                0x2000'05cc       0x8  Data  Gb  page_mro.o [1]
my_constructor          0x9010'd8bf     0x17a  Code  Lc  lv_calendar_header_arrow.o [1]
my_constructor          0x9010'ddf3     0x13c  Code  Lc  lv_calendar_header_dropdown.o [1]
my_font_14              0x9011'0cb8      0x18  Data  Gb  my_font_14.o [1]
ndigs                   0x9010'fd30      0x28  Data  Lc  iar_Stoulx.o [2]
next_color_mode         0x9010'3b9d      0x34  Code  Lc  lv_colorwheel.o [1]
node_set_next           0x900c'e653      0x1a  Code  Lc  lv_ll.o [1]
node_set_prev           0x900c'e63b      0x18  Code  Lc  lv_ll.o [1]
obj_del_core            0x900c'c4db     0x162  Code  Lc  lv_obj_tree.o [1]
obuf                    0x2001'1988      0x50  Data  Lc  xfiles.o [2]
offset_to_block         0x900c'8887       0x4  Code  Lc  lv_tlsf.o [1]
page_Cal                0x2000'0510      0x10  Data  Gb  page_cal.o [1]
page_Home               0x2000'052c      0x10  Data  Gb  page_home.o [1]
page_Info               0x2000'05bc      0x10  Data  Gb  page_info.o [1]
page_Mro                0x2000'05e0      0x10  Data  Gb  page_mro.o [1]
page_Set                0x2000'061c      0x10  Data  Gb  page_set.o [1]
page_Start              0x2000'0630      0x10  Data  Gb  page_start.o [1]
page_manager            0x2001'1ce0       0x8  Data  Gb  display_basic.o [1]
page_press_handler      0x900f'be2d      0x4a  Code  Lc  lv_dropdown.o [1]
place_content           0x900d'896d      0xbc  Code  Lc  lv_flex.o [1]
position_knob           0x9010'6665      0xc2  Code  Lc  lv_slider.o [1]
position_to_selected    0x900f'bee5      0x66  Code  Lc  lv_dropdown.o [1]
printf                  0x900e'93fd      0x28  Code  Gb  printf.o [2]
process_line            0x900e'9009      0x34  Code  Lc  bsp_cli.o [1]
putchar                 0x9011'0d49       0xc  Code  Gb  putchar.o [2]
pwd_char_hider          0x900f'a5bf      0xb4  Code  Lc  lv_textarea.o [1]
pwd_char_hider_anim     0x900f'a5ad       0x2  Code  Lc  lv_textarea.o [1]
pwd_char_hider_anim_ready
                        0x900f'a5b1       0xe  Code  Lc  lv_textarea.o [1]
px_num                  0x2001'1d9c       0x4  Data  Lc  lv_refr.o [1]
qsort                   0x900e'd193      0x18  Code  Gb  qsort.o [2]
rbrecv                  0x2001'1c60      0x10  Data  Lc  bsp_cli.o [1]
recvbuf                 0x2001'1a70      0x44  Data  Lc  bsp_cli.o [1]
recvcnt                 0x2001'2058       0x2  Data  Lc  bsp_cli.o [1]
refr_cursor_area        0x900f'a779     0x26e  Code  Lc  lv_textarea.o [1]
refr_knob_pos           0x9010'3bd1      0x82  Code  Lc  lv_colorwheel.o [1]
refr_position           0x9010'5593     0x19e  Code  Lc  lv_roller.o [1]
refr_size               0x9010'4947     0x112  Code  Lc  lv_table.o [1]
refresh_children_style  0x900c'e0c5      0x3c  Code  Lc  lv_obj_style.o [1]
release_handler         0x9010'5731     0x190  Code  Lc  lv_roller.o [1]
remove_free_block       0x900c'8a47      0x6c  Code  Lc  lv_tlsf.o [1]
report_style_change_core
                        0x900c'e06d      0x58  Code  Lc  lv_obj_style.o [1]
ring_buf_get            0x900e'cc13      0x80  Code  Gb  bsp_ringbuffer.o [1]
ring_buf_init           0x900e'cb71      0x20  Code  Gb  bsp_ringbuffer.o [1]
ring_buf_put            0x900e'cb91      0x82  Code  Gb  bsp_ringbuffer.o [1]
rot3                    0x900e'cd45      0x68  Code  Lc  qsort.o [2]
rotate                  0x900e'cdb3      0x4a  Code  Lc  qsort.o [2]
rxbuf                   0x2001'0ca0     0x100  Data  Lc  bsp_cli.o [1]
scalbln                 0x900f'3419            Code  Gb  ldexp.o [4]
scalblnl                0x900f'3419            Code  Gb  ldexp.o [4]
scalbn                  0x900f'3419            Code  Gb  ldexp.o [4]
scalbnl                 0x900f'3419            Code  Gb  ldexp.o [4]
scale                   0x900e'e249      0x46  Code  Lc  xprintffull.o [2]
scratch                 0x2001'08c0     0x200  Data  Gb  fx_stm32_sdio_driver.o [3]
scroll_anim_ready_cb    0x900d'1ff5      0x10  Code  Lc  lv_obj_scroll.o [1]
scroll_anim_ready_cb    0x9010'5a05      0x14  Code  Lc  lv_roller.o [1]
scroll_area_into_view   0x900d'2005     0x3b2  Code  Lc  lv_obj_scroll.o [1]
scroll_by_raw           0x900d'1f63      0x58  Code  Lc  lv_obj_scroll.o [1]
scroll_limit_diff       0x900d'a639      0x76  Code  Lc  lv_indev_scroll.o [1]
scroll_throw_predict_x  0x900d'a6e7      0x38  Code  Lc  lv_indev_scroll.o [1]
scroll_throw_predict_y  0x900d'a6af      0x38  Code  Lc  lv_indev_scroll.o [1]
scroll_x_anim           0x900d'1fbd      0x1c  Code  Lc  lv_obj_scroll.o [1]
scroll_y_anim           0x900d'1fd9      0x1c  Code  Lc  lv_obj_scroll.o [1]
scrollbar_init_draw_dsc
                        0x900c'b96b     0x120  Code  Lc  lv_obj.o [1]
sd_read_data            0x900e'afb1     0x120  Code  Lc  fx_stm32_sdio_driver.o [3]
sd_write_data           0x900e'b0d1     0x10e  Code  Lc  fx_stm32_sdio_driver.o [3]
sdio_disk               0x2000'88f8    0x24b8  Data  Gb  file.o [1]
search_suitable_block   0x900c'89d7      0x70  Code  Lc  lv_tlsf.o [1]
sec_hand                0x2001'2054       0x4  Data  Lc  xfail_s.o [2]
set_name                0x2000'05f0      0x20  Data  Gb  page_set.o [1]
set_ofs_x_anim          0x900f'7919      0x14  Code  Lc  lv_label.o [1]
set_ofs_y_anim          0x900f'792d      0x14  Code  Lc  lv_label.o [1]
set_y_anim              0x9010'5a19      0x12  Code  Lc  lv_roller.o [1]
shadow_blur_corner      0x900c'08f5     0x20c  Code  Lc  lv_draw_rect.o [1]
shadow_draw_corner_buf  0x900c'070b     0x1ea  Code  Lc  lv_draw_rect.o [1]
show_error              0x900c'62dd      0x42  Code  Lc  lv_draw_img.o [1]
sin0_90_table           0x9010'ee30      0xb8  Data  Lc  lv_math.o [1]
sprintf                 0x900e'ed0d      0x40  Code  Gb  sprintf.o [2]
sqrt_approx             0x900c'4581      0x32  Code  Lc  lv_draw_mask.o [1]
start_cursor_blink      0x900f'a6e5      0x80  Code  Lc  lv_textarea.o [1]
strcasecmp              0x900e'cc93      0x46  Code  Gb  strcasecmp.o [2]
strchr                  0x900e'ccd9            Code  Gb  strchr.o [5]
strcmp                  0x900d'4ddd            Code  Gb  strcmp.o [5]
strcpy                  0x900d'4c15            Code  Gb  strcpy.o [5]
strlen                  0x900d'3649            Code  Gb  strlen.o [5]
strsplit                0x900e'8fb3      0x56  Code  Lc  bsp_cli.o [1]
style_init              0x900c'e8d5    0x11c4  Code  Lc  lv_theme_default.o [1]
style_init::dark_filter
                        0x2001'1d08       0x8  Data  Lc  lv_theme_default.o [1]
style_init::grey_filter
                        0x2001'1d10       0x8  Data  Lc  lv_theme_default.o [1]
style_init::trans_delayed
                        0x2001'1c24      0x14  Data  Lc  lv_theme_default.o [1]
style_init::trans_normal
                        0x2001'1c38      0x14  Data  Lc  lv_theme_default.o [1]
style_init::trans_props
                        0x9011'0ca0      0x18  Data  Lc  lv_theme_default.o [1]
style_init_reset        0x900d'0aad      0x1c  Code  Lc  lv_theme_default.o [1]
style_refr              0x2000'08f3       0x1  Data  Lc  lv_obj_style.o [1]
styles                  0x2001'1db0       0x4  Data  Lc  lv_theme_default.o [1]
swap                    0x900e'ccef      0x56  Code  Lc  qsort.o [2]
sys_time                0x2001'1d80       0x4  Data  Lc  lv_hal_tick.o [1]
ta_insert_replace       0x2001'1dac       0x4  Data  Lc  lv_textarea.o [1]
tabAnalog               0x2001'1df0       0x4  Data  Lc  page_cal.o [1]
tabAnalog               0x2001'1e88       0x4  Data  Lc  page_info.o [1]
tabAnalog               0x2001'1f50       0x4  Data  Lc  page_set.o [1]
tabCal                  0x2001'1e8c       0x4  Data  Lc  page_info.o [1]
tabDigital              0x2001'1f54       0x4  Data  Lc  page_set.o [1]
tabError                0x2001'1e94       0x4  Data  Lc  page_info.o [1]
tabInstr                0x2001'1df4       0x4  Data  Lc  page_cal.o [1]
tabMeas                 0x2001'1f48       0x4  Data  Lc  page_set.o [1]
tabOutput               0x2001'1f14       0x4  Data  Lc  page_mro.o [1]
tabPasswd               0x2001'1f60       0x4  Data  Lc  page_set.o [1]
tabRelay                0x2001'1e84       0x4  Data  Lc  page_info.o [1]
tabRelay                0x2001'1f4c       0x4  Data  Lc  page_set.o [1]
tabReset                0x2001'1f64       0x4  Data  Lc  page_set.o [1]
tabSensor               0x2001'1dec       0x4  Data  Lc  page_cal.o [1]
tabSensor               0x2001'1e80       0x4  Data  Lc  page_info.o [1]
tabSet                  0x2001'1f10       0x4  Data  Lc  page_mro.o [1]
tabSystem               0x2001'1f5c       0x4  Data  Lc  page_set.o [1]
tabUSB                  0x2001'1f58       0x4  Data  Lc  page_set.o [1]
tabVer                  0x2001'1e90       0x4  Data  Lc  page_info.o [1]
tab_index               0x2001'20ab       0x1  Data  Lc  page_cal.o [1]
tab_index               0x2001'20ac       0x1  Data  Lc  page_info.o [1]
tab_index               0x2001'20ad       0x1  Data  Lc  page_mro.o [1]
tab_index               0x2001'20ae       0x1  Data  Lc  page_set.o [1]
tab_name_refresh        0x900f'070d      0x9c  Code  Lc  page_cal.o [1]
tab_name_refresh        0x900e'f651      0x9c  Code  Lc  page_info.o [1]
tab_name_refresh        0x900f'0ecd      0x70  Code  Lc  page_mro.o [1]
tab_name_refresh        0x900f'13d9      0x9c  Code  Lc  page_set.o [1]
tabpos_create           0x2001'20a2       0x1  Data  Lc  lv_tabview.o [1]
tabsize_create          0x2001'208a       0x2  Data  Lc  lv_tabview.o [1]
text_analog_max         0x2001'1ec4       0x4  Data  Lc  page_info.o [1]
text_analog_min         0x2001'1ec8       0x4  Data  Lc  page_info.o [1]
text_analog_para        0x2001'1ebc       0x4  Data  Lc  page_info.o [1]
text_analog_range       0x2001'1ec0       0x4  Data  Lc  page_info.o [1]
text_cal_ceff           0x2001'1ecc       0x4  Data  Lc  page_info.o [1]
text_relay_act          0x2001'1eb0       0x4  Data  Lc  page_info.o [1]
text_relay_para         0x2001'1eac       0x4  Data  Lc  page_info.o [1]
text_relay_threshold    0x2001'1eb4       0x4  Data  Lc  page_info.o [1]
text_sensor_code        0x2001'1ea4       0x4  Data  Lc  page_info.o [1]
text_sensor_hard        0x2001'1ea0       0x4  Data  Lc  page_info.o [1]
text_sensor_soft        0x2001'1e9c       0x4  Data  Lc  page_info.o [1]
text_sensor_type        0x2001'1e98       0x4  Data  Lc  page_info.o [1]
text_ver_dev            0x2001'1ed0       0x4  Data  Lc  page_info.o [1]
text_ver_hard           0x2001'1edc       0x4  Data  Lc  page_info.o [1]
text_ver_serial         0x2001'1ed4       0x4  Data  Lc  page_info.o [1]
text_ver_soft           0x2001'1ed8       0x4  Data  Lc  page_info.o [1]
theme                   0x2001'1b9c      0x24  Data  Lc  lv_theme_default.o [1]
theme_apply             0x900c'fb81     0xf1e  Code  Lc  lv_theme_default.o [1]
tick_irq_flag           0x2001'209e       0x1  Data  Lc  lv_hal_tick.o [1]
tileview_event_cb       0x9010'e2d5     0x104  Code  Lc  lv_tileview.o [1]
time_param              0x2001'1da4       0x4  Data  Lc  lv_spinner.o [1]
timer_created           0x2001'20a9       0x1  Data  Lc  lv_timer.o [1]
timer_deleted           0x2001'20a8       0x1  Data  Lc  lv_timer.o [1]
tlsf                    0x2001'1d8c       0x4  Data  Lc  lv_mem.o [1]
tlsf_ffs                0x900c'8315     0x266  Code  Lc  lv_tlsf.o [1]
tlsf_fls                0x900c'857b     0x25e  Code  Lc  lv_tlsf.o [1]
tmrPageJump             0x2001'1f80       0x4  Data  Lc  page_start.o [1]
tmrUpdate               0x2001'1e54       0x4  Data  Lc  page_home.o [1]
tolower                 0x900f'3149      0x14  Code  Gb  tolower.o [2]
touchpad_read           0x900e'9c05      0x40  Code  Lc  lv_port_indev.o [1]
touchpad_read::last_x   0x2001'2086       0x2  Data  Lc  lv_port_indev.o [1]
touchpad_read::last_y   0x2001'2088       0x2  Data  Lc  lv_port_indev.o [1]
trans_anim_cb           0x900c'e1c9     0x17a  Code  Lc  lv_obj_style.o [1]
trans_anim_ready_cb     0x900c'e391      0xd6  Code  Lc  lv_obj_style.o [1]
trans_anim_start_cb     0x900c'e345      0x4c  Code  Lc  lv_obj_style.o [1]
trans_del               0x900c'e101      0xc6  Code  Lc  lv_obj_style.o [1]
transfer_semaphore      0x2001'1c04      0x20  Data  Lc  fx_stm32_sdio_driver.o [3]
tx_application_define   0x900e'7005      0x8e  Code  Gb  task.o [1]
tx_thread_fpu_disable   0x900e'7457            Code  Gb  tx_thread_schedule.o [7]
tx_thread_fpu_enable    0x900e'7457            Code  Gb  tx_thread_schedule.o [7]
unicode_list_1          0x9010'f8d4      0x7c  Data  Lc  lv_font_montserrat_14.o [1]
unicode_list_1          0x9010'f950      0x7c  Data  Lc  lv_font_montserrat_20.o [1]
unicode_list_1          0x9010'f9cc      0x7c  Data  Lc  lv_font_montserrat_32.o [1]
unicode_list_1          0x9010'fa48      0x7c  Data  Lc  lv_font_montserrat_40.o [1]
unicode_list_1          0x900b'b580    0x3598  Data  Lc  my_font_14.o [1]
unicode_list_compare    0x900c'b041       0x8  Code  Lc  lv_font_fmt_txt.o [1]
update_cursor_position_on_click
                        0x900f'a9e7     0x26a  Code  Lc  lv_textarea.o [1]
uwTick                  0x2001'1f84       0x4  Data  Gb  stm32h7xx_hal.o [1]
uwTickFreq              0x2000'08f4       0x1  Data  Gb  stm32h7xx_hal.o [1]
uwTickPrio              0x2000'0640       0x4  Data  Gb  stm32h7xx_hal.o [1]
value_update            0x9010'224b     0x124  Code  Lc  lv_arc.o [1]
vsnprintf               0x900e'9331      0x3c  Code  Gb  vsnprint.o [2]
year_event_cb           0x9010'df81      0x48  Code  Lc  lv_calendar_header_dropdown.o [1]
year_list               0x2000'046c       0x4  Data  Lc  lv_calendar_header_dropdown.o [1]
zero_mem                0x2000'0498       0x4  Data  Lc  lv_mem.o [1]


[1] = F:\WQA\App\EWARM\App\Obj
[2] = dl7M_tlf.a
[3] = filex.a
[4] = m7M_tlv.a
[5] = rt7M_tl.a
[6] = shb_l.a
[7] = threadx.a

  299'858 bytes of readonly  code memory
  821'275 bytes of readonly  data memory
   90'287 bytes of readwrite data memory (+ 415'744 absolute)

Errors: none
Warnings: none
