###############################################################################
#
# IAR ELF Linker V8.40.1.212/W32 for ARM                  26/Oct/2021  20:34:56
# Copyright 2007-2019 IAR Systems AB.
#
#    Output file  =  F:\WQA\App\EWARM\App\Exe\App.out
#    Map file     =  F:\WQA\App\EWARM\App\List\App.map
#    Command line =
#        -f C:\Users\walker\AppData\Local\Temp\EWE968.tmp
#        (F:\WQA\App\EWARM\App\Obj\adc.o F:\WQA\App\EWARM\App\Obj\bsp.o
#        F:\WQA\App\EWARM\App\Obj\bsp_adc.o F:\WQA\App\EWARM\App\Obj\bsp_cli.o
#        F:\WQA\App\EWARM\App\Obj\bsp_dwt.o
#        F:\WQA\App\EWARM\App\Obj\bsp_eeprom.o
#        F:\WQA\App\EWARM\App\Obj\bsp_lcd.o
#        F:\WQA\App\EWARM\App\Obj\bsp_ringbuffer.o
#        F:\WQA\App\EWARM\App\Obj\bsp_sdio.o
#        F:\WQA\App\EWARM\App\Obj\bsp_touch.o
#        F:\WQA\App\EWARM\App\Obj\display_basic.o
#        F:\WQA\App\EWARM\App\Obj\display_win.o F:\WQA\App\EWARM\App\Obj\file.o
#        F:\WQA\App\EWARM\App\Obj\gpio.o F:\WQA\App\EWARM\App\Obj\IconCels.o
#        F:\WQA\App\EWARM\App\Obj\IconTemp.o F:\WQA\App\EWARM\App\Obj\ltdc.o
#        F:\WQA\App\EWARM\App\Obj\lv_anim.o
#        F:\WQA\App\EWARM\App\Obj\lv_animimg.o
#        F:\WQA\App\EWARM\App\Obj\lv_arc.o F:\WQA\App\EWARM\App\Obj\lv_area.o
#        F:\WQA\App\EWARM\App\Obj\lv_async.o F:\WQA\App\EWARM\App\Obj\lv_bar.o
#        F:\WQA\App\EWARM\App\Obj\lv_bidi.o F:\WQA\App\EWARM\App\Obj\lv_btn.o
#        F:\WQA\App\EWARM\App\Obj\lv_btnmatrix.o
#        F:\WQA\App\EWARM\App\Obj\lv_calendar.o
#        F:\WQA\App\EWARM\App\Obj\lv_calendar_header_arrow.o
#        F:\WQA\App\EWARM\App\Obj\lv_calendar_header_dropdown.o
#        F:\WQA\App\EWARM\App\Obj\lv_canvas.o
#        F:\WQA\App\EWARM\App\Obj\lv_chart.o
#        F:\WQA\App\EWARM\App\Obj\lv_checkbox.o
#        F:\WQA\App\EWARM\App\Obj\lv_color.o
#        F:\WQA\App\EWARM\App\Obj\lv_colorwheel.o
#        F:\WQA\App\EWARM\App\Obj\lv_demo_widgets.o
#        F:\WQA\App\EWARM\App\Obj\lv_disp.o
#        F:\WQA\App\EWARM\App\Obj\lv_draw_arc.o
#        F:\WQA\App\EWARM\App\Obj\lv_draw_blend.o
#        F:\WQA\App\EWARM\App\Obj\lv_draw_img.o
#        F:\WQA\App\EWARM\App\Obj\lv_draw_label.o
#        F:\WQA\App\EWARM\App\Obj\lv_draw_line.o
#        F:\WQA\App\EWARM\App\Obj\lv_draw_mask.o
#        F:\WQA\App\EWARM\App\Obj\lv_draw_rect.o
#        F:\WQA\App\EWARM\App\Obj\lv_draw_triangle.o
#        F:\WQA\App\EWARM\App\Obj\lv_dropdown.o
#        F:\WQA\App\EWARM\App\Obj\lv_event.o
#        F:\WQA\App\EWARM\App\Obj\lv_extra.o F:\WQA\App\EWARM\App\Obj\lv_flex.o
#        F:\WQA\App\EWARM\App\Obj\lv_font.o
#        F:\WQA\App\EWARM\App\Obj\lv_font_dejavu_16_persian_hebrew.o
#        F:\WQA\App\EWARM\App\Obj\lv_font_fmt_txt.o
#        F:\WQA\App\EWARM\App\Obj\lv_font_loader.o
#        F:\WQA\App\EWARM\App\Obj\lv_font_montserrat_10.o
#        F:\WQA\App\EWARM\App\Obj\lv_font_montserrat_12.o
#        F:\WQA\App\EWARM\App\Obj\lv_font_montserrat_12_subpx.o
#        F:\WQA\App\EWARM\App\Obj\lv_font_montserrat_14.o
#        F:\WQA\App\EWARM\App\Obj\lv_font_montserrat_16.o
#        F:\WQA\App\EWARM\App\Obj\lv_font_montserrat_18.o
#        F:\WQA\App\EWARM\App\Obj\lv_font_montserrat_20.o
#        F:\WQA\App\EWARM\App\Obj\lv_font_montserrat_22.o
#        F:\WQA\App\EWARM\App\Obj\lv_font_montserrat_24.o
#        F:\WQA\App\EWARM\App\Obj\lv_font_montserrat_26.o
#        F:\WQA\App\EWARM\App\Obj\lv_font_montserrat_28.o
#        F:\WQA\App\EWARM\App\Obj\lv_font_montserrat_28_compressed.o
#        F:\WQA\App\EWARM\App\Obj\lv_font_montserrat_30.o
#        F:\WQA\App\EWARM\App\Obj\lv_font_montserrat_32.o
#        F:\WQA\App\EWARM\App\Obj\lv_font_montserrat_34.o
#        F:\WQA\App\EWARM\App\Obj\lv_font_montserrat_36.o
#        F:\WQA\App\EWARM\App\Obj\lv_font_montserrat_38.o
#        F:\WQA\App\EWARM\App\Obj\lv_font_montserrat_40.o
#        F:\WQA\App\EWARM\App\Obj\lv_font_montserrat_42.o
#        F:\WQA\App\EWARM\App\Obj\lv_font_montserrat_44.o
#        F:\WQA\App\EWARM\App\Obj\lv_font_montserrat_46.o
#        F:\WQA\App\EWARM\App\Obj\lv_font_montserrat_48.o
#        F:\WQA\App\EWARM\App\Obj\lv_font_montserrat_8.o
#        F:\WQA\App\EWARM\App\Obj\lv_font_simsun_16_cjk.o
#        F:\WQA\App\EWARM\App\Obj\lv_font_unscii_16.o
#        F:\WQA\App\EWARM\App\Obj\lv_font_unscii_8.o
#        F:\WQA\App\EWARM\App\Obj\lv_fs.o F:\WQA\App\EWARM\App\Obj\lv_gc.o
#        F:\WQA\App\EWARM\App\Obj\lv_gpu_nxp_pxp.o
#        F:\WQA\App\EWARM\App\Obj\lv_gpu_nxp_pxp_osa.o
#        F:\WQA\App\EWARM\App\Obj\lv_gpu_nxp_vglite.o
#        F:\WQA\App\EWARM\App\Obj\lv_gpu_stm32_dma2d.o
#        F:\WQA\App\EWARM\App\Obj\lv_grid.o F:\WQA\App\EWARM\App\Obj\lv_group.o
#        F:\WQA\App\EWARM\App\Obj\lv_hal_disp.o
#        F:\WQA\App\EWARM\App\Obj\lv_hal_indev.o
#        F:\WQA\App\EWARM\App\Obj\lv_hal_tick.o
#        F:\WQA\App\EWARM\App\Obj\lv_img.o
#        F:\WQA\App\EWARM\App\Obj\lv_img_buf.o
#        F:\WQA\App\EWARM\App\Obj\lv_img_cache.o
#        F:\WQA\App\EWARM\App\Obj\lv_img_decoder.o
#        F:\WQA\App\EWARM\App\Obj\lv_imgbtn.o
#        F:\WQA\App\EWARM\App\Obj\lv_indev.o
#        F:\WQA\App\EWARM\App\Obj\lv_indev_scroll.o
#        F:\WQA\App\EWARM\App\Obj\lv_keyboard.o
#        F:\WQA\App\EWARM\App\Obj\lv_label.o F:\WQA\App\EWARM\App\Obj\lv_led.o
#        F:\WQA\App\EWARM\App\Obj\lv_line.o F:\WQA\App\EWARM\App\Obj\lv_list.o
#        F:\WQA\App\EWARM\App\Obj\lv_ll.o F:\WQA\App\EWARM\App\Obj\lv_log.o
#        F:\WQA\App\EWARM\App\Obj\lv_math.o F:\WQA\App\EWARM\App\Obj\lv_mem.o
#        F:\WQA\App\EWARM\App\Obj\lv_meter.o
#        F:\WQA\App\EWARM\App\Obj\lv_msgbox.o F:\WQA\App\EWARM\App\Obj\lv_obj.o
#        F:\WQA\App\EWARM\App\Obj\lv_obj_class.o
#        F:\WQA\App\EWARM\App\Obj\lv_obj_draw.o
#        F:\WQA\App\EWARM\App\Obj\lv_obj_pos.o
#        F:\WQA\App\EWARM\App\Obj\lv_obj_scroll.o
#        F:\WQA\App\EWARM\App\Obj\lv_obj_style.o
#        F:\WQA\App\EWARM\App\Obj\lv_obj_style_gen.o
#        F:\WQA\App\EWARM\App\Obj\lv_obj_tree.o
#        F:\WQA\App\EWARM\App\Obj\lv_objx_templ.o
#        F:\WQA\App\EWARM\App\Obj\lv_port_disp.o
#        F:\WQA\App\EWARM\App\Obj\lv_port_indev.o
#        F:\WQA\App\EWARM\App\Obj\lv_printf.o
#        F:\WQA\App\EWARM\App\Obj\lv_refr.o
#        F:\WQA\App\EWARM\App\Obj\lv_roller.o
#        F:\WQA\App\EWARM\App\Obj\lv_slider.o
#        F:\WQA\App\EWARM\App\Obj\lv_span.o
#        F:\WQA\App\EWARM\App\Obj\lv_spinbox.o
#        F:\WQA\App\EWARM\App\Obj\lv_spinner.o
#        F:\WQA\App\EWARM\App\Obj\lv_style.o
#        F:\WQA\App\EWARM\App\Obj\lv_style_gen.o
#        F:\WQA\App\EWARM\App\Obj\lv_switch.o
#        F:\WQA\App\EWARM\App\Obj\lv_table.o
#        F:\WQA\App\EWARM\App\Obj\lv_tabview.o
#        F:\WQA\App\EWARM\App\Obj\lv_templ.o
#        F:\WQA\App\EWARM\App\Obj\lv_textarea.o
#        F:\WQA\App\EWARM\App\Obj\lv_theme.o
#        F:\WQA\App\EWARM\App\Obj\lv_theme_basic.o
#        F:\WQA\App\EWARM\App\Obj\lv_theme_default.o
#        F:\WQA\App\EWARM\App\Obj\lv_theme_mono.o
#        F:\WQA\App\EWARM\App\Obj\lv_tileview.o
#        F:\WQA\App\EWARM\App\Obj\lv_timer.o F:\WQA\App\EWARM\App\Obj\lv_tlsf.o
#        F:\WQA\App\EWARM\App\Obj\lv_txt.o F:\WQA\App\EWARM\App\Obj\lv_txt_ap.o
#        F:\WQA\App\EWARM\App\Obj\lv_utils.o F:\WQA\App\EWARM\App\Obj\lv_win.o
#        F:\WQA\App\EWARM\App\Obj\main.o F:\WQA\App\EWARM\App\Obj\my_font_14.o
#        F:\WQA\App\EWARM\App\Obj\page_home.o
#        F:\WQA\App\EWARM\App\Obj\page_info.o
#        F:\WQA\App\EWARM\App\Obj\page_set.o
#        F:\WQA\App\EWARM\App\Obj\page_start.o F:\WQA\App\EWARM\App\Obj\rtc.o
#        F:\WQA\App\EWARM\App\Obj\sdmmc.o
#        F:\WQA\App\EWARM\App\Obj\startup_stm32h750xx.o
#        F:\WQA\App\EWARM\App\Obj\stm32h7xx_hal.o
#        F:\WQA\App\EWARM\App\Obj\stm32h7xx_hal_adc.o
#        F:\WQA\App\EWARM\App\Obj\stm32h7xx_hal_adc_ex.o
#        F:\WQA\App\EWARM\App\Obj\stm32h7xx_hal_cortex.o
#        F:\WQA\App\EWARM\App\Obj\stm32h7xx_hal_dma.o
#        F:\WQA\App\EWARM\App\Obj\stm32h7xx_hal_dma_ex.o
#        F:\WQA\App\EWARM\App\Obj\stm32h7xx_hal_exti.o
#        F:\WQA\App\EWARM\App\Obj\stm32h7xx_hal_flash.o
#        F:\WQA\App\EWARM\App\Obj\stm32h7xx_hal_flash_ex.o
#        F:\WQA\App\EWARM\App\Obj\stm32h7xx_hal_gpio.o
#        F:\WQA\App\EWARM\App\Obj\stm32h7xx_hal_hsem.o
#        F:\WQA\App\EWARM\App\Obj\stm32h7xx_hal_i2c.o
#        F:\WQA\App\EWARM\App\Obj\stm32h7xx_hal_i2c_ex.o
#        F:\WQA\App\EWARM\App\Obj\stm32h7xx_hal_ltdc.o
#        F:\WQA\App\EWARM\App\Obj\stm32h7xx_hal_ltdc_ex.o
#        F:\WQA\App\EWARM\App\Obj\stm32h7xx_hal_mdma.o
#        F:\WQA\App\EWARM\App\Obj\stm32h7xx_hal_msp.o
#        F:\WQA\App\EWARM\App\Obj\stm32h7xx_hal_pcd.o
#        F:\WQA\App\EWARM\App\Obj\stm32h7xx_hal_pcd_ex.o
#        F:\WQA\App\EWARM\App\Obj\stm32h7xx_hal_pwr.o
#        F:\WQA\App\EWARM\App\Obj\stm32h7xx_hal_pwr_ex.o
#        F:\WQA\App\EWARM\App\Obj\stm32h7xx_hal_rcc.o
#        F:\WQA\App\EWARM\App\Obj\stm32h7xx_hal_rcc_ex.o
#        F:\WQA\App\EWARM\App\Obj\stm32h7xx_hal_rtc.o
#        F:\WQA\App\EWARM\App\Obj\stm32h7xx_hal_rtc_ex.o
#        F:\WQA\App\EWARM\App\Obj\stm32h7xx_hal_sd.o
#        F:\WQA\App\EWARM\App\Obj\stm32h7xx_hal_sd_ex.o
#        F:\WQA\App\EWARM\App\Obj\stm32h7xx_hal_tim.o
#        F:\WQA\App\EWARM\App\Obj\stm32h7xx_hal_tim_ex.o
#        F:\WQA\App\EWARM\App\Obj\stm32h7xx_hal_timebase_tim.o
#        F:\WQA\App\EWARM\App\Obj\stm32h7xx_hal_uart.o
#        F:\WQA\App\EWARM\App\Obj\stm32h7xx_hal_uart_ex.o
#        F:\WQA\App\EWARM\App\Obj\stm32h7xx_it.o
#        F:\WQA\App\EWARM\App\Obj\stm32h7xx_ll_delayblock.o
#        F:\WQA\App\EWARM\App\Obj\stm32h7xx_ll_sdmmc.o
#        F:\WQA\App\EWARM\App\Obj\stm32h7xx_ll_usb.o
#        F:\WQA\App\EWARM\App\Obj\system_stm32h7xx.o
#        F:\WQA\App\EWARM\App\Obj\task.o F:\WQA\App\EWARM\App\Obj\tim.o
#        F:\WQA\App\EWARM\App\Obj\usart.o F:\WQA\App\EWARM\App\Obj\usb_device.o
#        F:\WQA\App\EWARM\App\Obj\usbd_cdc.o
#        F:\WQA\App\EWARM\App\Obj\usbd_cdc_if.o
#        F:\WQA\App\EWARM\App\Obj\usbd_conf.o
#        F:\WQA\App\EWARM\App\Obj\usbd_core.o
#        F:\WQA\App\EWARM\App\Obj\usbd_ctlreq.o
#        F:\WQA\App\EWARM\App\Obj\usbd_desc.o
#        F:\WQA\App\EWARM\App\Obj\usbd_ioreq.o --redirect _Printf=_PrintfFull
#        --redirect _Scanf=_ScanfFull --no_out_extension -o
#        F:\WQA\App\EWARM\App\Exe\App.out --map
#        F:\WQA\App\EWARM\App\List\App.map --config
#        F:\WQA\App\EWARM/stm32h750xx_flash.icf --semihosting
#        F:\WQA\App\EWARM\..\Middlewares\FileX\filex.a
#        F:\WQA\App\EWARM\..\Middlewares\ThreadX\threadx.a --entry
#        __iar_program_start --vfe --text_out locale)
#
###############################################################################

*******************************************************************************
*** RUNTIME MODEL ATTRIBUTES
***

CppFlavor       = *
__SystemLibrary = DLib
__dlib_version  = 6


*******************************************************************************
*** HEAP SELECTION
***

The basic heap was selected because no calls to memory allocation
functions were found in the application outside of system library
functions, and there are calls to deallocation functions in the
application.


*******************************************************************************
*** PLACEMENT SUMMARY
***

"A0":  place at address 0x9000'0000 { ro section .intvec };
"P1":  place in [from 0x9000'0000 to 0x91ff'ffff] { ro };
define block CSTACK with size = 16K, alignment = 8 { };
define block HEAP with size = 16K, alignment = 8 { };
"P2":  place in [from 0x2000'0000 to 0x2001'ffff] {
          rw, block CSTACK, block HEAP };
initialize by copy { rw };

  Section            Kind         Address      Size  Object
  -------            ----         -------      ----  ------
"P2", part 1 of 3:                            0x7d9
  P2-1                        0x2000'0000     0x7d9  <Init block>
    .data            inited   0x2000'0000     0x400  file.o [1]
    .data            inited   0x2000'0400      0x1c  lv_btnmatrix.o [1]
    .data            inited   0x2000'041c      0x1c  lv_calendar.o [1]
    .data            inited   0x2000'0438      0x30  lv_calendar_header_arrow.o [1]
    .data            inited   0x2000'0468       0x4  lv_calendar_header_dropdown.o [1]
    .data            inited   0x2000'046c       0x4  lv_calendar_header_dropdown.o [1]
    .data            inited   0x2000'0470      0x14  lv_keyboard.o [1]
    .data            inited   0x2000'0484      0x14  lv_keyboard.o [1]
    .data            inited   0x2000'0498       0x4  lv_mem.o [1]
    .data            inited   0x2000'049c       0x4  lv_txt.o [1]
    .data            inited   0x2000'04a0       0x4  lv_txt.o [1]
    .data            inited   0x2000'04a4       0x4  lv_txt.o [1]
    .data            inited   0x2000'04a8       0x4  lv_txt.o [1]
    .data            inited   0x2000'04ac       0x4  lv_txt.o [1]
    .data            inited   0x2000'04b0       0x4  lv_txt.o [1]
    .data            inited   0x2000'04b4       0x4  lv_txt.o [1]
    .data            inited   0x2000'04b8       0x8  my_font_14.o [1]
    .data            inited   0x2000'04c0      0x18  my_font_14.o [1]
    .data            inited   0x2000'04d8       0x4  page_home.o [1]
    .data            inited   0x2000'04dc       0x8  page_home.o [1]
    .data            inited   0x2000'04e4      0x10  page_home.o [1]
    .data            inited   0x2000'04f4       0x4  page_info.o [1]
    .data            inited   0x2000'04f8       0x8  page_info.o [1]
    .data            inited   0x2000'0500      0x10  page_info.o [1]
    .data            inited   0x2000'0510       0x4  page_start.o [1]
    .data            inited   0x2000'0514      0x10  page_start.o [1]
    .data            inited   0x2000'0524       0x4  stm32h7xx_hal.o [1]
    .data            inited   0x2000'0528       0x4  system_stm32h7xx.o [1]
    .data            inited   0x2000'052c       0x4  system_stm32h7xx.o [1]
    .data            inited   0x2000'0530       0xc  usbd_cdc.o [1]
    .data            inited   0x2000'053c      0x38  usbd_cdc.o [1]
    .data            inited   0x2000'0574      0x44  usbd_cdc.o [1]
    .data            inited   0x2000'05b8      0x44  usbd_cdc.o [1]
    .data            inited   0x2000'05fc      0x44  usbd_cdc.o [1]
    .data            inited   0x2000'0640      0x14  usbd_cdc_if.o [1]
    .data            inited   0x2000'0654      0x1c  usbd_desc.o [1]
    .data            inited   0x2000'0670      0x14  usbd_desc.o [1]
    .data            inited   0x2000'0684       0x4  usbd_desc.o [1]
    .data            inited   0x2000'0688      0x1c  usbd_desc.o [1]
    .data            inited   0x2000'06a4      0x64  fx_system_initialize.o [3]
    .data            inited   0x2000'0708       0x4  tx_thread_initialize.o [7]
    .data            inited   0x2000'070c      0x38  xlocale_c.o [2]
    .data            inited   0x2000'0744      0x48  xlocale_c.o [2]
    .data            inited   0x2000'078c      0x48  xfiles.o [2]
    .data            inited   0x2000'07d4       0x2  lv_style.o [1]
    .data            inited   0x2000'07d6       0x1  lv_colorwheel.o [1]
    .data            inited   0x2000'07d7       0x1  lv_obj_style.o [1]
    .data            inited   0x2000'07d8       0x1  stm32h7xx_hal.o [1]
                            - 0x2000'07d9     0x7d9

"P2", part 2 of 3:                         0x1'1658
  .bss               zero     0x2000'07dc    0x8000  lv_mem.o [1]
  .bss               zero     0x2000'87e0    0x24b8  file.o [1]
  .bss               zero     0x2000'ac98    0x1000  task.o [1]
  .bss               zero     0x2000'bc98    0x1000  task.o [1]
  .bss               zero     0x2000'cc98     0x800  task.o [1]
  .bss               zero     0x2000'd498     0x800  task.o [1]
  .bss               zero     0x2000'dc98     0x800  usbd_cdc_if.o [1]
  .bss               zero     0x2000'e498     0x800  usbd_cdc_if.o [1]
  .bss               zero     0x2000'ec98     0x408  usbd_conf.o [1]
  .bss               zero     0x2000'f0a0     0x400  file.o [1]
  .bss               zero     0x2000'f4a0     0x400  task.o [1]
  .bss               zero     0x2000'f8a0     0x400  task.o [1]
  .bss               zero     0x2000'fca0     0x400  tx_timer_initialize.o [7]
  .bss               zero     0x2001'00a0     0x2d0  usb_device.o [1]
  .bss               zero     0x2001'0370     0x220  usbd_conf.o [1]
  .bss               zero     0x2001'0590     0x200  usbd_desc.o [1]
  .bss               zero     0x2001'07a0     0x200  fx_stm32_sdio_driver.o [3]
  .bss               zero     0x2001'09a0     0x1e0  file.o [1]
  .bss               zero     0x2001'0b80     0x100  bsp_cli.o [1]
  .bss               zero     0x2001'0c80     0x100  file.o [1]
  .bss               zero     0x2001'0d80     0x100  lv_draw_label.o [1]
  .bss               zero     0x2001'0e80      0xb4  task.o [1]
  .bss               zero     0x2001'0f34      0xb4  task.o [1]
  .bss               zero     0x2001'0fe8      0xb4  task.o [1]
  .bss               zero     0x2001'109c      0xb4  task.o [1]
  .bss               zero     0x2001'1150      0xb4  task.o [1]
  .bss               zero     0x2001'1204      0xb4  task.o [1]
  .bss               zero     0x2001'12b8      0xb4  tx_timer_initialize.o [7]
  .bss               zero     0x2001'136c      0xa8  ltdc.o [1]
  .bss               zero     0x2001'1414      0x90  usart.o [1]
  .bss               zero     0x2001'14a4      0x90  usart.o [1]
  .bss               zero     0x2001'1534      0x80  lv_gc.o [1]
  .bss               zero     0x2001'15b4      0x80  lv_gc.o [1]
  .bss               zero     0x2001'1634      0x80  tx_thread_initialize.o [7]
  .bss               zero     0x2001'16b4      0x80  tx_timer_initialize.o [7]
  .bss               zero     0x2001'1734      0x7c  sdmmc.o [1]
  .bss               zero     0x2001'17b0      0x64  adc.o [1]
  .bss               zero     0x2001'1814      0x54  display_win.o [1]
  .bss               zero     0x2001'1868      0x50  xfiles.o [2]
  .bss               zero     0x2001'18b8      0x4c  stm32h7xx_hal_timebase_tim.o [1]
  .bss               zero     0x2001'1904      0x4c  tim.o [1]
  .bss               zero     0x2001'1950      0x44  bsp_cli.o [1]
  .bss               zero     0x2001'1994      0x38  lv_port_disp.o [1]
  .bss               zero     0x2001'19cc      0x34  task.o [1]
  .bss               zero     0x2001'1a00      0x2c  lv_gc.o [1]
  .bss               zero     0x2001'1a2c      0x2c  fx_system_initialize.o [3]
  .bss               zero     0x2001'1a58      0x24  lv_port_disp.o [1]
  .bss               zero     0x2001'1a7c      0x24  lv_theme_default.o [1]
  .bss               zero     0x2001'1aa0      0x24  rtc.o [1]
  .bss               zero     0x2001'1ac4      0x20  lv_port_indev.o [1]
  .bss               zero     0x2001'1ae4      0x20  fx_stm32_sdio_driver.o [3]
  .bss               zero     0x2001'1b04      0x14  lv_theme_default.o [1]
  .bss               zero     0x2001'1b18      0x14  lv_theme_default.o [1]
  .bss               zero     0x2001'1b2c      0x14  page_home.o [1]
  .bss               zero     0x2001'1b40      0x10  bsp_cli.o [1]
  FREE_MEM           zero     0x2001'1b50      0x10  tx_initialize_low_level.o [7]
  .bss               zero     0x2001'1b60       0xc  lv_gc.o [1]
  .bss               zero     0x2001'1b6c       0xc  lv_gc.o [1]
  .bss               zero     0x2001'1b78       0xc  lv_gc.o [1]
  .bss               zero     0x2001'1b84       0xc  lv_gc.o [1]
  .bss               zero     0x2001'1b90       0xc  lv_gc.o [1]
  .bss               zero     0x2001'1b9c       0xc  lv_gc.o [1]
  .bss               zero     0x2001'1ba8       0xc  lv_gc.o [1]
  .bss               zero     0x2001'1bb4       0xc  lv_gc.o [1]
  .bss               zero     0x2001'1bc0       0x8  display_basic.o [1]
  .bss               zero     0x2001'1bc8       0x8  lv_font_montserrat_14.o [1]
  .bss               zero     0x2001'1bd0       0x8  lv_font_montserrat_20.o [1]
  .bss               zero     0x2001'1bd8       0x8  lv_font_montserrat_32.o [1]
  .bss               zero     0x2001'1be0       0x8  lv_font_montserrat_40.o [1]
  .bss               zero     0x2001'1be8       0x8  lv_theme_default.o [1]
  .bss               zero     0x2001'1bf0       0x8  lv_theme_default.o [1]
  .bss               zero     0x2001'1bf8       0x4  bsp_adc.o [1]
  .bss               zero     0x2001'1bfc       0x4  bsp_adc.o [1]
  .bss               zero     0x2001'1c00       0x4  bsp_eeprom.o [1]
  .bss               zero     0x2001'1c04       0x4  bsp_eeprom.o [1]
  .bss               zero     0x2001'1c08       0x4  bsp_touch.o [1]
  .bss               zero     0x2001'1c0c       0x4  lv_anim.o [1]
  .bss               zero     0x2001'1c10       0x4  lv_anim.o [1]
  .bss               zero     0x2001'1c14       0x4  lv_calendar_header_arrow.o [1]
  .bss               zero     0x2001'1c18       0x4  lv_calendar_header_dropdown.o [1]
  .bss               zero     0x2001'1c1c       0x4  lv_draw_label.o [1]
  .bss               zero     0x2001'1c20       0x4  lv_event.o [1]
  .bss               zero     0x2001'1c24       0x4  lv_flex.o [1]
  .bss               zero     0x2001'1c28       0x4  lv_gc.o [1]
  .bss               zero     0x2001'1c2c       0x4  lv_gc.o [1]
  .bss               zero     0x2001'1c30       0x4  lv_gc.o [1]
  .bss               zero     0x2001'1c34       0x4  lv_grid.o [1]
  .bss               zero     0x2001'1c38       0x4  lv_group.o [1]
  .bss               zero     0x2001'1c3c       0x4  lv_hal_disp.o [1]
  .bss               zero     0x2001'1c40       0x4  lv_hal_tick.o [1]
  .bss               zero     0x2001'1c44       0x4  lv_indev.o [1]
  .bss               zero     0x2001'1c48       0x4  lv_indev.o [1]
  .bss               zero     0x2001'1c4c       0x4  lv_mem.o [1]
  .bss               zero     0x2001'1c50       0x4  lv_obj.o [1]
  .bss               zero     0x2001'1c54       0x4  lv_obj_pos.o [1]
  .bss               zero     0x2001'1c58       0x4  lv_port_indev.o [1]
  .bss               zero     0x2001'1c5c       0x4  lv_refr.o [1]
  .bss               zero     0x2001'1c60       0x4  lv_refr.o [1]
  .bss               zero     0x2001'1c64       0x4  lv_spinner.o [1]
  .bss               zero     0x2001'1c68       0x4  lv_spinner.o [1]
  .bss               zero     0x2001'1c6c       0x4  lv_textarea.o [1]
  .bss               zero     0x2001'1c70       0x4  lv_theme_default.o [1]
  .bss               zero     0x2001'1c74       0x4  lv_tileview.o [1]
  .bss               zero     0x2001'1c78       0x4  lv_tileview.o [1]
  .bss               zero     0x2001'1c7c       0x4  lv_timer.o [1]
  .bss               zero     0x2001'1c80       0x4  lv_timer.o [1]
  .bss               zero     0x2001'1c84       0x4  lv_timer.o [1]
  .bss               zero     0x2001'1c88       0x4  page_home.o [1]
  .bss               zero     0x2001'1c8c       0x4  page_home.o [1]
  .bss               zero     0x2001'1c90       0x4  page_home.o [1]
  .bss               zero     0x2001'1c94       0x4  page_home.o [1]
  .bss               zero     0x2001'1c98       0x4  page_home.o [1]
  .bss               zero     0x2001'1c9c       0x4  page_home.o [1]
  .bss               zero     0x2001'1ca0       0x4  page_home.o [1]
  .bss               zero     0x2001'1ca4       0x4  page_home.o [1]
  .bss               zero     0x2001'1ca8       0x4  page_home.o [1]
  .bss               zero     0x2001'1cac       0x4  page_home.o [1]
  .bss               zero     0x2001'1cb0       0x4  page_home.o [1]
  .bss               zero     0x2001'1cb4       0x4  page_home.o [1]
  .bss               zero     0x2001'1cb8       0x4  page_home.o [1]
  .bss               zero     0x2001'1cbc       0x4  page_home.o [1]
  .bss               zero     0x2001'1cc0       0x4  page_home.o [1]
  .bss               zero     0x2001'1cc4       0x4  page_home.o [1]
  .bss               zero     0x2001'1cc8       0x4  page_home.o [1]
  .bss               zero     0x2001'1ccc       0x4  page_home.o [1]
  .bss               zero     0x2001'1cd0       0x4  page_home.o [1]
  .bss               zero     0x2001'1cd4       0x4  page_home.o [1]
  .bss               zero     0x2001'1cd8       0x4  page_home.o [1]
  .bss               zero     0x2001'1cdc       0x4  page_home.o [1]
  .bss               zero     0x2001'1ce0       0x4  page_info.o [1]
  .bss               zero     0x2001'1ce4       0x4  page_info.o [1]
  .bss               zero     0x2001'1ce8       0x4  page_info.o [1]
  .bss               zero     0x2001'1cec       0x4  page_info.o [1]
  .bss               zero     0x2001'1cf0       0x4  page_info.o [1]
  .bss               zero     0x2001'1cf4       0x4  page_info.o [1]
  .bss               zero     0x2001'1cf8       0x4  page_start.o [1]
  .bss               zero     0x2001'1cfc       0x4  page_start.o [1]
  .bss               zero     0x2001'1d00       0x4  page_start.o [1]
  .bss               zero     0x2001'1d04       0x4  page_start.o [1]
  .bss               zero     0x2001'1d08       0x4  stm32h7xx_hal.o [1]
  .bss               zero     0x2001'1d0c       0x4  task.o [1]
  .bss               zero     0x2001'1d10       0x4  task.o [1]
  .bss               zero     0x2001'1d14       0x4  task.o [1]
  .bss               zero     0x2001'1d18       0x4  task.o [1]
  .bss               zero     0x2001'1d1c       0x4  fx_system_initialize.o [3]
  .bss               zero     0x2001'1d20       0x4  fx_system_initialize.o [3]
  .bss               zero     0x2001'1d24       0x4  fx_system_initialize.o [3]
  .bss               zero     0x2001'1d28       0x4  fx_system_initialize.o [3]
  .bss               zero     0x2001'1d2c       0x4  fx_system_initialize.o [3]
  .bss               zero     0x2001'1d30       0x4  fx_system_initialize.o [3]
  .bss               zero     0x2001'1d34       0x4  fx_system_initialize.o [3]
  .bss               zero     0x2001'1d38       0x4  fx_system_initialize.o [3]
  .bss               zero     0x2001'1d3c       0x4  fx_system_initialize.o [3]
  .bss               zero     0x2001'1d40       0x4  tx_thread_initialize.o [7]
  .bss               zero     0x2001'1d44       0x4  tx_thread_initialize.o [7]
  .bss               zero     0x2001'1d48       0x4  tx_thread_initialize.o [7]
  .bss               zero     0x2001'1d4c       0x4  tx_thread_initialize.o [7]
  .bss               zero     0x2001'1d50       0x4  tx_thread_initialize.o [7]
  .bss               zero     0x2001'1d54       0x4  tx_thread_initialize.o [7]
  .bss               zero     0x2001'1d58       0x4  tx_thread_initialize.o [7]
  .bss               zero     0x2001'1d5c       0x4  tx_thread_initialize.o [7]
  .bss               zero     0x2001'1d60       0x4  tx_thread_initialize.o [7]
  .bss               zero     0x2001'1d64       0x4  tx_thread_initialize.o [7]
  .bss               zero     0x2001'1d68       0x4  tx_thread_initialize.o [7]
  .bss               zero     0x2001'1d6c       0x4  tx_thread_initialize.o [7]
  .bss               zero     0x2001'1d70       0x4  tx_timer_initialize.o [7]
  .bss               zero     0x2001'1d74       0x4  tx_timer_initialize.o [7]
  .bss               zero     0x2001'1d78       0x4  tx_timer_initialize.o [7]
  .bss               zero     0x2001'1d7c       0x4  tx_timer_initialize.o [7]
  .bss               zero     0x2001'1d80       0x4  tx_timer_initialize.o [7]
  .bss               zero     0x2001'1d84       0x4  tx_timer_initialize.o [7]
  .bss               zero     0x2001'1d88       0x4  tx_timer_initialize.o [7]
  .bss               zero     0x2001'1d8c       0x4  tx_timer_initialize.o [7]
  .bss               zero     0x2001'1d90       0x4  tx_timer_initialize.o [7]
  .bss               zero     0x2001'1d94       0x4  tx_timer_initialize.o [7]
  .bss               zero     0x2001'1d98       0x4  tx_timer_initialize.o [7]
  .bss               zero     0x2001'1d9c       0x4  tx_timer_initialize.o [7]
  .bss               zero     0x2001'1da0       0x4  tx_timer_initialize.o [7]
  .bss               zero     0x2001'1da4       0x4  tx_initialize_high_level.o [7]
  .bss               zero     0x2001'1da8       0x4  tx_initialize_high_level.o [7]
  .bss               zero     0x2001'1dac       0x4  tx_initialize_high_level.o [7]
  .bss               zero     0x2001'1db0       0x4  tx_initialize_high_level.o [7]
  .bss               zero     0x2001'1db4       0x4  tx_initialize_high_level.o [7]
  .bss               zero     0x2001'1db8       0x4  tx_initialize_high_level.o [7]
  .bss               zero     0x2001'1dbc       0x4  tx_initialize_high_level.o [7]
  .bss               zero     0x2001'1dc0       0x4  tx_initialize_high_level.o [7]
  .bss               zero     0x2001'1dc4       0x4  tx_initialize_high_level.o [7]
  .bss               zero     0x2001'1dc8       0x4  tx_initialize_high_level.o [7]
  .bss               zero     0x2001'1dcc       0x4  tx_initialize_high_level.o [7]
  .bss               zero     0x2001'1dd0       0x4  tx_initialize_high_level.o [7]
  .bss               zero     0x2001'1dd4       0x4  tx_initialize_high_level.o [7]
  .bss               zero     0x2001'1dd8       0x4  xfail_s.o [2]
  .bss               zero     0x2001'1ddc       0x2  bsp_cli.o [1]
  .bss               zero     0x2001'1dde       0x2  bsp_eeprom.o [1]
  .bss               zero     0x2001'1de0       0x2  bsp_eeprom.o [1]
  .bss               zero     0x2001'1de2       0x2  bsp_touch.o [1]
  .bss               zero     0x2001'1de4       0x2  bsp_touch.o [1]
  .bss               zero     0x2001'1de6       0x2  bsp_touch.o [1]
  .bss               zero     0x2001'1de8       0x2  lv_calendar_header_arrow.o [1]
  .bss               zero     0x2001'1dea       0x2  lv_colorwheel.o [1]
  .bss               zero     0x2001'1dec       0x2  lv_flex.o [1]
  .bss               zero     0x2001'1dee       0x2  lv_flex.o [1]
  .bss               zero     0x2001'1df0       0x2  lv_flex.o [1]
  .bss               zero     0x2001'1df2       0x2  lv_flex.o [1]
  .bss               zero     0x2001'1df4       0x2  lv_flex.o [1]
  .bss               zero     0x2001'1df6       0x2  lv_grid.o [1]
  .bss               zero     0x2001'1df8       0x2  lv_grid.o [1]
  .bss               zero     0x2001'1dfa       0x2  lv_grid.o [1]
  .bss               zero     0x2001'1dfc       0x2  lv_grid.o [1]
  .bss               zero     0x2001'1dfe       0x2  lv_grid.o [1]
  .bss               zero     0x2001'1e00       0x2  lv_grid.o [1]
  .bss               zero     0x2001'1e02       0x2  lv_grid.o [1]
  .bss               zero     0x2001'1e04       0x2  lv_grid.o [1]
  .bss               zero     0x2001'1e06       0x2  lv_grid.o [1]
  .bss               zero     0x2001'1e08       0x2  lv_grid.o [1]
  .bss               zero     0x2001'1e0a       0x2  lv_port_indev.o [1]
  .bss               zero     0x2001'1e0c       0x2  lv_port_indev.o [1]
  .bss               zero     0x2001'1e0e       0x2  lv_tabview.o [1]
  .bss               zero     0x2001'1e10       0x2  lv_theme_default.o [1]
  .bss               zero     0x2001'1e12       0x2  lv_theme_default.o [1]
  .bss               zero     0x2001'1e14       0x2  lv_theme_default.o [1]
  .bss               zero     0x2001'1e16       0x2  lv_theme_default.o [1]
  .bss               zero     0x2001'1e18       0x2  lv_win.o [1]
  .bss               zero     0x2001'1e1a       0x1  bsp_eeprom.o [1]
  .bss               zero     0x2001'1e1b       0x1  bsp_eeprom.o [1]
  .bss               zero     0x2001'1e1c       0x1  lv_anim.o [1]
  .bss               zero     0x2001'1e1d       0x1  lv_anim.o [1]
  .bss               zero     0x2001'1e1e       0x1  lv_colorwheel.o [1]
  .bss               zero     0x2001'1e1f       0x1  lv_colorwheel.o [1]
  .bss               zero     0x2001'1e20       0x1  lv_colorwheel.o [1]
  .bss               zero     0x2001'1e21       0x1  lv_draw_label.o [1]
  .bss               zero     0x2001'1e22       0x1  lv_hal_tick.o [1]
  .bss               zero     0x2001'1e23       0x1  lv_indev.o [1]
  .bss               zero     0x2001'1e24       0x1  lv_obj.o [1]
  .bss               zero     0x2001'1e25       0x1  lv_obj_pos.o [1]
  .bss               zero     0x2001'1e26       0x1  lv_tabview.o [1]
  .bss               zero     0x2001'1e27       0x1  lv_theme_default.o [1]
  .bss               zero     0x2001'1e28       0x1  lv_theme_default.o [1]
  .bss               zero     0x2001'1e29       0x1  lv_tileview.o [1]
  .bss               zero     0x2001'1e2a       0x1  lv_timer.o [1]
  .bss               zero     0x2001'1e2b       0x1  lv_timer.o [1]
  .bss               zero     0x2001'1e2c       0x1  lv_timer.o [1]
  .bss               zero     0x2001'1e2d       0x1  lv_timer.o [1]
  .bss               zero     0x2001'1e2e       0x1  lv_timer.o [1]
  .bss               zero     0x2001'1e2f       0x1  task.o [1]
  .bss               zero     0x2001'1e30       0x1  usbd_ctlreq.o [1]
  .bss               zero     0x2001'1e31       0x1  fx_stm32_sdio_driver.o [3]
                            - 0x2001'1e32  0x1'1656

"P2", part 3 of 3:                           0x4000
  CSTACK                      0x2001'1e38    0x4000  <Block>
    CSTACK           uninit   0x2001'1e38    0x4000  <Block tail>
                            - 0x2001'5e38    0x4000

Absolute sections, part 1 of 2:            0x2'5800
  .bss               zero     0x2402'5800  0x2'5800  lv_port_disp.o [1]
                            - 0x2404'b000  0x2'5800

Absolute sections, part 2 of 2:            0x4'0000
  .bss               zero     0x3000'0000  0x4'0000  file.o [1]
                            - 0x3004'0000  0x4'0000

"A0":                                         0x298
  .intvec            ro code  0x9000'0000     0x298  startup_stm32h750xx.o [1]
                            - 0x9000'0298     0x298

"P1":                                      0x7'1507
  .rodata            const    0x9000'0298    0xff50  lv_font_montserrat_40.o [1]
  .rodata            const    0x9001'01e8    0xa088  lv_font_montserrat_32.o [1]
  .rodata            const    0x9001'a270    0x425c  lv_font_montserrat_20.o [1]
  .text              ro code  0x9001'e4cc    0x2616  lv_draw_rect.o [1]
  .text              ro code  0x9002'0ae2      0x3a  zero_init3.o [5]
  .text              ro code  0x9002'0b1c     0x680  lv_mem.o [1]
  .text              ro code  0x9002'119c     0xd88  lv_refr.o [1]
  .text              ro code  0x9002'1f24     0x2b6  lv_hal_disp.o [1]
  .text              ro code  0x9002'21da     0x468  lv_area.o [1]
  .text              ro code  0x9002'2642      0x1e  xencoding_8859_1.o [2]
  .text              ro code  0x9002'2660    0x1906  lv_draw_mask.o [1]
  .text              ro code  0x9002'3f66      0x1a  xsnprout.o [2]
  .text              ro code  0x9002'3f80    0x1240  lv_draw_blend.o [1]
  .text              ro code  0x9002'51c0     0xb1e  lv_draw_img.o [1]
  .text              ro code  0x9002'5cde       0xa  xsprout.o [2]
  .text              ro code  0x9002'5ce8     0x908  lv_txt.o [1]
  .text              ro code  0x9002'65f0     0xb9e  lv_draw_label.o [1]
  .rodata            const    0x9002'718e       0x2  bsp_cli.o [1]
  .text              ro code  0x9002'7190     0xb36  lv_img_decoder.o [1]
  .rodata            const    0x9002'7cc6       0x2  lv_btnmatrix.o [1]
  .text              ro code  0x9002'7cc8     0xdc0  lv_tlsf.o [1]
  .text              ro code  0x9002'8a88      0xa6  ABImemcpy.o [5]
  .rodata            const    0x9002'8b2e       0x2  lv_draw_label.o [1]
  .text              ro code  0x9002'8b30     0x27e  lv_timer.o [1]
  .rodata            const    0x9002'8dae       0x2  lv_img_decoder.o [1]
  .text              ro code  0x9002'8db0      0x46  lv_hal_tick.o [1]
  .rodata            const    0x9002'8df6       0x2  lv_keyboard.o [1]
  .text              ro code  0x9002'8df8    0x17f4  lv_obj_pos.o [1]
  .text              ro code  0x9002'a5ec     0x410  lv_font_fmt_txt.o [1]
  .text              ro code  0x9002'a9fc      0x7a  lv_disp.o [1]
  .rodata            const    0x9002'aa76       0x2  lv_keyboard.o [1]
  .text              ro code  0x9002'aa78     0xef2  lv_obj.o [1]
  .rodata            const    0x9002'b96a       0x2  lv_keyboard.o [1]
  .text              ro code  0x9002'b96c     0x30a  lv_event.o [1]
  .rodata            const    0x9002'bc76       0x2  lv_keyboard.o [1]
  .text              ro code  0x9002'bc78     0x378  lv_obj_tree.o [1]
  .text              ro code  0x9002'bff0     0xb6e  lv_obj_draw.o [1]
  .rodata            const    0x9002'cb5e       0x2  lv_keyboard.o [1]
  .text              ro code  0x9002'cb60    0x12c0  lv_obj_style.o [1]
  .text              ro code  0x9002'de20     0x200  lv_ll.o [1]
  .text              ro code  0x9002'e020    0x2510  lv_theme_default.o [1]
  .text              ro code  0x9003'0530     0x364  lv_color.o [1]
  .text              ro code  0x9003'0894    0x14e0  lv_obj_scroll.o [1]
  .text              ro code  0x9003'1d74     0x234  lv_math.o [1]
  .text              ro code  0x9003'1fa8      0x64  lv_img_cache.o [1]
  .text              ro code  0x9003'200c     0xf34  lv_img_buf.o [1]
  .text              ro code  0x9003'2f40      0x66  ABImemset.o [5]
  .text              ro code  0x9003'2fa6      0x54  lv_font.o [1]
  .rodata            const    0x9003'2ffa       0x2  lv_keyboard.o [1]
  .text              ro code  0x9003'2ffc      0x36  strlen.o [5]
  .rodata            const    0x9003'3032       0x2  lv_keyboard.o [1]
  .text              ro code  0x9003'3034     0x934  lv_printf.o [1]
  .text              ro code  0x9003'3968     0xc60  lv_draw_line.o [1]
  .text              ro code  0x9003'45c8      0x18  strcpy.o [5]
  .text              ro code  0x9003'45e0     0x1b0  lv_fs.o [1]
  .text              ro code  0x9003'4790      0x12  strcmp.o [5]
  .text              ro code  0x9003'47a2     0x2b2  lv_obj_style_gen.o [1]
  .text              ro code  0x9003'4a54      0x58  lv_utils.o [1]
  .text              ro code  0x9003'4aac     0x4b4  lv_anim.o [1]
  .text              ro code  0x9003'4f60     0x4a4  lv_group.o [1]
  .text              ro code  0x9003'5404       0xc  lv_extra.o [1]
  .text              ro code  0x9003'5410     0x244  lv_obj_class.o [1]
  .text              ro code  0x9003'5654    0x11b0  lv_indev.o [1]
  .text              ro code  0x9003'6804      0xf2  lv_hal_indev.o [1]
  .rodata            const    0x9003'68f6       0x2  lv_keyboard.o [1]
  .text              ro code  0x9003'68f8     0x46e  lv_style.o [1]
  .text              ro code  0x9003'6d66     0x3ea  lv_style_gen.o [1]
  .text              ro code  0x9003'7150     0x230  I64DivMod.o [5]
  .text              ro code  0x9003'7380    0x1076  lv_flex.o [1]
  .rodata            const    0x9003'83f6       0x2  lv_keyboard.o [1]
  .text              ro code  0x9003'83f8    0x1000  lv_grid.o [1]
  .text              ro code  0x9003'93f8      0x94  lv_theme.o [1]
  .text              ro code  0x9003'948c     0xe14  lv_indev_scroll.o [1]
  .text              ro code  0x9003'a2a0       0x2  I64DivZer.o [5]
  .rodata            const    0x9003'a2a2       0x2  lv_keyboard.o [1]
  .rodata            const    0x9003'a2a4    0x2280  lv_font_montserrat_14.o [1]
  .text              ro code  0x9003'c524    0x220a  lv_chart.o [1]
  .rodata            const    0x9003'e72e       0x2  lv_keyboard.o [1]
  .rodata            const    0x9003'e730    0x2160  my_font_14.o [1]
  .text              ro code  0x9004'0890    0x19f0  stm32h7xx_hal_rcc_ex.o [1]
  .text              ro code  0x9004'2280       0xc  stm32h7xx_hal.o [1]
  .text              ro code  0x9004'228c     0xc48  stm32h7xx_hal_rcc.o [1]
  .text              ro code  0x9004'2ed4      0xd0  stm32h7xx_hal_timebase_tim.o [1]
  .text              ro code  0x9004'2fa4      0x74  stm32h7xx_hal.o [1]
  .text              ro code  0x9004'3018     0x1e4  stm32h7xx_hal_cortex.o [1]
  .text              ro code  0x9004'31fc     0x9fc  stm32h7xx_hal_tim.o [1]
  .text              ro code  0x9004'3bf8      0x20  stm32h7xx_hal_msp.o [1]
  .text              ro code  0x9004'3c18      0xf4  tim.o [1]
  .text              ro code  0x9004'3d0c       0x2  stm32h7xx_hal_tim.o [1]
  .text              ro code  0x9004'3d0e       0x2  stm32h7xx_hal_tim.o [1]
  .text              ro code  0x9004'3d10       0x2  stm32h7xx_hal_tim.o [1]
  .text              ro code  0x9004'3d12       0x2  stm32h7xx_hal_tim.o [1]
  .text              ro code  0x9004'3d14     0x2a8  main.o [1]
  .text              ro code  0x9004'3fbc       0x2  stm32h7xx_hal_tim_ex.o [1]
  .text              ro code  0x9004'3fbe       0x2  stm32h7xx_hal_tim_ex.o [1]
  .text              ro code  0x9004'3fc0       0x2  stm32h7xx_hal_tim.o [1]
  .text              ro code  0x9004'3fc2       0x2  stm32h7xx_hal_tim_ex.o [1]
  .text              ro code  0x9004'3fc4      0x14  memset.o [5]
  .text              ro code  0x9004'3fd8     0x428  stm32h7xx_hal_gpio.o [1]
  .text              ro code  0x9004'4400     0x190  gpio.o [1]
  .text              ro code  0x9004'4590     0x108  rtc.o [1]
  .text              ro code  0x9004'4698     0x224  usart.o [1]
  .text              ro code  0x9004'48bc     0x268  ltdc.o [1]
  .text              ro code  0x9004'4b24     0x160  adc.o [1]
  .text              ro code  0x9004'4c84      0x5c  usb_device.o [1]
  .text              ro code  0x9004'4ce0     0x174  sdmmc.o [1]
  .text              ro code  0x9004'4e54      0x48  tx_initialize_kernel_enter.o [7]
  .text              ro code  0x9004'4e9c      0x64  stm32h7xx_hal_pwr_ex.o [1]
  .text              ro code  0x9004'4f00      0x10  stm32h7xx_hal_pwr.o [1]
  .text              ro code  0x9004'4f10      0x18  stm32h7xx_hal.o [1]
  .text              ro code  0x9004'4f28     0x446  stm32h7xx_hal_rtc.o [1]
  .rodata            const    0x9004'536e       0x2  lv_keyboard.o [1]
  .text              ro code  0x9004'5370      0x1a  stm32h7xx_hal_rtc_ex.o [1]
  .rodata            const    0x9004'538a       0x2  lv_keyboard.o [1]
  .text              ro code  0x9004'538c     0x92c  stm32h7xx_hal_uart.o [1]
  .text              ro code  0x9004'5cb8     0x170  stm32h7xx_hal_uart_ex.o [1]
  .text              ro code  0x9004'5e28     0x414  stm32h7xx_hal_ltdc.o [1]
  .text              ro code  0x9004'623c     0xd60  stm32h7xx_hal_adc.o [1]
  .text              ro code  0x9004'6f9c     0x174  stm32h7xx_hal_adc_ex.o [1]
  .text              ro code  0x9004'7110     0x436  usbd_core.o [1]
  .rodata            const    0x9004'7546       0x2  lv_keyboard.o [1]
  .text              ro code  0x9004'7548     0x410  usbd_cdc.o [1]
  .text              ro code  0x9004'7958    0x1090  stm32h7xx_hal_sd.o [1]
  .text              ro code  0x9004'89e8      0x74  tx_initialize_low_level.o [7]
  .text              ro code  0x9004'8a5c      0x84  tx_initialize_high_level.o [7]
  .text              ro code  0x9004'8ae0     0x3ac  task.o [1]
  .text              ro code  0x9004'8e8c      0xc0  tx_thread_schedule.o [7]
  .text              ro code  0x9004'8f4c     0x438  usbd_conf.o [1]
  .text              ro code  0x9004'9384     0x8ac  usbd_ctlreq.o [1]
  .text              ro code  0x9004'9c30      0xac  usbd_ioreq.o [1]
  .text              ro code  0x9004'9cdc     0x7c8  stm32h7xx_ll_sdmmc.o [1]
  .text              ro code  0x9004'a4a4      0x28  stm32h7xx_hal.o [1]
  .text              ro code  0x9004'a4cc      0xa6  bsp_sdio.o [1]
  .text              ro code  0x9004'a572       0x2  stm32h7xx_hal_sd.o [1]
  .text              ro code  0x9004'a574       0x2  stm32h7xx_hal_sd.o [1]
  .text              ro code  0x9004'a576       0x2  stm32h7xx_hal_sd.o [1]
  .text              ro code  0x9004'a578       0x2  stm32h7xx_hal_sd.o [1]
  .rodata            const    0x9004'a57a       0x2  lv_keyboard.o [1]
  .text              ro code  0x9004'a57c      0xb8  tx_timer_interrupt.o [7]
  .text              ro code  0x9004'a634      0xac  tx_thread_initialize.o [7]
  .text              ro code  0x9004'a6e0      0xf8  tx_timer_initialize.o [7]
  .text              ro code  0x9004'a7d8     0x190  txe_thread_create.o [7]
  .text              ro code  0x9004'a968      0x2e  bsp.o [1]
  .rodata            const    0x9004'a996       0x2  lv_keyboard.o [1]
  .text              ro code  0x9004'a998      0x9c  tx_thread_sleep.o [7]
  .text              ro code  0x9004'aa34     0x2f4  bsp_cli.o [1]
  .text              ro code  0x9004'ad28      0xec  txe_mutex_create.o [7]
  .text              ro code  0x9004'ae14      0x3c  vsnprint.o [2]
  .text              ro code  0x9004'ae50      0x90  txe_mutex_get.o [7]
  .text              ro code  0x9004'aee0      0x28  printf.o [2]
  .text              ro code  0x9004'af08      0x58  txe_mutex_put.o [7]
  .text              ro code  0x9004'af60     0x6f0  file.o [1]
  .text              ro code  0x9004'b650      0x78  lv_port_disp.o [1]
  .text              ro code  0x9004'b6c8      0x7c  lv_port_indev.o [1]
  .text              ro code  0x9004'b744     0x178  display_win.o [1]
  .text              ro code  0x9004'b8bc      0xe8  display_basic.o [1]
  .text              ro code  0x9004'b9a4     0xd38  stm32h7xx_hal_pcd.o [1]
  .text              ro code  0x9004'c6dc      0xa2  stm32h7xx_hal_pcd_ex.o [1]
  .rodata            const    0x9004'c77e       0x2  lv_keyboard.o [1]
  .text              ro code  0x9004'c780     0x54c  fx_stm32_sdio_driver.o [3]
  .text              ro code  0x9004'cccc       0x2  bsp_sdio.o [1]
  .rodata            const    0x9004'ccce       0x2  lv_keyboard.o [1]
  .text              ro code  0x9004'ccd0      0x28  tx_timer_expiration_process.o [7]
  .text              ro code  0x9004'ccf8     0x178  tx_thread_time_slice.o [7]
  .text              ro code  0x9004'ce70     0x1a8  tx_thread_create.o [7]
  .text              ro code  0x9004'd018      0xd0  tx_thread_system_preempt_check.o [7]
  .text              ro code  0x9004'd0e8      0x6a  bsp_dwt.o [1]
  .rodata            const    0x9004'd152       0x2  lv_keyboard.o [1]
  .text              ro code  0x9004'd154     0x4e4  bsp_eeprom.o [1]
  .text              ro code  0x9004'd638     0x54c  bsp_lcd.o [1]
  .text              ro code  0x9004'db84     0x6b4  bsp_touch.o [1]
  .text              ro code  0x9004'e238      0xcc  bsp_adc.o [1]
  .text              ro code  0x9004'e304     0x340  tx_thread_system_suspend.o [7]
  .text              ro code  0x9004'e644     0x122  bsp_ringbuffer.o [1]
  .text              ro code  0x9004'e766      0x46  strcasecmp.o [2]
  .text              ro code  0x9004'e7ac      0x16  strchr.o [5]
  .text              ro code  0x9004'e7c2     0x4bc  qsort.o [2]
  .rodata            const    0x9004'ec7e       0x2  lv_keyboard.o [1]
  .text              ro code  0x9004'ec80      0x80  tx_mutex_create.o [7]
  .text              ro code  0x9004'ed00    0x10c6  xprintffull.o [2]
  .rodata            const    0x9004'fdc6       0x2  lv_keyboard.o [1]
  .text              ro code  0x9004'fdc8     0x144  tx_mutex_get.o [7]
  .text              ro code  0x9004'ff0c     0x2b8  tx_mutex_put.o [7]
  .text              ro code  0x9005'01c4      0xbc  fx_system_initialize.o [3]
  .text              ro code  0x9005'0280     0x100  fxe_media_open.o [3]
  .text              ro code  0x9005'0380      0x6c  fxe_directory_next_full_entry_find.o [3]
  .text              ro code  0x9005'03ec      0x4c  fxe_media_extended_space_available.o [3]
  .text              ro code  0x9005'0438      0x44  fxe_media_close.o [3]
  .text              ro code  0x9005'047c      0x48  fxe_file_create.o [3]
  .text              ro code  0x9005'04c4      0xcc  fxe_file_open.o [3]
  .text              ro code  0x9005'0590      0x48  fxe_file_seek.o [3]
  .text              ro code  0x9005'05d8      0x50  fxe_file_write.o [3]
  .text              ro code  0x9005'0628      0x44  fxe_file_close.o [3]
  .text              ro code  0x9005'066c      0x44  fxe_media_flush.o [3]
  .text              ro code  0x9005'06b0      0x58  fxe_file_read.o [3]
  .text              ro code  0x9005'0708      0x48  fxe_directory_create.o [3]
  .text              ro code  0x9005'0750      0x48  fxe_directory_delete.o [3]
  .text              ro code  0x9005'0798      0x48  fxe_file_delete.o [3]
  .text              ro code  0x9005'07e0      0x40  sprintf.o [2]
  .text              ro code  0x9005'0820     0x14c  iar_Stoulx.o [2]
  .text              ro code  0x9005'096c     0x180  page_start.o [1]
  .text              ro code  0x9005'0aec     0x5d4  page_home.o [1]
  .text              ro code  0x9005'10c0     0x228  page_info.o [1]
  .text              ro code  0x9005'12e8     0xfa4  stm32h7xx_ll_usb.o [1]
  .text              ro code  0x9005'228c      0x18  tx_time_get.o [7]
  .text              ro code  0x9005'22a4      0xe0  txe_semaphore_create.o [7]
  .text              ro code  0x9005'2384      0x64  txe_semaphore_delete.o [7]
  .text              ro code  0x9005'23e8      0x6c  txe_semaphore_get.o [7]
  .text              ro code  0x9005'2454     0x1ea  fx_partition_offset_calculate.o [3]
  .rodata            const    0x9005'263e       0x2  lv_keyboard.o [1]
  .text              ro code  0x9005'2640      0x24  txe_semaphore_put.o [7]
  .text              ro code  0x9005'2664      0x1e  fx_utility_memory_copy.o [3]
  .rodata            const    0x9005'2682       0x2  lv_keyboard.o [1]
  .text              ro code  0x9005'2684     0x314  tx_thread_system_resume.o [7]
  .text              ro code  0x9005'2998      0x24  tx_thread_stack_error_handler.o [7]
  .text              ro code  0x9005'29bc      0x90  tx_thread_stack_analyze.o [7]
  .text              ro code  0x9005'2a4c      0x44  tx_thread_stack_build.o [7]
  .text              ro code  0x9005'2a90      0x78  tx_timer_system_activate.o [7]
  .text              ro code  0x9005'2b08      0x14  tolower.o [2]
  .text              ro code  0x9005'2b1c      0x96  ABImemmove.o [5]
  .rodata            const    0x9005'2bb2       0x2  lv_keyboard.o [1]
  .text              ro code  0x9005'2bb4      0xa8  xlocale_c.o [2]
  .text              ro code  0x9005'2c5c      0x40  xfail_s.o [2]
  .text              ro code  0x9005'2c9c      0x58  memchr.o [5]
  .text              ro code  0x9005'2cf4      0x70  frexp.o [4]
  .text              ro code  0x9005'2d64      0x2e  DblCmpLe.o [4]
  .rodata            const    0x9005'2d92       0x2  lv_keyboard.o [1]
  .text              ro code  0x9005'2d94      0x2e  DblCmpGe.o [4]
  .rodata            const    0x9005'2dc2       0x2  lv_keyboard.o [1]
  .text              ro code  0x9005'2dc4     0x104  ldexp.o [4]
  .text              ro code  0x9005'2ec8       0xe  DblToS32.o [4]
  .text              ro code  0x9005'2ed6       0xe  S32ToDbl.o [4]
  .text              ro code  0x9005'2ee4      0x12  DblSub.o [4]
  .text              ro code  0x9005'2ef6      0x12  DblDiv.o [4]
  .text              ro code  0x9005'2f08       0xe  DblToU32.o [4]
  .text              ro code  0x9005'2f16       0xe  U32ToDbl.o [4]
  .text              ro code  0x9005'2f24      0x12  DblMul.o [4]
  .text              ro code  0x9005'2f36       0xa  xmbcurmax.o [2]
  .text              ro code  0x9005'2f40     0x108  tx_mutex_priority_change.o [7]
  .text              ro code  0x9005'3048     0x100  tx_mutex_prioritize.o [7]
  .text              ro code  0x9005'3148      0x9c  tx_timer_create.o [7]
  .text              ro code  0x9005'31e4      0x18  tx_thread_identify.o [7]
  .text              ro code  0x9005'31fc      0xd0  tx_thread_preemption_change.o [7]
  .text              ro code  0x9005'32cc     0x7d0  fx_media_open.o [3]
  .text              ro code  0x9005'3a9c     0x368  fx_directory_next_full_entry_find.o [3]
  .text              ro code  0x9005'3e04      0x5c  fx_media_extended_space_available.o [3]
  .text              ro code  0x9005'3e60     0x2bc  fx_media_close.o [3]
  .text              ro code  0x9005'411c     0x170  fx_file_create.o [3]
  .text              ro code  0x9005'428c     0x464  fx_file_open.o [3]
  .text              ro code  0x9005'46f0      0x12  fx_file_seek.o [3]
  .rodata            const    0x9005'4702       0x2  lv_keyboard.o [1]
  .text              ro code  0x9005'4704     0x684  fx_file_write.o [3]
  .text              ro code  0x9005'4d88      0xec  fx_file_close.o [3]
  .text              ro code  0x9005'4e74     0x244  fx_media_flush.o [3]
  .text              ro code  0x9005'50b8     0x340  fx_file_read.o [3]
  .text              ro code  0x9005'53f8     0x424  fx_directory_create.o [3]
  .text              ro code  0x9005'581c     0x254  fx_directory_delete.o [3]
  .text              ro code  0x9005'5a70     0x1a4  fx_file_delete.o [3]
  .text              ro code  0x9005'5c14      0x14  isspace.o [2]
  .text              ro code  0x9005'5c28    0x16d8  lv_label.o [1]
  .text              ro code  0x9005'7300     0xada  lv_bar.o [1]
  .rodata            const    0x9005'7dda       0x2  lv_keyboard.o [1]
  .text              ro code  0x9005'7ddc     0x408  lv_led.o [1]
  .text              ro code  0x9005'81e4      0x36  lv_btn.o [1]
  .rodata            const    0x9005'821a       0x2  lv_keyboard.o [1]
  .text              ro code  0x9005'821c     0xad0  lv_img.o [1]
  .text              ro code  0x9005'8cec     0x590  lv_tabview.o [1]
  .text              ro code  0x9005'927c      0x74  tx_semaphore_create.o [7]
  .text              ro code  0x9005'92f0      0xc8  tx_semaphore_delete.o [7]
  .text              ro code  0x9005'93b8      0xbc  tx_semaphore_get.o [7]
  .text              ro code  0x9005'9474      0x88  tx_semaphore_put.o [7]
  .text              ro code  0x9005'94fc      0x36  tx_timer_system_deactivate.o [7]
  .text              ro code  0x9005'9532       0x6  abort.o [2]
  .text              ro code  0x9005'9538      0xde  fx_media_boot_info_extract.o [3]
  .text              ro code  0x9005'9616       0xc  fx_utility_16_unsigned_read.o [3]
  .text              ro code  0x9005'9622     0x320  fx_utility_FAT_entry_read.o [3]
  .text              ro code  0x9005'9942      0x18  fx_utility_32_unsigned_read.o [3]
  .text              ro code  0x9005'995a     0x34a  fx_utility_logical_sector_flush.o [3]
  .text              ro code  0x9005'9ca4     0x552  fx_directory_entry_read.o [3]
  .text              ro code  0x9005'a1f6     0x8f4  fx_directory_entry_write.o [3]
  .rodata            const    0x9005'aaea       0x2  lv_keyboard.o [1]
  .text              ro code  0x9005'aaec      0xd4  fx_media_abort.o [3]
  .text              ro code  0x9005'abc0     0x46e  fx_utility_FAT_flush.o [3]
  .text              ro code  0x9005'b02e      0xe4  fx_utility_FAT_map_flush.o [3]
  .text              ro code  0x9005'b112      0x16  fx_utility_32_unsigned_write.o [3]
  .text              ro code  0x9005'b128      0xec  tx_mutex_delete.o [7]
  .text              ro code  0x9005'b214     0x6fc  fx_directory_search.o [3]
  .text              ro code  0x9005'b910      0x66  fx_directory_name_extract.o [3]
  .rodata            const    0x9005'b976       0x2  lv_keyboard.o [1]
  .text              ro code  0x9005'b978     0x5b8  fx_directory_free_search.o [3]
  .text              ro code  0x9005'bf30     0x278  fx_file_extended_seek.o [3]
  .text              ro code  0x9005'c1a8     0x152  fx_utility_FAT_entry_write.o [3]
  .text              ro code  0x9005'c2fa     0x39c  fx_utility_logical_sector_read.o [3]
  .text              ro code  0x9005'c696     0x22a  fx_utility_logical_sector_write.o [3]
  .text              ro code  0x9005'c8c0    0x1650  lv_btnmatrix.o [1]
  .text              ro code  0x9005'df10      0x14  exit.o [6]
  .text              ro code  0x9005'df24       0xa  fx_utility_16_unsigned_write.o [3]
  .text              ro code  0x9005'df2e     0x374  fx_utility_logical_sector_cache_entry_read.o [3]
  .rodata            const    0x9005'e2a2       0x2  lv_keyboard.o [1]
  .text              ro code  0x9005'e2a4    0x1550  lv_textarea.o [1]
  .text              ro code  0x9005'f7f4    0x13e2  lv_arc.o [1]
  .text              ro code  0x9006'0bd6     0xdce  lv_draw_arc.o [1]
  .text              ro code  0x9006'19a4    0x10e4  lv_dropdown.o [1]
  .text              ro code  0x9006'2a88     0xe38  lv_colorwheel.o [1]
  .text              ro code  0x9006'38c0     0xd92  lv_table.o [1]
  .rodata            const    0x9006'4652       0x2  lv_keyboard.o [1]
  .text              ro code  0x9006'4654     0xd22  lv_roller.o [1]
  .rodata            const    0x9006'5376       0x2  lv_keyboard.o [1]
  .text              ro code  0x9006'5378     0xcfa  lv_slider.o [1]
  .rodata            const    0x9006'6072       0x2  lv_keyboard.o [1]
  .rodata            const    0x9006'6074     0xc00  IconCels.o [1]
  .rodata            const    0x9006'6c74     0xbb0  lv_font_montserrat_14.o [1]
  .rodata            const    0x9006'7824     0xbb0  lv_font_montserrat_20.o [1]
  .rodata            const    0x9006'83d4     0xbb0  lv_font_montserrat_32.o [1]
  .rodata            const    0x9006'8f84     0xbb0  lv_font_montserrat_40.o [1]
  .text              ro code  0x9006'9b34     0xa60  lv_meter.o [1]
  .text              ro code  0x9006'a594     0x50a  lv_checkbox.o [1]
  .rodata            const    0x9006'aa9e       0x2  lv_keyboard.o [1]
  .rodata            const    0x9006'aaa0     0x4f0  lv_font_montserrat_14.o [1]
  .rodata            const    0x9006'af90     0x4f0  lv_font_montserrat_20.o [1]
  .rodata            const    0x9006'b480     0x4f0  lv_font_montserrat_32.o [1]
  .rodata            const    0x9006'b970     0x4f0  lv_font_montserrat_40.o [1]
  .text              ro code  0x9006'be60     0x4d6  lv_calendar.o [1]
  .rodata            const    0x9006'c336       0x2  lv_keyboard.o [1]
  .rodata            const    0x9006'c338     0x4d0  my_font_14.o [1]
  .text              ro code  0x9006'c808     0x4b4  lv_spinbox.o [1]
  .text              ro code  0x9006'ccbc     0x3a4  lv_switch.o [1]
  .rodata            const    0x9006'd060     0x300  IconTemp.o [1]
  .text              ro code  0x9006'd360     0x2f8  lv_keyboard.o [1]
  .text              ro code  0x9006'd658     0x2cc  lv_calendar_header_arrow.o [1]
  .rodata            const    0x9006'd924     0x268  lv_calendar_header_dropdown.o [1]
  .text              ro code  0x9006'db8c     0x258  lv_calendar_header_dropdown.o [1]
  .text              ro code  0x9006'dde4     0x254  lv_line.o [1]
  .text              ro code  0x9006'e038     0x1bc  lv_tileview.o [1]
  .text              ro code  0x9006'e1f4     0x19c  fx_system_timer_entry.o [3]
  .text              ro code  0x9006'e390     0x168  tx_timer_thread_entry.o [7]
  .text              ro code  0x9006'e4f8     0x15e  usbd_desc.o [1]
  .text              ro code  0x9006'e656     0x13e  my_font_14.o [1]
  .rodata            const    0x9006'e794     0x138  my_font_14.o [1]
  .text              ro code  0x9006'e8cc     0x124  system_stm32h7xx.o [1]
  .rodata            const    0x9006'e9f0     0x100  lv_draw_label.o [1]
  .text              ro code  0x9006'eaf0      0xf4  tx_mutex_cleanup.o [7]
  .text              ro code  0x9006'ebe4      0xe0  lv_spinner.o [1]
  .rodata            const    0x9006'ecc4      0xc0  lv_color.o [1]
  .rodata            const    0x9006'ed84      0xb8  lv_math.o [1]
  .rodata            const    0x9006'ee3c      0xb0  lv_keyboard.o [1]
  .rodata            const    0x9006'eeec      0xb0  lv_keyboard.o [1]
  .rodata            const    0x9006'ef9c      0xb0  lv_keyboard.o [1]
  .text              ro code  0x9006'f04c      0xa4  tx_semaphore_cleanup.o [7]
  .rodata            const    0x9006'f0f0      0xa0  lv_font_montserrat_14.o [1]
  .rodata            const    0x9006'f190      0xa0  lv_font_montserrat_14.o [1]
  .rodata            const    0x9006'f230      0xa0  lv_font_montserrat_20.o [1]
  .rodata            const    0x9006'f2d0      0xa0  lv_font_montserrat_20.o [1]
  .rodata            const    0x9006'f370      0xa0  lv_font_montserrat_32.o [1]
  .rodata            const    0x9006'f410      0xa0  lv_font_montserrat_32.o [1]
  .rodata            const    0x9006'f4b0      0xa0  lv_font_montserrat_40.o [1]
  .rodata            const    0x9006'f550      0xa0  lv_font_montserrat_40.o [1]
  .rodata            const    0x9006'f5f0      0x98  lv_color.o [1]
  .text              ro code  0x9006'f688      0x90  usbd_cdc_if.o [1]
  .text              ro code  0x9006'f718      0x8c  tx_thread_shell_entry.o [7]
  .text              ro code  0x9006'f7a4      0x84  lv_win.o [1]
  .rodata            const    0x9006'f828      0x7c  lv_font_montserrat_14.o [1]
  .rodata            const    0x9006'f8a4      0x7c  lv_font_montserrat_20.o [1]
  .rodata            const    0x9006'f920      0x7c  lv_font_montserrat_32.o [1]
  .rodata            const    0x9006'f99c      0x7c  lv_font_montserrat_40.o [1]
  .text              ro code  0x9006'fa18      0x78  lz77_init_single.o [5]
  .rodata            const    0x9006'fa90      0x58  file.o [1]
  .rodata            const    0x9006'fae8      0x58  task.o [1]
  .rodata            const    0x9006'fb40      0x54  lv_keyboard.o [1]
  .rodata            const    0x9006'fb94      0x50  lv_keyboard.o [1]
  .rodata            const    0x9006'fbe4      0x50  lv_keyboard.o [1]
  .rodata            const    0x9006'fc34      0x50  lv_keyboard.o [1]
  .rodata            const    0x9006'fc84      0x50  iar_Stoulx.o [2]
  .text              ro code  0x9006'fcd4      0x50  tx_thread_timeout.o [7]
  .rodata            const    0x9006'fd24      0x4c  file.o [1]
  .rodata            const    0x9006'fd70      0x48  file.o [1]
  .rodata            const    0x9006'fdb8      0x48  file.o [1]
  .rodata            const    0x9006'fe00      0x44  bsp_cli.o [1]
  .rodata            const    0x9006'fe44      0x44  bsp_cli.o [1]
  .rodata            const    0x9006'fe88      0x44  file.o [1]
  .rodata            const    0x9006'fecc      0x44  file.o [1]
  .rodata            const    0x9006'ff10      0x44  task.o [1]
  .rodata            const    0x9006'ff54      0x40  file.o [1]
  .rodata            const    0x9006'ff94      0x40  task.o [1]
  .rodata            const    0x9006'ffd4      0x38  file.o [1]
  .text              ro code  0x9007'000c      0x38  stm32h7xx_it.o [1]
  .rodata            const    0x9007'0044      0x30  file.o [1]
  .rodata            const    0x9007'0074      0x30  lv_roller.o [1]
  .rodata            const    0x9007'00a4      0x30  task.o [1]
  .rodata            const    0x9007'00d4      0x28  file.o [1]
  .rodata            const    0x9007'00fc      0x28  file.o [1]
  .rodata            const    0x9007'0124      0x28  file.o [1]
  .rodata            const    0x9007'014c      0x28  file.o [1]
  .rodata            const    0x9007'0174      0x28  file.o [1]
  .rodata            const    0x9007'019c      0x28  file.o [1]
  .rodata            const    0x9007'01c4      0x28  lv_color.o [1]
  .rodata            const    0x9007'01ec      0x28  lv_font_montserrat_14.o [1]
  .rodata            const    0x9007'0214      0x28  lv_font_montserrat_20.o [1]
  .rodata            const    0x9007'023c      0x28  lv_font_montserrat_32.o [1]
  .rodata            const    0x9007'0264      0x28  lv_font_montserrat_40.o [1]
  .text              ro code  0x9007'028c      0x28  data_init.o [5]
  .rodata            const    0x9007'02b4      0x24  bsp_cli.o [1]
  .rodata            const    0x9007'02d8      0x24  file.o [1]
  .rodata            const    0x9007'02fc      0x24  file.o [1]
  .rodata            const    0x9007'0320      0x24  file.o [1]
  .rodata            const    0x9007'0344      0x24  file.o [1]
  .rodata            const    0x9007'0368      0x24  file.o [1]
  .rodata            const    0x9007'038c      0x24  file.o [1]
  .rodata            const    0x9007'03b0      0x24  lv_calendar_header_dropdown.o [1]
  .rodata            const    0x9007'03d4      0x24  lv_draw_line.o [1]
  .rodata            const    0x9007'03f8      0x24  lv_keyboard.o [1]
  .text              ro code  0x9007'041c      0x22  fpinit_M.o [4]
  .iar.init_table    const    0x9007'0440      0x30  - Linker created -
  .rodata            const    0x9007'0470       0x2  lv_keyboard.o [1]
  .rodata            const    0x9007'0474      0x20  file.o [1]
  .rodata            const    0x9007'0494      0x20  file.o [1]
  .rodata            const    0x9007'04b4      0x20  file.o [1]
  .rodata            const    0x9007'04d4      0x20  file.o [1]
  .rodata            const    0x9007'04f4      0x20  file.o [1]
  .rodata            const    0x9007'0514      0x20  fx_stm32_sdio_driver.o [3]
  .text              ro code  0x9007'0534      0x1e  cmain.o [5]
  .text              ro code  0x9007'0552       0x4  low_level_init.o [2]
  .text              ro code  0x9007'0556       0x4  exit.o [2]
  .rodata            const    0x9007'055a       0x2  lv_keyboard.o [1]
  .text              ro code  0x9007'055c       0xa  cexit.o [5]
  .rodata            const    0x9007'0566       0x2  lv_keyboard.o [1]
  .rodata            const    0x9007'0568      0x1c  bsp_adc.o [1]
  .rodata            const    0x9007'0584      0x1c  file.o [1]
  .rodata            const    0x9007'05a0      0x1c  file.o [1]
  .rodata            const    0x9007'05bc      0x1c  file.o [1]
  .rodata            const    0x9007'05d8      0x1c  file.o [1]
  .rodata            const    0x9007'05f4      0x1c  file.o [1]
  .rodata            const    0x9007'0610      0x1c  file.o [1]
  .rodata            const    0x9007'062c      0x1c  file.o [1]
  .rodata            const    0x9007'0648      0x1c  file.o [1]
  .rodata            const    0x9007'0664      0x1c  file.o [1]
  .rodata            const    0x9007'0680      0x1c  lv_arc.o [1]
  .rodata            const    0x9007'069c      0x1c  lv_bar.o [1]
  .rodata            const    0x9007'06b8      0x1c  lv_btn.o [1]
  .rodata            const    0x9007'06d4      0x1c  lv_btnmatrix.o [1]
  .rodata            const    0x9007'06f0      0x1c  lv_calendar.o [1]
  .rodata            const    0x9007'070c      0x1c  lv_calendar_header_arrow.o [1]
  .rodata            const    0x9007'0728      0x1c  lv_calendar_header_dropdown.o [1]
  .rodata            const    0x9007'0744      0x1c  lv_chart.o [1]
  .rodata            const    0x9007'0760      0x1c  lv_checkbox.o [1]
  .rodata            const    0x9007'077c      0x1c  lv_colorwheel.o [1]
  .rodata            const    0x9007'0798      0x1c  lv_dropdown.o [1]
  .rodata            const    0x9007'07b4      0x1c  lv_dropdown.o [1]
  .rodata            const    0x9007'07d0      0x1c  lv_dropdown.o [1]
  .rodata            const    0x9007'07ec      0x1c  lv_img.o [1]
  .rodata            const    0x9007'0808      0x1c  lv_keyboard.o [1]
  .rodata            const    0x9007'0824      0x1c  lv_label.o [1]
  .rodata            const    0x9007'0840      0x1c  lv_led.o [1]
  .rodata            const    0x9007'085c      0x1c  lv_line.o [1]
  .rodata            const    0x9007'0878      0x1c  lv_list.o [1]
  .rodata            const    0x9007'0894      0x1c  lv_list.o [1]
  .rodata            const    0x9007'08b0      0x1c  lv_list.o [1]
  .rodata            const    0x9007'08cc      0x1c  lv_meter.o [1]
  .rodata            const    0x9007'08e8      0x1c  lv_msgbox.o [1]
  .rodata            const    0x9007'0904      0x1c  lv_obj.o [1]
  .rodata            const    0x9007'0920      0x1c  lv_roller.o [1]
  .rodata            const    0x9007'093c      0x1c  lv_roller.o [1]
  .rodata            const    0x9007'0958      0x1c  lv_slider.o [1]
  .rodata            const    0x9007'0974      0x1c  lv_spinbox.o [1]
  .rodata            const    0x9007'0990      0x1c  lv_spinner.o [1]
  .rodata            const    0x9007'09ac      0x1c  lv_switch.o [1]
  .rodata            const    0x9007'09c8      0x1c  lv_table.o [1]
  .rodata            const    0x9007'09e4      0x1c  lv_tabview.o [1]
  .rodata            const    0x9007'0a00      0x1c  lv_textarea.o [1]
  .rodata            const    0x9007'0a1c      0x1c  lv_tileview.o [1]
  .rodata            const    0x9007'0a38      0x1c  lv_tileview.o [1]
  .rodata            const    0x9007'0a54      0x1c  lv_win.o [1]
  .rodata            const    0x9007'0a70      0x1c  task.o [1]
  .rodata            const    0x9007'0a8c      0x18  file.o [1]
  .rodata            const    0x9007'0aa4      0x18  file.o [1]
  .rodata            const    0x9007'0abc      0x18  file.o [1]
  .rodata            const    0x9007'0ad4      0x18  file.o [1]
  .rodata            const    0x9007'0aec      0x18  file.o [1]
  .rodata            const    0x9007'0b04      0x18  file.o [1]
  .rodata            const    0x9007'0b1c      0x18  file.o [1]
  .rodata            const    0x9007'0b34      0x18  lv_font_montserrat_14.o [1]
  .rodata            const    0x9007'0b4c      0x18  lv_font_montserrat_14.o [1]
  .rodata            const    0x9007'0b64      0x18  lv_font_montserrat_20.o [1]
  .rodata            const    0x9007'0b7c      0x18  lv_font_montserrat_20.o [1]
  .rodata            const    0x9007'0b94      0x18  lv_font_montserrat_32.o [1]
  .rodata            const    0x9007'0bac      0x18  lv_font_montserrat_32.o [1]
  .rodata            const    0x9007'0bc4      0x18  lv_font_montserrat_40.o [1]
  .rodata            const    0x9007'0bdc      0x18  lv_font_montserrat_40.o [1]
  .rodata            const    0x9007'0bf4      0x18  lv_theme_default.o [1]
  .rodata            const    0x9007'0c0c      0x18  my_font_14.o [1]
  .rodata            const    0x9007'0c24      0x18  page_home.o [1]
  .rodata            const    0x9007'0c3c      0x18  stm32h7xx_hal_uart.o [1]
  .rodata            const    0x9007'0c54      0x18  task.o [1]
  .rodata            const    0x9007'0c6c      0x18  usbd_desc.o [1]
  .text              ro code  0x9007'0c84      0x16  xprout.o [2]
  .rodata            const    0x9007'0c9a       0x2  lv_keyboard.o [1]
  .text              ro code  0x9007'0c9c       0xc  putchar.o [2]
  .rodata            const    0x9007'0ca8      0x14  bsp_adc.o [1]
  .rodata            const    0x9007'0cbc      0x14  bsp_cli.o [1]
  .rodata            const    0x9007'0cd0      0x14  bsp_cli.o [1]
  .rodata            const    0x9007'0ce4      0x14  bsp_cli.o [1]
  .rodata            const    0x9007'0cf8      0x14  bsp_cli.o [1]
  .rodata            const    0x9007'0d0c      0x14  bsp_lcd.o [1]
  .rodata            const    0x9007'0d20      0x14  bsp_touch.o [1]
  .rodata            const    0x9007'0d34      0x14  file.o [1]
  .rodata            const    0x9007'0d48      0x14  file.o [1]
  .rodata            const    0x9007'0d5c      0x14  file.o [1]
  .rodata            const    0x9007'0d70      0x14  my_font_14.o [1]
  .rodata            const    0x9007'0d84      0x14  usbd_desc.o [1]
  .rodata            const    0x9007'0d98      0x14  fx_system_initialize.o [3]
  .rodata            const    0x9007'0dac      0x14  tx_timer_initialize.o [7]
  .rodata            const    0x9007'0dc0      0x14  fx_media_open.o [3]
  .rodata            const    0x9007'0dd4      0x10  bsp_cli.o [1]
  .rodata            const    0x9007'0de4      0x10  bsp_cli.o [1]
  .rodata            const    0x9007'0df4      0x10  file.o [1]
  .rodata            const    0x9007'0e04      0x10  file.o [1]
  .rodata            const    0x9007'0e14      0x10  file.o [1]
  .rodata            const    0x9007'0e24      0x10  file.o [1]
  .rodata            const    0x9007'0e34      0x10  lv_draw_label.o [1]
  .rodata            const    0x9007'0e44      0x10  lv_font_montserrat_14.o [1]
  .rodata            const    0x9007'0e54      0x10  lv_font_montserrat_20.o [1]
  .rodata            const    0x9007'0e64      0x10  lv_font_montserrat_32.o [1]
  .rodata            const    0x9007'0e74      0x10  lv_font_montserrat_40.o [1]
  .rodata            const    0x9007'0e84      0x10  lv_img_buf.o [1]
  .rodata            const    0x9007'0e94      0x10  lv_img_decoder.o [1]
  .rodata            const    0x9007'0ea4      0x10  system_stm32h7xx.o [1]
  .rodata            const    0x9007'0eb4      0x10  task.o [1]
  .rodata            const    0x9007'0ec4      0x10  task.o [1]
  .rodata            const    0x9007'0ed4      0x10  task.o [1]
  .rodata            const    0x9007'0ee4      0x10  task.o [1]
  .rodata            const    0x9007'0ef4      0x10  task.o [1]
  .rodata            const    0x9007'0f04      0x10  task.o [1]
  .rodata            const    0x9007'0f14      0x10  task.o [1]
  .rodata            const    0x9007'0f24      0x10  usbd_desc.o [1]
  .text              ro code  0x9007'0f34      0x10  startup_stm32h750xx.o [1]
  .rodata            const    0x9007'0f44       0xc  bsp_touch.o [1]
  .rodata            const    0x9007'0f50       0xc  file.o [1]
  .rodata            const    0x9007'0f5c       0xc  file.o [1]
  .rodata            const    0x9007'0f68       0xc  file.o [1]
  .rodata            const    0x9007'0f74       0xc  file.o [1]
  .rodata            const    0x9007'0f80       0xc  file.o [1]
  .rodata            const    0x9007'0f8c       0xc  file.o [1]
  .rodata            const    0x9007'0f98       0xc  IconCels.o [1]
  .rodata            const    0x9007'0fa4       0xc  IconTemp.o [1]
  .rodata            const    0x9007'0fb0       0xc  lv_calendar_header_arrow.o [1]
  .rodata            const    0x9007'0fbc       0xc  lv_calendar_header_arrow.o [1]
  .rodata            const    0x9007'0fc8       0xc  lv_calendar_header_arrow.o [1]
  .rodata            const    0x9007'0fd4       0xc  lv_calendar_header_arrow.o [1]
  .rodata            const    0x9007'0fe0       0xc  lv_checkbox.o [1]
  .rodata            const    0x9007'0fec       0xc  page_home.o [1]
  .rodata            const    0x9007'0ff8       0xc  page_home.o [1]
  .rodata            const    0x9007'1004       0xc  page_home.o [1]
  .rodata            const    0x9007'1010       0xc  page_home.o [1]
  .rodata            const    0x9007'101c       0xc  usbd_desc.o [1]
  .text              ro code  0x9007'1028       0xc  cstartup_M.o [5]
  cli.cmd.0          const    0x9007'1034       0xc  bsp_cli.o [1]
  cli.cmd.1          const    0x9007'1040       0xc  bsp_adc.o [1]
  cli.cmd.1          const    0x9007'104c       0xc  bsp_cli.o [1]
  cli.cmd.1          const    0x9007'1058       0xc  bsp_cli.o [1]
  cli.cmd.1          const    0x9007'1064       0xc  bsp_cli.o [1]
  cli.cmd.1          const    0x9007'1070       0xc  bsp_cli.o [1]
  cli.cmd.1          const    0x9007'107c       0xc  bsp_lcd.o [1]
  cli.cmd.1          const    0x9007'1088       0xc  bsp_touch.o [1]
  cli.cmd.1          const    0x9007'1094       0xc  file.o [1]
  cli.cmd.1          const    0x9007'10a0       0xc  task.o [1]
  cli.cmd.2          const    0x9007'10ac       0xc  bsp_cli.o [1]
  .rodata            const    0x9007'10b8       0x8  bsp_cli.o [1]
  .rodata            const    0x9007'10c0       0x8  bsp_cli.o [1]
  .rodata            const    0x9007'10c8       0x8  bsp_lcd.o [1]
  .rodata            const    0x9007'10d0       0x8  file.o [1]
  .rodata            const    0x9007'10d8       0x8  file.o [1]
  .rodata            const    0x9007'10e0       0x8  file.o [1]
  .rodata            const    0x9007'10e8       0x8  file.o [1]
  .rodata            const    0x9007'10f0       0x8  file.o [1]
  .rodata            const    0x9007'10f8       0x8  lv_btnmatrix.o [1]
  .rodata            const    0x9007'1100       0x8  lv_btnmatrix.o [1]
  .rodata            const    0x9007'1108       0x8  lv_btnmatrix.o [1]
  .rodata            const    0x9007'1110       0x8  lv_btnmatrix.o [1]
  .rodata            const    0x9007'1118       0x8  lv_btnmatrix.o [1]
  .rodata            const    0x9007'1120       0x8  lv_calendar_header_arrow.o [1]
  .rodata            const    0x9007'1128       0x8  lv_calendar_header_arrow.o [1]
  .rodata            const    0x9007'1130       0x8  lv_calendar_header_arrow.o [1]
  .rodata            const    0x9007'1138       0x8  lv_calendar_header_arrow.o [1]
  .rodata            const    0x9007'1140       0x8  lv_calendar_header_arrow.o [1]
  .rodata            const    0x9007'1148       0x8  lv_calendar_header_arrow.o [1]
  .rodata            const    0x9007'1150       0x8  lv_calendar_header_arrow.o [1]
  .rodata            const    0x9007'1158       0x8  lv_calendar_header_arrow.o [1]
  .rodata            const    0x9007'1160       0x8  lv_draw_img.o [1]
  .rodata            const    0x9007'1168       0x8  lv_keyboard.o [1]
  .rodata            const    0x9007'1170       0x8  lv_label.o [1]
  .rodata            const    0x9007'1178       0x8  lv_txt.o [1]
  .rodata            const    0x9007'1180       0x8  page_home.o [1]
  .rodata            const    0x9007'1188       0x8  page_home.o [1]
  .rodata            const    0x9007'1190       0x8  page_home.o [1]
  .rodata            const    0x9007'1198       0x8  page_home.o [1]
  .rodata            const    0x9007'11a0       0x8  page_home.o [1]
  .rodata            const    0x9007'11a8       0x8  page_home.o [1]
  .rodata            const    0x9007'11b0       0x8  page_home.o [1]
  .rodata            const    0x9007'11b8       0x8  page_start.o [1]
  .rodata            const    0x9007'11c0       0x8  stm32h7xx_hal_uart_ex.o [1]
  .rodata            const    0x9007'11c8       0x8  stm32h7xx_hal_uart_ex.o [1]
  .rodata            const    0x9007'11d0       0x8  task.o [1]
  .rodata            const    0x9007'11d8       0x4  bsp_adc.o [1]
  .rodata            const    0x9007'11dc       0x4  bsp_cli.o [1]
  .rodata            const    0x9007'11e0       0x4  lv_calendar.o [1]
  .rodata            const    0x9007'11e4       0x4  lv_calendar.o [1]
  .rodata            const    0x9007'11e8       0x4  lv_calendar.o [1]
  .rodata            const    0x9007'11ec       0x4  lv_calendar.o [1]
  .rodata            const    0x9007'11f0       0x4  lv_calendar.o [1]
  .rodata            const    0x9007'11f4       0x4  lv_calendar.o [1]
  .rodata            const    0x9007'11f8       0x4  lv_calendar.o [1]
  .rodata            const    0x9007'11fc       0x4  lv_calendar_header_arrow.o [1]
  .rodata            const    0x9007'1200       0x4  lv_draw_label.o [1]
  .rodata            const    0x9007'1204       0x4  lv_img_buf.o [1]
  .rodata            const    0x9007'1208       0x4  lv_img_decoder.o [1]
  .rodata            const    0x9007'120c       0x4  lv_keyboard.o [1]
  .rodata            const    0x9007'1210       0x4  lv_keyboard.o [1]
  .rodata            const    0x9007'1214       0x4  lv_keyboard.o [1]
  .rodata            const    0x9007'1218       0x4  lv_keyboard.o [1]
  .rodata            const    0x9007'121c       0x4  lv_keyboard.o [1]
  .rodata            const    0x9007'1220       0x4  lv_keyboard.o [1]
  .rodata            const    0x9007'1224       0x4  lv_keyboard.o [1]
  .rodata            const    0x9007'1228       0x4  lv_keyboard.o [1]
  .rodata            const    0x9007'122c       0x4  lv_keyboard.o [1]
  .rodata            const    0x9007'1230       0x4  lv_keyboard.o [1]
  .rodata            const    0x9007'1234       0x4  lv_obj_pos.o [1]
  .rodata            const    0x9007'1238       0x4  lv_obj_pos.o [1]
  .rodata            const    0x9007'123c       0x4  lv_tlsf.o [1]
  .rodata            const    0x9007'1240       0x4  lv_tlsf.o [1]
  .rodata            const    0x9007'1244       0x4  lv_tlsf.o [1]
  .rodata            const    0x9007'1248       0x4  lv_tlsf.o [1]
  .rodata            const    0x9007'124c       0x4  lv_tlsf.o [1]
  .rodata            const    0x9007'1250       0x4  lv_tlsf.o [1]
  .text              ro code  0x9007'1254       0x4  startup_stm32h750xx.o [1]
  .text              ro code  0x9007'1258       0x4  startup_stm32h750xx.o [1]
  .text              ro code  0x9007'125c       0x4  startup_stm32h750xx.o [1]
  .text              ro code  0x9007'1260       0x4  startup_stm32h750xx.o [1]
  .text              ro code  0x9007'1264       0x4  startup_stm32h750xx.o [1]
[...]
lv_style_set_text_font  0x9003'6fd5      0x16  Code  Gb  lv_style_gen.o [1]
lv_style_set_text_line_space
                        0x9003'6feb      0x18  Code  Gb  lv_style_gen.o [1]
lv_style_set_transform_height
                        0x9003'6ddf      0x18  Code  Gb  lv_style_gen.o [1]
lv_style_set_transform_width
                        0x9003'6dc7      0x18  Code  Gb  lv_style_gen.o [1]
lv_style_set_transition
                        0x9003'6ef1      0x14  Code  Gb  lv_style_gen.o [1]
lv_style_set_width      0x9003'6d67      0x18  Code  Gb  lv_style_gen.o [1]
lv_style_transition_dsc_init
                        0x9003'6c5d      0x3a  Code  Gb  lv_style.o [1]
lv_switch_class         0x9007'09ac      0x1c  Data  Gb  lv_switch.o [1]
lv_switch_constructor   0x9006'cd3d      0x22  Code  Lc  lv_switch.o [1]
lv_switch_event         0x9006'cd5f     0x146  Code  Lc  lv_switch.o [1]
lv_table_class          0x9007'09c8      0x1c  Data  Gb  lv_table.o [1]
lv_table_constructor    0x9006'39c1      0x48  Code  Lc  lv_table.o [1]
lv_table_destructor     0x9006'3a09      0x5e  Code  Lc  lv_table.o [1]
lv_table_event          0x9006'3a67     0x282  Code  Lc  lv_table.o [1]
lv_tabview_add_tab      0x9005'8d5d     0x15c  Code  Gb  lv_tabview.o [1]
lv_tabview_class        0x9007'09e4      0x1c  Data  Gb  lv_tabview.o [1]
lv_tabview_constructor  0x9005'8f77     0x142  Code  Lc  lv_tabview.o [1]
lv_tabview_create       0x9005'8d33      0x2a  Code  Gb  lv_tabview.o [1]
lv_tabview_destructor   0x9005'90bd      0x68  Code  Lc  lv_tabview.o [1]
lv_tabview_event        0x9005'9125      0x48  Code  Lc  lv_tabview.o [1]
lv_tabview_get_content  0x9005'8f5b       0xe  Code  Gb  lv_tabview.o [1]
lv_tabview_get_tab_act  0x9005'8f53       0x8  Code  Gb  lv_tabview.o [1]
lv_tabview_get_tab_btns
                        0x9005'8f69       0xe  Code  Gb  lv_tabview.o [1]
lv_tabview_set_act      0x9005'8eb9      0x9a  Code  Gb  lv_tabview.o [1]
lv_task_handler         0x9004'8ae1       0x8  Code  Lc  task.o [1]
lv_textarea_add_char    0x9005'e3d1     0x156  Code  Gb  lv_textarea.o [1]
lv_textarea_add_text    0x9005'e527     0x16e  Code  Gb  lv_textarea.o [1]
lv_textarea_class       0x9007'0a00      0x1c  Data  Gb  lv_textarea.o [1]
lv_textarea_clear_selection
                        0x9005'eaf9      0x30  Code  Gb  lv_textarea.o [1]
lv_textarea_constructor
                        0x9005'ec41      0xa0  Code  Lc  lv_textarea.o [1]
lv_textarea_cursor_down
                        0x9005'eb5d      0x7a  Code  Gb  lv_textarea.o [1]
lv_textarea_cursor_left
                        0x9005'eb41      0x1c  Code  Gb  lv_textarea.o [1]
lv_textarea_cursor_right
                        0x9005'eb29      0x18  Code  Gb  lv_textarea.o [1]
lv_textarea_cursor_up   0x9005'ebd7      0x6a  Code  Gb  lv_textarea.o [1]
lv_textarea_del_char    0x9005'e695      0xd8  Code  Gb  lv_textarea.o [1]
lv_textarea_del_char_forward
                        0x9005'e76d      0x26  Code  Gb  lv_textarea.o [1]
lv_textarea_destructor  0x9005'ece5      0x2a  Code  Lc  lv_textarea.o [1]
lv_textarea_event       0x9005'ed0f     0x190  Code  Lc  lv_textarea.o [1]
lv_textarea_get_accepted_chars
                        0x9005'eae9       0x8  Code  Gb  lv_textarea.o [1]
lv_textarea_get_cursor_pos
                        0x9005'eacf       0x8  Code  Gb  lv_textarea.o [1]
lv_textarea_get_max_length
                        0x9005'eaf1       0x8  Code  Gb  lv_textarea.o [1]
lv_textarea_get_one_line
                        0x9005'ead7      0x12  Code  Gb  lv_textarea.o [1]
lv_textarea_get_text    0x9005'eaaf      0x20  Code  Gb  lv_textarea.o [1]
lv_textarea_set_cursor_click_pos
                        0x9005'ea05      0x22  Code  Gb  lv_textarea.o [1]
lv_textarea_set_cursor_pos
                        0x9005'e8d3     0x12c  Code  Gb  lv_textarea.o [1]
lv_textarea_set_one_line
                        0x9005'ea27      0x88  Code  Gb  lv_textarea.o [1]
lv_textarea_set_text    0x9005'e793     0x140  Code  Gb  lv_textarea.o [1]
lv_theme_apply          0x9003'9429      0x20  Code  Gb  lv_theme.o [1]
lv_theme_default_init   0x9002'f44d      0xbe  Code  Gb  lv_theme_default.o [1]
lv_theme_default_is_inited
                        0x9002'f50b       0x6  Code  Gb  lv_theme_default.o [1]
lv_theme_get_color_primary
                        0x9003'944d      0x1c  Code  Gb  lv_theme.o [1]
lv_theme_get_from_obj   0x9003'9409      0x20  Code  Gb  lv_theme.o [1]
lv_tick_elaps           0x9002'8ddd      0x1a  Code  Gb  lv_hal_tick.o [1]
lv_tick_get             0x9002'8dc1      0x14  Code  Gb  lv_hal_tick.o [1]
lv_tick_inc             0x9002'8db1      0x10  Code  Gb  lv_hal_tick.o [1]
lv_tileview_class       0x9007'0a1c      0x1c  Data  Gb  lv_tileview.o [1]
lv_tileview_constructor
                        0x9006'e039      0x3a  Code  Lc  lv_tileview.o [1]
lv_tileview_tile_class  0x9007'0a38      0x1c  Data  Gb  lv_tileview.o [1]
lv_tileview_tile_constructor
                        0x9006'e073      0x70  Code  Lc  lv_tileview.o [1]
lv_timer_create         0x9002'8c6b      0x4a  Code  Gb  lv_timer.o [1]
lv_timer_del            0x9002'8cb5      0x1a  Code  Gb  lv_timer.o [1]
lv_timer_enable         0x9002'8cf5       0x6  Code  Gb  lv_timer.o [1]
lv_timer_exec           0x9002'8cfb      0x6c  Code  Lc  lv_timer.o [1]
lv_timer_handler        0x9002'8b43     0x128  Code  Gb  lv_timer.o [1]
lv_timer_handler::already_running
                        0x2001'1e2e       0x1  Data  Lc  lv_timer.o [1]
lv_timer_handler::busy_time
                        0x2001'1c80       0x4  Data  Lc  lv_timer.o [1]
lv_timer_handler::idle_period_start
                        0x2001'1c7c       0x4  Data  Lc  lv_timer.o [1]
lv_timer_handler{2}{3}::run_cnt
                        0x2001'1c84       0x4  Data  Lc  lv_timer.o [1]
lv_timer_pause          0x9002'8ccf       0xa  Code  Gb  lv_timer.o [1]
lv_timer_ready          0x9002'8ce3      0x12  Code  Gb  lv_timer.o [1]
lv_timer_resume         0x9002'8cd9       0xa  Code  Gb  lv_timer.o [1]
lv_timer_run            0x2001'1e2a       0x1  Data  Lc  lv_timer.o [1]
lv_timer_time_remaining
                        0x9002'8d91      0x1e  Code  Lc  lv_timer.o [1]
lv_tlsf_add_pool        0x9002'883b      0x8e  Code  Gb  lv_tlsf.o [1]
lv_tlsf_create          0x9002'88c9      0x22  Code  Gb  lv_tlsf.o [1]
lv_tlsf_create_with_pool
                        0x9002'88eb      0x2a  Code  Gb  lv_tlsf.o [1]
lv_tlsf_free            0x9002'8955      0x48  Code  Gb  lv_tlsf.o [1]
lv_tlsf_get_pool        0x9002'8915       0xc  Code  Gb  lv_tlsf.o [1]
lv_tlsf_malloc          0x9002'8921      0x2c  Code  Gb  lv_tlsf.o [1]
lv_tlsf_pool_overhead   0x9002'8831       0xa  Code  Gb  lv_tlsf.o [1]
lv_tlsf_realloc         0x9002'899d      0xd6  Code  Gb  lv_tlsf.o [1]
lv_tlsf_size            0x9002'882b       0x6  Code  Gb  lv_tlsf.o [1]
lv_tlsf_walk_pool       0x9002'87b9      0x72  Code  Gb  lv_tlsf.o [1]
lv_trigo_cos            0x9006'2a89      0x10  Code  Lc  lv_colorwheel.o [1]
lv_trigo_cos            0x9006'9b35      0x10  Code  Lc  lv_meter.o [1]
lv_trigo_sin            0x9003'1d75      0x88  Code  Gb  lv_math.o [1]
lv_txt_get_next_word    0x9002'5e55     0x162  Code  Lc  lv_txt.o [1]
lv_txt_get_size         0x9002'5d4d     0x108  Code  Gb  lv_txt.o [1]
lv_txt_get_width        0x9002'60bd      0x90  Code  Gb  lv_txt.o [1]
lv_txt_unicode_to_utf8  0x9002'62f7      0xb4  Code  Lc  lv_txt.o [1]
lv_txt_utf8_get_byte_id
                        0x9002'655f      0x38  Code  Lc  lv_txt.o [1]
lv_txt_utf8_get_char_id
                        0x9002'6597      0x24  Code  Lc  lv_txt.o [1]
lv_txt_utf8_get_length  0x9002'65bb      0x24  Code  Lc  lv_txt.o [1]
lv_txt_utf8_next        0x9002'63ab     0x15a  Code  Lc  lv_txt.o [1]
lv_txt_utf8_prev        0x9002'6505      0x5a  Code  Lc  lv_txt.o [1]
lv_txt_utf8_size        0x9002'62bd      0x3a  Code  Lc  lv_txt.o [1]
lv_vsnprintf            0x9003'3947      0x1a  Code  Gb  lv_printf.o [1]
lv_win_class            0x9007'0a54      0x1c  Data  Gb  lv_win.o [1]
lv_win_constructor      0x9006'f7a5      0x7e  Code  Lc  lv_win.o [1]
main                    0x9004'3d15      0xbc  Code  Gb  main.o [1]
make_one_button_checked
                        0x9005'dedf      0x32  Code  Lc  lv_btnmatrix.o [1]
map_blended             0x9002'4ee5     0x176  Code  Lc  lv_draw_blend.o [1]
map_normal              0x9002'4b57     0x38e  Code  Lc  lv_draw_blend.o [1]
map_set_px              0x9002'4a07     0x150  Code  Lc  lv_draw_blend.o [1]
mapping_insert          0x9002'8331      0x30  Code  Lc  lv_tlsf.o [1]
mapping_search          0x9002'8361      0x2a  Code  Lc  lv_tlsf.o [1]
mask_mix                0x9002'3f05      0x30  Code  Lc  lv_draw_mask.o [1]
med3                    0x9004'e8d1      0x50  Code  Lc  qsort.o [2]
media_memory            0x3000'0000  0x4'0000  Data  Gb  file.o [1]
memchr                  0x9005'2c9d            Code  Gb  memchr.o [5]
memset                  0x9004'3fc5      0x14  Code  Gb  memset.o [5]
month_event_cb          0x9006'd855      0xb8  Code  Lc  lv_calendar_header_arrow.o [1]
month_event_cb          0x9006'dd59      0x44  Code  Lc  lv_calendar_header_dropdown.o [1]
month_list              0x2000'0468       0x4  Data  Lc  lv_calendar_header_dropdown.o [1]
month_names_def         0x2000'0438      0x30  Data  Lc  lv_calendar_header_arrow.o [1]
my_constructor          0x9006'd6db     0x17a  Code  Lc  lv_calendar_header_arrow.o [1]
my_constructor          0x9006'dc0f     0x13c  Code  Lc  lv_calendar_header_dropdown.o [1]
my_font_14              0x9007'0c0c      0x18  Data  Gb  my_font_14.o [1]
ndigs                   0x9006'fc84      0x28  Data  Lc  iar_Stoulx.o [2]
next_color_mode         0x9006'34e9      0x34  Code  Lc  lv_colorwheel.o [1]
node_set_next           0x9002'e007      0x1a  Code  Lc  lv_ll.o [1]
node_set_prev           0x9002'dfef      0x18  Code  Lc  lv_ll.o [1]
obj_del_core            0x9002'be8f     0x162  Code  Lc  lv_obj_tree.o [1]
obuf                    0x2001'1868      0x50  Data  Lc  xfiles.o [2]
offset_to_block         0x9002'823b       0x4  Code  Lc  lv_tlsf.o [1]
page_Home               0x2000'04e4      0x10  Data  Gb  page_home.o [1]
page_Info               0x2000'0500      0x10  Data  Gb  page_info.o [1]
page_Start              0x2000'0514      0x10  Data  Gb  page_start.o [1]
page_manager            0x2001'1bc0       0x8  Data  Gb  display_basic.o [1]
page_press_handler      0x9006'2951      0x4a  Code  Lc  lv_dropdown.o [1]
place_content           0x9003'82f1      0xbc  Code  Lc  lv_flex.o [1]
position_knob           0x9006'5fb1      0xc2  Code  Lc  lv_slider.o [1]
position_to_selected    0x9006'2a09      0x66  Code  Lc  lv_dropdown.o [1]
printf                  0x9004'aee1      0x28  Code  Gb  printf.o [2]
process_line            0x9004'aaed      0x34  Code  Lc  bsp_cli.o [1]
putchar                 0x9007'0c9d       0xc  Code  Gb  putchar.o [2]
pwd_char_hider          0x9005'ef33      0xb4  Code  Lc  lv_textarea.o [1]
pwd_char_hider_anim     0x9005'ef21       0x2  Code  Lc  lv_textarea.o [1]
pwd_char_hider_anim_ready
                        0x9005'ef25       0xe  Code  Lc  lv_textarea.o [1]
px_num                  0x2001'1c5c       0x4  Data  Lc  lv_refr.o [1]
qsort                   0x9004'ec67      0x18  Code  Gb  qsort.o [2]
rbrecv                  0x2001'1b40      0x10  Data  Lc  bsp_cli.o [1]
recvbuf                 0x2001'1950      0x44  Data  Lc  bsp_cli.o [1]
recvcnt                 0x2001'1ddc       0x2  Data  Lc  bsp_cli.o [1]
refr_cursor_area        0x9005'f0ed     0x26e  Code  Lc  lv_textarea.o [1]
refr_knob_pos           0x9006'351d      0x82  Code  Lc  lv_colorwheel.o [1]
refr_position           0x9006'4edf     0x19e  Code  Lc  lv_roller.o [1]
refr_size               0x9006'4293     0x112  Code  Lc  lv_table.o [1]
refresh_children_style  0x9002'da79      0x3c  Code  Lc  lv_obj_style.o [1]
release_handler         0x9006'507d     0x190  Code  Lc  lv_roller.o [1]
remove_free_block       0x9002'83fb      0x6c  Code  Lc  lv_tlsf.o [1]
report_style_change_core
                        0x9002'da21      0x58  Code  Lc  lv_obj_style.o [1]
ring_buf_get            0x9004'e6e7      0x80  Code  Gb  bsp_ringbuffer.o [1]
ring_buf_init           0x9004'e645      0x20  Code  Gb  bsp_ringbuffer.o [1]
ring_buf_put            0x9004'e665      0x82  Code  Gb  bsp_ringbuffer.o [1]
rot3                    0x9004'e819      0x68  Code  Lc  qsort.o [2]
rotate                  0x9004'e887      0x4a  Code  Lc  qsort.o [2]
rxbuf                   0x2001'0b80     0x100  Data  Lc  bsp_cli.o [1]
scalbln                 0x9005'2dd9            Code  Gb  ldexp.o [4]
scalblnl                0x9005'2dd9            Code  Gb  ldexp.o [4]
scalbn                  0x9005'2dd9            Code  Gb  ldexp.o [4]
scalbnl                 0x9005'2dd9            Code  Gb  ldexp.o [4]
scale                   0x9004'fd1d      0x46  Code  Lc  xprintffull.o [2]
scratch                 0x2001'07a0     0x200  Data  Gb  fx_stm32_sdio_driver.o [3]
scroll_anim_ready_cb    0x9003'19a9      0x10  Code  Lc  lv_obj_scroll.o [1]
scroll_anim_ready_cb    0x9006'5351      0x14  Code  Lc  lv_roller.o [1]
scroll_area_into_view   0x9003'19b9     0x3b2  Code  Lc  lv_obj_scroll.o [1]
scroll_by_raw           0x9003'1917      0x58  Code  Lc  lv_obj_scroll.o [1]
scroll_limit_diff       0x9003'9fbd      0x76  Code  Lc  lv_indev_scroll.o [1]
scroll_throw_predict_x  0x9003'a06b      0x38  Code  Lc  lv_indev_scroll.o [1]
scroll_throw_predict_y  0x9003'a033      0x38  Code  Lc  lv_indev_scroll.o [1]
scroll_x_anim           0x9003'1971      0x1c  Code  Lc  lv_obj_scroll.o [1]
scroll_y_anim           0x9003'198d      0x1c  Code  Lc  lv_obj_scroll.o [1]
scrollbar_init_draw_dsc
                        0x9002'b31f     0x120  Code  Lc  lv_obj.o [1]
sd_read_data            0x9004'ca85     0x120  Code  Lc  fx_stm32_sdio_driver.o [3]
sd_write_data           0x9004'cba5     0x10e  Code  Lc  fx_stm32_sdio_driver.o [3]
sdio_disk               0x2000'87e0    0x24b8  Data  Gb  file.o [1]
search_suitable_block   0x9002'838b      0x70  Code  Lc  lv_tlsf.o [1]
sec_hand                0x2001'1dd8       0x4  Data  Lc  xfail_s.o [2]
set_ofs_x_anim          0x9005'72d9      0x14  Code  Lc  lv_label.o [1]
set_ofs_y_anim          0x9005'72ed      0x14  Code  Lc  lv_label.o [1]
set_y_anim              0x9006'5365      0x12  Code  Lc  lv_roller.o [1]
shadow_blur_corner      0x9002'02a9     0x20c  Code  Lc  lv_draw_rect.o [1]
shadow_draw_corner_buf  0x9002'00bf     0x1ea  Code  Lc  lv_draw_rect.o [1]
show_error              0x9002'5c91      0x42  Code  Lc  lv_draw_img.o [1]
sin0_90_table           0x9006'ed84      0xb8  Data  Lc  lv_math.o [1]
sprintf                 0x9005'07e1      0x40  Code  Gb  sprintf.o [2]
sqrt_approx             0x9002'3f35      0x32  Code  Lc  lv_draw_mask.o [1]
start_cursor_blink      0x9005'f059      0x80  Code  Lc  lv_textarea.o [1]
strcasecmp              0x9004'e767      0x46  Code  Gb  strcasecmp.o [2]
strchr                  0x9004'e7ad            Code  Gb  strchr.o [5]
strcmp                  0x9003'4791            Code  Gb  strcmp.o [5]
strcpy                  0x9003'45c9            Code  Gb  strcpy.o [5]
strlen                  0x9003'2ffd            Code  Gb  strlen.o [5]
strsplit                0x9004'aa97      0x56  Code  Lc  bsp_cli.o [1]
style_init              0x9002'e289    0x11c4  Code  Lc  lv_theme_default.o [1]
style_init::dark_filter
                        0x2001'1be8       0x8  Data  Lc  lv_theme_default.o [1]
style_init::grey_filter
                        0x2001'1bf0       0x8  Data  Lc  lv_theme_default.o [1]
style_init::trans_delayed
                        0x2001'1b04      0x14  Data  Lc  lv_theme_default.o [1]
style_init::trans_normal
                        0x2001'1b18      0x14  Data  Lc  lv_theme_default.o [1]
style_init::trans_props
                        0x9007'0bf4      0x18  Data  Lc  lv_theme_default.o [1]
style_init_reset        0x9003'0461      0x1c  Code  Lc  lv_theme_default.o [1]
style_refr              0x2000'07d7       0x1  Data  Lc  lv_obj_style.o [1]
styles                  0x2001'1c70       0x4  Data  Lc  lv_theme_default.o [1]
swap                    0x9004'e7c3      0x56  Code  Lc  qsort.o [2]
sys_time                0x2001'1c40       0x4  Data  Lc  lv_hal_tick.o [1]
ta_insert_replace       0x2001'1c6c       0x4  Data  Lc  lv_textarea.o [1]
tab1                    0x2001'1cf0       0x4  Data  Lc  page_info.o [1]
tabpos_create           0x2001'1e26       0x1  Data  Lc  lv_tabview.o [1]
tabsize_create          0x2001'1e0e       0x2  Data  Lc  lv_tabview.o [1]
theme                   0x2001'1a7c      0x24  Data  Lc  lv_theme_default.o [1]
theme_apply             0x9002'f535     0xf1e  Code  Lc  lv_theme_default.o [1]
tick_irq_flag           0x2001'1e22       0x1  Data  Lc  lv_hal_tick.o [1]
tileview_event_cb       0x9006'e0f1     0x104  Code  Lc  lv_tileview.o [1]
time_param              0x2001'1c64       0x4  Data  Lc  lv_spinner.o [1]
timer_created           0x2001'1e2d       0x1  Data  Lc  lv_timer.o [1]
timer_deleted           0x2001'1e2c       0x1  Data  Lc  lv_timer.o [1]
tlsf                    0x2001'1c4c       0x4  Data  Lc  lv_mem.o [1]
tlsf_ffs                0x9002'7cc9     0x266  Code  Lc  lv_tlsf.o [1]
tlsf_fls                0x9002'7f2f     0x25e  Code  Lc  lv_tlsf.o [1]
tmrPageJump             0x2001'1d04       0x4  Data  Lc  page_start.o [1]
tmrUpdate               0x2001'1cd8       0x4  Data  Lc  page_home.o [1]
tolower                 0x9005'2b09      0x14  Code  Gb  tolower.o [2]
touchpad_read           0x9004'b6e9      0x40  Code  Lc  lv_port_indev.o [1]
touchpad_read::last_x   0x2001'1e0a       0x2  Data  Lc  lv_port_indev.o [1]
touchpad_read::last_y   0x2001'1e0c       0x2  Data  Lc  lv_port_indev.o [1]
trans_anim_cb           0x9002'db7d     0x17a  Code  Lc  lv_obj_style.o [1]
trans_anim_ready_cb     0x9002'dd45      0xd6  Code  Lc  lv_obj_style.o [1]
trans_anim_start_cb     0x9002'dcf9      0x4c  Code  Lc  lv_obj_style.o [1]
trans_del               0x9002'dab5      0xc6  Code  Lc  lv_obj_style.o [1]
transfer_semaphore      0x2001'1ae4      0x20  Data  Lc  fx_stm32_sdio_driver.o [3]
tx_application_define   0x9004'8ae9      0x8e  Code  Gb  task.o [1]
tx_thread_fpu_disable   0x9004'8f3b            Code  Gb  tx_thread_schedule.o [7]
tx_thread_fpu_enable    0x9004'8f3b            Code  Gb  tx_thread_schedule.o [7]
unicode_list_1          0x9006'f828      0x7c  Data  Lc  lv_font_montserrat_14.o [1]
unicode_list_1          0x9006'f8a4      0x7c  Data  Lc  lv_font_montserrat_20.o [1]
unicode_list_1          0x9006'f920      0x7c  Data  Lc  lv_font_montserrat_32.o [1]
unicode_list_1          0x9006'f99c      0x7c  Data  Lc  lv_font_montserrat_40.o [1]
unicode_list_1          0x9006'e794     0x138  Data  Lc  my_font_14.o [1]
unicode_list_compare    0x9002'a9f5       0x8  Code  Lc  lv_font_fmt_txt.o [1]
update_cursor_position_on_click
                        0x9005'f35b     0x26a  Code  Lc  lv_textarea.o [1]
uwTick                  0x2001'1d08       0x4  Data  Gb  stm32h7xx_hal.o [1]
uwTickFreq              0x2000'07d8       0x1  Data  Gb  stm32h7xx_hal.o [1]
uwTickPrio              0x2000'0524       0x4  Data  Gb  stm32h7xx_hal.o [1]
value_update            0x9006'0ab3     0x124  Code  Lc  lv_arc.o [1]
vsnprintf               0x9004'ae15      0x3c  Code  Gb  vsnprint.o [2]
year_event_cb           0x9006'dd9d      0x48  Code  Lc  lv_calendar_header_dropdown.o [1]
year_list               0x2000'046c       0x4  Data  Lc  lv_calendar_header_dropdown.o [1]
zero_mem                0x2000'0498       0x4  Data  Lc  lv_mem.o [1]


[1] = F:\WQA\App\EWARM\App\Obj
[2] = dl7M_tlf.a
[3] = filex.a
[4] = m7M_tlv.a
[5] = rt7M_tl.a
[6] = shb_l.a
[7] = threadx.a

  291'210 bytes of readonly  code memory
  173'589 bytes of readonly  data memory
   89'647 bytes of readwrite data memory (+ 415'744 absolute)

Errors: none
Warnings: none
