###############################################################################
#
# IAR ELF Linker V8.40.1.212/W32 for ARM                  26/Oct/2021  23:57:16
# Copyright 2007-2019 IAR Systems AB.
#
#    Output file  =  F:\WQA\App\EWARM\App\Exe\App.out
#    Map file     =  F:\WQA\App\EWARM\App\List\App.map
#    Command line =
#        -f C:\Users\walker\AppData\Local\Temp\EWEE2.tmp
#        (F:\WQA\App\EWARM\App\Obj\adc.o F:\WQA\App\EWARM\App\Obj\bsp.o
#        F:\WQA\App\EWARM\App\Obj\bsp_adc.o F:\WQA\App\EWARM\App\Obj\bsp_cli.o
#        F:\WQA\App\EWARM\App\Obj\bsp_dwt.o
#        F:\WQA\App\EWARM\App\Obj\bsp_eeprom.o
#        F:\WQA\App\EWARM\App\Obj\bsp_lcd.o
#        F:\WQA\App\EWARM\App\Obj\bsp_ringbuffer.o
#        F:\WQA\App\EWARM\App\Obj\bsp_sdio.o
#        F:\WQA\App\EWARM\App\Obj\bsp_touch.o
#        F:\WQA\App\EWARM\App\Obj\display_basic.o
#        F:\WQA\App\EWARM\App\Obj\display_win.o F:\WQA\App\EWARM\App\Obj\file.o
#        F:\WQA\App\EWARM\App\Obj\gpio.o F:\WQA\App\EWARM\App\Obj\IconCels.o
#        F:\WQA\App\EWARM\App\Obj\IconTemp.o F:\WQA\App\EWARM\App\Obj\ltdc.o
#        F:\WQA\App\EWARM\App\Obj\lv_anim.o
#        F:\WQA\App\EWARM\App\Obj\lv_animimg.o
#        F:\WQA\App\EWARM\App\Obj\lv_arc.o F:\WQA\App\EWARM\App\Obj\lv_area.o
#        F:\WQA\App\EWARM\App\Obj\lv_async.o F:\WQA\App\EWARM\App\Obj\lv_bar.o
#        F:\WQA\App\EWARM\App\Obj\lv_bidi.o F:\WQA\App\EWARM\App\Obj\lv_btn.o
#        F:\WQA\App\EWARM\App\Obj\lv_btnmatrix.o
#        F:\WQA\App\EWARM\App\Obj\lv_calendar.o
#        F:\WQA\App\EWARM\App\Obj\lv_calendar_header_arrow.o
#        F:\WQA\App\EWARM\App\Obj\lv_calendar_header_dropdown.o
#        F:\WQA\App\EWARM\App\Obj\lv_canvas.o
#        F:\WQA\App\EWARM\App\Obj\lv_chart.o
#        F:\WQA\App\EWARM\App\Obj\lv_checkbox.o
#        F:\WQA\App\EWARM\App\Obj\lv_color.o
#        F:\WQA\App\EWARM\App\Obj\lv_colorwheel.o
#        F:\WQA\App\EWARM\App\Obj\lv_demo_widgets.o
#        F:\WQA\App\EWARM\App\Obj\lv_disp.o
#        F:\WQA\App\EWARM\App\Obj\lv_draw_arc.o
#        F:\WQA\App\EWARM\App\Obj\lv_draw_blend.o
#        F:\WQA\App\EWARM\App\Obj\lv_draw_img.o
#        F:\WQA\App\EWARM\App\Obj\lv_draw_label.o
#        F:\WQA\App\EWARM\App\Obj\lv_draw_line.o
#        F:\WQA\App\EWARM\App\Obj\lv_draw_mask.o
#        F:\WQA\App\EWARM\App\Obj\lv_draw_rect.o
#        F:\WQA\App\EWARM\App\Obj\lv_draw_triangle.o
#        F:\WQA\App\EWARM\App\Obj\lv_dropdown.o
#        F:\WQA\App\EWARM\App\Obj\lv_event.o
#        F:\WQA\App\EWARM\App\Obj\lv_extra.o F:\WQA\App\EWARM\App\Obj\lv_flex.o
#        F:\WQA\App\EWARM\App\Obj\lv_font.o
#        F:\WQA\App\EWARM\App\Obj\lv_font_dejavu_16_persian_hebrew.o
#        F:\WQA\App\EWARM\App\Obj\lv_font_fmt_txt.o
#        F:\WQA\App\EWARM\App\Obj\lv_font_loader.o
#        F:\WQA\App\EWARM\App\Obj\lv_font_montserrat_10.o
#        F:\WQA\App\EWARM\App\Obj\lv_font_montserrat_12.o
#        F:\WQA\App\EWARM\App\Obj\lv_font_montserrat_12_subpx.o
#        F:\WQA\App\EWARM\App\Obj\lv_font_montserrat_14.o
#        F:\WQA\App\EWARM\App\Obj\lv_font_montserrat_16.o
#        F:\WQA\App\EWARM\App\Obj\lv_font_montserrat_18.o
#        F:\WQA\App\EWARM\App\Obj\lv_font_montserrat_20.o
#        F:\WQA\App\EWARM\App\Obj\lv_font_montserrat_22.o
#        F:\WQA\App\EWARM\App\Obj\lv_font_montserrat_24.o
#        F:\WQA\App\EWARM\App\Obj\lv_font_montserrat_26.o
#        F:\WQA\App\EWARM\App\Obj\lv_font_montserrat_28.o
#        F:\WQA\App\EWARM\App\Obj\lv_font_montserrat_28_compressed.o
#        F:\WQA\App\EWARM\App\Obj\lv_font_montserrat_30.o
#        F:\WQA\App\EWARM\App\Obj\lv_font_montserrat_32.o
#        F:\WQA\App\EWARM\App\Obj\lv_font_montserrat_34.o
#        F:\WQA\App\EWARM\App\Obj\lv_font_montserrat_36.o
#        F:\WQA\App\EWARM\App\Obj\lv_font_montserrat_38.o
#        F:\WQA\App\EWARM\App\Obj\lv_font_montserrat_40.o
#        F:\WQA\App\EWARM\App\Obj\lv_font_montserrat_42.o
#        F:\WQA\App\EWARM\App\Obj\lv_font_montserrat_44.o
#        F:\WQA\App\EWARM\App\Obj\lv_font_montserrat_46.o
#        F:\WQA\App\EWARM\App\Obj\lv_font_montserrat_48.o
#        F:\WQA\App\EWARM\App\Obj\lv_font_montserrat_8.o
#        F:\WQA\App\EWARM\App\Obj\lv_font_simsun_16_cjk.o
#        F:\WQA\App\EWARM\App\Obj\lv_font_unscii_16.o
#        F:\WQA\App\EWARM\App\Obj\lv_font_unscii_8.o
#        F:\WQA\App\EWARM\App\Obj\lv_fs.o F:\WQA\App\EWARM\App\Obj\lv_gc.o
#        F:\WQA\App\EWARM\App\Obj\lv_gpu_nxp_pxp.o
#        F:\WQA\App\EWARM\App\Obj\lv_gpu_nxp_pxp_osa.o
#        F:\WQA\App\EWARM\App\Obj\lv_gpu_nxp_vglite.o
#        F:\WQA\App\EWARM\App\Obj\lv_gpu_stm32_dma2d.o
#        F:\WQA\App\EWARM\App\Obj\lv_grid.o F:\WQA\App\EWARM\App\Obj\lv_group.o
#        F:\WQA\App\EWARM\App\Obj\lv_hal_disp.o
#        F:\WQA\App\EWARM\App\Obj\lv_hal_indev.o
#        F:\WQA\App\EWARM\App\Obj\lv_hal_tick.o
#        F:\WQA\App\EWARM\App\Obj\lv_img.o
#        F:\WQA\App\EWARM\App\Obj\lv_img_buf.o
#        F:\WQA\App\EWARM\App\Obj\lv_img_cache.o
#        F:\WQA\App\EWARM\App\Obj\lv_img_decoder.o
#        F:\WQA\App\EWARM\App\Obj\lv_imgbtn.o
#        F:\WQA\App\EWARM\App\Obj\lv_indev.o
#        F:\WQA\App\EWARM\App\Obj\lv_indev_scroll.o
#        F:\WQA\App\EWARM\App\Obj\lv_keyboard.o
#        F:\WQA\App\EWARM\App\Obj\lv_label.o F:\WQA\App\EWARM\App\Obj\lv_led.o
#        F:\WQA\App\EWARM\App\Obj\lv_line.o F:\WQA\App\EWARM\App\Obj\lv_list.o
#        F:\WQA\App\EWARM\App\Obj\lv_ll.o F:\WQA\App\EWARM\App\Obj\lv_log.o
#        F:\WQA\App\EWARM\App\Obj\lv_math.o F:\WQA\App\EWARM\App\Obj\lv_mem.o
#        F:\WQA\App\EWARM\App\Obj\lv_meter.o
#        F:\WQA\App\EWARM\App\Obj\lv_msgbox.o F:\WQA\App\EWARM\App\Obj\lv_obj.o
#        F:\WQA\App\EWARM\App\Obj\lv_obj_class.o
#        F:\WQA\App\EWARM\App\Obj\lv_obj_draw.o
#        F:\WQA\App\EWARM\App\Obj\lv_obj_pos.o
#        F:\WQA\App\EWARM\App\Obj\lv_obj_scroll.o
#        F:\WQA\App\EWARM\App\Obj\lv_obj_style.o
#        F:\WQA\App\EWARM\App\Obj\lv_obj_style_gen.o
#        F:\WQA\App\EWARM\App\Obj\lv_obj_tree.o
#        F:\WQA\App\EWARM\App\Obj\lv_objx_templ.o
#        F:\WQA\App\EWARM\App\Obj\lv_port_disp.o
#        F:\WQA\App\EWARM\App\Obj\lv_port_indev.o
#        F:\WQA\App\EWARM\App\Obj\lv_printf.o
#        F:\WQA\App\EWARM\App\Obj\lv_refr.o
#        F:\WQA\App\EWARM\App\Obj\lv_roller.o
#        F:\WQA\App\EWARM\App\Obj\lv_slider.o
#        F:\WQA\App\EWARM\App\Obj\lv_span.o
#        F:\WQA\App\EWARM\App\Obj\lv_spinbox.o
#        F:\WQA\App\EWARM\App\Obj\lv_spinner.o
#        F:\WQA\App\EWARM\App\Obj\lv_style.o
#        F:\WQA\App\EWARM\App\Obj\lv_style_gen.o
#        F:\WQA\App\EWARM\App\Obj\lv_switch.o
#        F:\WQA\App\EWARM\App\Obj\lv_table.o
#        F:\WQA\App\EWARM\App\Obj\lv_tabview.o
#        F:\WQA\App\EWARM\App\Obj\lv_templ.o
#        F:\WQA\App\EWARM\App\Obj\lv_textarea.o
#        F:\WQA\App\EWARM\App\Obj\lv_theme.o
#        F:\WQA\App\EWARM\App\Obj\lv_theme_basic.o
#        F:\WQA\App\EWARM\App\Obj\lv_theme_default.o
#        F:\WQA\App\EWARM\App\Obj\lv_theme_mono.o
#        F:\WQA\App\EWARM\App\Obj\lv_tileview.o
#        F:\WQA\App\EWARM\App\Obj\lv_timer.o F:\WQA\App\EWARM\App\Obj\lv_tlsf.o
#        F:\WQA\App\EWARM\App\Obj\lv_txt.o F:\WQA\App\EWARM\App\Obj\lv_txt_ap.o
#        F:\WQA\App\EWARM\App\Obj\lv_utils.o F:\WQA\App\EWARM\App\Obj\lv_win.o
#        F:\WQA\App\EWARM\App\Obj\main.o F:\WQA\App\EWARM\App\Obj\my_font_14.o
#        F:\WQA\App\EWARM\App\Obj\page_home.o
#        F:\WQA\App\EWARM\App\Obj\page_info.o
#        F:\WQA\App\EWARM\App\Obj\page_set.o
#        F:\WQA\App\EWARM\App\Obj\page_start.o F:\WQA\App\EWARM\App\Obj\rtc.o
#        F:\WQA\App\EWARM\App\Obj\sdmmc.o
#        F:\WQA\App\EWARM\App\Obj\startup_stm32h750xx.o
#        F:\WQA\App\EWARM\App\Obj\stm32h7xx_hal.o
#        F:\WQA\App\EWARM\App\Obj\stm32h7xx_hal_adc.o
#        F:\WQA\App\EWARM\App\Obj\stm32h7xx_hal_adc_ex.o
#        F:\WQA\App\EWARM\App\Obj\stm32h7xx_hal_cortex.o
#        F:\WQA\App\EWARM\App\Obj\stm32h7xx_hal_dma.o
#        F:\WQA\App\EWARM\App\Obj\stm32h7xx_hal_dma_ex.o
#        F:\WQA\App\EWARM\App\Obj\stm32h7xx_hal_exti.o
#        F:\WQA\App\EWARM\App\Obj\stm32h7xx_hal_flash.o
#        F:\WQA\App\EWARM\App\Obj\stm32h7xx_hal_flash_ex.o
#        F:\WQA\App\EWARM\App\Obj\stm32h7xx_hal_gpio.o
#        F:\WQA\App\EWARM\App\Obj\stm32h7xx_hal_hsem.o
#        F:\WQA\App\EWARM\App\Obj\stm32h7xx_hal_i2c.o
#        F:\WQA\App\EWARM\App\Obj\stm32h7xx_hal_i2c_ex.o
#        F:\WQA\App\EWARM\App\Obj\stm32h7xx_hal_ltdc.o
#        F:\WQA\App\EWARM\App\Obj\stm32h7xx_hal_ltdc_ex.o
#        F:\WQA\App\EWARM\App\Obj\stm32h7xx_hal_mdma.o
#        F:\WQA\App\EWARM\App\Obj\stm32h7xx_hal_msp.o
#        F:\WQA\App\EWARM\App\Obj\stm32h7xx_hal_pcd.o
#        F:\WQA\App\EWARM\App\Obj\stm32h7xx_hal_pcd_ex.o
#        F:\WQA\App\EWARM\App\Obj\stm32h7xx_hal_pwr.o
#        F:\WQA\App\EWARM\App\Obj\stm32h7xx_hal_pwr_ex.o
#        F:\WQA\App\EWARM\App\Obj\stm32h7xx_hal_rcc.o
#        F:\WQA\App\EWARM\App\Obj\stm32h7xx_hal_rcc_ex.o
#        F:\WQA\App\EWARM\App\Obj\stm32h7xx_hal_rtc.o
#        F:\WQA\App\EWARM\App\Obj\stm32h7xx_hal_rtc_ex.o
#        F:\WQA\App\EWARM\App\Obj\stm32h7xx_hal_sd.o
#        F:\WQA\App\EWARM\App\Obj\stm32h7xx_hal_sd_ex.o
#        F:\WQA\App\EWARM\App\Obj\stm32h7xx_hal_tim.o
#        F:\WQA\App\EWARM\App\Obj\stm32h7xx_hal_tim_ex.o
#        F:\WQA\App\EWARM\App\Obj\stm32h7xx_hal_timebase_tim.o
#        F:\WQA\App\EWARM\App\Obj\stm32h7xx_hal_uart.o
#        F:\WQA\App\EWARM\App\Obj\stm32h7xx_hal_uart_ex.o
#        F:\WQA\App\EWARM\App\Obj\stm32h7xx_it.o
#        F:\WQA\App\EWARM\App\Obj\stm32h7xx_ll_delayblock.o
#        F:\WQA\App\EWARM\App\Obj\stm32h7xx_ll_sdmmc.o
#        F:\WQA\App\EWARM\App\Obj\stm32h7xx_ll_usb.o
#        F:\WQA\App\EWARM\App\Obj\system_stm32h7xx.o
#        F:\WQA\App\EWARM\App\Obj\task.o F:\WQA\App\EWARM\App\Obj\tim.o
#        F:\WQA\App\EWARM\App\Obj\usart.o F:\WQA\App\EWARM\App\Obj\usb_device.o
#        F:\WQA\App\EWARM\App\Obj\usbd_cdc.o
#        F:\WQA\App\EWARM\App\Obj\usbd_cdc_if.o
#        F:\WQA\App\EWARM\App\Obj\usbd_conf.o
#        F:\WQA\App\EWARM\App\Obj\usbd_core.o
#        F:\WQA\App\EWARM\App\Obj\usbd_ctlreq.o
#        F:\WQA\App\EWARM\App\Obj\usbd_desc.o
#        F:\WQA\App\EWARM\App\Obj\usbd_ioreq.o --redirect _Printf=_PrintfFull
#        --redirect _Scanf=_ScanfFull --no_out_extension -o
#        F:\WQA\App\EWARM\App\Exe\App.out --map
#        F:\WQA\App\EWARM\App\List\App.map --config
#        F:\WQA\App\EWARM/stm32h750xx_flash.icf --semihosting
#        F:\WQA\App\EWARM\..\Middlewares\FileX\filex.a
#        F:\WQA\App\EWARM\..\Middlewares\ThreadX\threadx.a --entry
#        __iar_program_start --vfe --text_out locale)
#
###############################################################################

*******************************************************************************
*** RUNTIME MODEL ATTRIBUTES
***

CppFlavor       = *
__SystemLibrary = DLib
__dlib_version  = 6


*******************************************************************************
*** HEAP SELECTION
***

The basic heap was selected because no calls to memory allocation
functions were found in the application outside of system library
functions, and there are calls to deallocation functions in the
application.


*******************************************************************************
*** PLACEMENT SUMMARY
***

"A0":  place at address 0x9000'0000 { ro section .intvec };
"P1":  place in [from 0x9000'0000 to 0x91ff'ffff] { ro };
define block CSTACK with size = 16K, alignment = 8 { };
define block HEAP with size = 16K, alignment = 8 { };
"P2":  place in [from 0x2000'0000 to 0x2001'ffff] {
          rw, block CSTACK, block HEAP };
initialize by copy { rw };

  Section            Kind         Address      Size  Object
  -------            ----         -------      ----  ------
"P2", part 1 of 3:                            0x7f1
  P2-1                        0x2000'0000     0x7f1  <Init block>
    .data            inited   0x2000'0000     0x400  file.o [1]
    .data            inited   0x2000'0400      0x1c  lv_btnmatrix.o [1]
    .data            inited   0x2000'041c      0x1c  lv_calendar.o [1]
    .data            inited   0x2000'0438      0x30  lv_calendar_header_arrow.o [1]
    .data            inited   0x2000'0468       0x4  lv_calendar_header_dropdown.o [1]
    .data            inited   0x2000'046c       0x4  lv_calendar_header_dropdown.o [1]
    .data            inited   0x2000'0470      0x14  lv_keyboard.o [1]
    .data            inited   0x2000'0484      0x14  lv_keyboard.o [1]
    .data            inited   0x2000'0498       0x4  lv_mem.o [1]
    .data            inited   0x2000'049c       0x4  lv_txt.o [1]
    .data            inited   0x2000'04a0       0x4  lv_txt.o [1]
    .data            inited   0x2000'04a4       0x4  lv_txt.o [1]
    .data            inited   0x2000'04a8       0x4  lv_txt.o [1]
    .data            inited   0x2000'04ac       0x4  lv_txt.o [1]
    .data            inited   0x2000'04b0       0x4  lv_txt.o [1]
    .data            inited   0x2000'04b4       0x4  lv_txt.o [1]
    .data            inited   0x2000'04b8       0x8  my_font_14.o [1]
    .data            inited   0x2000'04c0      0x18  my_font_14.o [1]
    .data            inited   0x2000'04d8       0x4  page_home.o [1]
    .data            inited   0x2000'04dc       0x8  page_home.o [1]
    .data            inited   0x2000'04e4      0x10  page_home.o [1]
    .data            inited   0x2000'04f4      0x18  page_info.o [1]
    .data            inited   0x2000'050c       0x4  page_info.o [1]
    .data            inited   0x2000'0510       0x8  page_info.o [1]
    .data            inited   0x2000'0518      0x10  page_info.o [1]
    .data            inited   0x2000'0528       0x4  page_start.o [1]
    .data            inited   0x2000'052c      0x10  page_start.o [1]
    .data            inited   0x2000'053c       0x4  stm32h7xx_hal.o [1]
    .data            inited   0x2000'0540       0x4  system_stm32h7xx.o [1]
    .data            inited   0x2000'0544       0x4  system_stm32h7xx.o [1]
    .data            inited   0x2000'0548       0xc  usbd_cdc.o [1]
    .data            inited   0x2000'0554      0x38  usbd_cdc.o [1]
    .data            inited   0x2000'058c      0x44  usbd_cdc.o [1]
    .data            inited   0x2000'05d0      0x44  usbd_cdc.o [1]
    .data            inited   0x2000'0614      0x44  usbd_cdc.o [1]
    .data            inited   0x2000'0658      0x14  usbd_cdc_if.o [1]
    .data            inited   0x2000'066c      0x1c  usbd_desc.o [1]
    .data            inited   0x2000'0688      0x14  usbd_desc.o [1]
    .data            inited   0x2000'069c       0x4  usbd_desc.o [1]
    .data            inited   0x2000'06a0      0x1c  usbd_desc.o [1]
    .data            inited   0x2000'06bc      0x64  fx_system_initialize.o [3]
    .data            inited   0x2000'0720       0x4  tx_thread_initialize.o [7]
    .data            inited   0x2000'0724      0x38  xlocale_c.o [2]
    .data            inited   0x2000'075c      0x48  xlocale_c.o [2]
    .data            inited   0x2000'07a4      0x48  xfiles.o [2]
    .data            inited   0x2000'07ec       0x2  lv_style.o [1]
    .data            inited   0x2000'07ee       0x1  lv_colorwheel.o [1]
    .data            inited   0x2000'07ef       0x1  lv_obj_style.o [1]
    .data            inited   0x2000'07f0       0x1  stm32h7xx_hal.o [1]
                            - 0x2000'07f1     0x7f1

"P2", part 2 of 3:                         0x1'1698
  .bss               zero     0x2000'07f4    0x8000  lv_mem.o [1]
  .bss               zero     0x2000'87f8    0x24b8  file.o [1]
  .bss               zero     0x2000'acb0    0x1000  task.o [1]
  .bss               zero     0x2000'bcb0    0x1000  task.o [1]
  .bss               zero     0x2000'ccb0     0x800  task.o [1]
  .bss               zero     0x2000'd4b0     0x800  task.o [1]
  .bss               zero     0x2000'dcb0     0x800  usbd_cdc_if.o [1]
  .bss               zero     0x2000'e4b0     0x800  usbd_cdc_if.o [1]
  .bss               zero     0x2000'ecb0     0x408  usbd_conf.o [1]
  .bss               zero     0x2000'f0c0     0x400  file.o [1]
  .bss               zero     0x2000'f4c0     0x400  task.o [1]
  .bss               zero     0x2000'f8c0     0x400  task.o [1]
  .bss               zero     0x2000'fcc0     0x400  tx_timer_initialize.o [7]
  .bss               zero     0x2001'00c0     0x2d0  usb_device.o [1]
  .bss               zero     0x2001'0390     0x220  usbd_conf.o [1]
  .bss               zero     0x2001'05b0     0x200  usbd_desc.o [1]
  .bss               zero     0x2001'07c0     0x200  fx_stm32_sdio_driver.o [3]
  .bss               zero     0x2001'09c0     0x1e0  file.o [1]
  .bss               zero     0x2001'0ba0     0x100  bsp_cli.o [1]
  .bss               zero     0x2001'0ca0     0x100  file.o [1]
  .bss               zero     0x2001'0da0     0x100  lv_draw_label.o [1]
  .bss               zero     0x2001'0ea0      0xb4  task.o [1]
  .bss               zero     0x2001'0f54      0xb4  task.o [1]
  .bss               zero     0x2001'1008      0xb4  task.o [1]
  .bss               zero     0x2001'10bc      0xb4  task.o [1]
  .bss               zero     0x2001'1170      0xb4  task.o [1]
  .bss               zero     0x2001'1224      0xb4  task.o [1]
  .bss               zero     0x2001'12d8      0xb4  tx_timer_initialize.o [7]
  .bss               zero     0x2001'138c      0xa8  ltdc.o [1]
  .bss               zero     0x2001'1434      0x90  usart.o [1]
  .bss               zero     0x2001'14c4      0x90  usart.o [1]
  .bss               zero     0x2001'1554      0x80  lv_gc.o [1]
  .bss               zero     0x2001'15d4      0x80  lv_gc.o [1]
  .bss               zero     0x2001'1654      0x80  tx_thread_initialize.o [7]
  .bss               zero     0x2001'16d4      0x80  tx_timer_initialize.o [7]
  .bss               zero     0x2001'1754      0x7c  sdmmc.o [1]
  .bss               zero     0x2001'17d0      0x64  adc.o [1]
  .bss               zero     0x2001'1834      0x54  display_win.o [1]
  .bss               zero     0x2001'1888      0x50  xfiles.o [2]
  .bss               zero     0x2001'18d8      0x4c  stm32h7xx_hal_timebase_tim.o [1]
  .bss               zero     0x2001'1924      0x4c  tim.o [1]
  .bss               zero     0x2001'1970      0x44  bsp_cli.o [1]
  .bss               zero     0x2001'19b4      0x38  lv_port_disp.o [1]
  .bss               zero     0x2001'19ec      0x34  task.o [1]
  .bss               zero     0x2001'1a20      0x2c  lv_gc.o [1]
  .bss               zero     0x2001'1a4c      0x2c  fx_system_initialize.o [3]
  .bss               zero     0x2001'1a78      0x24  lv_port_disp.o [1]
  .bss               zero     0x2001'1a9c      0x24  lv_theme_default.o [1]
  .bss               zero     0x2001'1ac0      0x24  rtc.o [1]
  .bss               zero     0x2001'1ae4      0x20  lv_port_indev.o [1]
  .bss               zero     0x2001'1b04      0x20  fx_stm32_sdio_driver.o [3]
  .bss               zero     0x2001'1b24      0x14  lv_theme_default.o [1]
  .bss               zero     0x2001'1b38      0x14  lv_theme_default.o [1]
  .bss               zero     0x2001'1b4c      0x14  page_home.o [1]
  .bss               zero     0x2001'1b60      0x10  bsp_cli.o [1]
  FREE_MEM           zero     0x2001'1b70      0x10  tx_initialize_low_level.o [7]
  .bss               zero     0x2001'1b80       0xc  lv_gc.o [1]
  .bss               zero     0x2001'1b8c       0xc  lv_gc.o [1]
  .bss               zero     0x2001'1b98       0xc  lv_gc.o [1]
  .bss               zero     0x2001'1ba4       0xc  lv_gc.o [1]
  .bss               zero     0x2001'1bb0       0xc  lv_gc.o [1]
  .bss               zero     0x2001'1bbc       0xc  lv_gc.o [1]
  .bss               zero     0x2001'1bc8       0xc  lv_gc.o [1]
  .bss               zero     0x2001'1bd4       0xc  lv_gc.o [1]
  .bss               zero     0x2001'1be0       0x8  display_basic.o [1]
  .bss               zero     0x2001'1be8       0x8  lv_font_montserrat_14.o [1]
  .bss               zero     0x2001'1bf0       0x8  lv_font_montserrat_20.o [1]
  .bss               zero     0x2001'1bf8       0x8  lv_font_montserrat_32.o [1]
  .bss               zero     0x2001'1c00       0x8  lv_font_montserrat_40.o [1]
  .bss               zero     0x2001'1c08       0x8  lv_theme_default.o [1]
  .bss               zero     0x2001'1c10       0x8  lv_theme_default.o [1]
  .bss               zero     0x2001'1c18       0x8  page_info.o [1]
  .bss               zero     0x2001'1c20       0x4  bsp_adc.o [1]
  .bss               zero     0x2001'1c24       0x4  bsp_adc.o [1]
  .bss               zero     0x2001'1c28       0x4  bsp_eeprom.o [1]
  .bss               zero     0x2001'1c2c       0x4  bsp_eeprom.o [1]
  .bss               zero     0x2001'1c30       0x4  bsp_touch.o [1]
  .bss               zero     0x2001'1c34       0x4  lv_anim.o [1]
  .bss               zero     0x2001'1c38       0x4  lv_anim.o [1]
  .bss               zero     0x2001'1c3c       0x4  lv_calendar_header_arrow.o [1]
  .bss               zero     0x2001'1c40       0x4  lv_calendar_header_dropdown.o [1]
  .bss               zero     0x2001'1c44       0x4  lv_draw_label.o [1]
  .bss               zero     0x2001'1c48       0x4  lv_event.o [1]
  .bss               zero     0x2001'1c4c       0x4  lv_flex.o [1]
  .bss               zero     0x2001'1c50       0x4  lv_gc.o [1]
  .bss               zero     0x2001'1c54       0x4  lv_gc.o [1]
  .bss               zero     0x2001'1c58       0x4  lv_gc.o [1]
  .bss               zero     0x2001'1c5c       0x4  lv_grid.o [1]
  .bss               zero     0x2001'1c60       0x4  lv_group.o [1]
  .bss               zero     0x2001'1c64       0x4  lv_hal_disp.o [1]
  .bss               zero     0x2001'1c68       0x4  lv_hal_tick.o [1]
  .bss               zero     0x2001'1c6c       0x4  lv_indev.o [1]
  .bss               zero     0x2001'1c70       0x4  lv_indev.o [1]
  .bss               zero     0x2001'1c74       0x4  lv_mem.o [1]
  .bss               zero     0x2001'1c78       0x4  lv_obj.o [1]
  .bss               zero     0x2001'1c7c       0x4  lv_obj_pos.o [1]
  .bss               zero     0x2001'1c80       0x4  lv_port_indev.o [1]
  .bss               zero     0x2001'1c84       0x4  lv_refr.o [1]
  .bss               zero     0x2001'1c88       0x4  lv_refr.o [1]
  .bss               zero     0x2001'1c8c       0x4  lv_spinner.o [1]
  .bss               zero     0x2001'1c90       0x4  lv_spinner.o [1]
  .bss               zero     0x2001'1c94       0x4  lv_textarea.o [1]
  .bss               zero     0x2001'1c98       0x4  lv_theme_default.o [1]
  .bss               zero     0x2001'1c9c       0x4  lv_tileview.o [1]
  .bss               zero     0x2001'1ca0       0x4  lv_tileview.o [1]
  .bss               zero     0x2001'1ca4       0x4  lv_timer.o [1]
  .bss               zero     0x2001'1ca8       0x4  lv_timer.o [1]
  .bss               zero     0x2001'1cac       0x4  lv_timer.o [1]
  .bss               zero     0x2001'1cb0       0x4  page_home.o [1]
  .bss               zero     0x2001'1cb4       0x4  page_home.o [1]
  .bss               zero     0x2001'1cb8       0x4  page_home.o [1]
  .bss               zero     0x2001'1cbc       0x4  page_home.o [1]
  .bss               zero     0x2001'1cc0       0x4  page_home.o [1]
  .bss               zero     0x2001'1cc4       0x4  page_home.o [1]
  .bss               zero     0x2001'1cc8       0x4  page_home.o [1]
  .bss               zero     0x2001'1ccc       0x4  page_home.o [1]
  .bss               zero     0x2001'1cd0       0x4  page_home.o [1]
  .bss               zero     0x2001'1cd4       0x4  page_home.o [1]
  .bss               zero     0x2001'1cd8       0x4  page_home.o [1]
  .bss               zero     0x2001'1cdc       0x4  page_home.o [1]
  .bss               zero     0x2001'1ce0       0x4  page_home.o [1]
  .bss               zero     0x2001'1ce4       0x4  page_home.o [1]
  .bss               zero     0x2001'1ce8       0x4  page_home.o [1]
  .bss               zero     0x2001'1cec       0x4  page_home.o [1]
  .bss               zero     0x2001'1cf0       0x4  page_home.o [1]
  .bss               zero     0x2001'1cf4       0x4  page_home.o [1]
  .bss               zero     0x2001'1cf8       0x4  page_home.o [1]
  .bss               zero     0x2001'1cfc       0x4  page_home.o [1]
  .bss               zero     0x2001'1d00       0x4  page_home.o [1]
  .bss               zero     0x2001'1d04       0x4  page_home.o [1]
  .bss               zero     0x2001'1d08       0x4  page_info.o [1]
  .bss               zero     0x2001'1d0c       0x4  page_info.o [1]
  .bss               zero     0x2001'1d10       0x4  page_info.o [1]
  .bss               zero     0x2001'1d14       0x4  page_info.o [1]
  .bss               zero     0x2001'1d18       0x4  page_info.o [1]
  .bss               zero     0x2001'1d1c       0x4  page_info.o [1]
  .bss               zero     0x2001'1d20       0x4  page_info.o [1]
  .bss               zero     0x2001'1d24       0x4  page_info.o [1]
  .bss               zero     0x2001'1d28       0x4  page_info.o [1]
  .bss               zero     0x2001'1d2c       0x4  page_info.o [1]
  .bss               zero     0x2001'1d30       0x4  page_info.o [1]
  .bss               zero     0x2001'1d34       0x4  page_info.o [1]
  .bss               zero     0x2001'1d38       0x4  page_info.o [1]
  .bss               zero     0x2001'1d3c       0x4  page_info.o [1]
  .bss               zero     0x2001'1d40       0x4  page_info.o [1]
  .bss               zero     0x2001'1d44       0x4  page_info.o [1]
  .bss               zero     0x2001'1d48       0x4  page_info.o [1]
  .bss               zero     0x2001'1d4c       0x4  page_info.o [1]
  .bss               zero     0x2001'1d50       0x4  page_start.o [1]
  .bss               zero     0x2001'1d54       0x4  page_start.o [1]
  .bss               zero     0x2001'1d58       0x4  page_start.o [1]
  .bss               zero     0x2001'1d5c       0x4  page_start.o [1]
  .bss               zero     0x2001'1d60       0x4  stm32h7xx_hal.o [1]
  .bss               zero     0x2001'1d64       0x4  task.o [1]
  .bss               zero     0x2001'1d68       0x4  task.o [1]
  .bss               zero     0x2001'1d6c       0x4  task.o [1]
  .bss               zero     0x2001'1d70       0x4  task.o [1]
  .bss               zero     0x2001'1d74       0x4  fx_system_initialize.o [3]
  .bss               zero     0x2001'1d78       0x4  fx_system_initialize.o [3]
  .bss               zero     0x2001'1d7c       0x4  fx_system_initialize.o [3]
  .bss               zero     0x2001'1d80       0x4  fx_system_initialize.o [3]
  .bss               zero     0x2001'1d84       0x4  fx_system_initialize.o [3]
  .bss               zero     0x2001'1d88       0x4  fx_system_initialize.o [3]
  .bss               zero     0x2001'1d8c       0x4  fx_system_initialize.o [3]
  .bss               zero     0x2001'1d90       0x4  fx_system_initialize.o [3]
  .bss               zero     0x2001'1d94       0x4  fx_system_initialize.o [3]
  .bss               zero     0x2001'1d98       0x4  tx_thread_initialize.o [7]
  .bss               zero     0x2001'1d9c       0x4  tx_thread_initialize.o [7]
  .bss               zero     0x2001'1da0       0x4  tx_thread_initialize.o [7]
  .bss               zero     0x2001'1da4       0x4  tx_thread_initialize.o [7]
  .bss               zero     0x2001'1da8       0x4  tx_thread_initialize.o [7]
  .bss               zero     0x2001'1dac       0x4  tx_thread_initialize.o [7]
  .bss               zero     0x2001'1db0       0x4  tx_thread_initialize.o [7]
  .bss               zero     0x2001'1db4       0x4  tx_thread_initialize.o [7]
  .bss               zero     0x2001'1db8       0x4  tx_thread_initialize.o [7]
  .bss               zero     0x2001'1dbc       0x4  tx_thread_initialize.o [7]
  .bss               zero     0x2001'1dc0       0x4  tx_thread_initialize.o [7]
  .bss               zero     0x2001'1dc4       0x4  tx_thread_initialize.o [7]
  .bss               zero     0x2001'1dc8       0x4  tx_timer_initialize.o [7]
  .bss               zero     0x2001'1dcc       0x4  tx_timer_initialize.o [7]
  .bss               zero     0x2001'1dd0       0x4  tx_timer_initialize.o [7]
  .bss               zero     0x2001'1dd4       0x4  tx_timer_initialize.o [7]
  .bss               zero     0x2001'1dd8       0x4  tx_timer_initialize.o [7]
  .bss               zero     0x2001'1ddc       0x4  tx_timer_initialize.o [7]
  .bss               zero     0x2001'1de0       0x4  tx_timer_initialize.o [7]
  .bss               zero     0x2001'1de4       0x4  tx_timer_initialize.o [7]
  .bss               zero     0x2001'1de8       0x4  tx_timer_initialize.o [7]
  .bss               zero     0x2001'1dec       0x4  tx_timer_initialize.o [7]
  .bss               zero     0x2001'1df0       0x4  tx_timer_initialize.o [7]
  .bss               zero     0x2001'1df4       0x4  tx_timer_initialize.o [7]
  .bss               zero     0x2001'1df8       0x4  tx_timer_initialize.o [7]
  .bss               zero     0x2001'1dfc       0x4  tx_initialize_high_level.o [7]
  .bss               zero     0x2001'1e00       0x4  tx_initialize_high_level.o [7]
  .bss               zero     0x2001'1e04       0x4  tx_initialize_high_level.o [7]
  .bss               zero     0x2001'1e08       0x4  tx_initialize_high_level.o [7]
  .bss               zero     0x2001'1e0c       0x4  tx_initialize_high_level.o [7]
  .bss               zero     0x2001'1e10       0x4  tx_initialize_high_level.o [7]
  .bss               zero     0x2001'1e14       0x4  tx_initialize_high_level.o [7]
  .bss               zero     0x2001'1e18       0x4  tx_initialize_high_level.o [7]
  .bss               zero     0x2001'1e1c       0x4  tx_initialize_high_level.o [7]
  .bss               zero     0x2001'1e20       0x4  tx_initialize_high_level.o [7]
  .bss               zero     0x2001'1e24       0x4  tx_initialize_high_level.o [7]
  .bss               zero     0x2001'1e28       0x4  tx_initialize_high_level.o [7]
  .bss               zero     0x2001'1e2c       0x4  tx_initialize_high_level.o [7]
  .bss               zero     0x2001'1e30       0x4  xfail_s.o [2]
  .bss               zero     0x2001'1e34       0x2  bsp_cli.o [1]
  .bss               zero     0x2001'1e36       0x2  bsp_eeprom.o [1]
  .bss               zero     0x2001'1e38       0x2  bsp_eeprom.o [1]
  .bss               zero     0x2001'1e3a       0x2  bsp_touch.o [1]
  .bss               zero     0x2001'1e3c       0x2  bsp_touch.o [1]
  .bss               zero     0x2001'1e3e       0x2  bsp_touch.o [1]
  .bss               zero     0x2001'1e40       0x2  lv_calendar_header_arrow.o [1]
  .bss               zero     0x2001'1e42       0x2  lv_colorwheel.o [1]
  .bss               zero     0x2001'1e44       0x2  lv_flex.o [1]
  .bss               zero     0x2001'1e46       0x2  lv_flex.o [1]
  .bss               zero     0x2001'1e48       0x2  lv_flex.o [1]
  .bss               zero     0x2001'1e4a       0x2  lv_flex.o [1]
  .bss               zero     0x2001'1e4c       0x2  lv_flex.o [1]
  .bss               zero     0x2001'1e4e       0x2  lv_grid.o [1]
  .bss               zero     0x2001'1e50       0x2  lv_grid.o [1]
  .bss               zero     0x2001'1e52       0x2  lv_grid.o [1]
  .bss               zero     0x2001'1e54       0x2  lv_grid.o [1]
  .bss               zero     0x2001'1e56       0x2  lv_grid.o [1]
  .bss               zero     0x2001'1e58       0x2  lv_grid.o [1]
  .bss               zero     0x2001'1e5a       0x2  lv_grid.o [1]
  .bss               zero     0x2001'1e5c       0x2  lv_grid.o [1]
  .bss               zero     0x2001'1e5e       0x2  lv_grid.o [1]
  .bss               zero     0x2001'1e60       0x2  lv_grid.o [1]
  .bss               zero     0x2001'1e62       0x2  lv_port_indev.o [1]
  .bss               zero     0x2001'1e64       0x2  lv_port_indev.o [1]
  .bss               zero     0x2001'1e66       0x2  lv_tabview.o [1]
  .bss               zero     0x2001'1e68       0x2  lv_theme_default.o [1]
  .bss               zero     0x2001'1e6a       0x2  lv_theme_default.o [1]
  .bss               zero     0x2001'1e6c       0x2  lv_theme_default.o [1]
  .bss               zero     0x2001'1e6e       0x2  lv_theme_default.o [1]
  .bss               zero     0x2001'1e70       0x2  lv_win.o [1]
  .bss               zero     0x2001'1e72       0x1  bsp_eeprom.o [1]
  .bss               zero     0x2001'1e73       0x1  bsp_eeprom.o [1]
  .bss               zero     0x2001'1e74       0x1  lv_anim.o [1]
  .bss               zero     0x2001'1e75       0x1  lv_anim.o [1]
  .bss               zero     0x2001'1e76       0x1  lv_colorwheel.o [1]
  .bss               zero     0x2001'1e77       0x1  lv_colorwheel.o [1]
  .bss               zero     0x2001'1e78       0x1  lv_colorwheel.o [1]
  .bss               zero     0x2001'1e79       0x1  lv_draw_label.o [1]
  .bss               zero     0x2001'1e7a       0x1  lv_hal_tick.o [1]
  .bss               zero     0x2001'1e7b       0x1  lv_indev.o [1]
  .bss               zero     0x2001'1e7c       0x1  lv_obj.o [1]
  .bss               zero     0x2001'1e7d       0x1  lv_obj_pos.o [1]
  .bss               zero     0x2001'1e7e       0x1  lv_tabview.o [1]
  .bss               zero     0x2001'1e7f       0x1  lv_theme_default.o [1]
  .bss               zero     0x2001'1e80       0x1  lv_theme_default.o [1]
  .bss               zero     0x2001'1e81       0x1  lv_tileview.o [1]
  .bss               zero     0x2001'1e82       0x1  lv_timer.o [1]
  .bss               zero     0x2001'1e83       0x1  lv_timer.o [1]
  .bss               zero     0x2001'1e84       0x1  lv_timer.o [1]
  .bss               zero     0x2001'1e85       0x1  lv_timer.o [1]
  .bss               zero     0x2001'1e86       0x1  lv_timer.o [1]
  .bss               zero     0x2001'1e87       0x1  page_info.o [1]
  .bss               zero     0x2001'1e88       0x1  task.o [1]
  .bss               zero     0x2001'1e89       0x1  usbd_ctlreq.o [1]
  .bss               zero     0x2001'1e8a       0x1  fx_stm32_sdio_driver.o [3]
                            - 0x2001'1e8b  0x1'1697

"P2", part 3 of 3:                           0x4000
  CSTACK                      0x2001'1e90    0x4000  <Block>
    CSTACK           uninit   0x2001'1e90    0x4000  <Block tail>
                            - 0x2001'5e90    0x4000

Absolute sections, part 1 of 2:            0x2'5800
  .bss               zero     0x2402'5800  0x2'5800  lv_port_disp.o [1]
                            - 0x2404'b000  0x2'5800

Absolute sections, part 2 of 2:            0x4'0000
  .bss               zero     0x3000'0000  0x4'0000  file.o [1]
                            - 0x3004'0000  0x4'0000

"A0":                                         0x298
  .intvec            ro code  0x9000'0000     0x298  startup_stm32h750xx.o [1]
                            - 0x9000'0298     0x298

"P1":                                      0x7'1c0e
  .rodata            const    0x9000'0298    0xff50  lv_font_montserrat_40.o [1]
  .rodata            const    0x9001'01e8    0xa088  lv_font_montserrat_32.o [1]
  .rodata            const    0x9001'a270    0x425c  lv_font_montserrat_20.o [1]
  .text              ro code  0x9001'e4cc    0x2616  lv_draw_rect.o [1]
  .text              ro code  0x9002'0ae2      0x3a  zero_init3.o [5]
  .text              ro code  0x9002'0b1c     0x680  lv_mem.o [1]
  .text              ro code  0x9002'119c     0xd88  lv_refr.o [1]
  .text              ro code  0x9002'1f24     0x2b6  lv_hal_disp.o [1]
  .text              ro code  0x9002'21da     0x468  lv_area.o [1]
  .text              ro code  0x9002'2642      0x1e  xencoding_8859_1.o [2]
  .text              ro code  0x9002'2660    0x1906  lv_draw_mask.o [1]
  .text              ro code  0x9002'3f66      0x1a  xsnprout.o [2]
  .text              ro code  0x9002'3f80    0x1240  lv_draw_blend.o [1]
  .text              ro code  0x9002'51c0     0xb1e  lv_draw_img.o [1]
  .text              ro code  0x9002'5cde       0xa  xsprout.o [2]
  .text              ro code  0x9002'5ce8     0x908  lv_txt.o [1]
  .text              ro code  0x9002'65f0     0xb9e  lv_draw_label.o [1]
  .rodata            const    0x9002'718e       0x2  bsp_cli.o [1]
  .text              ro code  0x9002'7190     0xb36  lv_img_decoder.o [1]
  .rodata            const    0x9002'7cc6       0x2  lv_btnmatrix.o [1]
  .text              ro code  0x9002'7cc8     0xdc0  lv_tlsf.o [1]
  .text              ro code  0x9002'8a88      0xa6  ABImemcpy.o [5]
  .rodata            const    0x9002'8b2e       0x2  lv_draw_label.o [1]
  .text              ro code  0x9002'8b30     0x27e  lv_timer.o [1]
  .rodata            const    0x9002'8dae       0x2  lv_img_decoder.o [1]
  .text              ro code  0x9002'8db0      0x46  lv_hal_tick.o [1]
  .rodata            const    0x9002'8df6       0x2  lv_keyboard.o [1]
  .text              ro code  0x9002'8df8    0x17f4  lv_obj_pos.o [1]
  .text              ro code  0x9002'a5ec     0x410  lv_font_fmt_txt.o [1]
  .text              ro code  0x9002'a9fc      0x7a  lv_disp.o [1]
  .rodata            const    0x9002'aa76       0x2  lv_keyboard.o [1]
  .text              ro code  0x9002'aa78     0xef2  lv_obj.o [1]
  .rodata            const    0x9002'b96a       0x2  lv_keyboard.o [1]
  .text              ro code  0x9002'b96c     0x30a  lv_event.o [1]
  .rodata            const    0x9002'bc76       0x2  lv_keyboard.o [1]
  .text              ro code  0x9002'bc78     0x378  lv_obj_tree.o [1]
  .text              ro code  0x9002'bff0     0xb6e  lv_obj_draw.o [1]
  .rodata            const    0x9002'cb5e       0x2  lv_keyboard.o [1]
  .text              ro code  0x9002'cb60    0x12c0  lv_obj_style.o [1]
  .text              ro code  0x9002'de20     0x200  lv_ll.o [1]
  .text              ro code  0x9002'e020    0x2510  lv_theme_default.o [1]
  .text              ro code  0x9003'0530     0x364  lv_color.o [1]
  .text              ro code  0x9003'0894    0x14e0  lv_obj_scroll.o [1]
  .text              ro code  0x9003'1d74     0x234  lv_math.o [1]
  .text              ro code  0x9003'1fa8      0x64  lv_img_cache.o [1]
  .text              ro code  0x9003'200c     0xf34  lv_img_buf.o [1]
  .text              ro code  0x9003'2f40      0x66  ABImemset.o [5]
  .text              ro code  0x9003'2fa6      0x54  lv_font.o [1]
  .rodata            const    0x9003'2ffa       0x2  lv_keyboard.o [1]
  .text              ro code  0x9003'2ffc      0x36  strlen.o [5]
  .rodata            const    0x9003'3032       0x2  lv_keyboard.o [1]
  .text              ro code  0x9003'3034     0x934  lv_printf.o [1]
  .text              ro code  0x9003'3968     0xc60  lv_draw_line.o [1]
  .text              ro code  0x9003'45c8      0x18  strcpy.o [5]
  .text              ro code  0x9003'45e0     0x1b0  lv_fs.o [1]
  .text              ro code  0x9003'4790      0x12  strcmp.o [5]
  .text              ro code  0x9003'47a2     0x2ca  lv_obj_style_gen.o [1]
  .text              ro code  0x9003'4a6c      0x58  lv_utils.o [1]
  .text              ro code  0x9003'4ac4     0x4b4  lv_anim.o [1]
  .text              ro code  0x9003'4f78     0x4a4  lv_group.o [1]
  .text              ro code  0x9003'541c       0xc  lv_extra.o [1]
  .text              ro code  0x9003'5428     0x244  lv_obj_class.o [1]
  .text              ro code  0x9003'566c    0x11b0  lv_indev.o [1]
  .text              ro code  0x9003'681c      0xf2  lv_hal_indev.o [1]
  .rodata            const    0x9003'690e       0x2  lv_keyboard.o [1]
  .text              ro code  0x9003'6910     0x46e  lv_style.o [1]
  .text              ro code  0x9003'6d7e     0x402  lv_style_gen.o [1]
  .text              ro code  0x9003'7180     0x230  I64DivMod.o [5]
  .text              ro code  0x9003'73b0    0x1076  lv_flex.o [1]
  .rodata            const    0x9003'8426       0x2  lv_keyboard.o [1]
  .text              ro code  0x9003'8428    0x1000  lv_grid.o [1]
  .text              ro code  0x9003'9428      0x94  lv_theme.o [1]
  .text              ro code  0x9003'94bc     0xe14  lv_indev_scroll.o [1]
  .text              ro code  0x9003'a2d0       0x2  I64DivZer.o [5]
  .rodata            const    0x9003'a2d2       0x2  lv_keyboard.o [1]
  .rodata            const    0x9003'a2d4    0x240c  my_font_14.o [1]
  .rodata            const    0x9003'c6e0    0x2280  lv_font_montserrat_14.o [1]
  .text              ro code  0x9003'e960    0x220a  lv_chart.o [1]
  .rodata            const    0x9004'0b6a       0x2  lv_keyboard.o [1]
  .text              ro code  0x9004'0b6c    0x19f0  stm32h7xx_hal_rcc_ex.o [1]
  .text              ro code  0x9004'255c       0xc  stm32h7xx_hal.o [1]
  .text              ro code  0x9004'2568     0xc48  stm32h7xx_hal_rcc.o [1]
  .text              ro code  0x9004'31b0      0xd0  stm32h7xx_hal_timebase_tim.o [1]
  .text              ro code  0x9004'3280      0x74  stm32h7xx_hal.o [1]
  .text              ro code  0x9004'32f4     0x1e4  stm32h7xx_hal_cortex.o [1]
  .text              ro code  0x9004'34d8     0x9fc  stm32h7xx_hal_tim.o [1]
  .text              ro code  0x9004'3ed4      0x20  stm32h7xx_hal_msp.o [1]
  .text              ro code  0x9004'3ef4      0xf4  tim.o [1]
  .text              ro code  0x9004'3fe8       0x2  stm32h7xx_hal_tim.o [1]
  .text              ro code  0x9004'3fea       0x2  stm32h7xx_hal_tim.o [1]
  .text              ro code  0x9004'3fec       0x2  stm32h7xx_hal_tim.o [1]
  .text              ro code  0x9004'3fee       0x2  stm32h7xx_hal_tim.o [1]
  .text              ro code  0x9004'3ff0     0x2a8  main.o [1]
  .text              ro code  0x9004'4298       0x2  stm32h7xx_hal_tim_ex.o [1]
  .text              ro code  0x9004'429a       0x2  stm32h7xx_hal_tim_ex.o [1]
  .text              ro code  0x9004'429c       0x2  stm32h7xx_hal_tim.o [1]
  .text              ro code  0x9004'429e       0x2  stm32h7xx_hal_tim_ex.o [1]
  .text              ro code  0x9004'42a0      0x14  memset.o [5]
  .text              ro code  0x9004'42b4     0x428  stm32h7xx_hal_gpio.o [1]
  .text              ro code  0x9004'46dc     0x190  gpio.o [1]
  .text              ro code  0x9004'486c     0x108  rtc.o [1]
  .text              ro code  0x9004'4974     0x224  usart.o [1]
  .text              ro code  0x9004'4b98     0x268  ltdc.o [1]
  .text              ro code  0x9004'4e00     0x160  adc.o [1]
  .text              ro code  0x9004'4f60      0x5c  usb_device.o [1]
  .text              ro code  0x9004'4fbc     0x174  sdmmc.o [1]
  .text              ro code  0x9004'5130      0x48  tx_initialize_kernel_enter.o [7]
  .text              ro code  0x9004'5178      0x64  stm32h7xx_hal_pwr_ex.o [1]
  .text              ro code  0x9004'51dc      0x10  stm32h7xx_hal_pwr.o [1]
  .text              ro code  0x9004'51ec      0x18  stm32h7xx_hal.o [1]
  .text              ro code  0x9004'5204     0x446  stm32h7xx_hal_rtc.o [1]
  .rodata            const    0x9004'564a       0x2  lv_keyboard.o [1]
  .text              ro code  0x9004'564c      0x1a  stm32h7xx_hal_rtc_ex.o [1]
  .rodata            const    0x9004'5666       0x2  lv_keyboard.o [1]
  .text              ro code  0x9004'5668     0x92c  stm32h7xx_hal_uart.o [1]
  .text              ro code  0x9004'5f94     0x170  stm32h7xx_hal_uart_ex.o [1]
  .text              ro code  0x9004'6104     0x414  stm32h7xx_hal_ltdc.o [1]
  .text              ro code  0x9004'6518     0xd60  stm32h7xx_hal_adc.o [1]
  .text              ro code  0x9004'7278     0x174  stm32h7xx_hal_adc_ex.o [1]
  .text              ro code  0x9004'73ec     0x436  usbd_core.o [1]
  .rodata            const    0x9004'7822       0x2  lv_keyboard.o [1]
  .text              ro code  0x9004'7824     0x410  usbd_cdc.o [1]
  .text              ro code  0x9004'7c34    0x1090  stm32h7xx_hal_sd.o [1]
  .text              ro code  0x9004'8cc4      0x74  tx_initialize_low_level.o [7]
  .text              ro code  0x9004'8d38      0x84  tx_initialize_high_level.o [7]
  .text              ro code  0x9004'8dbc     0x3ac  task.o [1]
  .text              ro code  0x9004'9168      0xc0  tx_thread_schedule.o [7]
  .text              ro code  0x9004'9228     0x438  usbd_conf.o [1]
  .text              ro code  0x9004'9660     0x8ac  usbd_ctlreq.o [1]
  .text              ro code  0x9004'9f0c      0xac  usbd_ioreq.o [1]
  .text              ro code  0x9004'9fb8     0x7c8  stm32h7xx_ll_sdmmc.o [1]
  .text              ro code  0x9004'a780      0x28  stm32h7xx_hal.o [1]
  .text              ro code  0x9004'a7a8      0xa6  bsp_sdio.o [1]
  .text              ro code  0x9004'a84e       0x2  stm32h7xx_hal_sd.o [1]
  .text              ro code  0x9004'a850       0x2  stm32h7xx_hal_sd.o [1]
  .text              ro code  0x9004'a852       0x2  stm32h7xx_hal_sd.o [1]
  .text              ro code  0x9004'a854       0x2  stm32h7xx_hal_sd.o [1]
  .rodata            const    0x9004'a856       0x2  lv_keyboard.o [1]
  .text              ro code  0x9004'a858      0xb8  tx_timer_interrupt.o [7]
  .text              ro code  0x9004'a910      0xac  tx_thread_initialize.o [7]
  .text              ro code  0x9004'a9bc      0xf8  tx_timer_initialize.o [7]
  .text              ro code  0x9004'aab4     0x190  txe_thread_create.o [7]
  .text              ro code  0x9004'ac44      0x2e  bsp.o [1]
  .rodata            const    0x9004'ac72       0x2  lv_keyboard.o [1]
  .text              ro code  0x9004'ac74      0x9c  tx_thread_sleep.o [7]
  .text              ro code  0x9004'ad10     0x2f4  bsp_cli.o [1]
  .text              ro code  0x9004'b004      0xec  txe_mutex_create.o [7]
  .text              ro code  0x9004'b0f0      0x3c  vsnprint.o [2]
  .text              ro code  0x9004'b12c      0x90  txe_mutex_get.o [7]
  .text              ro code  0x9004'b1bc      0x28  printf.o [2]
  .text              ro code  0x9004'b1e4      0x58  txe_mutex_put.o [7]
  .text              ro code  0x9004'b23c     0x6f0  file.o [1]
  .text              ro code  0x9004'b92c      0x78  lv_port_disp.o [1]
  .text              ro code  0x9004'b9a4      0x7c  lv_port_indev.o [1]
  .text              ro code  0x9004'ba20     0x178  display_win.o [1]
  .text              ro code  0x9004'bb98      0xe8  display_basic.o [1]
  .text              ro code  0x9004'bc80     0xd38  stm32h7xx_hal_pcd.o [1]
  .text              ro code  0x9004'c9b8      0xa2  stm32h7xx_hal_pcd_ex.o [1]
  .rodata            const    0x9004'ca5a       0x2  lv_keyboard.o [1]
  .text              ro code  0x9004'ca5c     0x54c  fx_stm32_sdio_driver.o [3]
  .text              ro code  0x9004'cfa8       0x2  bsp_sdio.o [1]
  .rodata            const    0x9004'cfaa       0x2  lv_keyboard.o [1]
  .text              ro code  0x9004'cfac      0x28  tx_timer_expiration_process.o [7]
  .text              ro code  0x9004'cfd4     0x178  tx_thread_time_slice.o [7]
  .text              ro code  0x9004'd14c     0x1a8  tx_thread_create.o [7]
  .text              ro code  0x9004'd2f4      0xd0  tx_thread_system_preempt_check.o [7]
  .text              ro code  0x9004'd3c4      0x6a  bsp_dwt.o [1]
  .rodata            const    0x9004'd42e       0x2  lv_keyboard.o [1]
  .text              ro code  0x9004'd430     0x4e4  bsp_eeprom.o [1]
  .text              ro code  0x9004'd914     0x54c  bsp_lcd.o [1]
  .text              ro code  0x9004'de60     0x6b4  bsp_touch.o [1]
  .text              ro code  0x9004'e514      0xcc  bsp_adc.o [1]
  .text              ro code  0x9004'e5e0     0x340  tx_thread_system_suspend.o [7]
  .text              ro code  0x9004'e920     0x122  bsp_ringbuffer.o [1]
  .text              ro code  0x9004'ea42      0x46  strcasecmp.o [2]
  .text              ro code  0x9004'ea88      0x16  strchr.o [5]
  .text              ro code  0x9004'ea9e     0x4bc  qsort.o [2]
  .rodata            const    0x9004'ef5a       0x2  lv_keyboard.o [1]
  .text              ro code  0x9004'ef5c      0x80  tx_mutex_create.o [7]
  .text              ro code  0x9004'efdc    0x10c6  xprintffull.o [2]
  .rodata            const    0x9005'00a2       0x2  lv_keyboard.o [1]
  .text              ro code  0x9005'00a4     0x144  tx_mutex_get.o [7]
  .text              ro code  0x9005'01e8     0x2b8  tx_mutex_put.o [7]
  .text              ro code  0x9005'04a0      0xbc  fx_system_initialize.o [3]
  .text              ro code  0x9005'055c     0x100  fxe_media_open.o [3]
  .text              ro code  0x9005'065c      0x6c  fxe_directory_next_full_entry_find.o [3]
  .text              ro code  0x9005'06c8      0x4c  fxe_media_extended_space_available.o [3]
  .text              ro code  0x9005'0714      0x44  fxe_media_close.o [3]
  .text              ro code  0x9005'0758      0x48  fxe_file_create.o [3]
  .text              ro code  0x9005'07a0      0xcc  fxe_file_open.o [3]
  .text              ro code  0x9005'086c      0x48  fxe_file_seek.o [3]
  .text              ro code  0x9005'08b4      0x50  fxe_file_write.o [3]
  .text              ro code  0x9005'0904      0x44  fxe_file_close.o [3]
  .text              ro code  0x9005'0948      0x44  fxe_media_flush.o [3]
  .text              ro code  0x9005'098c      0x58  fxe_file_read.o [3]
  .text              ro code  0x9005'09e4      0x48  fxe_directory_create.o [3]
  .text              ro code  0x9005'0a2c      0x48  fxe_directory_delete.o [3]
  .text              ro code  0x9005'0a74      0x48  fxe_file_delete.o [3]
  .text              ro code  0x9005'0abc      0x40  sprintf.o [2]
  .text              ro code  0x9005'0afc     0x14c  iar_Stoulx.o [2]
  .text              ro code  0x9005'0c48     0x180  page_start.o [1]
  .text              ro code  0x9005'0dc8     0x5d4  page_home.o [1]
  .text              ro code  0x9005'139c     0x588  page_info.o [1]
  .text              ro code  0x9005'1924     0xfa4  stm32h7xx_ll_usb.o [1]
  .text              ro code  0x9005'28c8      0x18  tx_time_get.o [7]
  .text              ro code  0x9005'28e0      0xe0  txe_semaphore_create.o [7]
  .text              ro code  0x9005'29c0      0x64  txe_semaphore_delete.o [7]
  .text              ro code  0x9005'2a24      0x6c  txe_semaphore_get.o [7]
  .text              ro code  0x9005'2a90     0x1ea  fx_partition_offset_calculate.o [3]
  .rodata            const    0x9005'2c7a       0x2  lv_keyboard.o [1]
  .text              ro code  0x9005'2c7c      0x24  txe_semaphore_put.o [7]
  .text              ro code  0x9005'2ca0      0x1e  fx_utility_memory_copy.o [3]
  .rodata            const    0x9005'2cbe       0x2  lv_keyboard.o [1]
  .text              ro code  0x9005'2cc0     0x314  tx_thread_system_resume.o [7]
  .text              ro code  0x9005'2fd4      0x24  tx_thread_stack_error_handler.o [7]
  .text              ro code  0x9005'2ff8      0x90  tx_thread_stack_analyze.o [7]
  .text              ro code  0x9005'3088      0x44  tx_thread_stack_build.o [7]
  .text              ro code  0x9005'30cc      0x78  tx_timer_system_activate.o [7]
  .text              ro code  0x9005'3144      0x14  tolower.o [2]
  .text              ro code  0x9005'3158      0x96  ABImemmove.o [5]
  .rodata            const    0x9005'31ee       0x2  lv_keyboard.o [1]
  .text              ro code  0x9005'31f0      0xa8  xlocale_c.o [2]
  .text              ro code  0x9005'3298      0x40  xfail_s.o [2]
  .text              ro code  0x9005'32d8      0x58  memchr.o [5]
  .text              ro code  0x9005'3330      0x70  frexp.o [4]
  .text              ro code  0x9005'33a0      0x2e  DblCmpLe.o [4]
  .rodata            const    0x9005'33ce       0x2  lv_keyboard.o [1]
  .text              ro code  0x9005'33d0      0x2e  DblCmpGe.o [4]
  .rodata            const    0x9005'33fe       0x2  lv_keyboard.o [1]
  .text              ro code  0x9005'3400     0x104  ldexp.o [4]
  .text              ro code  0x9005'3504       0xe  DblToS32.o [4]
  .text              ro code  0x9005'3512       0xe  S32ToDbl.o [4]
  .text              ro code  0x9005'3520      0x12  DblSub.o [4]
  .text              ro code  0x9005'3532      0x12  DblDiv.o [4]
  .text              ro code  0x9005'3544       0xe  DblToU32.o [4]
  .text              ro code  0x9005'3552       0xe  U32ToDbl.o [4]
  .text              ro code  0x9005'3560      0x12  DblMul.o [4]
  .text              ro code  0x9005'3572       0xa  xmbcurmax.o [2]
  .text              ro code  0x9005'357c     0x108  tx_mutex_priority_change.o [7]
  .text              ro code  0x9005'3684     0x100  tx_mutex_prioritize.o [7]
  .text              ro code  0x9005'3784      0x9c  tx_timer_create.o [7]
  .text              ro code  0x9005'3820      0x18  tx_thread_identify.o [7]
  .text              ro code  0x9005'3838      0xd0  tx_thread_preemption_change.o [7]
  .text              ro code  0x9005'3908     0x7d0  fx_media_open.o [3]
  .text              ro code  0x9005'40d8     0x368  fx_directory_next_full_entry_find.o [3]
  .text              ro code  0x9005'4440      0x5c  fx_media_extended_space_available.o [3]
  .text              ro code  0x9005'449c     0x2bc  fx_media_close.o [3]
  .text              ro code  0x9005'4758     0x170  fx_file_create.o [3]
  .text              ro code  0x9005'48c8     0x464  fx_file_open.o [3]
  .text              ro code  0x9005'4d2c      0x12  fx_file_seek.o [3]
  .rodata            const    0x9005'4d3e       0x2  lv_keyboard.o [1]
  .text              ro code  0x9005'4d40     0x684  fx_file_write.o [3]
  .text              ro code  0x9005'53c4      0xec  fx_file_close.o [3]
  .text              ro code  0x9005'54b0     0x244  fx_media_flush.o [3]
  .text              ro code  0x9005'56f4     0x340  fx_file_read.o [3]
  .text              ro code  0x9005'5a34     0x424  fx_directory_create.o [3]
  .text              ro code  0x9005'5e58     0x254  fx_directory_delete.o [3]
  .text              ro code  0x9005'60ac     0x1a4  fx_file_delete.o [3]
  .text              ro code  0x9005'6250      0x14  isspace.o [2]
  .text              ro code  0x9005'6264    0x16d8  lv_label.o [1]
  .text              ro code  0x9005'793c     0xada  lv_bar.o [1]
  .rodata            const    0x9005'8416       0x2  lv_keyboard.o [1]
  .text              ro code  0x9005'8418     0x408  lv_led.o [1]
  .text              ro code  0x9005'8820      0x36  lv_btn.o [1]
  .rodata            const    0x9005'8856       0x2  lv_keyboard.o [1]
  .text              ro code  0x9005'8858     0xad0  lv_img.o [1]
  .text              ro code  0x9005'9328     0x590  lv_tabview.o [1]
  .text              ro code  0x9005'98b8      0x74  tx_semaphore_create.o [7]
  .text              ro code  0x9005'992c      0xc8  tx_semaphore_delete.o [7]
  .text              ro code  0x9005'99f4      0xbc  tx_semaphore_get.o [7]
  .text              ro code  0x9005'9ab0      0x88  tx_semaphore_put.o [7]
  .text              ro code  0x9005'9b38      0x36  tx_timer_system_deactivate.o [7]
  .text              ro code  0x9005'9b6e       0x6  abort.o [2]
  .text              ro code  0x9005'9b74      0xde  fx_media_boot_info_extract.o [3]
  .text              ro code  0x9005'9c52       0xc  fx_utility_16_unsigned_read.o [3]
  .text              ro code  0x9005'9c5e     0x320  fx_utility_FAT_entry_read.o [3]
  .text              ro code  0x9005'9f7e      0x18  fx_utility_32_unsigned_read.o [3]
  .text              ro code  0x9005'9f96     0x34a  fx_utility_logical_sector_flush.o [3]
  .text              ro code  0x9005'a2e0     0x552  fx_directory_entry_read.o [3]
  .text              ro code  0x9005'a832     0x8f4  fx_directory_entry_write.o [3]
  .rodata            const    0x9005'b126       0x2  lv_keyboard.o [1]
  .text              ro code  0x9005'b128      0xd4  fx_media_abort.o [3]
  .text              ro code  0x9005'b1fc     0x46e  fx_utility_FAT_flush.o [3]
  .text              ro code  0x9005'b66a      0xe4  fx_utility_FAT_map_flush.o [3]
  .text              ro code  0x9005'b74e      0x16  fx_utility_32_unsigned_write.o [3]
  .text              ro code  0x9005'b764      0xec  tx_mutex_delete.o [7]
  .text              ro code  0x9005'b850     0x6fc  fx_directory_search.o [3]
  .text              ro code  0x9005'bf4c      0x66  fx_directory_name_extract.o [3]
  .rodata            const    0x9005'bfb2       0x2  lv_keyboard.o [1]
  .text              ro code  0x9005'bfb4     0x5b8  fx_directory_free_search.o [3]
  .text              ro code  0x9005'c56c     0x278  fx_file_extended_seek.o [3]
  .text              ro code  0x9005'c7e4     0x152  fx_utility_FAT_entry_write.o [3]
  .text              ro code  0x9005'c936     0x39c  fx_utility_logical_sector_read.o [3]
  .text              ro code  0x9005'ccd2     0x22a  fx_utility_logical_sector_write.o [3]
  .text              ro code  0x9005'cefc    0x1650  lv_btnmatrix.o [1]
  .text              ro code  0x9005'e54c      0x14  exit.o [6]
  .text              ro code  0x9005'e560       0xa  fx_utility_16_unsigned_write.o [3]
  .text              ro code  0x9005'e56a     0x374  fx_utility_logical_sector_cache_entry_read.o [3]
  .rodata            const    0x9005'e8de       0x2  lv_keyboard.o [1]
  .text              ro code  0x9005'e8e0    0x1550  lv_textarea.o [1]
  .text              ro code  0x9005'fe30    0x13e2  lv_arc.o [1]
  .text              ro code  0x9006'1212     0xdce  lv_draw_arc.o [1]
  .text              ro code  0x9006'1fe0    0x10e4  lv_dropdown.o [1]
  .text              ro code  0x9006'30c4     0xe38  lv_colorwheel.o [1]
  .text              ro code  0x9006'3efc     0xd92  lv_table.o [1]
  .rodata            const    0x9006'4c8e       0x2  lv_keyboard.o [1]
  .text              ro code  0x9006'4c90     0xd22  lv_roller.o [1]
  .rodata            const    0x9006'59b2       0x2  lv_keyboard.o [1]
  .text              ro code  0x9006'59b4     0xcfa  lv_slider.o [1]
  .rodata            const    0x9006'66ae       0x2  lv_keyboard.o [1]
  .rodata            const    0x9006'66b0     0xc00  IconCels.o [1]
  .rodata            const    0x9006'72b0     0xbb0  lv_font_montserrat_14.o [1]
  .rodata            const    0x9006'7e60     0xbb0  lv_font_montserrat_20.o [1]
  .rodata            const    0x9006'8a10     0xbb0  lv_font_montserrat_32.o [1]
  .rodata            const    0x9006'95c0     0xbb0  lv_font_montserrat_40.o [1]
  .text              ro code  0x9006'a170     0xa60  lv_meter.o [1]
  .rodata            const    0x9006'abd0     0x510  my_font_14.o [1]
  .text              ro code  0x9006'b0e0     0x50a  lv_checkbox.o [1]
  .rodata            const    0x9006'b5ea       0x2  lv_keyboard.o [1]
  .rodata            const    0x9006'b5ec     0x4f0  lv_font_montserrat_14.o [1]
  .rodata            const    0x9006'badc     0x4f0  lv_font_montserrat_20.o [1]
  .rodata            const    0x9006'bfcc     0x4f0  lv_font_montserrat_32.o [1]
  .rodata            const    0x9006'c4bc     0x4f0  lv_font_montserrat_40.o [1]
  .text              ro code  0x9006'c9ac     0x4d6  lv_calendar.o [1]
  .rodata            const    0x9006'ce82       0x2  lv_keyboard.o [1]
  .text              ro code  0x9006'ce84     0x4b4  lv_spinbox.o [1]
  .text              ro code  0x9006'd338     0x3a4  lv_switch.o [1]
  .rodata            const    0x9006'd6dc     0x300  IconTemp.o [1]
  .text              ro code  0x9006'd9dc     0x2f8  lv_keyboard.o [1]
  .text              ro code  0x9006'dcd4     0x2cc  lv_calendar_header_arrow.o [1]
  .rodata            const    0x9006'dfa0     0x268  lv_calendar_header_dropdown.o [1]
  .text              ro code  0x9006'e208     0x258  lv_calendar_header_dropdown.o [1]
  .text              ro code  0x9006'e460     0x254  lv_line.o [1]
  .text              ro code  0x9006'e6b4     0x1bc  lv_tileview.o [1]
  .text              ro code  0x9006'e870     0x19c  fx_system_timer_entry.o [3]
  .text              ro code  0x9006'ea0c     0x168  tx_timer_thread_entry.o [7]
  .text              ro code  0x9006'eb74     0x15e  usbd_desc.o [1]
  .rodata            const    0x9006'ecd2       0x2  lv_keyboard.o [1]
  .rodata            const    0x9006'ecd4     0x148  my_font_14.o [1]
  .text              ro code  0x9006'ee1c     0x13e  my_font_14.o [1]
  .rodata            const    0x9006'ef5a       0x2  lv_keyboard.o [1]
  .text              ro code  0x9006'ef5c     0x124  system_stm32h7xx.o [1]
  .rodata            const    0x9006'f080     0x100  lv_draw_label.o [1]
  .text              ro code  0x9006'f180      0xf4  tx_mutex_cleanup.o [7]
  .text              ro code  0x9006'f274      0xe0  lv_spinner.o [1]
  .rodata            const    0x9006'f354      0xc0  lv_color.o [1]
  .rodata            const    0x9006'f414      0xb8  lv_math.o [1]
  .rodata            const    0x9006'f4cc      0xb0  lv_keyboard.o [1]
  .rodata            const    0x9006'f57c      0xb0  lv_keyboard.o [1]
  .rodata            const    0x9006'f62c      0xb0  lv_keyboard.o [1]
  .text              ro code  0x9006'f6dc      0xa4  tx_semaphore_cleanup.o [7]
  .rodata            const    0x9006'f780      0xa0  lv_font_montserrat_14.o [1]
  .rodata            const    0x9006'f820      0xa0  lv_font_montserrat_14.o [1]
  .rodata            const    0x9006'f8c0      0xa0  lv_font_montserrat_20.o [1]
  .rodata            const    0x9006'f960      0xa0  lv_font_montserrat_20.o [1]
  .rodata            const    0x9006'fa00      0xa0  lv_font_montserrat_32.o [1]
  .rodata            const    0x9006'faa0      0xa0  lv_font_montserrat_32.o [1]
  .rodata            const    0x9006'fb40      0xa0  lv_font_montserrat_40.o [1]
  .rodata            const    0x9006'fbe0      0xa0  lv_font_montserrat_40.o [1]
  .rodata            const    0x9006'fc80      0x98  lv_color.o [1]
  .text              ro code  0x9006'fd18      0x90  usbd_cdc_if.o [1]
  .text              ro code  0x9006'fda8      0x8c  tx_thread_shell_entry.o [7]
  .text              ro code  0x9006'fe34      0x84  lv_win.o [1]
  .rodata            const    0x9006'feb8      0x7c  lv_font_montserrat_14.o [1]
  .rodata            const    0x9006'ff34      0x7c  lv_font_montserrat_20.o [1]
  .rodata            const    0x9006'ffb0      0x7c  lv_font_montserrat_32.o [1]
  .rodata            const    0x9007'002c      0x7c  lv_font_montserrat_40.o [1]
  .text              ro code  0x9007'00a8      0x78  lz77_init_single.o [5]
  .rodata            const    0x9007'0120      0x58  file.o [1]
  .rodata            const    0x9007'0178      0x58  task.o [1]
  .rodata            const    0x9007'01d0      0x54  lv_keyboard.o [1]
  .rodata            const    0x9007'0224      0x50  lv_keyboard.o [1]
  .rodata            const    0x9007'0274      0x50  lv_keyboard.o [1]
  .rodata            const    0x9007'02c4      0x50  lv_keyboard.o [1]
  .rodata            const    0x9007'0314      0x50  iar_Stoulx.o [2]
  .text              ro code  0x9007'0364      0x50  tx_thread_timeout.o [7]
  .rodata            const    0x9007'03b4      0x4c  file.o [1]
  .rodata            const    0x9007'0400      0x48  file.o [1]
  .rodata            const    0x9007'0448      0x48  file.o [1]
  .rodata            const    0x9007'0490      0x44  bsp_cli.o [1]
  .rodata            const    0x9007'04d4      0x44  bsp_cli.o [1]
  .rodata            const    0x9007'0518      0x44  file.o [1]
  .rodata            const    0x9007'055c      0x44  file.o [1]
  .rodata            const    0x9007'05a0      0x44  task.o [1]
  .rodata            const    0x9007'05e4      0x40  file.o [1]
  .rodata            const    0x9007'0624      0x40  task.o [1]
  .rodata            const    0x9007'0664      0x38  file.o [1]
  .text              ro code  0x9007'069c      0x38  stm32h7xx_it.o [1]
  .rodata            const    0x9007'06d4      0x30  file.o [1]
  .rodata            const    0x9007'0704      0x30  lv_roller.o [1]
  .rodata            const    0x9007'0734      0x30  task.o [1]
  .rodata            const    0x9007'0764      0x28  file.o [1]
  .rodata            const    0x9007'078c      0x28  file.o [1]
  .rodata            const    0x9007'07b4      0x28  file.o [1]
  .rodata            const    0x9007'07dc      0x28  file.o [1]
  .rodata            const    0x9007'0804      0x28  file.o [1]
  .rodata            const    0x9007'082c      0x28  file.o [1]
  .rodata            const    0x9007'0854      0x28  lv_color.o [1]
  .rodata            const    0x9007'087c      0x28  lv_font_montserrat_14.o [1]
  .rodata            const    0x9007'08a4      0x28  lv_font_montserrat_20.o [1]
  .rodata            const    0x9007'08cc      0x28  lv_font_montserrat_32.o [1]
  .rodata            const    0x9007'08f4      0x28  lv_font_montserrat_40.o [1]
  .text              ro code  0x9007'091c      0x28  data_init.o [5]
  .rodata            const    0x9007'0944      0x24  bsp_cli.o [1]
  .rodata            const    0x9007'0968      0x24  file.o [1]
  .rodata            const    0x9007'098c      0x24  file.o [1]
  .rodata            const    0x9007'09b0      0x24  file.o [1]
  .rodata            const    0x9007'09d4      0x24  file.o [1]
  .rodata            const    0x9007'09f8      0x24  file.o [1]
  .rodata            const    0x9007'0a1c      0x24  file.o [1]
  .rodata            const    0x9007'0a40      0x24  lv_calendar_header_dropdown.o [1]
  .rodata            const    0x9007'0a64      0x24  lv_draw_line.o [1]
  .rodata            const    0x9007'0a88      0x24  lv_keyboard.o [1]
  .text              ro code  0x9007'0aac      0x22  fpinit_M.o [4]
  .iar.init_table    const    0x9007'0ad0      0x30  - Linker created -
  .rodata            const    0x9007'0b00       0x2  lv_keyboard.o [1]
  .rodata            const    0x9007'0b04      0x20  file.o [1]
  .rodata            const    0x9007'0b24      0x20  file.o [1]
  .rodata            const    0x9007'0b44      0x20  file.o [1]
  .rodata            const    0x9007'0b64      0x20  file.o [1]
  .rodata            const    0x9007'0b84      0x20  file.o [1]
  .rodata            const    0x9007'0ba4      0x20  fx_stm32_sdio_driver.o [3]
  .text              ro code  0x9007'0bc4      0x1e  cmain.o [5]
  .text              ro code  0x9007'0be2       0x4  low_level_init.o [2]
  .text              ro code  0x9007'0be6       0x4  exit.o [2]
  .rodata            const    0x9007'0bea       0x2  lv_keyboard.o [1]
  .text              ro code  0x9007'0bec       0xa  cexit.o [5]
  .rodata            const    0x9007'0bf6       0x2  lv_keyboard.o [1]
  .rodata            const    0x9007'0bf8      0x1c  bsp_adc.o [1]
  .rodata            const    0x9007'0c14      0x1c  file.o [1]
  .rodata            const    0x9007'0c30      0x1c  file.o [1]
  .rodata            const    0x9007'0c4c      0x1c  file.o [1]
  .rodata            const    0x9007'0c68      0x1c  file.o [1]
  .rodata            const    0x9007'0c84      0x1c  file.o [1]
  .rodata            const    0x9007'0ca0      0x1c  file.o [1]
  .rodata            const    0x9007'0cbc      0x1c  file.o [1]
  .rodata            const    0x9007'0cd8      0x1c  file.o [1]
  .rodata            const    0x9007'0cf4      0x1c  file.o [1]
  .rodata            const    0x9007'0d10      0x1c  lv_arc.o [1]
  .rodata            const    0x9007'0d2c      0x1c  lv_bar.o [1]
  .rodata            const    0x9007'0d48      0x1c  lv_btn.o [1]
  .rodata            const    0x9007'0d64      0x1c  lv_btnmatrix.o [1]
  .rodata            const    0x9007'0d80      0x1c  lv_calendar.o [1]
  .rodata            const    0x9007'0d9c      0x1c  lv_calendar_header_arrow.o [1]
  .rodata            const    0x9007'0db8      0x1c  lv_calendar_header_dropdown.o [1]
  .rodata            const    0x9007'0dd4      0x1c  lv_chart.o [1]
  .rodata            const    0x9007'0df0      0x1c  lv_checkbox.o [1]
  .rodata            const    0x9007'0e0c      0x1c  lv_colorwheel.o [1]
  .rodata            const    0x9007'0e28      0x1c  lv_dropdown.o [1]
  .rodata            const    0x9007'0e44      0x1c  lv_dropdown.o [1]
  .rodata            const    0x9007'0e60      0x1c  lv_dropdown.o [1]
  .rodata            const    0x9007'0e7c      0x1c  lv_img.o [1]
  .rodata            const    0x9007'0e98      0x1c  lv_keyboard.o [1]
  .rodata            const    0x9007'0eb4      0x1c  lv_label.o [1]
  .rodata            const    0x9007'0ed0      0x1c  lv_led.o [1]
  .rodata            const    0x9007'0eec      0x1c  lv_line.o [1]
  .rodata            const    0x9007'0f08      0x1c  lv_list.o [1]
  .rodata            const    0x9007'0f24      0x1c  lv_list.o [1]
  .rodata            const    0x9007'0f40      0x1c  lv_list.o [1]
  .rodata            const    0x9007'0f5c      0x1c  lv_meter.o [1]
  .rodata            const    0x9007'0f78      0x1c  lv_msgbox.o [1]
  .rodata            const    0x9007'0f94      0x1c  lv_obj.o [1]
  .rodata            const    0x9007'0fb0      0x1c  lv_roller.o [1]
  .rodata            const    0x9007'0fcc      0x1c  lv_roller.o [1]
  .rodata            const    0x9007'0fe8      0x1c  lv_slider.o [1]
  .rodata            const    0x9007'1004      0x1c  lv_spinbox.o [1]
  .rodata            const    0x9007'1020      0x1c  lv_spinner.o [1]
  .rodata            const    0x9007'103c      0x1c  lv_switch.o [1]
  .rodata            const    0x9007'1058      0x1c  lv_table.o [1]
  .rodata            const    0x9007'1074      0x1c  lv_tabview.o [1]
  .rodata            const    0x9007'1090      0x1c  lv_textarea.o [1]
  .rodata            const    0x9007'10ac      0x1c  lv_tileview.o [1]
  .rodata            const    0x9007'10c8      0x1c  lv_tileview.o [1]
  .rodata            const    0x9007'10e4      0x1c  lv_win.o [1]
  .rodata            const    0x9007'1100      0x1c  task.o [1]
  .rodata            const    0x9007'111c      0x18  file.o [1]
  .rodata            const    0x9007'1134      0x18  file.o [1]
  .rodata            const    0x9007'114c      0x18  file.o [1]
  .rodata            const    0x9007'1164      0x18  file.o [1]
  .rodata            const    0x9007'117c      0x18  file.o [1]
  .rodata            const    0x9007'1194      0x18  file.o [1]
  .rodata            const    0x9007'11ac      0x18  file.o [1]
  .rodata            const    0x9007'11c4      0x18  lv_font_montserrat_14.o [1]
  .rodata            const    0x9007'11dc      0x18  lv_font_montserrat_14.o [1]
  .rodata            const    0x9007'11f4      0x18  lv_font_montserrat_20.o [1]
  .rodata            const    0x9007'120c      0x18  lv_font_montserrat_20.o [1]
  .rodata            const    0x9007'1224      0x18  lv_font_montserrat_32.o [1]
  .rodata            const    0x9007'123c      0x18  lv_font_montserrat_32.o [1]
  .rodata            const    0x9007'1254      0x18  lv_font_montserrat_40.o [1]
  .rodata            const    0x9007'126c      0x18  lv_font_montserrat_40.o [1]
  .rodata            const    0x9007'1284      0x18  lv_theme_default.o [1]
  .rodata            const    0x9007'129c      0x18  my_font_14.o [1]
  .rodata            const    0x9007'12b4      0x18  page_home.o [1]
  .rodata            const    0x9007'12cc      0x18  stm32h7xx_hal_uart.o [1]
  .rodata            const    0x9007'12e4      0x18  task.o [1]
  .rodata            const    0x9007'12fc      0x18  usbd_desc.o [1]
  .text              ro code  0x9007'1314      0x16  xprout.o [2]
  .rodata            const    0x9007'132a       0x2  lv_keyboard.o [1]
  .text              ro code  0x9007'132c       0xc  putchar.o [2]
  .rodata            const    0x9007'1338      0x14  bsp_adc.o [1]
  .rodata            const    0x9007'134c      0x14  bsp_cli.o [1]
  .rodata            const    0x9007'1360      0x14  bsp_cli.o [1]
  .rodata            const    0x9007'1374      0x14  bsp_cli.o [1]
  .rodata            const    0x9007'1388      0x14  bsp_cli.o [1]
  .rodata            const    0x9007'139c      0x14  bsp_lcd.o [1]
  .rodata            const    0x9007'13b0      0x14  bsp_touch.o [1]
  .rodata            const    0x9007'13c4      0x14  file.o [1]
  .rodata            const    0x9007'13d8      0x14  file.o [1]
  .rodata            const    0x9007'13ec      0x14  file.o [1]
  .rodata            const    0x9007'1400      0x14  my_font_14.o [1]
  .rodata            const    0x9007'1414      0x14  page_info.o [1]
  .rodata            const    0x9007'1428      0x14  page_info.o [1]
  .rodata            const    0x9007'143c      0x14  usbd_desc.o [1]
  .rodata            const    0x9007'1450      0x14  fx_system_initialize.o [3]
  .rodata            const    0x9007'1464      0x14  tx_timer_initialize.o [7]
  .rodata            const    0x9007'1478      0x14  fx_media_open.o [3]
  .rodata            const    0x9007'148c      0x10  bsp_cli.o [1]
  .rodata            const    0x9007'149c      0x10  bsp_cli.o [1]
  .rodata            const    0x9007'14ac      0x10  file.o [1]
  .rodata            const    0x9007'14bc      0x10  file.o [1]
  .rodata            const    0x9007'14cc      0x10  file.o [1]
  .rodata            const    0x9007'14dc      0x10  file.o [1]
  .rodata            const    0x9007'14ec      0x10  lv_draw_label.o [1]
  .rodata            const    0x9007'14fc      0x10  lv_font_montserrat_14.o [1]
  .rodata            const    0x9007'150c      0x10  lv_font_montserrat_20.o [1]
  .rodata            const    0x9007'151c      0x10  lv_font_montserrat_32.o [1]
  .rodata            const    0x9007'152c      0x10  lv_font_montserrat_40.o [1]
  .rodata            const    0x9007'153c      0x10  lv_img_buf.o [1]
  .rodata            const    0x9007'154c      0x10  lv_img_decoder.o [1]
  .rodata            const    0x9007'155c      0x10  page_info.o [1]
  .rodata            const    0x9007'156c      0x10  page_info.o [1]
  .rodata            const    0x9007'157c      0x10  page_info.o [1]
  .rodata            const    0x9007'158c      0x10  page_info.o [1]
  .rodata            const    0x9007'159c      0x10  system_stm32h7xx.o [1]
  .rodata            const    0x9007'15ac      0x10  task.o [1]
  .rodata            const    0x9007'15bc      0x10  task.o [1]
  .rodata            const    0x9007'15cc      0x10  task.o [1]
  .rodata            const    0x9007'15dc      0x10  task.o [1]
  .rodata            const    0x9007'15ec      0x10  task.o [1]
  .rodata            const    0x9007'15fc      0x10  task.o [1]
  .rodata            const    0x9007'160c      0x10  task.o [1]
  .rodata            const    0x9007'161c      0x10  usbd_desc.o [1]
  .text              ro code  0x9007'162c      0x10  startup_stm32h750xx.o [1]
  .rodata            const    0x9007'163c       0xc  bsp_touch.o [1]
  .rodata            const    0x9007'1648       0xc  file.o [1]
  .rodata            const    0x9007'1654       0xc  file.o [1]
  .rodata            const    0x9007'1660       0xc  file.o [1]
  .rodata            const    0x9007'166c       0xc  file.o [1]
  .rodata            const    0x9007'1678       0xc  file.o [1]
  .rodata            const    0x9007'1684       0xc  file.o [1]
  .rodata            const    0x9007'1690       0xc  IconCels.o [1]
  .rodata            const    0x9007'169c       0xc  IconTemp.o [1]
  .rodata            const    0x9007'16a8       0xc  lv_calendar_header_arrow.o [1]
  .rodata            const    0x9007'16b4       0xc  lv_calendar_header_arrow.o [1]
  .rodata            const    0x9007'16c0       0xc  lv_calendar_header_arrow.o [1]
  .rodata            const    0x9007'16cc       0xc  lv_calendar_header_arrow.o [1]
  .rodata            const    0x9007'16d8       0xc  lv_checkbox.o [1]
  .rodata            const    0x9007'16e4       0xc  page_home.o [1]
  .rodata            const    0x9007'16f0       0xc  page_home.o [1]
  .rodata            const    0x9007'16fc       0xc  page_home.o [1]
  .rodata            const    0x9007'1708       0xc  page_home.o [1]
  .rodata            const    0x9007'1714       0xc  usbd_desc.o [1]
  .text              ro code  0x9007'1720       0xc  cstartup_M.o [5]
  cli.cmd.0          const    0x9007'172c       0xc  bsp_cli.o [1]
  cli.cmd.1          const    0x9007'1738       0xc  bsp_adc.o [1]
  cli.cmd.1          const    0x9007'1744       0xc  bsp_cli.o [1]
  cli.cmd.1          const    0x9007'1750       0xc  bsp_cli.o [1]
  cli.cmd.1          const    0x9007'175c       0xc  bsp_cli.o [1]
  cli.cmd.1          const    0x9007'1768       0xc  bsp_cli.o [1]
  cli.cmd.1          const    0x9007'1774       0xc  bsp_lcd.o [1]
  cli.cmd.1          const    0x9007'1780       0xc  bsp_touch.o [1]
  cli.cmd.1          const    0x9007'178c       0xc  file.o [1]
  cli.cmd.1          const    0x9007'1798       0xc  task.o [1]
  cli.cmd.2          const    0x9007'17a4       0xc  bsp_cli.o [1]
  .rodata            const    0x9007'17b0       0x8  bsp_cli.o [1]
  .rodata            const    0x9007'17b8       0x8  bsp_cli.o [1]
  .rodata            const    0x9007'17c0       0x8  bsp_lcd.o [1]
  .rodata            const    0x9007'17c8       0x8  file.o [1]
  .rodata            const    0x9007'17d0       0x8  file.o [1]
  .rodata            const    0x9007'17d8       0x8  file.o [1]
  .rodata            const    0x9007'17e0       0x8  file.o [1]
  .rodata            const    0x9007'17e8       0x8  file.o [1]
  .rodata            const    0x9007'17f0       0x8  lv_btnmatrix.o [1]
  .rodata            const    0x9007'17f8       0x8  lv_btnmatrix.o [1]
  .rodata            const    0x9007'1800       0x8  lv_btnmatrix.o [1]
  .rodata            const    0x9007'1808       0x8  lv_btnmatrix.o [1]
  .rodata            const    0x9007'1810       0x8  lv_btnmatrix.o [1]
  .rodata            const    0x9007'1818       0x8  lv_calendar_header_arrow.o [1]
  .rodata            const    0x9007'1820       0x8  lv_calendar_header_arrow.o [1]
  .rodata            const    0x9007'1828       0x8  lv_calendar_header_arrow.o [1]
  .rodata            const    0x9007'1830       0x8  lv_calendar_header_arrow.o [1]
  .rodata            const    0x9007'1838       0x8  lv_calendar_header_arrow.o [1]
  .rodata            const    0x9007'1840       0x8  lv_calendar_header_arrow.o [1]
  .rodata            const    0x9007'1848       0x8  lv_calendar_header_arrow.o [1]
  .rodata            const    0x9007'1850       0x8  lv_calendar_header_arrow.o [1]
  .rodata            const    0x9007'1858       0x8  lv_draw_img.o [1]
  .rodata            const    0x9007'1860       0x8  lv_keyboard.o [1]
  .rodata            const    0x9007'1868       0x8  lv_label.o [1]
  .rodata            const    0x9007'1870       0x8  lv_txt.o [1]
  .rodata            const    0x9007'1878       0x8  page_home.o [1]
  .rodata            const    0x9007'1880       0x8  page_home.o [1]
  .rodata            const    0x9007'1888       0x8  page_home.o [1]
  .rodata            const    0x9007'1890       0x8  page_home.o [1]
  .rodata            const    0x9007'1898       0x8  page_home.o [1]
  .rodata            const    0x9007'18a0       0x8  page_home.o [1]
  .rodata            const    0x9007'18a8       0x8  page_home.o [1]
  .rodata            const    0x9007'18b0       0x8  page_start.o [1]
  .rodata            const    0x9007'18b8       0x8  stm32h7xx_hal_uart_ex.o [1]
  .rodata            const    0x9007'18c0       0x8  stm32h7xx_hal_uart_ex.o [1]
  .rodata            const    0x9007'18c8       0x8  task.o [1]
  .rodata            const    0x9007'18d0       0x4  bsp_adc.o [1]
  .rodata            const    0x9007'18d4       0x4  bsp_cli.o [1]
  .rodata            const    0x9007'18d8       0x4  lv_calendar.o [1]
  .rodata            const    0x9007'18dc       0x4  lv_calendar.o [1]
  .rodata            const    0x9007'18e0       0x4  lv_calendar.o [1]
  .rodata            const    0x9007'18e4       0x4  lv_calendar.o [1]
  .rodata            const    0x9007'18e8       0x4  lv_calendar.o [1]
  .rodata            const    0x9007'18ec       0x4  lv_calendar.o [1]
  .rodata            const    0x9007'18f0       0x4  lv_calendar.o [1]
  .rodata            const    0x9007'18f4       0x4  lv_calendar_header_arrow.o [1]
  .rodata            const    0x9007'18f8       0x4  lv_draw_label.o [1]
  .rodata            const    0x9007'18fc       0x4  lv_img_buf.o [1]
  .rodata            const    0x9007'1900       0x4  lv_img_decoder.o [1]
  .rodata            const    0x9007'1904       0x4  lv_keyboard.o [1]
[...]
lv_style_transition_dsc_init
                        0x9003'6c75      0x3a  Code  Gb  lv_style.o [1]
lv_switch_class         0x9007'103c      0x1c  Data  Gb  lv_switch.o [1]
lv_switch_constructor   0x9006'd3b9      0x22  Code  Lc  lv_switch.o [1]
lv_switch_event         0x9006'd3db     0x146  Code  Lc  lv_switch.o [1]
lv_table_class          0x9007'1058      0x1c  Data  Gb  lv_table.o [1]
lv_table_constructor    0x9006'3ffd      0x48  Code  Lc  lv_table.o [1]
lv_table_destructor     0x9006'4045      0x5e  Code  Lc  lv_table.o [1]
lv_table_event          0x9006'40a3     0x282  Code  Lc  lv_table.o [1]
lv_tabview_add_tab      0x9005'9399     0x15c  Code  Gb  lv_tabview.o [1]
lv_tabview_class        0x9007'1074      0x1c  Data  Gb  lv_tabview.o [1]
lv_tabview_constructor  0x9005'95b3     0x142  Code  Lc  lv_tabview.o [1]
lv_tabview_create       0x9005'936f      0x2a  Code  Gb  lv_tabview.o [1]
lv_tabview_destructor   0x9005'96f9      0x68  Code  Lc  lv_tabview.o [1]
lv_tabview_event        0x9005'9761      0x48  Code  Lc  lv_tabview.o [1]
lv_tabview_get_content  0x9005'9597       0xe  Code  Gb  lv_tabview.o [1]
lv_tabview_get_tab_act  0x9005'958f       0x8  Code  Gb  lv_tabview.o [1]
lv_tabview_get_tab_btns
                        0x9005'95a5       0xe  Code  Gb  lv_tabview.o [1]
lv_tabview_set_act      0x9005'94f5      0x9a  Code  Gb  lv_tabview.o [1]
lv_task_handler         0x9004'8dbd       0x8  Code  Lc  task.o [1]
lv_textarea_add_char    0x9005'ea0d     0x156  Code  Gb  lv_textarea.o [1]
lv_textarea_add_text    0x9005'eb63     0x16e  Code  Gb  lv_textarea.o [1]
lv_textarea_class       0x9007'1090      0x1c  Data  Gb  lv_textarea.o [1]
lv_textarea_clear_selection
                        0x9005'f135      0x30  Code  Gb  lv_textarea.o [1]
lv_textarea_constructor
                        0x9005'f27d      0xa0  Code  Lc  lv_textarea.o [1]
lv_textarea_cursor_down
                        0x9005'f199      0x7a  Code  Gb  lv_textarea.o [1]
lv_textarea_cursor_left
                        0x9005'f17d      0x1c  Code  Gb  lv_textarea.o [1]
lv_textarea_cursor_right
                        0x9005'f165      0x18  Code  Gb  lv_textarea.o [1]
lv_textarea_cursor_up   0x9005'f213      0x6a  Code  Gb  lv_textarea.o [1]
lv_textarea_del_char    0x9005'ecd1      0xd8  Code  Gb  lv_textarea.o [1]
lv_textarea_del_char_forward
                        0x9005'eda9      0x26  Code  Gb  lv_textarea.o [1]
lv_textarea_destructor  0x9005'f321      0x2a  Code  Lc  lv_textarea.o [1]
lv_textarea_event       0x9005'f34b     0x190  Code  Lc  lv_textarea.o [1]
lv_textarea_get_accepted_chars
                        0x9005'f125       0x8  Code  Gb  lv_textarea.o [1]
lv_textarea_get_cursor_pos
                        0x9005'f10b       0x8  Code  Gb  lv_textarea.o [1]
lv_textarea_get_max_length
                        0x9005'f12d       0x8  Code  Gb  lv_textarea.o [1]
lv_textarea_get_one_line
                        0x9005'f113      0x12  Code  Gb  lv_textarea.o [1]
lv_textarea_get_text    0x9005'f0eb      0x20  Code  Gb  lv_textarea.o [1]
lv_textarea_set_cursor_click_pos
                        0x9005'f041      0x22  Code  Gb  lv_textarea.o [1]
lv_textarea_set_cursor_pos
                        0x9005'ef0f     0x12c  Code  Gb  lv_textarea.o [1]
lv_textarea_set_one_line
                        0x9005'f063      0x88  Code  Gb  lv_textarea.o [1]
lv_textarea_set_text    0x9005'edcf     0x140  Code  Gb  lv_textarea.o [1]
lv_theme_apply          0x9003'9459      0x20  Code  Gb  lv_theme.o [1]
lv_theme_default_init   0x9002'f44d      0xbe  Code  Gb  lv_theme_default.o [1]
lv_theme_default_is_inited
                        0x9002'f50b       0x6  Code  Gb  lv_theme_default.o [1]
lv_theme_get_color_primary
                        0x9003'947d      0x1c  Code  Gb  lv_theme.o [1]
lv_theme_get_from_obj   0x9003'9439      0x20  Code  Gb  lv_theme.o [1]
lv_tick_elaps           0x9002'8ddd      0x1a  Code  Gb  lv_hal_tick.o [1]
lv_tick_get             0x9002'8dc1      0x14  Code  Gb  lv_hal_tick.o [1]
lv_tick_inc             0x9002'8db1      0x10  Code  Gb  lv_hal_tick.o [1]
lv_tileview_class       0x9007'10ac      0x1c  Data  Gb  lv_tileview.o [1]
lv_tileview_constructor
                        0x9006'e6b5      0x3a  Code  Lc  lv_tileview.o [1]
lv_tileview_tile_class  0x9007'10c8      0x1c  Data  Gb  lv_tileview.o [1]
lv_tileview_tile_constructor
                        0x9006'e6ef      0x70  Code  Lc  lv_tileview.o [1]
lv_timer_create         0x9002'8c6b      0x4a  Code  Gb  lv_timer.o [1]
lv_timer_del            0x9002'8cb5      0x1a  Code  Gb  lv_timer.o [1]
lv_timer_enable         0x9002'8cf5       0x6  Code  Gb  lv_timer.o [1]
lv_timer_exec           0x9002'8cfb      0x6c  Code  Lc  lv_timer.o [1]
lv_timer_handler        0x9002'8b43     0x128  Code  Gb  lv_timer.o [1]
lv_timer_handler::already_running
                        0x2001'1e86       0x1  Data  Lc  lv_timer.o [1]
lv_timer_handler::busy_time
                        0x2001'1ca8       0x4  Data  Lc  lv_timer.o [1]
lv_timer_handler::idle_period_start
                        0x2001'1ca4       0x4  Data  Lc  lv_timer.o [1]
lv_timer_handler{2}{3}::run_cnt
                        0x2001'1cac       0x4  Data  Lc  lv_timer.o [1]
lv_timer_pause          0x9002'8ccf       0xa  Code  Gb  lv_timer.o [1]
lv_timer_ready          0x9002'8ce3      0x12  Code  Gb  lv_timer.o [1]
lv_timer_resume         0x9002'8cd9       0xa  Code  Gb  lv_timer.o [1]
lv_timer_run            0x2001'1e82       0x1  Data  Lc  lv_timer.o [1]
lv_timer_time_remaining
                        0x9002'8d91      0x1e  Code  Lc  lv_timer.o [1]
lv_tlsf_add_pool        0x9002'883b      0x8e  Code  Gb  lv_tlsf.o [1]
lv_tlsf_create          0x9002'88c9      0x22  Code  Gb  lv_tlsf.o [1]
lv_tlsf_create_with_pool
                        0x9002'88eb      0x2a  Code  Gb  lv_tlsf.o [1]
lv_tlsf_free            0x9002'8955      0x48  Code  Gb  lv_tlsf.o [1]
lv_tlsf_get_pool        0x9002'8915       0xc  Code  Gb  lv_tlsf.o [1]
lv_tlsf_malloc          0x9002'8921      0x2c  Code  Gb  lv_tlsf.o [1]
lv_tlsf_pool_overhead   0x9002'8831       0xa  Code  Gb  lv_tlsf.o [1]
lv_tlsf_realloc         0x9002'899d      0xd6  Code  Gb  lv_tlsf.o [1]
lv_tlsf_size            0x9002'882b       0x6  Code  Gb  lv_tlsf.o [1]
lv_tlsf_walk_pool       0x9002'87b9      0x72  Code  Gb  lv_tlsf.o [1]
lv_trigo_cos            0x9006'30c5      0x10  Code  Lc  lv_colorwheel.o [1]
lv_trigo_cos            0x9006'a171      0x10  Code  Lc  lv_meter.o [1]
lv_trigo_sin            0x9003'1d75      0x88  Code  Gb  lv_math.o [1]
lv_txt_get_next_word    0x9002'5e55     0x162  Code  Lc  lv_txt.o [1]
lv_txt_get_size         0x9002'5d4d     0x108  Code  Gb  lv_txt.o [1]
lv_txt_get_width        0x9002'60bd      0x90  Code  Gb  lv_txt.o [1]
lv_txt_unicode_to_utf8  0x9002'62f7      0xb4  Code  Lc  lv_txt.o [1]
lv_txt_utf8_get_byte_id
                        0x9002'655f      0x38  Code  Lc  lv_txt.o [1]
lv_txt_utf8_get_char_id
                        0x9002'6597      0x24  Code  Lc  lv_txt.o [1]
lv_txt_utf8_get_length  0x9002'65bb      0x24  Code  Lc  lv_txt.o [1]
lv_txt_utf8_next        0x9002'63ab     0x15a  Code  Lc  lv_txt.o [1]
lv_txt_utf8_prev        0x9002'6505      0x5a  Code  Lc  lv_txt.o [1]
lv_txt_utf8_size        0x9002'62bd      0x3a  Code  Lc  lv_txt.o [1]
lv_vsnprintf            0x9003'3947      0x1a  Code  Gb  lv_printf.o [1]
lv_win_class            0x9007'10e4      0x1c  Data  Gb  lv_win.o [1]
lv_win_constructor      0x9006'fe35      0x7e  Code  Lc  lv_win.o [1]
main                    0x9004'3ff1      0xbc  Code  Gb  main.o [1]
make_one_button_checked
                        0x9005'e51b      0x32  Code  Lc  lv_btnmatrix.o [1]
map_blended             0x9002'4ee5     0x176  Code  Lc  lv_draw_blend.o [1]
map_normal              0x9002'4b57     0x38e  Code  Lc  lv_draw_blend.o [1]
map_set_px              0x9002'4a07     0x150  Code  Lc  lv_draw_blend.o [1]
mapping_insert          0x9002'8331      0x30  Code  Lc  lv_tlsf.o [1]
mapping_search          0x9002'8361      0x2a  Code  Lc  lv_tlsf.o [1]
mask_mix                0x9002'3f05      0x30  Code  Lc  lv_draw_mask.o [1]
med3                    0x9004'ebad      0x50  Code  Lc  qsort.o [2]
media_memory            0x3000'0000  0x4'0000  Data  Gb  file.o [1]
memchr                  0x9005'32d9            Code  Gb  memchr.o [5]
memset                  0x9004'42a1      0x14  Code  Gb  memset.o [5]
month_event_cb          0x9006'ded1      0xb8  Code  Lc  lv_calendar_header_arrow.o [1]
month_event_cb          0x9006'e3d5      0x44  Code  Lc  lv_calendar_header_dropdown.o [1]
month_list              0x2000'0468       0x4  Data  Lc  lv_calendar_header_dropdown.o [1]
month_names_def         0x2000'0438      0x30  Data  Lc  lv_calendar_header_arrow.o [1]
my_constructor          0x9006'dd57     0x17a  Code  Lc  lv_calendar_header_arrow.o [1]
my_constructor          0x9006'e28b     0x13c  Code  Lc  lv_calendar_header_dropdown.o [1]
my_font_14              0x9007'129c      0x18  Data  Gb  my_font_14.o [1]
ndigs                   0x9007'0314      0x28  Data  Lc  iar_Stoulx.o [2]
next_color_mode         0x9006'3b25      0x34  Code  Lc  lv_colorwheel.o [1]
node_set_next           0x9002'e007      0x1a  Code  Lc  lv_ll.o [1]
node_set_prev           0x9002'dfef      0x18  Code  Lc  lv_ll.o [1]
obj_del_core            0x9002'be8f     0x162  Code  Lc  lv_obj_tree.o [1]
obuf                    0x2001'1888      0x50  Data  Lc  xfiles.o [2]
offset_to_block         0x9002'823b       0x4  Code  Lc  lv_tlsf.o [1]
page_Home               0x2000'04e4      0x10  Data  Gb  page_home.o [1]
page_Info               0x2000'0518      0x10  Data  Gb  page_info.o [1]
page_Start              0x2000'052c      0x10  Data  Gb  page_start.o [1]
page_manager            0x2001'1be0       0x8  Data  Gb  display_basic.o [1]
page_press_handler      0x9006'2f8d      0x4a  Code  Lc  lv_dropdown.o [1]
place_content           0x9003'8321      0xbc  Code  Lc  lv_flex.o [1]
position_knob           0x9006'65ed      0xc2  Code  Lc  lv_slider.o [1]
position_to_selected    0x9006'3045      0x66  Code  Lc  lv_dropdown.o [1]
printf                  0x9004'b1bd      0x28  Code  Gb  printf.o [2]
process_line            0x9004'adc9      0x34  Code  Lc  bsp_cli.o [1]
putchar                 0x9007'132d       0xc  Code  Gb  putchar.o [2]
pwd_char_hider          0x9005'f56f      0xb4  Code  Lc  lv_textarea.o [1]
pwd_char_hider_anim     0x9005'f55d       0x2  Code  Lc  lv_textarea.o [1]
pwd_char_hider_anim_ready
                        0x9005'f561       0xe  Code  Lc  lv_textarea.o [1]
px_num                  0x2001'1c84       0x4  Data  Lc  lv_refr.o [1]
qsort                   0x9004'ef43      0x18  Code  Gb  qsort.o [2]
rbrecv                  0x2001'1b60      0x10  Data  Lc  bsp_cli.o [1]
recvbuf                 0x2001'1970      0x44  Data  Lc  bsp_cli.o [1]
recvcnt                 0x2001'1e34       0x2  Data  Lc  bsp_cli.o [1]
refr_cursor_area        0x9005'f729     0x26e  Code  Lc  lv_textarea.o [1]
refr_knob_pos           0x9006'3b59      0x82  Code  Lc  lv_colorwheel.o [1]
refr_position           0x9006'551b     0x19e  Code  Lc  lv_roller.o [1]
refr_size               0x9006'48cf     0x112  Code  Lc  lv_table.o [1]
refresh_children_style  0x9002'da79      0x3c  Code  Lc  lv_obj_style.o [1]
release_handler         0x9006'56b9     0x190  Code  Lc  lv_roller.o [1]
remove_free_block       0x9002'83fb      0x6c  Code  Lc  lv_tlsf.o [1]
report_style_change_core
                        0x9002'da21      0x58  Code  Lc  lv_obj_style.o [1]
ring_buf_get            0x9004'e9c3      0x80  Code  Gb  bsp_ringbuffer.o [1]
ring_buf_init           0x9004'e921      0x20  Code  Gb  bsp_ringbuffer.o [1]
ring_buf_put            0x9004'e941      0x82  Code  Gb  bsp_ringbuffer.o [1]
rot3                    0x9004'eaf5      0x68  Code  Lc  qsort.o [2]
rotate                  0x9004'eb63      0x4a  Code  Lc  qsort.o [2]
rxbuf                   0x2001'0ba0     0x100  Data  Lc  bsp_cli.o [1]
scalbln                 0x9005'3415            Code  Gb  ldexp.o [4]
scalblnl                0x9005'3415            Code  Gb  ldexp.o [4]
scalbn                  0x9005'3415            Code  Gb  ldexp.o [4]
scalbnl                 0x9005'3415            Code  Gb  ldexp.o [4]
scale                   0x9004'fff9      0x46  Code  Lc  xprintffull.o [2]
scratch                 0x2001'07c0     0x200  Data  Gb  fx_stm32_sdio_driver.o [3]
scroll_anim_ready_cb    0x9003'19a9      0x10  Code  Lc  lv_obj_scroll.o [1]
scroll_anim_ready_cb    0x9006'598d      0x14  Code  Lc  lv_roller.o [1]
scroll_area_into_view   0x9003'19b9     0x3b2  Code  Lc  lv_obj_scroll.o [1]
scroll_by_raw           0x9003'1917      0x58  Code  Lc  lv_obj_scroll.o [1]
scroll_limit_diff       0x9003'9fed      0x76  Code  Lc  lv_indev_scroll.o [1]
scroll_throw_predict_x  0x9003'a09b      0x38  Code  Lc  lv_indev_scroll.o [1]
scroll_throw_predict_y  0x9003'a063      0x38  Code  Lc  lv_indev_scroll.o [1]
scroll_x_anim           0x9003'1971      0x1c  Code  Lc  lv_obj_scroll.o [1]
scroll_y_anim           0x9003'198d      0x1c  Code  Lc  lv_obj_scroll.o [1]
scrollbar_init_draw_dsc
                        0x9002'b31f     0x120  Code  Lc  lv_obj.o [1]
sd_read_data            0x9004'cd61     0x120  Code  Lc  fx_stm32_sdio_driver.o [3]
sd_write_data           0x9004'ce81     0x10e  Code  Lc  fx_stm32_sdio_driver.o [3]
sdio_disk               0x2000'87f8    0x24b8  Data  Gb  file.o [1]
search_suitable_block   0x9002'838b      0x70  Code  Lc  lv_tlsf.o [1]
sec_hand                0x2001'1e30       0x4  Data  Lc  xfail_s.o [2]
set_ofs_x_anim          0x9005'7915      0x14  Code  Lc  lv_label.o [1]
set_ofs_y_anim          0x9005'7929      0x14  Code  Lc  lv_label.o [1]
set_y_anim              0x9006'59a1      0x12  Code  Lc  lv_roller.o [1]
shadow_blur_corner      0x9002'02a9     0x20c  Code  Lc  lv_draw_rect.o [1]
shadow_draw_corner_buf  0x9002'00bf     0x1ea  Code  Lc  lv_draw_rect.o [1]
show_error              0x9002'5c91      0x42  Code  Lc  lv_draw_img.o [1]
sin0_90_table           0x9006'f414      0xb8  Data  Lc  lv_math.o [1]
sprintf                 0x9005'0abd      0x40  Code  Gb  sprintf.o [2]
sqrt_approx             0x9002'3f35      0x32  Code  Lc  lv_draw_mask.o [1]
start_cursor_blink      0x9005'f695      0x80  Code  Lc  lv_textarea.o [1]
strcasecmp              0x9004'ea43      0x46  Code  Gb  strcasecmp.o [2]
strchr                  0x9004'ea89            Code  Gb  strchr.o [5]
strcmp                  0x9003'4791            Code  Gb  strcmp.o [5]
strcpy                  0x9003'45c9            Code  Gb  strcpy.o [5]
strlen                  0x9003'2ffd            Code  Gb  strlen.o [5]
strsplit                0x9004'ad73      0x56  Code  Lc  bsp_cli.o [1]
style_init              0x9002'e289    0x11c4  Code  Lc  lv_theme_default.o [1]
style_init::dark_filter
                        0x2001'1c08       0x8  Data  Lc  lv_theme_default.o [1]
style_init::grey_filter
                        0x2001'1c10       0x8  Data  Lc  lv_theme_default.o [1]
style_init::trans_delayed
                        0x2001'1b24      0x14  Data  Lc  lv_theme_default.o [1]
style_init::trans_normal
                        0x2001'1b38      0x14  Data  Lc  lv_theme_default.o [1]
style_init::trans_props
                        0x9007'1284      0x18  Data  Lc  lv_theme_default.o [1]
style_init_reset        0x9003'0461      0x1c  Code  Lc  lv_theme_default.o [1]
style_refr              0x2000'07ef       0x1  Data  Lc  lv_obj_style.o [1]
styles                  0x2001'1c98       0x4  Data  Lc  lv_theme_default.o [1]
swap                    0x9004'ea9f      0x56  Code  Lc  qsort.o [2]
sys_time                0x2001'1c68       0x4  Data  Lc  lv_hal_tick.o [1]
ta_insert_replace       0x2001'1c94       0x4  Data  Lc  lv_textarea.o [1]
tabAnalog               0x2001'1d34       0x4  Data  Lc  page_info.o [1]
tabCal                  0x2001'1d38       0x4  Data  Lc  page_info.o [1]
tabError                0x2001'1d40       0x4  Data  Lc  page_info.o [1]
tabRelay                0x2001'1d30       0x4  Data  Lc  page_info.o [1]
tabSensor               0x2001'1d2c       0x4  Data  Lc  page_info.o [1]
tabVer                  0x2001'1d3c       0x4  Data  Lc  page_info.o [1]
tab_index               0x2001'1e87       0x1  Data  Lc  page_info.o [1]
tab_name                0x2000'04f4      0x18  Data  Gb  page_info.o [1]
tab_name_refresh        0x9005'1409      0x9c  Code  Lc  page_info.o [1]
tabpos_create           0x2001'1e7e       0x1  Data  Lc  lv_tabview.o [1]
tabsize_create          0x2001'1e66       0x2  Data  Lc  lv_tabview.o [1]
theme                   0x2001'1a9c      0x24  Data  Lc  lv_theme_default.o [1]
theme_apply             0x9002'f535     0xf1e  Code  Lc  lv_theme_default.o [1]
tick_irq_flag           0x2001'1e7a       0x1  Data  Lc  lv_hal_tick.o [1]
tileview_event_cb       0x9006'e76d     0x104  Code  Lc  lv_tileview.o [1]
time_param              0x2001'1c8c       0x4  Data  Lc  lv_spinner.o [1]
timer_created           0x2001'1e85       0x1  Data  Lc  lv_timer.o [1]
timer_deleted           0x2001'1e84       0x1  Data  Lc  lv_timer.o [1]
tlsf                    0x2001'1c74       0x4  Data  Lc  lv_mem.o [1]
tlsf_ffs                0x9002'7cc9     0x266  Code  Lc  lv_tlsf.o [1]
tlsf_fls                0x9002'7f2f     0x25e  Code  Lc  lv_tlsf.o [1]
tmrPageJump             0x2001'1d5c       0x4  Data  Lc  page_start.o [1]
tmrUpdate               0x2001'1d00       0x4  Data  Lc  page_home.o [1]
tolower                 0x9005'3145      0x14  Code  Gb  tolower.o [2]
touchpad_read           0x9004'b9c5      0x40  Code  Lc  lv_port_indev.o [1]
touchpad_read::last_x   0x2001'1e62       0x2  Data  Lc  lv_port_indev.o [1]
touchpad_read::last_y   0x2001'1e64       0x2  Data  Lc  lv_port_indev.o [1]
trans_anim_cb           0x9002'db7d     0x17a  Code  Lc  lv_obj_style.o [1]
trans_anim_ready_cb     0x9002'dd45      0xd6  Code  Lc  lv_obj_style.o [1]
trans_anim_start_cb     0x9002'dcf9      0x4c  Code  Lc  lv_obj_style.o [1]
trans_del               0x9002'dab5      0xc6  Code  Lc  lv_obj_style.o [1]
transfer_semaphore      0x2001'1b04      0x20  Data  Lc  fx_stm32_sdio_driver.o [3]
tx_application_define   0x9004'8dc5      0x8e  Code  Gb  task.o [1]
tx_thread_fpu_disable   0x9004'9217            Code  Gb  tx_thread_schedule.o [7]
tx_thread_fpu_enable    0x9004'9217            Code  Gb  tx_thread_schedule.o [7]
unicode_list_1          0x9006'feb8      0x7c  Data  Lc  lv_font_montserrat_14.o [1]
unicode_list_1          0x9006'ff34      0x7c  Data  Lc  lv_font_montserrat_20.o [1]
unicode_list_1          0x9006'ffb0      0x7c  Data  Lc  lv_font_montserrat_32.o [1]
unicode_list_1          0x9007'002c      0x7c  Data  Lc  lv_font_montserrat_40.o [1]
unicode_list_1          0x9006'ecd4     0x148  Data  Lc  my_font_14.o [1]
unicode_list_compare    0x9002'a9f5       0x8  Code  Lc  lv_font_fmt_txt.o [1]
update_cursor_position_on_click
                        0x9005'f997     0x26a  Code  Lc  lv_textarea.o [1]
uwTick                  0x2001'1d60       0x4  Data  Gb  stm32h7xx_hal.o [1]
uwTickFreq              0x2000'07f0       0x1  Data  Gb  stm32h7xx_hal.o [1]
uwTickPrio              0x2000'053c       0x4  Data  Gb  stm32h7xx_hal.o [1]
value_update            0x9006'10ef     0x124  Code  Lc  lv_arc.o [1]
vsnprintf               0x9004'b0f1      0x3c  Code  Gb  vsnprint.o [2]
year_event_cb           0x9006'e419      0x48  Code  Lc  lv_calendar_header_dropdown.o [1]
year_list               0x2000'046c       0x4  Data  Lc  lv_calendar_header_dropdown.o [1]
zero_mem                0x2000'0498       0x4  Data  Lc  lv_mem.o [1]


[1] = F:\WQA\App\EWARM\App\Obj
[2] = dl7M_tlf.a
[3] = filex.a
[4] = m7M_tlv.a
[5] = rt7M_tl.a
[6] = shb_l.a
[7] = threadx.a

  292'122 bytes of readonly  code memory
  174'476 bytes of readonly  data memory
   89'736 bytes of readwrite data memory (+ 415'744 absolute)

Errors: none
Warnings: none
