###############################################################################
#
# IAR ELF Linker V8.40.1.212/W32 for ARM                  25/Oct/2021  17:33:22
# Copyright 2007-2019 IAR Systems AB.
#
#    Output file  =  F:\WQA\App\EWARM\App\Exe\App.out
#    Map file     =  F:\WQA\App\EWARM\App\List\App.map
#    Command line =
#        -f C:\Users\walker\AppData\Local\Temp\EW951E.tmp
#        (F:\WQA\App\EWARM\App\Obj\adc.o F:\WQA\App\EWARM\App\Obj\bsp.o
#        F:\WQA\App\EWARM\App\Obj\bsp_adc.o F:\WQA\App\EWARM\App\Obj\bsp_cli.o
#        F:\WQA\App\EWARM\App\Obj\bsp_dwt.o
#        F:\WQA\App\EWARM\App\Obj\bsp_eeprom.o
#        F:\WQA\App\EWARM\App\Obj\bsp_lcd.o
#        F:\WQA\App\EWARM\App\Obj\bsp_ringbuffer.o
#        F:\WQA\App\EWARM\App\Obj\bsp_sdio.o
#        F:\WQA\App\EWARM\App\Obj\bsp_touch.o
#        F:\WQA\App\EWARM\App\Obj\display_basic.o
#        F:\WQA\App\EWARM\App\Obj\display_win.o F:\WQA\App\EWARM\App\Obj\file.o
#        F:\WQA\App\EWARM\App\Obj\gpio.o F:\WQA\App\EWARM\App\Obj\IconBackB.o
#        F:\WQA\App\EWARM\App\Obj\IconBackW.o
#        F:\WQA\App\EWARM\App\Obj\IconTemp.o F:\WQA\App\EWARM\App\Obj\LChartB.o
#        F:\WQA\App\EWARM\App\Obj\LChartW.o F:\WQA\App\EWARM\App\Obj\LeftB.o
#        F:\WQA\App\EWARM\App\Obj\LeftW.o F:\WQA\App\EWARM\App\Obj\ltdc.o
#        F:\WQA\App\EWARM\App\Obj\lv_anim.o
#        F:\WQA\App\EWARM\App\Obj\lv_animimg.o
#        F:\WQA\App\EWARM\App\Obj\lv_arc.o F:\WQA\App\EWARM\App\Obj\lv_area.o
#        F:\WQA\App\EWARM\App\Obj\lv_async.o F:\WQA\App\EWARM\App\Obj\lv_bar.o
#        F:\WQA\App\EWARM\App\Obj\lv_bidi.o F:\WQA\App\EWARM\App\Obj\lv_btn.o
#        F:\WQA\App\EWARM\App\Obj\lv_btnmatrix.o
#        F:\WQA\App\EWARM\App\Obj\lv_calendar.o
#        F:\WQA\App\EWARM\App\Obj\lv_calendar_header_arrow.o
#        F:\WQA\App\EWARM\App\Obj\lv_calendar_header_dropdown.o
#        F:\WQA\App\EWARM\App\Obj\lv_canvas.o
#        F:\WQA\App\EWARM\App\Obj\lv_chart.o
#        F:\WQA\App\EWARM\App\Obj\lv_checkbox.o
#        F:\WQA\App\EWARM\App\Obj\lv_color.o
#        F:\WQA\App\EWARM\App\Obj\lv_colorwheel.o
#        F:\WQA\App\EWARM\App\Obj\lv_demo_widgets.o
#        F:\WQA\App\EWARM\App\Obj\lv_disp.o
#        F:\WQA\App\EWARM\App\Obj\lv_draw_arc.o
#        F:\WQA\App\EWARM\App\Obj\lv_draw_blend.o
#        F:\WQA\App\EWARM\App\Obj\lv_draw_img.o
#        F:\WQA\App\EWARM\App\Obj\lv_draw_label.o
#        F:\WQA\App\EWARM\App\Obj\lv_draw_line.o
#        F:\WQA\App\EWARM\App\Obj\lv_draw_mask.o
#        F:\WQA\App\EWARM\App\Obj\lv_draw_rect.o
#        F:\WQA\App\EWARM\App\Obj\lv_draw_triangle.o
#        F:\WQA\App\EWARM\App\Obj\lv_dropdown.o
#        F:\WQA\App\EWARM\App\Obj\lv_event.o
#        F:\WQA\App\EWARM\App\Obj\lv_extra.o F:\WQA\App\EWARM\App\Obj\lv_flex.o
#        F:\WQA\App\EWARM\App\Obj\lv_font.o
#        F:\WQA\App\EWARM\App\Obj\lv_font_dejavu_16_persian_hebrew.o
#        F:\WQA\App\EWARM\App\Obj\lv_font_fmt_txt.o
#        F:\WQA\App\EWARM\App\Obj\lv_font_loader.o
#        F:\WQA\App\EWARM\App\Obj\lv_font_montserrat_10.o
#        F:\WQA\App\EWARM\App\Obj\lv_font_montserrat_12.o
#        F:\WQA\App\EWARM\App\Obj\lv_font_montserrat_12_subpx.o
#        F:\WQA\App\EWARM\App\Obj\lv_font_montserrat_14.o
#        F:\WQA\App\EWARM\App\Obj\lv_font_montserrat_16.o
#        F:\WQA\App\EWARM\App\Obj\lv_font_montserrat_18.o
#        F:\WQA\App\EWARM\App\Obj\lv_font_montserrat_20.o
#        F:\WQA\App\EWARM\App\Obj\lv_font_montserrat_22.o
#        F:\WQA\App\EWARM\App\Obj\lv_font_montserrat_24.o
#        F:\WQA\App\EWARM\App\Obj\lv_font_montserrat_26.o
#        F:\WQA\App\EWARM\App\Obj\lv_font_montserrat_28.o
#        F:\WQA\App\EWARM\App\Obj\lv_font_montserrat_28_compressed.o
#        F:\WQA\App\EWARM\App\Obj\lv_font_montserrat_30.o
#        F:\WQA\App\EWARM\App\Obj\lv_font_montserrat_32.o
#        F:\WQA\App\EWARM\App\Obj\lv_font_montserrat_34.o
#        F:\WQA\App\EWARM\App\Obj\lv_font_montserrat_36.o
#        F:\WQA\App\EWARM\App\Obj\lv_font_montserrat_38.o
#        F:\WQA\App\EWARM\App\Obj\lv_font_montserrat_40.o
#        F:\WQA\App\EWARM\App\Obj\lv_font_montserrat_42.o
#        F:\WQA\App\EWARM\App\Obj\lv_font_montserrat_44.o
#        F:\WQA\App\EWARM\App\Obj\lv_font_montserrat_46.o
#        F:\WQA\App\EWARM\App\Obj\lv_font_montserrat_48.o
#        F:\WQA\App\EWARM\App\Obj\lv_font_montserrat_8.o
#        F:\WQA\App\EWARM\App\Obj\lv_font_simsun_16_cjk.o
#        F:\WQA\App\EWARM\App\Obj\lv_font_unscii_16.o
#        F:\WQA\App\EWARM\App\Obj\lv_font_unscii_8.o
#        F:\WQA\App\EWARM\App\Obj\lv_fs.o F:\WQA\App\EWARM\App\Obj\lv_gc.o
#        F:\WQA\App\EWARM\App\Obj\lv_gpu_nxp_pxp.o
#        F:\WQA\App\EWARM\App\Obj\lv_gpu_nxp_pxp_osa.o
#        F:\WQA\App\EWARM\App\Obj\lv_gpu_nxp_vglite.o
#        F:\WQA\App\EWARM\App\Obj\lv_gpu_stm32_dma2d.o
#        F:\WQA\App\EWARM\App\Obj\lv_grid.o F:\WQA\App\EWARM\App\Obj\lv_group.o
#        F:\WQA\App\EWARM\App\Obj\lv_hal_disp.o
#        F:\WQA\App\EWARM\App\Obj\lv_hal_indev.o
#        F:\WQA\App\EWARM\App\Obj\lv_hal_tick.o
#        F:\WQA\App\EWARM\App\Obj\lv_img.o
#        F:\WQA\App\EWARM\App\Obj\lv_img_buf.o
#        F:\WQA\App\EWARM\App\Obj\lv_img_cache.o
#        F:\WQA\App\EWARM\App\Obj\lv_img_decoder.o
#        F:\WQA\App\EWARM\App\Obj\lv_imgbtn.o
#        F:\WQA\App\EWARM\App\Obj\lv_indev.o
#        F:\WQA\App\EWARM\App\Obj\lv_indev_scroll.o
#        F:\WQA\App\EWARM\App\Obj\lv_keyboard.o
#        F:\WQA\App\EWARM\App\Obj\lv_label.o F:\WQA\App\EWARM\App\Obj\lv_led.o
#        F:\WQA\App\EWARM\App\Obj\lv_line.o F:\WQA\App\EWARM\App\Obj\lv_list.o
#        F:\WQA\App\EWARM\App\Obj\lv_ll.o F:\WQA\App\EWARM\App\Obj\lv_log.o
#        F:\WQA\App\EWARM\App\Obj\lv_math.o F:\WQA\App\EWARM\App\Obj\lv_mem.o
#        F:\WQA\App\EWARM\App\Obj\lv_meter.o
#        F:\WQA\App\EWARM\App\Obj\lv_msgbox.o F:\WQA\App\EWARM\App\Obj\lv_obj.o
#        F:\WQA\App\EWARM\App\Obj\lv_obj_class.o
#        F:\WQA\App\EWARM\App\Obj\lv_obj_draw.o
#        F:\WQA\App\EWARM\App\Obj\lv_obj_pos.o
#        F:\WQA\App\EWARM\App\Obj\lv_obj_scroll.o
#        F:\WQA\App\EWARM\App\Obj\lv_obj_style.o
#        F:\WQA\App\EWARM\App\Obj\lv_obj_style_gen.o
#        F:\WQA\App\EWARM\App\Obj\lv_obj_tree.o
#        F:\WQA\App\EWARM\App\Obj\lv_objx_templ.o
#        F:\WQA\App\EWARM\App\Obj\lv_port_disp.o
#        F:\WQA\App\EWARM\App\Obj\lv_port_indev.o
#        F:\WQA\App\EWARM\App\Obj\lv_printf.o
#        F:\WQA\App\EWARM\App\Obj\lv_refr.o
#        F:\WQA\App\EWARM\App\Obj\lv_roller.o
#        F:\WQA\App\EWARM\App\Obj\lv_slider.o
#        F:\WQA\App\EWARM\App\Obj\lv_span.o
#        F:\WQA\App\EWARM\App\Obj\lv_spinbox.o
#        F:\WQA\App\EWARM\App\Obj\lv_spinner.o
#        F:\WQA\App\EWARM\App\Obj\lv_style.o
#        F:\WQA\App\EWARM\App\Obj\lv_style_gen.o
#        F:\WQA\App\EWARM\App\Obj\lv_switch.o
#        F:\WQA\App\EWARM\App\Obj\lv_table.o
#        F:\WQA\App\EWARM\App\Obj\lv_tabview.o
#        F:\WQA\App\EWARM\App\Obj\lv_templ.o
#        F:\WQA\App\EWARM\App\Obj\lv_textarea.o
#        F:\WQA\App\EWARM\App\Obj\lv_theme.o
#        F:\WQA\App\EWARM\App\Obj\lv_theme_basic.o
#        F:\WQA\App\EWARM\App\Obj\lv_theme_default.o
#        F:\WQA\App\EWARM\App\Obj\lv_theme_mono.o
#        F:\WQA\App\EWARM\App\Obj\lv_tileview.o
#        F:\WQA\App\EWARM\App\Obj\lv_timer.o F:\WQA\App\EWARM\App\Obj\lv_tlsf.o
#        F:\WQA\App\EWARM\App\Obj\lv_txt.o F:\WQA\App\EWARM\App\Obj\lv_txt_ap.o
#        F:\WQA\App\EWARM\App\Obj\lv_utils.o F:\WQA\App\EWARM\App\Obj\lv_win.o
#        F:\WQA\App\EWARM\App\Obj\main.o F:\WQA\App\EWARM\App\Obj\page_home.o
#        F:\WQA\App\EWARM\App\Obj\page_set.o
#        F:\WQA\App\EWARM\App\Obj\page_start.o
#        F:\WQA\App\EWARM\App\Obj\RightB.o F:\WQA\App\EWARM\App\Obj\RightW.o
#        F:\WQA\App\EWARM\App\Obj\rtc.o F:\WQA\App\EWARM\App\Obj\sdmmc.o
#        F:\WQA\App\EWARM\App\Obj\startup_stm32h750xx.o
#        F:\WQA\App\EWARM\App\Obj\stm32h7xx_hal.o
#        F:\WQA\App\EWARM\App\Obj\stm32h7xx_hal_adc.o
#        F:\WQA\App\EWARM\App\Obj\stm32h7xx_hal_adc_ex.o
#        F:\WQA\App\EWARM\App\Obj\stm32h7xx_hal_cortex.o
#        F:\WQA\App\EWARM\App\Obj\stm32h7xx_hal_dma.o
#        F:\WQA\App\EWARM\App\Obj\stm32h7xx_hal_dma_ex.o
#        F:\WQA\App\EWARM\App\Obj\stm32h7xx_hal_exti.o
#        F:\WQA\App\EWARM\App\Obj\stm32h7xx_hal_flash.o
#        F:\WQA\App\EWARM\App\Obj\stm32h7xx_hal_flash_ex.o
#        F:\WQA\App\EWARM\App\Obj\stm32h7xx_hal_gpio.o
#        F:\WQA\App\EWARM\App\Obj\stm32h7xx_hal_hsem.o
#        F:\WQA\App\EWARM\App\Obj\stm32h7xx_hal_i2c.o
#        F:\WQA\App\EWARM\App\Obj\stm32h7xx_hal_i2c_ex.o
#        F:\WQA\App\EWARM\App\Obj\stm32h7xx_hal_ltdc.o
#        F:\WQA\App\EWARM\App\Obj\stm32h7xx_hal_ltdc_ex.o
#        F:\WQA\App\EWARM\App\Obj\stm32h7xx_hal_mdma.o
#        F:\WQA\App\EWARM\App\Obj\stm32h7xx_hal_msp.o
#        F:\WQA\App\EWARM\App\Obj\stm32h7xx_hal_pcd.o
#        F:\WQA\App\EWARM\App\Obj\stm32h7xx_hal_pcd_ex.o
#        F:\WQA\App\EWARM\App\Obj\stm32h7xx_hal_pwr.o
#        F:\WQA\App\EWARM\App\Obj\stm32h7xx_hal_pwr_ex.o
#        F:\WQA\App\EWARM\App\Obj\stm32h7xx_hal_rcc.o
#        F:\WQA\App\EWARM\App\Obj\stm32h7xx_hal_rcc_ex.o
#        F:\WQA\App\EWARM\App\Obj\stm32h7xx_hal_rtc.o
#        F:\WQA\App\EWARM\App\Obj\stm32h7xx_hal_rtc_ex.o
#        F:\WQA\App\EWARM\App\Obj\stm32h7xx_hal_sd.o
#        F:\WQA\App\EWARM\App\Obj\stm32h7xx_hal_sd_ex.o
#        F:\WQA\App\EWARM\App\Obj\stm32h7xx_hal_tim.o
#        F:\WQA\App\EWARM\App\Obj\stm32h7xx_hal_tim_ex.o
#        F:\WQA\App\EWARM\App\Obj\stm32h7xx_hal_timebase_tim.o
#        F:\WQA\App\EWARM\App\Obj\stm32h7xx_hal_uart.o
#        F:\WQA\App\EWARM\App\Obj\stm32h7xx_hal_uart_ex.o
#        F:\WQA\App\EWARM\App\Obj\stm32h7xx_it.o
#        F:\WQA\App\EWARM\App\Obj\stm32h7xx_ll_delayblock.o
#        F:\WQA\App\EWARM\App\Obj\stm32h7xx_ll_sdmmc.o
#        F:\WQA\App\EWARM\App\Obj\stm32h7xx_ll_usb.o
#        F:\WQA\App\EWARM\App\Obj\SYHT_BOLD_20.o
#        F:\WQA\App\EWARM\App\Obj\SYHT_BOLD_32.o
#        F:\WQA\App\EWARM\App\Obj\SYHT_BOLD_40.o
#        F:\WQA\App\EWARM\App\Obj\SYHT_MED_16.o
#        F:\WQA\App\EWARM\App\Obj\system_stm32h7xx.o
#        F:\WQA\App\EWARM\App\Obj\task.o F:\WQA\App\EWARM\App\Obj\tim.o
#        F:\WQA\App\EWARM\App\Obj\usart.o F:\WQA\App\EWARM\App\Obj\usb_device.o
#        F:\WQA\App\EWARM\App\Obj\usbd_cdc.o
#        F:\WQA\App\EWARM\App\Obj\usbd_cdc_if.o
#        F:\WQA\App\EWARM\App\Obj\usbd_conf.o
#        F:\WQA\App\EWARM\App\Obj\usbd_core.o
#        F:\WQA\App\EWARM\App\Obj\usbd_ctlreq.o
#        F:\WQA\App\EWARM\App\Obj\usbd_desc.o
#        F:\WQA\App\EWARM\App\Obj\usbd_ioreq.o --redirect _Printf=_PrintfFull
#        --redirect _Scanf=_ScanfFull --no_out_extension -o
#        F:\WQA\App\EWARM\App\Exe\App.out --map
#        F:\WQA\App\EWARM\App\List\App.map --config
#        F:\WQA\App\EWARM/stm32h750xx_flash.icf --semihosting
#        F:\WQA\App\EWARM\..\Middlewares\FileX\filex.a
#        F:\WQA\App\EWARM\..\Middlewares\ThreadX\threadx.a --entry
#        __iar_program_start --vfe --text_out locale)
#
###############################################################################

*******************************************************************************
*** RUNTIME MODEL ATTRIBUTES
***

CppFlavor       = *
__SystemLibrary = DLib
__dlib_version  = 6


*******************************************************************************
*** HEAP SELECTION
***

The basic heap was selected because no calls to memory allocation
functions were found in the application outside of system library
functions, and there are calls to deallocation functions in the
application.


*******************************************************************************
*** PLACEMENT SUMMARY
***

"A0":  place at address 0x9000'0000 { ro section .intvec };
"P1":  place in [from 0x9000'0000 to 0x91ff'ffff] { ro };
define block CSTACK with size = 16K, alignment = 8 { };
define block HEAP with size = 16K, alignment = 8 { };
"P2":  place in [from 0x2000'0000 to 0x2001'ffff] {
          rw, block CSTACK, block HEAP };
initialize by copy { rw };

  Section            Kind         Address      Size  Object
  -------            ----         -------      ----  ------
"P2", part 1 of 3:                            0x869
  P2-1                        0x2000'0000     0x869  <Init block>
    .data            inited   0x2000'0000     0x400  file.o [1]
    .data            inited   0x2000'0400      0x1c  lv_btnmatrix.o [1]
    .data            inited   0x2000'041c      0x1c  lv_calendar.o [1]
    .data            inited   0x2000'0438      0x30  lv_calendar_header_arrow.o [1]
    .data            inited   0x2000'0468       0x4  lv_calendar_header_dropdown.o [1]
    .data            inited   0x2000'046c       0x4  lv_calendar_header_dropdown.o [1]
    .data            inited   0x2000'0470      0x14  lv_keyboard.o [1]
    .data            inited   0x2000'0484      0x14  lv_keyboard.o [1]
    .data            inited   0x2000'0498       0x4  lv_mem.o [1]
    .data            inited   0x2000'049c       0x4  lv_txt.o [1]
    .data            inited   0x2000'04a0       0x4  lv_txt.o [1]
    .data            inited   0x2000'04a4       0x4  lv_txt.o [1]
    .data            inited   0x2000'04a8       0x4  lv_txt.o [1]
    .data            inited   0x2000'04ac       0x4  lv_txt.o [1]
    .data            inited   0x2000'04b0       0x4  lv_txt.o [1]
    .data            inited   0x2000'04b4       0x4  lv_txt.o [1]
    .data            inited   0x2000'04b8      0x10  page_home.o [1]
    .data            inited   0x2000'04c8      0x20  page_set.o [1]
    .data            inited   0x2000'04e8      0x10  page_set.o [1]
    .data            inited   0x2000'04f8       0x4  page_start.o [1]
    .data            inited   0x2000'04fc      0x10  page_start.o [1]
    .data            inited   0x2000'050c       0x4  stm32h7xx_hal.o [1]
    .data            inited   0x2000'0510       0x8  SYHT_BOLD_20.o [1]
    .data            inited   0x2000'0518      0x18  SYHT_BOLD_20.o [1]
    .data            inited   0x2000'0530      0x18  SYHT_BOLD_20.o [1]
    .data            inited   0x2000'0548       0x8  SYHT_BOLD_40.o [1]
    .data            inited   0x2000'0550      0x18  SYHT_BOLD_40.o [1]
    .data            inited   0x2000'0568      0x18  SYHT_BOLD_40.o [1]
    .data            inited   0x2000'0580       0x8  SYHT_MED_16.o [1]
    .data            inited   0x2000'0588      0x18  SYHT_MED_16.o [1]
    .data            inited   0x2000'05a0      0x18  SYHT_MED_16.o [1]
    .data            inited   0x2000'05b8       0x4  system_stm32h7xx.o [1]
    .data            inited   0x2000'05bc       0x4  system_stm32h7xx.o [1]
    .data            inited   0x2000'05c0       0xc  usbd_cdc.o [1]
    .data            inited   0x2000'05cc      0x38  usbd_cdc.o [1]
    .data            inited   0x2000'0604      0x44  usbd_cdc.o [1]
    .data            inited   0x2000'0648      0x44  usbd_cdc.o [1]
    .data            inited   0x2000'068c      0x44  usbd_cdc.o [1]
    .data            inited   0x2000'06d0      0x14  usbd_cdc_if.o [1]
    .data            inited   0x2000'06e4      0x1c  usbd_desc.o [1]
    .data            inited   0x2000'0700      0x14  usbd_desc.o [1]
    .data            inited   0x2000'0714       0x4  usbd_desc.o [1]
    .data            inited   0x2000'0718      0x1c  usbd_desc.o [1]
    .data            inited   0x2000'0734      0x64  fx_system_initialize.o [3]
    .data            inited   0x2000'0798       0x4  tx_thread_initialize.o [7]
    .data            inited   0x2000'079c      0x38  xlocale_c.o [2]
    .data            inited   0x2000'07d4      0x48  xlocale_c.o [2]
    .data            inited   0x2000'081c      0x48  xfiles.o [2]
    .data            inited   0x2000'0864       0x2  lv_style.o [1]
    .data            inited   0x2000'0866       0x1  lv_colorwheel.o [1]
    .data            inited   0x2000'0867       0x1  lv_obj_style.o [1]
    .data            inited   0x2000'0868       0x1  stm32h7xx_hal.o [1]
                            - 0x2000'0869     0x869

"P2", part 2 of 3:                         0x1'1688
  .bss               zero     0x2000'086c    0x8000  lv_mem.o [1]
  .bss               zero     0x2000'8870    0x24b8  file.o [1]
  .bss               zero     0x2000'ad28    0x1000  task.o [1]
  .bss               zero     0x2000'bd28    0x1000  task.o [1]
  .bss               zero     0x2000'cd28     0x800  task.o [1]
  .bss               zero     0x2000'd528     0x800  task.o [1]
  .bss               zero     0x2000'dd28     0x800  usbd_cdc_if.o [1]
  .bss               zero     0x2000'e528     0x800  usbd_cdc_if.o [1]
  .bss               zero     0x2000'ed28     0x408  usbd_conf.o [1]
  .bss               zero     0x2000'f140     0x400  file.o [1]
  .bss               zero     0x2000'f540     0x400  task.o [1]
  .bss               zero     0x2000'f940     0x400  task.o [1]
  .bss               zero     0x2000'fd40     0x400  tx_timer_initialize.o [7]
  .bss               zero     0x2001'0140     0x2d0  usb_device.o [1]
  .bss               zero     0x2001'0410     0x220  usbd_conf.o [1]
  .bss               zero     0x2001'0630     0x200  usbd_desc.o [1]
  .bss               zero     0x2001'0840     0x200  fx_stm32_sdio_driver.o [3]
  .bss               zero     0x2001'0a40     0x1e0  file.o [1]
  .bss               zero     0x2001'0c20     0x100  bsp_cli.o [1]
  .bss               zero     0x2001'0d20     0x100  file.o [1]
  .bss               zero     0x2001'0e20     0x100  lv_draw_label.o [1]
  .bss               zero     0x2001'0f20      0xb4  task.o [1]
  .bss               zero     0x2001'0fd4      0xb4  task.o [1]
  .bss               zero     0x2001'1088      0xb4  task.o [1]
  .bss               zero     0x2001'113c      0xb4  task.o [1]
  .bss               zero     0x2001'11f0      0xb4  task.o [1]
  .bss               zero     0x2001'12a4      0xb4  task.o [1]
  .bss               zero     0x2001'1358      0xb4  tx_timer_initialize.o [7]
  .bss               zero     0x2001'140c      0xa8  ltdc.o [1]
  .bss               zero     0x2001'14b4      0x90  usart.o [1]
  .bss               zero     0x2001'1544      0x90  usart.o [1]
  .bss               zero     0x2001'15d4      0x80  lv_gc.o [1]
  .bss               zero     0x2001'1654      0x80  lv_gc.o [1]
  .bss               zero     0x2001'16d4      0x80  tx_thread_initialize.o [7]
  .bss               zero     0x2001'1754      0x80  tx_timer_initialize.o [7]
  .bss               zero     0x2001'17d4      0x7c  sdmmc.o [1]
  .bss               zero     0x2001'1850      0x64  adc.o [1]
  .bss               zero     0x2001'18b4      0x54  display_win.o [1]
  .bss               zero     0x2001'1908      0x50  xfiles.o [2]
  .bss               zero     0x2001'1958      0x4c  stm32h7xx_hal_timebase_tim.o [1]
  .bss               zero     0x2001'19a4      0x4c  tim.o [1]
  .bss               zero     0x2001'19f0      0x44  bsp_cli.o [1]
  .bss               zero     0x2001'1a34      0x38  lv_port_disp.o [1]
  .bss               zero     0x2001'1a6c      0x34  task.o [1]
  .bss               zero     0x2001'1aa0      0x2c  lv_gc.o [1]
  .bss               zero     0x2001'1acc      0x2c  fx_system_initialize.o [3]
  .bss               zero     0x2001'1af8      0x24  lv_port_disp.o [1]
  .bss               zero     0x2001'1b1c      0x24  lv_theme_default.o [1]
  .bss               zero     0x2001'1b40      0x24  rtc.o [1]
  .bss               zero     0x2001'1b64      0x20  lv_port_indev.o [1]
  .bss               zero     0x2001'1b84      0x20  page_set.o [1]
  .bss               zero     0x2001'1ba4      0x20  fx_stm32_sdio_driver.o [3]
  .bss               zero     0x2001'1bc4      0x14  lv_theme_default.o [1]
  .bss               zero     0x2001'1bd8      0x14  lv_theme_default.o [1]
  .bss               zero     0x2001'1bec      0x14  page_home.o [1]
  .bss               zero     0x2001'1c00      0x10  bsp_cli.o [1]
  FREE_MEM           zero     0x2001'1c10      0x10  tx_initialize_low_level.o [7]
  .bss               zero     0x2001'1c20       0xc  lv_gc.o [1]
  .bss               zero     0x2001'1c2c       0xc  lv_gc.o [1]
  .bss               zero     0x2001'1c38       0xc  lv_gc.o [1]
  .bss               zero     0x2001'1c44       0xc  lv_gc.o [1]
  .bss               zero     0x2001'1c50       0xc  lv_gc.o [1]
  .bss               zero     0x2001'1c5c       0xc  lv_gc.o [1]
  .bss               zero     0x2001'1c68       0xc  lv_gc.o [1]
  .bss               zero     0x2001'1c74       0xc  lv_gc.o [1]
  .bss               zero     0x2001'1c80       0x8  display_basic.o [1]
  .bss               zero     0x2001'1c88       0x8  lv_font_montserrat_14.o [1]
  .bss               zero     0x2001'1c90       0x8  lv_theme_default.o [1]
  .bss               zero     0x2001'1c98       0x8  lv_theme_default.o [1]
  .bss               zero     0x2001'1ca0       0x8  page_home.o [1]
  .bss               zero     0x2001'1ca8       0x8  page_home.o [1]
  .bss               zero     0x2001'1cb0       0x8  page_home.o [1]
  .bss               zero     0x2001'1cb8       0x8  page_home.o [1]
  .bss               zero     0x2001'1cc0       0x8  page_set.o [1]
  .bss               zero     0x2001'1cc8       0x4  bsp_adc.o [1]
  .bss               zero     0x2001'1ccc       0x4  bsp_adc.o [1]
  .bss               zero     0x2001'1cd0       0x4  bsp_eeprom.o [1]
  .bss               zero     0x2001'1cd4       0x4  bsp_eeprom.o [1]
  .bss               zero     0x2001'1cd8       0x4  bsp_touch.o [1]
  .bss               zero     0x2001'1cdc       0x4  lv_anim.o [1]
  .bss               zero     0x2001'1ce0       0x4  lv_anim.o [1]
  .bss               zero     0x2001'1ce4       0x4  lv_calendar_header_arrow.o [1]
  .bss               zero     0x2001'1ce8       0x4  lv_calendar_header_dropdown.o [1]
  .bss               zero     0x2001'1cec       0x4  lv_draw_label.o [1]
  .bss               zero     0x2001'1cf0       0x4  lv_event.o [1]
  .bss               zero     0x2001'1cf4       0x4  lv_flex.o [1]
  .bss               zero     0x2001'1cf8       0x4  lv_gc.o [1]
  .bss               zero     0x2001'1cfc       0x4  lv_gc.o [1]
  .bss               zero     0x2001'1d00       0x4  lv_gc.o [1]
  .bss               zero     0x2001'1d04       0x4  lv_grid.o [1]
  .bss               zero     0x2001'1d08       0x4  lv_group.o [1]
  .bss               zero     0x2001'1d0c       0x4  lv_hal_disp.o [1]
  .bss               zero     0x2001'1d10       0x4  lv_hal_tick.o [1]
  .bss               zero     0x2001'1d14       0x4  lv_indev.o [1]
  .bss               zero     0x2001'1d18       0x4  lv_indev.o [1]
  .bss               zero     0x2001'1d1c       0x4  lv_mem.o [1]
  .bss               zero     0x2001'1d20       0x4  lv_obj.o [1]
  .bss               zero     0x2001'1d24       0x4  lv_obj_pos.o [1]
  .bss               zero     0x2001'1d28       0x4  lv_port_indev.o [1]
  .bss               zero     0x2001'1d2c       0x4  lv_refr.o [1]
  .bss               zero     0x2001'1d30       0x4  lv_refr.o [1]
  .bss               zero     0x2001'1d34       0x4  lv_spinner.o [1]
  .bss               zero     0x2001'1d38       0x4  lv_spinner.o [1]
  .bss               zero     0x2001'1d3c       0x4  lv_textarea.o [1]
  .bss               zero     0x2001'1d40       0x4  lv_theme_default.o [1]
  .bss               zero     0x2001'1d44       0x4  lv_tileview.o [1]
  .bss               zero     0x2001'1d48       0x4  lv_tileview.o [1]
  .bss               zero     0x2001'1d4c       0x4  lv_timer.o [1]
  .bss               zero     0x2001'1d50       0x4  lv_timer.o [1]
  .bss               zero     0x2001'1d54       0x4  lv_timer.o [1]
  .bss               zero     0x2001'1d58       0x4  page_home.o [1]
  .bss               zero     0x2001'1d5c       0x4  page_home.o [1]
  .bss               zero     0x2001'1d60       0x4  page_home.o [1]
  .bss               zero     0x2001'1d64       0x4  page_home.o [1]
  .bss               zero     0x2001'1d68       0x4  page_home.o [1]
  .bss               zero     0x2001'1d6c       0x4  page_home.o [1]
  .bss               zero     0x2001'1d70       0x4  page_home.o [1]
  .bss               zero     0x2001'1d74       0x4  page_home.o [1]
  .bss               zero     0x2001'1d78       0x4  page_home.o [1]
  .bss               zero     0x2001'1d7c       0x4  page_home.o [1]
  .bss               zero     0x2001'1d80       0x4  page_home.o [1]
  .bss               zero     0x2001'1d84       0x4  page_home.o [1]
  .bss               zero     0x2001'1d88       0x4  page_home.o [1]
  .bss               zero     0x2001'1d8c       0x4  page_home.o [1]
  .bss               zero     0x2001'1d90       0x4  page_home.o [1]
  .bss               zero     0x2001'1d94       0x4  page_home.o [1]
  .bss               zero     0x2001'1d98       0x4  page_home.o [1]
  .bss               zero     0x2001'1d9c       0x4  page_home.o [1]
  .bss               zero     0x2001'1da0       0x4  page_home.o [1]
  .bss               zero     0x2001'1da4       0x4  page_set.o [1]
  .bss               zero     0x2001'1da8       0x4  page_set.o [1]
  .bss               zero     0x2001'1dac       0x4  page_set.o [1]
  .bss               zero     0x2001'1db0       0x4  page_set.o [1]
  .bss               zero     0x2001'1db4       0x4  page_set.o [1]
  .bss               zero     0x2001'1db8       0x4  page_start.o [1]
  .bss               zero     0x2001'1dbc       0x4  page_start.o [1]
  .bss               zero     0x2001'1dc0       0x4  page_start.o [1]
  .bss               zero     0x2001'1dc4       0x4  page_start.o [1]
  .bss               zero     0x2001'1dc8       0x4  stm32h7xx_hal.o [1]
  .bss               zero     0x2001'1dcc       0x4  task.o [1]
  .bss               zero     0x2001'1dd0       0x4  task.o [1]
  .bss               zero     0x2001'1dd4       0x4  task.o [1]
  .bss               zero     0x2001'1dd8       0x4  task.o [1]
  .bss               zero     0x2001'1ddc       0x4  fx_system_initialize.o [3]
  .bss               zero     0x2001'1de0       0x4  fx_system_initialize.o [3]
  .bss               zero     0x2001'1de4       0x4  fx_system_initialize.o [3]
  .bss               zero     0x2001'1de8       0x4  fx_system_initialize.o [3]
  .bss               zero     0x2001'1dec       0x4  fx_system_initialize.o [3]
  .bss               zero     0x2001'1df0       0x4  fx_system_initialize.o [3]
  .bss               zero     0x2001'1df4       0x4  fx_system_initialize.o [3]
  .bss               zero     0x2001'1df8       0x4  fx_system_initialize.o [3]
  .bss               zero     0x2001'1dfc       0x4  fx_system_initialize.o [3]
  .bss               zero     0x2001'1e00       0x4  tx_thread_initialize.o [7]
  .bss               zero     0x2001'1e04       0x4  tx_thread_initialize.o [7]
  .bss               zero     0x2001'1e08       0x4  tx_thread_initialize.o [7]
  .bss               zero     0x2001'1e0c       0x4  tx_thread_initialize.o [7]
  .bss               zero     0x2001'1e10       0x4  tx_thread_initialize.o [7]
  .bss               zero     0x2001'1e14       0x4  tx_thread_initialize.o [7]
  .bss               zero     0x2001'1e18       0x4  tx_thread_initialize.o [7]
  .bss               zero     0x2001'1e1c       0x4  tx_thread_initialize.o [7]
  .bss               zero     0x2001'1e20       0x4  tx_thread_initialize.o [7]
  .bss               zero     0x2001'1e24       0x4  tx_thread_initialize.o [7]
  .bss               zero     0x2001'1e28       0x4  tx_thread_initialize.o [7]
  .bss               zero     0x2001'1e2c       0x4  tx_thread_initialize.o [7]
  .bss               zero     0x2001'1e30       0x4  tx_timer_initialize.o [7]
  .bss               zero     0x2001'1e34       0x4  tx_timer_initialize.o [7]
  .bss               zero     0x2001'1e38       0x4  tx_timer_initialize.o [7]
  .bss               zero     0x2001'1e3c       0x4  tx_timer_initialize.o [7]
  .bss               zero     0x2001'1e40       0x4  tx_timer_initialize.o [7]
  .bss               zero     0x2001'1e44       0x4  tx_timer_initialize.o [7]
  .bss               zero     0x2001'1e48       0x4  tx_timer_initialize.o [7]
  .bss               zero     0x2001'1e4c       0x4  tx_timer_initialize.o [7]
  .bss               zero     0x2001'1e50       0x4  tx_timer_initialize.o [7]
  .bss               zero     0x2001'1e54       0x4  tx_timer_initialize.o [7]
  .bss               zero     0x2001'1e58       0x4  tx_timer_initialize.o [7]
  .bss               zero     0x2001'1e5c       0x4  tx_timer_initialize.o [7]
  .bss               zero     0x2001'1e60       0x4  tx_timer_initialize.o [7]
  .bss               zero     0x2001'1e64       0x4  tx_initialize_high_level.o [7]
  .bss               zero     0x2001'1e68       0x4  tx_initialize_high_level.o [7]
  .bss               zero     0x2001'1e6c       0x4  tx_initialize_high_level.o [7]
  .bss               zero     0x2001'1e70       0x4  tx_initialize_high_level.o [7]
  .bss               zero     0x2001'1e74       0x4  tx_initialize_high_level.o [7]
  .bss               zero     0x2001'1e78       0x4  tx_initialize_high_level.o [7]
  .bss               zero     0x2001'1e7c       0x4  tx_initialize_high_level.o [7]
  .bss               zero     0x2001'1e80       0x4  tx_initialize_high_level.o [7]
  .bss               zero     0x2001'1e84       0x4  tx_initialize_high_level.o [7]
  .bss               zero     0x2001'1e88       0x4  tx_initialize_high_level.o [7]
  .bss               zero     0x2001'1e8c       0x4  tx_initialize_high_level.o [7]
  .bss               zero     0x2001'1e90       0x4  tx_initialize_high_level.o [7]
  .bss               zero     0x2001'1e94       0x4  tx_initialize_high_level.o [7]
  .bss               zero     0x2001'1e98       0x4  xfail_s.o [2]
  .bss               zero     0x2001'1e9c       0x2  bsp_cli.o [1]
  .bss               zero     0x2001'1e9e       0x2  bsp_eeprom.o [1]
  .bss               zero     0x2001'1ea0       0x2  bsp_eeprom.o [1]
  .bss               zero     0x2001'1ea2       0x2  bsp_touch.o [1]
  .bss               zero     0x2001'1ea4       0x2  bsp_touch.o [1]
  .bss               zero     0x2001'1ea6       0x2  bsp_touch.o [1]
  .bss               zero     0x2001'1ea8       0x2  lv_calendar_header_arrow.o [1]
  .bss               zero     0x2001'1eaa       0x2  lv_colorwheel.o [1]
  .bss               zero     0x2001'1eac       0x2  lv_flex.o [1]
  .bss               zero     0x2001'1eae       0x2  lv_flex.o [1]
  .bss               zero     0x2001'1eb0       0x2  lv_flex.o [1]
  .bss               zero     0x2001'1eb2       0x2  lv_flex.o [1]
  .bss               zero     0x2001'1eb4       0x2  lv_flex.o [1]
  .bss               zero     0x2001'1eb6       0x2  lv_grid.o [1]
  .bss               zero     0x2001'1eb8       0x2  lv_grid.o [1]
  .bss               zero     0x2001'1eba       0x2  lv_grid.o [1]
  .bss               zero     0x2001'1ebc       0x2  lv_grid.o [1]
  .bss               zero     0x2001'1ebe       0x2  lv_grid.o [1]
  .bss               zero     0x2001'1ec0       0x2  lv_grid.o [1]
  .bss               zero     0x2001'1ec2       0x2  lv_grid.o [1]
  .bss               zero     0x2001'1ec4       0x2  lv_grid.o [1]
  .bss               zero     0x2001'1ec6       0x2  lv_grid.o [1]
  .bss               zero     0x2001'1ec8       0x2  lv_grid.o [1]
  .bss               zero     0x2001'1eca       0x2  lv_port_indev.o [1]
  .bss               zero     0x2001'1ecc       0x2  lv_port_indev.o [1]
  .bss               zero     0x2001'1ece       0x2  lv_tabview.o [1]
  .bss               zero     0x2001'1ed0       0x2  lv_theme_default.o [1]
  .bss               zero     0x2001'1ed2       0x2  lv_theme_default.o [1]
  .bss               zero     0x2001'1ed4       0x2  lv_theme_default.o [1]
  .bss               zero     0x2001'1ed6       0x2  lv_theme_default.o [1]
  .bss               zero     0x2001'1ed8       0x2  lv_win.o [1]
  .bss               zero     0x2001'1eda       0x1  bsp_eeprom.o [1]
  .bss               zero     0x2001'1edb       0x1  bsp_eeprom.o [1]
  .bss               zero     0x2001'1edc       0x1  lv_anim.o [1]
  .bss               zero     0x2001'1edd       0x1  lv_anim.o [1]
  .bss               zero     0x2001'1ede       0x1  lv_colorwheel.o [1]
  .bss               zero     0x2001'1edf       0x1  lv_colorwheel.o [1]
  .bss               zero     0x2001'1ee0       0x1  lv_colorwheel.o [1]
  .bss               zero     0x2001'1ee1       0x1  lv_draw_label.o [1]
  .bss               zero     0x2001'1ee2       0x1  lv_hal_tick.o [1]
  .bss               zero     0x2001'1ee3       0x1  lv_indev.o [1]
  .bss               zero     0x2001'1ee4       0x1  lv_obj.o [1]
  .bss               zero     0x2001'1ee5       0x1  lv_obj_pos.o [1]
  .bss               zero     0x2001'1ee6       0x1  lv_tabview.o [1]
  .bss               zero     0x2001'1ee7       0x1  lv_theme_default.o [1]
  .bss               zero     0x2001'1ee8       0x1  lv_theme_default.o [1]
  .bss               zero     0x2001'1ee9       0x1  lv_tileview.o [1]
  .bss               zero     0x2001'1eea       0x1  lv_timer.o [1]
  .bss               zero     0x2001'1eeb       0x1  lv_timer.o [1]
  .bss               zero     0x2001'1eec       0x1  lv_timer.o [1]
  .bss               zero     0x2001'1eed       0x1  lv_timer.o [1]
  .bss               zero     0x2001'1eee       0x1  lv_timer.o [1]
  .bss               zero     0x2001'1eef       0x1  page_home.o [1]
  .bss               zero     0x2001'1ef0       0x1  task.o [1]
  .bss               zero     0x2001'1ef1       0x1  usbd_ctlreq.o [1]
  .bss               zero     0x2001'1ef2       0x1  fx_stm32_sdio_driver.o [3]
                            - 0x2001'1ef3  0x1'1687

"P2", part 3 of 3:                           0x4000
  CSTACK                      0x2001'1ef8    0x4000  <Block>
    CSTACK           uninit   0x2001'1ef8    0x4000  <Block tail>
                            - 0x2001'5ef8    0x4000

Absolute sections, part 1 of 2:            0x2'5800
  .bss               zero     0x2402'5800  0x2'5800  lv_port_disp.o [1]
                            - 0x2404'b000  0x2'5800

Absolute sections, part 2 of 2:            0x4'0000
  .bss               zero     0x3000'0000  0x4'0000  file.o [1]
                            - 0x3004'0000  0x4'0000

"A0":                                         0x298
  .intvec            ro code  0x9000'0000     0x298  startup_stm32h750xx.o [1]
                            - 0x9000'0298     0x298

"P1":                                      0x5'df1a
  .rodata            const    0x9000'0298    0x6e84  SYHT_BOLD_40.o [1]
  .rodata            const    0x9000'711c    0x3324  SYHT_BOLD_20.o [1]
  .rodata            const    0x9000'a440    0x2ee4  SYHT_MED_16.o [1]
  .text              ro code  0x9000'd324    0x2616  lv_draw_rect.o [1]
  .text              ro code  0x9000'f93a      0x3a  zero_init3.o [5]
  .text              ro code  0x9000'f974     0x680  lv_mem.o [1]
  .text              ro code  0x9000'fff4     0xd88  lv_refr.o [1]
  .text              ro code  0x9001'0d7c     0x2b6  lv_hal_disp.o [1]
  .text              ro code  0x9001'1032     0x468  lv_area.o [1]
  .text              ro code  0x9001'149a      0x1e  xencoding_8859_1.o [2]
  .text              ro code  0x9001'14b8    0x1906  lv_draw_mask.o [1]
  .text              ro code  0x9001'2dbe      0x1a  xsnprout.o [2]
  .text              ro code  0x9001'2dd8    0x1240  lv_draw_blend.o [1]
  .text              ro code  0x9001'4018     0xb1e  lv_draw_img.o [1]
  .text              ro code  0x9001'4b36       0xa  xsprout.o [2]
  .text              ro code  0x9001'4b40     0x908  lv_txt.o [1]
  .text              ro code  0x9001'5448     0xb9e  lv_draw_label.o [1]
  .rodata            const    0x9001'5fe6       0x2  bsp_cli.o [1]
  .text              ro code  0x9001'5fe8     0xb36  lv_img_decoder.o [1]
  .rodata            const    0x9001'6b1e       0x2  lv_btnmatrix.o [1]
  .text              ro code  0x9001'6b20     0xdc0  lv_tlsf.o [1]
  .text              ro code  0x9001'78e0      0xa6  ABImemcpy.o [5]
  .rodata            const    0x9001'7986       0x2  lv_draw_label.o [1]
  .text              ro code  0x9001'7988     0x27e  lv_timer.o [1]
  .rodata            const    0x9001'7c06       0x2  lv_img_decoder.o [1]
  .text              ro code  0x9001'7c08      0x46  lv_hal_tick.o [1]
  .rodata            const    0x9001'7c4e       0x2  lv_keyboard.o [1]
  .text              ro code  0x9001'7c50    0x17f4  lv_obj_pos.o [1]
  .text              ro code  0x9001'9444     0x410  lv_font_fmt_txt.o [1]
  .text              ro code  0x9001'9854      0x7a  lv_disp.o [1]
  .rodata            const    0x9001'98ce       0x2  lv_keyboard.o [1]
  .text              ro code  0x9001'98d0     0xef2  lv_obj.o [1]
  .rodata            const    0x9001'a7c2       0x2  lv_keyboard.o [1]
  .text              ro code  0x9001'a7c4     0x320  lv_event.o [1]
  .text              ro code  0x9001'aae4     0x378  lv_obj_tree.o [1]
  .text              ro code  0x9001'ae5c     0xb6e  lv_obj_draw.o [1]
  .rodata            const    0x9001'b9ca       0x2  lv_keyboard.o [1]
  .text              ro code  0x9001'b9cc    0x12c0  lv_obj_style.o [1]
  .text              ro code  0x9001'cc8c     0x200  lv_ll.o [1]
  .text              ro code  0x9001'ce8c    0x2510  lv_theme_default.o [1]
  .text              ro code  0x9001'f39c     0x364  lv_color.o [1]
  .text              ro code  0x9001'f700    0x14e0  lv_obj_scroll.o [1]
  .text              ro code  0x9002'0be0     0x234  lv_math.o [1]
  .text              ro code  0x9002'0e14      0x64  lv_img_cache.o [1]
  .text              ro code  0x9002'0e78     0xf34  lv_img_buf.o [1]
  .text              ro code  0x9002'1dac      0x66  ABImemset.o [5]
  .text              ro code  0x9002'1e12      0x54  lv_font.o [1]
  .rodata            const    0x9002'1e66       0x2  lv_keyboard.o [1]
  .text              ro code  0x9002'1e68      0x36  strlen.o [5]
  .rodata            const    0x9002'1e9e       0x2  lv_keyboard.o [1]
  .text              ro code  0x9002'1ea0     0x934  lv_printf.o [1]
  .text              ro code  0x9002'27d4     0xc60  lv_draw_line.o [1]
  .text              ro code  0x9002'3434      0x18  strcpy.o [5]
  .text              ro code  0x9002'344c     0x1b0  lv_fs.o [1]
  .text              ro code  0x9002'35fc      0x12  strcmp.o [5]
  .text              ro code  0x9002'360e     0x27c  lv_obj_style_gen.o [1]
  .text              ro code  0x9002'388a      0x58  lv_utils.o [1]
  .rodata            const    0x9002'38e2       0x2  lv_keyboard.o [1]
  .text              ro code  0x9002'38e4     0x4b4  lv_anim.o [1]
  .text              ro code  0x9002'3d98     0x4a4  lv_group.o [1]
  .text              ro code  0x9002'423c       0xc  lv_extra.o [1]
  .text              ro code  0x9002'4248     0x244  lv_obj_class.o [1]
  .text              ro code  0x9002'448c    0x11b0  lv_indev.o [1]
  .text              ro code  0x9002'563c      0xf2  lv_hal_indev.o [1]
  .rodata            const    0x9002'572e       0x2  lv_keyboard.o [1]
  .text              ro code  0x9002'5730     0x46e  lv_style.o [1]
  .text              ro code  0x9002'5b9e     0x400  lv_style_gen.o [1]
  .rodata            const    0x9002'5f9e       0x2  lv_keyboard.o [1]
  .text              ro code  0x9002'5fa0     0x230  I64DivMod.o [5]
  .text              ro code  0x9002'61d0    0x1076  lv_flex.o [1]
  .rodata            const    0x9002'7246       0x2  lv_keyboard.o [1]
  .text              ro code  0x9002'7248     0xe48  lv_grid.o [1]
  .text              ro code  0x9002'8090      0x94  lv_theme.o [1]
  .text              ro code  0x9002'8124     0xe14  lv_indev_scroll.o [1]
  .text              ro code  0x9002'8f38       0x2  I64DivZer.o [5]
  .rodata            const    0x9002'8f3a       0x2  lv_keyboard.o [1]
  .rodata            const    0x9002'8f3c    0x2280  lv_font_montserrat_14.o [1]
  .text              ro code  0x9002'b1bc    0x220a  lv_chart.o [1]
  .rodata            const    0x9002'd3c6       0x2  lv_keyboard.o [1]
  .text              ro code  0x9002'd3c8    0x19f0  stm32h7xx_hal_rcc_ex.o [1]
  .text              ro code  0x9002'edb8       0xc  stm32h7xx_hal.o [1]
  .text              ro code  0x9002'edc4     0xc48  stm32h7xx_hal_rcc.o [1]
  .text              ro code  0x9002'fa0c      0xd0  stm32h7xx_hal_timebase_tim.o [1]
  .text              ro code  0x9002'fadc      0x74  stm32h7xx_hal.o [1]
  .text              ro code  0x9002'fb50     0x1e4  stm32h7xx_hal_cortex.o [1]
  .text              ro code  0x9002'fd34     0x9fc  stm32h7xx_hal_tim.o [1]
  .text              ro code  0x9003'0730      0x20  stm32h7xx_hal_msp.o [1]
  .text              ro code  0x9003'0750      0xf4  tim.o [1]
  .text              ro code  0x9003'0844       0x2  stm32h7xx_hal_tim.o [1]
  .text              ro code  0x9003'0846       0x2  stm32h7xx_hal_tim.o [1]
  .text              ro code  0x9003'0848       0x2  stm32h7xx_hal_tim.o [1]
  .text              ro code  0x9003'084a       0x2  stm32h7xx_hal_tim.o [1]
  .text              ro code  0x9003'084c     0x2a8  main.o [1]
  .text              ro code  0x9003'0af4       0x2  stm32h7xx_hal_tim_ex.o [1]
  .text              ro code  0x9003'0af6       0x2  stm32h7xx_hal_tim_ex.o [1]
  .text              ro code  0x9003'0af8       0x2  stm32h7xx_hal_tim.o [1]
  .text              ro code  0x9003'0afa       0x2  stm32h7xx_hal_tim_ex.o [1]
  .text              ro code  0x9003'0afc      0x14  memset.o [5]
  .text              ro code  0x9003'0b10     0x428  stm32h7xx_hal_gpio.o [1]
  .text              ro code  0x9003'0f38     0x190  gpio.o [1]
  .text              ro code  0x9003'10c8     0x108  rtc.o [1]
  .text              ro code  0x9003'11d0     0x224  usart.o [1]
  .text              ro code  0x9003'13f4     0x268  ltdc.o [1]
  .text              ro code  0x9003'165c     0x160  adc.o [1]
  .text              ro code  0x9003'17bc      0x5c  usb_device.o [1]
  .text              ro code  0x9003'1818     0x174  sdmmc.o [1]
  .text              ro code  0x9003'198c      0x48  tx_initialize_kernel_enter.o [7]
  .text              ro code  0x9003'19d4      0x64  stm32h7xx_hal_pwr_ex.o [1]
  .text              ro code  0x9003'1a38      0x10  stm32h7xx_hal_pwr.o [1]
  .text              ro code  0x9003'1a48      0x18  stm32h7xx_hal.o [1]
  .text              ro code  0x9003'1a60     0x446  stm32h7xx_hal_rtc.o [1]
  .rodata            const    0x9003'1ea6       0x2  lv_keyboard.o [1]
  .text              ro code  0x9003'1ea8      0x1a  stm32h7xx_hal_rtc_ex.o [1]
  .rodata            const    0x9003'1ec2       0x2  lv_keyboard.o [1]
  .text              ro code  0x9003'1ec4     0x92c  stm32h7xx_hal_uart.o [1]
  .text              ro code  0x9003'27f0     0x170  stm32h7xx_hal_uart_ex.o [1]
  .text              ro code  0x9003'2960     0x414  stm32h7xx_hal_ltdc.o [1]
  .text              ro code  0x9003'2d74     0xd60  stm32h7xx_hal_adc.o [1]
  .text              ro code  0x9003'3ad4     0x174  stm32h7xx_hal_adc_ex.o [1]
  .text              ro code  0x9003'3c48     0x436  usbd_core.o [1]
  .rodata            const    0x9003'407e       0x2  lv_keyboard.o [1]
  .text              ro code  0x9003'4080     0x410  usbd_cdc.o [1]
  .text              ro code  0x9003'4490    0x1090  stm32h7xx_hal_sd.o [1]
  .text              ro code  0x9003'5520      0x74  tx_initialize_low_level.o [7]
  .text              ro code  0x9003'5594      0x84  tx_initialize_high_level.o [7]
  .text              ro code  0x9003'5618     0x3f0  task.o [1]
  .text              ro code  0x9003'5a08      0xc0  tx_thread_schedule.o [7]
  .text              ro code  0x9003'5ac8     0x438  usbd_conf.o [1]
  .text              ro code  0x9003'5f00     0x8ac  usbd_ctlreq.o [1]
  .text              ro code  0x9003'67ac      0xac  usbd_ioreq.o [1]
  .text              ro code  0x9003'6858     0x7c8  stm32h7xx_ll_sdmmc.o [1]
  .text              ro code  0x9003'7020      0x28  stm32h7xx_hal.o [1]
  .text              ro code  0x9003'7048      0xa6  bsp_sdio.o [1]
  .text              ro code  0x9003'70ee       0x2  stm32h7xx_hal_sd.o [1]
  .text              ro code  0x9003'70f0       0x2  stm32h7xx_hal_sd.o [1]
  .text              ro code  0x9003'70f2       0x2  stm32h7xx_hal_sd.o [1]
  .text              ro code  0x9003'70f4       0x2  stm32h7xx_hal_sd.o [1]
  .rodata            const    0x9003'70f6       0x2  lv_keyboard.o [1]
  .text              ro code  0x9003'70f8      0xb8  tx_timer_interrupt.o [7]
  .text              ro code  0x9003'71b0      0xac  tx_thread_initialize.o [7]
  .text              ro code  0x9003'725c      0xf8  tx_timer_initialize.o [7]
  .text              ro code  0x9003'7354     0x190  txe_thread_create.o [7]
  .text              ro code  0x9003'74e4      0x2e  bsp.o [1]
  .rodata            const    0x9003'7512       0x2  lv_keyboard.o [1]
  .text              ro code  0x9003'7514      0x9c  tx_thread_sleep.o [7]
  .text              ro code  0x9003'75b0     0x2f4  bsp_cli.o [1]
  .text              ro code  0x9003'78a4      0xec  txe_mutex_create.o [7]
  .text              ro code  0x9003'7990      0x3c  vsnprint.o [2]
  .text              ro code  0x9003'79cc      0x90  txe_mutex_get.o [7]
  .text              ro code  0x9003'7a5c      0x28  printf.o [2]
  .text              ro code  0x9003'7a84      0x58  txe_mutex_put.o [7]
  .text              ro code  0x9003'7adc     0x6f0  file.o [1]
  .text              ro code  0x9003'81cc      0x78  lv_port_disp.o [1]
  .text              ro code  0x9003'8244      0x7c  lv_port_indev.o [1]
  .text              ro code  0x9003'82c0     0x184  display_win.o [1]
  .text              ro code  0x9003'8444      0xe8  display_basic.o [1]
  .text              ro code  0x9003'852c     0xd38  stm32h7xx_hal_pcd.o [1]
  .text              ro code  0x9003'9264      0xa2  stm32h7xx_hal_pcd_ex.o [1]
  .rodata            const    0x9003'9306       0x2  lv_keyboard.o [1]
  .text              ro code  0x9003'9308     0x54c  fx_stm32_sdio_driver.o [3]
  .text              ro code  0x9003'9854       0x2  bsp_sdio.o [1]
  .rodata            const    0x9003'9856       0x2  lv_keyboard.o [1]
  .text              ro code  0x9003'9858      0x28  tx_timer_expiration_process.o [7]
  .text              ro code  0x9003'9880     0x178  tx_thread_time_slice.o [7]
  .text              ro code  0x9003'99f8     0x1a8  tx_thread_create.o [7]
  .text              ro code  0x9003'9ba0      0xd0  tx_thread_system_preempt_check.o [7]
  .text              ro code  0x9003'9c70      0x6a  bsp_dwt.o [1]
  .rodata            const    0x9003'9cda       0x2  lv_keyboard.o [1]
  .text              ro code  0x9003'9cdc     0x4e4  bsp_eeprom.o [1]
  .text              ro code  0x9003'a1c0     0x54c  bsp_lcd.o [1]
  .text              ro code  0x9003'a70c     0x6b4  bsp_touch.o [1]
  .text              ro code  0x9003'adc0      0xcc  bsp_adc.o [1]
  .text              ro code  0x9003'ae8c     0x340  tx_thread_system_suspend.o [7]
  .text              ro code  0x9003'b1cc     0x122  bsp_ringbuffer.o [1]
  .text              ro code  0x9003'b2ee      0x46  strcasecmp.o [2]
  .text              ro code  0x9003'b334      0x16  strchr.o [5]
  .text              ro code  0x9003'b34a     0x4bc  qsort.o [2]
  .rodata            const    0x9003'b806       0x2  lv_keyboard.o [1]
  .text              ro code  0x9003'b808      0x80  tx_mutex_create.o [7]
  .text              ro code  0x9003'b888    0x10c6  xprintffull.o [2]
  .rodata            const    0x9003'c94e       0x2  lv_keyboard.o [1]
  .text              ro code  0x9003'c950     0x144  tx_mutex_get.o [7]
  .text              ro code  0x9003'ca94     0x2b8  tx_mutex_put.o [7]
  .text              ro code  0x9003'cd4c      0xbc  fx_system_initialize.o [3]
  .text              ro code  0x9003'ce08     0x100  fxe_media_open.o [3]
  .text              ro code  0x9003'cf08      0x6c  fxe_directory_next_full_entry_find.o [3]
  .text              ro code  0x9003'cf74      0x4c  fxe_media_extended_space_available.o [3]
  .text              ro code  0x9003'cfc0      0x44  fxe_media_close.o [3]
  .text              ro code  0x9003'd004      0x48  fxe_file_create.o [3]
  .text              ro code  0x9003'd04c      0xcc  fxe_file_open.o [3]
  .text              ro code  0x9003'd118      0x48  fxe_file_seek.o [3]
  .text              ro code  0x9003'd160      0x50  fxe_file_write.o [3]
  .text              ro code  0x9003'd1b0      0x44  fxe_file_close.o [3]
  .text              ro code  0x9003'd1f4      0x44  fxe_media_flush.o [3]
  .text              ro code  0x9003'd238      0x58  fxe_file_read.o [3]
  .text              ro code  0x9003'd290      0x48  fxe_directory_create.o [3]
  .text              ro code  0x9003'd2d8      0x48  fxe_directory_delete.o [3]
  .text              ro code  0x9003'd320      0x48  fxe_file_delete.o [3]
  .text              ro code  0x9003'd368      0x40  sprintf.o [2]
  .text              ro code  0x9003'd3a8     0x14c  iar_Stoulx.o [2]
  .text              ro code  0x9003'd4f4     0x1e8  page_start.o [1]
  .text              ro code  0x9003'd6dc     0x71c  page_home.o [1]
  .text              ro code  0x9003'ddf8     0x288  page_set.o [1]
  .text              ro code  0x9003'e080     0xfa4  stm32h7xx_ll_usb.o [1]
  .text              ro code  0x9003'f024      0x18  tx_time_get.o [7]
  .text              ro code  0x9003'f03c      0xe0  txe_semaphore_create.o [7]
  .text              ro code  0x9003'f11c      0x64  txe_semaphore_delete.o [7]
  .text              ro code  0x9003'f180      0x6c  txe_semaphore_get.o [7]
  .text              ro code  0x9003'f1ec     0x1ea  fx_partition_offset_calculate.o [3]
  .rodata            const    0x9003'f3d6       0x2  lv_keyboard.o [1]
  .text              ro code  0x9003'f3d8      0x24  txe_semaphore_put.o [7]
  .text              ro code  0x9003'f3fc      0x1e  fx_utility_memory_copy.o [3]
  .rodata            const    0x9003'f41a       0x2  lv_keyboard.o [1]
  .text              ro code  0x9003'f41c     0x314  tx_thread_system_resume.o [7]
  .text              ro code  0x9003'f730      0x24  tx_thread_stack_error_handler.o [7]
  .text              ro code  0x9003'f754      0x90  tx_thread_stack_analyze.o [7]
  .text              ro code  0x9003'f7e4      0x44  tx_thread_stack_build.o [7]
  .text              ro code  0x9003'f828      0x78  tx_timer_system_activate.o [7]
  .text              ro code  0x9003'f8a0      0x14  tolower.o [2]
  .text              ro code  0x9003'f8b4      0x96  ABImemmove.o [5]
  .rodata            const    0x9003'f94a       0x2  lv_keyboard.o [1]
  .text              ro code  0x9003'f94c      0xa8  xlocale_c.o [2]
  .text              ro code  0x9003'f9f4      0x40  xfail_s.o [2]
  .text              ro code  0x9003'fa34      0x58  memchr.o [5]
  .text              ro code  0x9003'fa8c      0x70  frexp.o [4]
  .text              ro code  0x9003'fafc      0x2e  DblCmpLe.o [4]
  .rodata            const    0x9003'fb2a       0x2  lv_keyboard.o [1]
  .text              ro code  0x9003'fb2c      0x2e  DblCmpGe.o [4]
  .rodata            const    0x9003'fb5a       0x2  lv_keyboard.o [1]
  .text              ro code  0x9003'fb5c     0x104  ldexp.o [4]
  .text              ro code  0x9003'fc60       0xe  DblToS32.o [4]
  .text              ro code  0x9003'fc6e       0xe  S32ToDbl.o [4]
  .text              ro code  0x9003'fc7c      0x12  DblSub.o [4]
  .text              ro code  0x9003'fc8e      0x12  DblDiv.o [4]
  .text              ro code  0x9003'fca0       0xe  DblToU32.o [4]
  .text              ro code  0x9003'fcae       0xe  U32ToDbl.o [4]
  .text              ro code  0x9003'fcbc      0x12  DblMul.o [4]
  .text              ro code  0x9003'fcce       0xa  xmbcurmax.o [2]
  .text              ro code  0x9003'fcd8     0x108  tx_mutex_priority_change.o [7]
  .text              ro code  0x9003'fde0     0x100  tx_mutex_prioritize.o [7]
  .text              ro code  0x9003'fee0      0x9c  tx_timer_create.o [7]
  .text              ro code  0x9003'ff7c      0x18  tx_thread_identify.o [7]
  .text              ro code  0x9003'ff94      0xd0  tx_thread_preemption_change.o [7]
  .text              ro code  0x9004'0064     0x7d0  fx_media_open.o [3]
  .text              ro code  0x9004'0834     0x368  fx_directory_next_full_entry_find.o [3]
  .text              ro code  0x9004'0b9c      0x5c  fx_media_extended_space_available.o [3]
  .text              ro code  0x9004'0bf8     0x2bc  fx_media_close.o [3]
  .text              ro code  0x9004'0eb4     0x170  fx_file_create.o [3]
  .text              ro code  0x9004'1024     0x464  fx_file_open.o [3]
  .text              ro code  0x9004'1488      0x12  fx_file_seek.o [3]
  .rodata            const    0x9004'149a       0x2  lv_keyboard.o [1]
  .text              ro code  0x9004'149c     0x684  fx_file_write.o [3]
  .text              ro code  0x9004'1b20      0xec  fx_file_close.o [3]
  .text              ro code  0x9004'1c0c     0x244  fx_media_flush.o [3]
  .text              ro code  0x9004'1e50     0x340  fx_file_read.o [3]
  .text              ro code  0x9004'2190     0x424  fx_directory_create.o [3]
  .text              ro code  0x9004'25b4     0x254  fx_directory_delete.o [3]
  .text              ro code  0x9004'2808     0x1a4  fx_file_delete.o [3]
  .text              ro code  0x9004'29ac      0x14  isspace.o [2]
  .text              ro code  0x9004'29c0    0x16d8  lv_label.o [1]
  .text              ro code  0x9004'4098     0xada  lv_bar.o [1]
  .rodata            const    0x9004'4b72       0x2  lv_keyboard.o [1]
  .text              ro code  0x9004'4b74     0x520  lv_imgbtn.o [1]
  .text              ro code  0x9004'5094      0x36  lv_btn.o [1]
  .rodata            const    0x9004'50ca       0x2  lv_keyboard.o [1]
  .text              ro code  0x9004'50cc     0xad0  lv_img.o [1]
  .text              ro code  0x9004'5b9c     0x590  lv_tabview.o [1]
  .text              ro code  0x9004'612c      0x74  tx_semaphore_create.o [7]
  .text              ro code  0x9004'61a0      0xc8  tx_semaphore_delete.o [7]
  .text              ro code  0x9004'6268      0xbc  tx_semaphore_get.o [7]
  .text              ro code  0x9004'6324      0x88  tx_semaphore_put.o [7]
  .text              ro code  0x9004'63ac      0x36  tx_timer_system_deactivate.o [7]
  .text              ro code  0x9004'63e2       0x6  abort.o [2]
  .text              ro code  0x9004'63e8      0xde  fx_media_boot_info_extract.o [3]
  .text              ro code  0x9004'64c6       0xc  fx_utility_16_unsigned_read.o [3]
  .text              ro code  0x9004'64d2     0x320  fx_utility_FAT_entry_read.o [3]
  .text              ro code  0x9004'67f2      0x18  fx_utility_32_unsigned_read.o [3]
  .text              ro code  0x9004'680a     0x34a  fx_utility_logical_sector_flush.o [3]
  .text              ro code  0x9004'6b54     0x552  fx_directory_entry_read.o [3]
  .text              ro code  0x9004'70a6     0x8f4  fx_directory_entry_write.o [3]
  .rodata            const    0x9004'799a       0x2  lv_keyboard.o [1]
  .text              ro code  0x9004'799c      0xd4  fx_media_abort.o [3]
  .text              ro code  0x9004'7a70     0x46e  fx_utility_FAT_flush.o [3]
  .text              ro code  0x9004'7ede      0xe4  fx_utility_FAT_map_flush.o [3]
  .text              ro code  0x9004'7fc2      0x16  fx_utility_32_unsigned_write.o [3]
  .text              ro code  0x9004'7fd8      0xec  tx_mutex_delete.o [7]
  .text              ro code  0x9004'80c4     0x6fc  fx_directory_search.o [3]
  .text              ro code  0x9004'87c0      0x66  fx_directory_name_extract.o [3]
  .rodata            const    0x9004'8826       0x2  lv_keyboard.o [1]
  .text              ro code  0x9004'8828     0x5b8  fx_directory_free_search.o [3]
  .text              ro code  0x9004'8de0     0x278  fx_file_extended_seek.o [3]
  .text              ro code  0x9004'9058     0x152  fx_utility_FAT_entry_write.o [3]
  .text              ro code  0x9004'91aa     0x39c  fx_utility_logical_sector_read.o [3]
  .text              ro code  0x9004'9546     0x22a  fx_utility_logical_sector_write.o [3]
  .text              ro code  0x9004'9770    0x1650  lv_btnmatrix.o [1]
  .text              ro code  0x9004'adc0      0x14  exit.o [6]
  .text              ro code  0x9004'add4       0xa  fx_utility_16_unsigned_write.o [3]
  .text              ro code  0x9004'adde     0x374  fx_utility_logical_sector_cache_entry_read.o [3]
  .rodata            const    0x9004'b152       0x2  lv_keyboard.o [1]
  .text              ro code  0x9004'b154    0x1550  lv_textarea.o [1]
  .text              ro code  0x9004'c6a4    0x13e2  lv_arc.o [1]
  .text              ro code  0x9004'da86     0xdce  lv_draw_arc.o [1]
  .text              ro code  0x9004'e854    0x10e4  lv_dropdown.o [1]
  .text              ro code  0x9004'f938     0xe38  lv_colorwheel.o [1]
  .text              ro code  0x9005'0770     0xd92  lv_table.o [1]
  .rodata            const    0x9005'1502       0x2  lv_keyboard.o [1]
  .text              ro code  0x9005'1504     0xd22  lv_roller.o [1]
  .rodata            const    0x9005'2226       0x2  lv_keyboard.o [1]
  .text              ro code  0x9005'2228     0xcfa  lv_slider.o [1]
  .rodata            const    0x9005'2f22       0x2  lv_keyboard.o [1]
  .rodata            const    0x9005'2f24     0xc00  IconBackB.o [1]
  .rodata            const    0x9005'3b24     0xc00  IconBackW.o [1]
  .rodata            const    0x9005'4724     0xc00  LChartB.o [1]
  .rodata            const    0x9005'5324     0xc00  LChartW.o [1]
  .rodata            const    0x9005'5f24     0xbb0  lv_font_montserrat_14.o [1]
  .text              ro code  0x9005'6ad4     0xa60  lv_meter.o [1]
  .text              ro code  0x9005'7534     0x50a  lv_checkbox.o [1]
  .rodata            const    0x9005'7a3e       0x2  lv_keyboard.o [1]
  .rodata            const    0x9005'7a40     0x4f0  lv_font_montserrat_14.o [1]
  .text              ro code  0x9005'7f30     0x4d6  lv_calendar.o [1]
  .rodata            const    0x9005'8406       0x2  lv_keyboard.o [1]
  .rodata            const    0x9005'8408     0x4d0  SYHT_MED_16.o [1]
  .text              ro code  0x9005'88d8     0x4b4  lv_spinbox.o [1]
  .rodata            const    0x9005'8d8c     0x3f0  SYHT_BOLD_20.o [1]
  .text              ro code  0x9005'917c     0x3a4  lv_switch.o [1]
  .text              ro code  0x9005'9520     0x35c  lv_led.o [1]
  .rodata            const    0x9005'987c     0x300  IconTemp.o [1]
  .rodata            const    0x9005'9b7c     0x300  SYHT_BOLD_40.o [1]
  .text              ro code  0x9005'9e7c     0x2f8  lv_keyboard.o [1]
  .text              ro code  0x9005'a174     0x2cc  lv_calendar_header_arrow.o [1]
  .rodata            const    0x9005'a440     0x268  lv_calendar_header_dropdown.o [1]
  .text              ro code  0x9005'a6a8     0x258  lv_calendar_header_dropdown.o [1]
  .text              ro code  0x9005'a900     0x254  lv_line.o [1]
  .text              ro code  0x9005'ab54     0x1bc  lv_tileview.o [1]
  .text              ro code  0x9005'ad10     0x19c  fx_system_timer_entry.o [3]
  .text              ro code  0x9005'aeac     0x168  tx_timer_thread_entry.o [7]
  .text              ro code  0x9005'b014     0x15e  usbd_desc.o [1]
  .text              ro code  0x9005'b172     0x13e  SYHT_BOLD_20.o [1]
  .text              ro code  0x9005'b2b0     0x13e  SYHT_BOLD_40.o [1]
  .text              ro code  0x9005'b3ee     0x13e  SYHT_MED_16.o [1]
  .rodata            const    0x9005'b52c     0x138  SYHT_MED_16.o [1]
  .text              ro code  0x9005'b664     0x124  system_stm32h7xx.o [1]
  .rodata            const    0x9005'b788     0x100  lv_draw_label.o [1]
  .rodata            const    0x9005'b888     0x100  SYHT_BOLD_20.o [1]
  .text              ro code  0x9005'b988      0xf4  tx_mutex_cleanup.o [7]
  .text              ro code  0x9005'ba7c      0xe0  lv_spinner.o [1]
  .rodata            const    0x9005'bb5c      0xc4  SYHT_BOLD_40.o [1]
  .rodata            const    0x9005'bc20      0xc0  lv_color.o [1]
  .rodata            const    0x9005'bce0      0xb8  lv_math.o [1]
  .rodata            const    0x9005'bd98      0xb0  lv_keyboard.o [1]
  .rodata            const    0x9005'be48      0xb0  lv_keyboard.o [1]
  .rodata            const    0x9005'bef8      0xb0  lv_keyboard.o [1]
  .text              ro code  0x9005'bfa8      0xa4  tx_semaphore_cleanup.o [7]
  .rodata            const    0x9005'c04c      0xa0  lv_font_montserrat_14.o [1]
  .rodata            const    0x9005'c0ec      0xa0  lv_font_montserrat_14.o [1]
  .rodata            const    0x9005'c18c      0x98  lv_color.o [1]
  .text              ro code  0x9005'c224      0x90  usbd_cdc_if.o [1]
  .text              ro code  0x9005'c2b4      0x8c  tx_thread_shell_entry.o [7]
  .text              ro code  0x9005'c340      0x84  lv_win.o [1]
  .rodata            const    0x9005'c3c4      0x7c  lv_font_montserrat_14.o [1]
  .text              ro code  0x9005'c440      0x78  lz77_init_single.o [5]
  .rodata            const    0x9005'c4b8      0x58  file.o [1]
  .rodata            const    0x9005'c510      0x58  task.o [1]
  .rodata            const    0x9005'c568      0x54  lv_keyboard.o [1]
  .rodata            const    0x9005'c5bc      0x50  lv_keyboard.o [1]
  .rodata            const    0x9005'c60c      0x50  lv_keyboard.o [1]
  .rodata            const    0x9005'c65c      0x50  lv_keyboard.o [1]
  .rodata            const    0x9005'c6ac      0x50  iar_Stoulx.o [2]
  .text              ro code  0x9005'c6fc      0x50  tx_thread_timeout.o [7]
  .rodata            const    0x9005'c74c      0x4c  file.o [1]
  .rodata            const    0x9005'c798      0x48  file.o [1]
  .rodata            const    0x9005'c7e0      0x48  file.o [1]
  .rodata            const    0x9005'c828      0x44  bsp_cli.o [1]
  .rodata            const    0x9005'c86c      0x44  bsp_cli.o [1]
  .rodata            const    0x9005'c8b0      0x44  file.o [1]
  .rodata            const    0x9005'c8f4      0x44  file.o [1]
  .rodata            const    0x9005'c938      0x44  task.o [1]
  .rodata            const    0x9005'c97c      0x40  file.o [1]
  .rodata            const    0x9005'c9bc      0x40  task.o [1]
  .rodata            const    0x9005'c9fc      0x38  file.o [1]
  .text              ro code  0x9005'ca34      0x38  stm32h7xx_it.o [1]
  .rodata            const    0x9005'ca6c      0x30  file.o [1]
  .rodata            const    0x9005'ca9c      0x30  lv_roller.o [1]
  .rodata            const    0x9005'cacc      0x30  task.o [1]
  .rodata            const    0x9005'cafc      0x28  file.o [1]
  .rodata            const    0x9005'cb24      0x28  file.o [1]
  .rodata            const    0x9005'cb4c      0x28  file.o [1]
  .rodata            const    0x9005'cb74      0x28  file.o [1]
  .rodata            const    0x9005'cb9c      0x28  file.o [1]
  .rodata            const    0x9005'cbc4      0x28  file.o [1]
  .rodata            const    0x9005'cbec      0x28  lv_color.o [1]
  .rodata            const    0x9005'cc14      0x28  lv_font_montserrat_14.o [1]
  .text              ro code  0x9005'cc3c      0x28  data_init.o [5]
  .rodata            const    0x9005'cc64      0x24  bsp_cli.o [1]
  .rodata            const    0x9005'cc88      0x24  file.o [1]
  .rodata            const    0x9005'ccac      0x24  file.o [1]
  .rodata            const    0x9005'ccd0      0x24  file.o [1]
  .rodata            const    0x9005'ccf4      0x24  file.o [1]
  .rodata            const    0x9005'cd18      0x24  file.o [1]
  .rodata            const    0x9005'cd3c      0x24  file.o [1]
  .rodata            const    0x9005'cd60      0x24  lv_calendar_header_dropdown.o [1]
  .rodata            const    0x9005'cd84      0x24  lv_draw_line.o [1]
  .rodata            const    0x9005'cda8      0x24  lv_keyboard.o [1]
  .text              ro code  0x9005'cdcc      0x22  fpinit_M.o [4]
  .iar.init_table    const    0x9005'cdf0      0x30  - Linker created -
  .rodata            const    0x9005'ce20       0x2  lv_keyboard.o [1]
  .rodata            const    0x9005'ce24      0x20  file.o [1]
  .rodata            const    0x9005'ce44      0x20  file.o [1]
  .rodata            const    0x9005'ce64      0x20  file.o [1]
  .rodata            const    0x9005'ce84      0x20  file.o [1]
  .rodata            const    0x9005'cea4      0x20  file.o [1]
  .rodata            const    0x9005'cec4      0x20  fx_stm32_sdio_driver.o [3]
  .text              ro code  0x9005'cee4      0x1e  cmain.o [5]
  .text              ro code  0x9005'cf02       0x4  low_level_init.o [2]
  .text              ro code  0x9005'cf06       0x4  exit.o [2]
  .rodata            const    0x9005'cf0a       0x2  lv_keyboard.o [1]
  .text              ro code  0x9005'cf0c       0xa  cexit.o [5]
  .rodata            const    0x9005'cf16       0x2  lv_keyboard.o [1]
  .rodata            const    0x9005'cf18      0x1c  bsp_adc.o [1]
  .rodata            const    0x9005'cf34      0x1c  file.o [1]
  .rodata            const    0x9005'cf50      0x1c  file.o [1]
  .rodata            const    0x9005'cf6c      0x1c  file.o [1]
  .rodata            const    0x9005'cf88      0x1c  file.o [1]
  .rodata            const    0x9005'cfa4      0x1c  file.o [1]
  .rodata            const    0x9005'cfc0      0x1c  file.o [1]
  .rodata            const    0x9005'cfdc      0x1c  file.o [1]
  .rodata            const    0x9005'cff8      0x1c  file.o [1]
  .rodata            const    0x9005'd014      0x1c  file.o [1]
  .rodata            const    0x9005'd030      0x1c  lv_arc.o [1]
  .rodata            const    0x9005'd04c      0x1c  lv_bar.o [1]
  .rodata            const    0x9005'd068      0x1c  lv_btn.o [1]
  .rodata            const    0x9005'd084      0x1c  lv_btnmatrix.o [1]
  .rodata            const    0x9005'd0a0      0x1c  lv_calendar.o [1]
  .rodata            const    0x9005'd0bc      0x1c  lv_calendar_header_arrow.o [1]
  .rodata            const    0x9005'd0d8      0x1c  lv_calendar_header_dropdown.o [1]
  .rodata            const    0x9005'd0f4      0x1c  lv_chart.o [1]
  .rodata            const    0x9005'd110      0x1c  lv_checkbox.o [1]
  .rodata            const    0x9005'd12c      0x1c  lv_colorwheel.o [1]
  .rodata            const    0x9005'd148      0x1c  lv_dropdown.o [1]
  .rodata            const    0x9005'd164      0x1c  lv_dropdown.o [1]
  .rodata            const    0x9005'd180      0x1c  lv_dropdown.o [1]
  .rodata            const    0x9005'd19c      0x1c  lv_img.o [1]
  .rodata            const    0x9005'd1b8      0x1c  lv_imgbtn.o [1]
  .rodata            const    0x9005'd1d4      0x1c  lv_keyboard.o [1]
  .rodata            const    0x9005'd1f0      0x1c  lv_label.o [1]
  .rodata            const    0x9005'd20c      0x1c  lv_led.o [1]
  .rodata            const    0x9005'd228      0x1c  lv_line.o [1]
  .rodata            const    0x9005'd244      0x1c  lv_list.o [1]
  .rodata            const    0x9005'd260      0x1c  lv_list.o [1]
  .rodata            const    0x9005'd27c      0x1c  lv_list.o [1]
  .rodata            const    0x9005'd298      0x1c  lv_meter.o [1]
  .rodata            const    0x9005'd2b4      0x1c  lv_msgbox.o [1]
  .rodata            const    0x9005'd2d0      0x1c  lv_obj.o [1]
  .rodata            const    0x9005'd2ec      0x1c  lv_roller.o [1]
  .rodata            const    0x9005'd308      0x1c  lv_roller.o [1]
  .rodata            const    0x9005'd324      0x1c  lv_slider.o [1]
  .rodata            const    0x9005'd340      0x1c  lv_spinbox.o [1]
  .rodata            const    0x9005'd35c      0x1c  lv_spinner.o [1]
  .rodata            const    0x9005'd378      0x1c  lv_switch.o [1]
  .rodata            const    0x9005'd394      0x1c  lv_table.o [1]
  .rodata            const    0x9005'd3b0      0x1c  lv_tabview.o [1]
  .rodata            const    0x9005'd3cc      0x1c  lv_textarea.o [1]
  .rodata            const    0x9005'd3e8      0x1c  lv_tileview.o [1]
  .rodata            const    0x9005'd404      0x1c  lv_tileview.o [1]
  .rodata            const    0x9005'd420      0x1c  lv_win.o [1]
  .rodata            const    0x9005'd43c      0x1c  task.o [1]
  .rodata            const    0x9005'd458      0x18  file.o [1]
  .rodata            const    0x9005'd470      0x18  file.o [1]
  .rodata            const    0x9005'd488      0x18  file.o [1]
  .rodata            const    0x9005'd4a0      0x18  file.o [1]
  .rodata            const    0x9005'd4b8      0x18  file.o [1]
  .rodata            const    0x9005'd4d0      0x18  file.o [1]
  .rodata            const    0x9005'd4e8      0x18  file.o [1]
  .rodata            const    0x9005'd500      0x18  lv_font_montserrat_14.o [1]
  .rodata            const    0x9005'd518      0x18  lv_font_montserrat_14.o [1]
  .rodata            const    0x9005'd530      0x18  lv_theme_default.o [1]
  .rodata            const    0x9005'd548      0x18  stm32h7xx_hal_uart.o [1]
  .rodata            const    0x9005'd560      0x18  task.o [1]
  .rodata            const    0x9005'd578      0x18  usbd_desc.o [1]
  .text              ro code  0x9005'd590      0x16  xprout.o [2]
  .rodata            const    0x9005'd5a6       0x2  lv_keyboard.o [1]
  .text              ro code  0x9005'd5a8       0xc  putchar.o [2]
  .rodata            const    0x9005'd5b4      0x14  bsp_adc.o [1]
  .rodata            const    0x9005'd5c8      0x14  bsp_cli.o [1]
  .rodata            const    0x9005'd5dc      0x14  bsp_cli.o [1]
  .rodata            const    0x9005'd5f0      0x14  bsp_cli.o [1]
  .rodata            const    0x9005'd604      0x14  bsp_cli.o [1]
  .rodata            const    0x9005'd618      0x14  bsp_lcd.o [1]
  .rodata            const    0x9005'd62c      0x14  bsp_touch.o [1]
  .rodata            const    0x9005'd640      0x14  file.o [1]
  .rodata            const    0x9005'd654      0x14  file.o [1]
  .rodata            const    0x9005'd668      0x14  file.o [1]
  .rodata            const    0x9005'd67c      0x14  SYHT_BOLD_20.o [1]
  .rodata            const    0x9005'd690      0x14  SYHT_BOLD_40.o [1]
  .rodata            const    0x9005'd6a4      0x14  SYHT_MED_16.o [1]
  .rodata            const    0x9005'd6b8      0x14  usbd_desc.o [1]
  .rodata            const    0x9005'd6cc      0x14  fx_system_initialize.o [3]
  .rodata            const    0x9005'd6e0      0x14  tx_timer_initialize.o [7]
  .rodata            const    0x9005'd6f4      0x14  fx_media_open.o [3]
  .rodata            const    0x9005'd708      0x10  bsp_cli.o [1]
  .rodata            const    0x9005'd718      0x10  bsp_cli.o [1]
  .rodata            const    0x9005'd728      0x10  file.o [1]
  .rodata            const    0x9005'd738      0x10  file.o [1]
  .rodata            const    0x9005'd748      0x10  file.o [1]
  .rodata            const    0x9005'd758      0x10  file.o [1]
  .rodata            const    0x9005'd768      0x10  lv_draw_label.o [1]
  .rodata            const    0x9005'd778      0x10  lv_font_montserrat_14.o [1]
  .rodata            const    0x9005'd788      0x10  lv_img_buf.o [1]
  .rodata            const    0x9005'd798      0x10  lv_img_decoder.o [1]
  .rodata            const    0x9005'd7a8      0x10  page_home.o [1]
  .rodata            const    0x9005'd7b8      0x10  page_set.o [1]
  .rodata            const    0x9005'd7c8      0x10  page_set.o [1]
  .rodata            const    0x9005'd7d8      0x10  page_set.o [1]
  .rodata            const    0x9005'd7e8      0x10  page_start.o [1]
  .rodata            const    0x9005'd7f8      0x10  system_stm32h7xx.o [1]
  .rodata            const    0x9005'd808      0x10  task.o [1]
  .rodata            const    0x9005'd818      0x10  task.o [1]
  .rodata            const    0x9005'd828      0x10  task.o [1]
  .rodata            const    0x9005'd838      0x10  task.o [1]
  .rodata            const    0x9005'd848      0x10  task.o [1]
  .rodata            const    0x9005'd858      0x10  task.o [1]
  .rodata            const    0x9005'd868      0x10  task.o [1]
  .rodata            const    0x9005'd878      0x10  usbd_desc.o [1]
  .text              ro code  0x9005'd888      0x10  startup_stm32h750xx.o [1]
  .rodata            const    0x9005'd898       0xc  bsp_touch.o [1]
  .rodata            const    0x9005'd8a4       0xc  file.o [1]
  .rodata            const    0x9005'd8b0       0xc  file.o [1]
  .rodata            const    0x9005'd8bc       0xc  file.o [1]
  .rodata            const    0x9005'd8c8       0xc  file.o [1]
  .rodata            const    0x9005'd8d4       0xc  file.o [1]
  .rodata            const    0x9005'd8e0       0xc  file.o [1]
  .rodata            const    0x9005'd8ec       0xc  IconBackB.o [1]
  .rodata            const    0x9005'd8f8       0xc  IconBackW.o [1]
  .rodata            const    0x9005'd904       0xc  IconTemp.o [1]
  .rodata            const    0x9005'd910       0xc  LChartB.o [1]
  .rodata            const    0x9005'd91c       0xc  LChartW.o [1]
  .rodata            const    0x9005'd928       0xc  lv_calendar_header_arrow.o [1]
  .rodata            const    0x9005'd934       0xc  lv_calendar_header_arrow.o [1]
  .rodata            const    0x9005'd940       0xc  lv_calendar_header_arrow.o [1]
  .rodata            const    0x9005'd94c       0xc  lv_calendar_header_arrow.o [1]
  .rodata            const    0x9005'd958       0xc  lv_checkbox.o [1]
  .rodata            const    0x9005'd964       0xc  page_home.o [1]
  .rodata            const    0x9005'd970       0xc  page_home.o [1]
  .rodata            const    0x9005'd97c       0xc  page_home.o [1]
  .rodata            const    0x9005'd988       0xc  page_home.o [1]
  .rodata            const    0x9005'd994       0xc  page_home.o [1]
  .rodata            const    0x9005'd9a0       0xc  page_home.o [1]
  .rodata            const    0x9005'd9ac       0xc  page_home.o [1]
  .rodata            const    0x9005'd9b8       0xc  page_set.o [1]
  .rodata            const    0x9005'd9c4       0xc  usbd_desc.o [1]
  .text              ro code  0x9005'd9d0       0xc  cstartup_M.o [5]
  cli.cmd.0          const    0x9005'd9dc       0xc  bsp_cli.o [1]
  cli.cmd.1          const    0x9005'd9e8       0xc  bsp_adc.o [1]
  cli.cmd.1          const    0x9005'd9f4       0xc  bsp_cli.o [1]
  cli.cmd.1          const    0x9005'da00       0xc  bsp_cli.o [1]
  cli.cmd.1          const    0x9005'da0c       0xc  bsp_cli.o [1]
  cli.cmd.1          const    0x9005'da18       0xc  bsp_cli.o [1]
  cli.cmd.1          const    0x9005'da24       0xc  bsp_lcd.o [1]
  cli.cmd.1          const    0x9005'da30       0xc  bsp_touch.o [1]
  cli.cmd.1          const    0x9005'da3c       0xc  file.o [1]
  cli.cmd.1          const    0x9005'da48       0xc  task.o [1]
  cli.cmd.2          const    0x9005'da54       0xc  bsp_cli.o [1]
  .rodata            const    0x9005'da60       0x8  bsp_cli.o [1]
  .rodata            const    0x9005'da68       0x8  bsp_cli.o [1]
  .rodata            const    0x9005'da70       0x8  bsp_lcd.o [1]
  .rodata            const    0x9005'da78       0x8  file.o [1]
  .rodata            const    0x9005'da80       0x8  file.o [1]
  .rodata            const    0x9005'da88       0x8  file.o [1]
  .rodata            const    0x9005'da90       0x8  file.o [1]
  .rodata            const    0x9005'da98       0x8  file.o [1]
  .rodata            const    0x9005'daa0       0x8  lv_btnmatrix.o [1]
  .rodata            const    0x9005'daa8       0x8  lv_btnmatrix.o [1]
  .rodata            const    0x9005'dab0       0x8  lv_btnmatrix.o [1]
  .rodata            const    0x9005'dab8       0x8  lv_btnmatrix.o [1]
  .rodata            const    0x9005'dac0       0x8  lv_btnmatrix.o [1]
  .rodata            const    0x9005'dac8       0x8  lv_calendar_header_arrow.o [1]
  .rodata            const    0x9005'dad0       0x8  lv_calendar_header_arrow.o [1]
  .rodata            const    0x9005'dad8       0x8  lv_calendar_header_arrow.o [1]
  .rodata            const    0x9005'dae0       0x8  lv_calendar_header_arrow.o [1]
  .rodata            const    0x9005'dae8       0x8  lv_calendar_header_arrow.o [1]
  .rodata            const    0x9005'daf0       0x8  lv_calendar_header_arrow.o [1]
  .rodata            const    0x9005'daf8       0x8  lv_calendar_header_arrow.o [1]
  .rodata            const    0x9005'db00       0x8  lv_calendar_header_arrow.o [1]
  .rodata            const    0x9005'db08       0x8  lv_draw_img.o [1]
  .rodata            const    0x9005'db10       0x8  lv_keyboard.o [1]
  .rodata            const    0x9005'db18       0x8  lv_label.o [1]
  .rodata            const    0x9005'db20       0x8  lv_txt.o [1]
  .rodata            const    0x9005'db28       0x8  page_home.o [1]
  .rodata            const    0x9005'db30       0x8  page_home.o [1]
  .rodata            const    0x9005'db38       0x8  page_home.o [1]
  .rodata            const    0x9005'db40       0x8  page_home.o [1]
  .rodata            const    0x9005'db48       0x8  page_home.o [1]
  .rodata            const    0x9005'db50       0x8  page_set.o [1]
  .rodata            const    0x9005'db58       0x8  page_set.o [1]
  .rodata            const    0x9005'db60       0x8  page_set.o [1]
  .rodata            const    0x9005'db68       0x8  page_set.o [1]
  .rodata            const    0x9005'db70       0x8  stm32h7xx_hal_uart_ex.o [1]
  .rodata            const    0x9005'db78       0x8  stm32h7xx_hal_uart_ex.o [1]
  .rodata            const    0x9005'db80       0x8  task.o [1]
  .rodata            const    0x9005'db88       0x4  bsp_adc.o [1]
  .rodata            const    0x9005'db8c       0x4  bsp_cli.o [1]
  .rodata            const    0x9005'db90       0x4  lv_calendar.o [1]
  .rodata            const    0x9005'db94       0x4  lv_calendar.o [1]
  .rodata            const    0x9005'db98       0x4  lv_calendar.o [1]
  .rodata            const    0x9005'db9c       0x4  lv_calendar.o [1]
  .rodata            const    0x9005'dba0       0x4  lv_calendar.o [1]
  .rodata            const    0x9005'dba4       0x4  lv_calendar.o [1]
  .rodata            const    0x9005'dba8       0x4  lv_calendar.o [1]
  .rodata            const    0x9005'dbac       0x4  lv_calendar_header_arrow.o [1]
  .rodata            const    0x9005'dbb0       0x4  lv_draw_label.o [1]
  .rodata            const    0x9005'dbb4       0x4  lv_img_buf.o [1]
  .rodata            const    0x9005'dbb8       0x4  lv_img_decoder.o [1]
  .rodata            const    0x9005'dbbc       0x4  lv_keyboard.o [1]
  .rodata            const    0x9005'dbc0       0x4  lv_keyboard.o [1]
  .rodata            const    0x9005'dbc4       0x4  lv_keyboard.o [1]
  .rodata            const    0x9005'dbc8       0x4  lv_keyboard.o [1]
  .rodata            const    0x9005'dbcc       0x4  lv_keyboard.o [1]
  .rodata            const    0x9005'dbd0       0x4  lv_keyboard.o [1]
  .rodata            const    0x9005'dbd4       0x4  lv_keyboard.o [1]
  .rodata            const    0x9005'dbd8       0x4  lv_keyboard.o [1]
  .rodata            const    0x9005'dbdc       0x4  lv_keyboard.o [1]
  .rodata            const    0x9005'dbe0       0x4  lv_keyboard.o [1]
  .rodata            const    0x9005'dbe4       0x4  lv_obj_pos.o [1]
  .rodata            const    0x9005'dbe8       0x4  lv_obj_pos.o [1]
  .rodata            const    0x9005'dbec       0x4  lv_tlsf.o [1]
  .rodata            const    0x9005'dbf0       0x4  lv_tlsf.o [1]
  .rodata            const    0x9005'dbf4       0x4  lv_tlsf.o [1]
  .rodata            const    0x9005'dbf8       0x4  lv_tlsf.o [1]
  .rodata            const    0x9005'dbfc       0x4  lv_tlsf.o [1]
  .rodata            const    0x9005'dc00       0x4  lv_tlsf.o [1]
  .rodata            const    0x9005'dc04       0x4  page_set.o [1]
  .text              ro code  0x9005'dc08       0x4  startup_stm32h750xx.o [1]
  .text              ro code  0x9005'dc0c       0x4  startup_stm32h750xx.o [1]
  .text              ro code  0x9005'dc10       0x4  startup_stm32h750xx.o [1]
[...]
lv_style_set_text_line_space
                        0x9002'5e39      0x18  Code  Gb  lv_style_gen.o [1]
lv_style_set_transform_height
                        0x9002'5c17      0x18  Code  Gb  lv_style_gen.o [1]
lv_style_set_transform_width
                        0x9002'5bff      0x18  Code  Gb  lv_style_gen.o [1]
lv_style_set_transition
                        0x9002'5d29      0x14  Code  Gb  lv_style_gen.o [1]
lv_style_set_width      0x9002'5b9f      0x18  Code  Gb  lv_style_gen.o [1]
lv_style_transition_dsc_init
                        0x9002'5a95      0x3a  Code  Gb  lv_style.o [1]
lv_switch_class         0x9005'd378      0x1c  Data  Gb  lv_switch.o [1]
lv_switch_constructor   0x9005'91fd      0x22  Code  Lc  lv_switch.o [1]
lv_switch_event         0x9005'921f     0x146  Code  Lc  lv_switch.o [1]
lv_table_class          0x9005'd394      0x1c  Data  Gb  lv_table.o [1]
lv_table_constructor    0x9005'0871      0x48  Code  Lc  lv_table.o [1]
lv_table_destructor     0x9005'08b9      0x5e  Code  Lc  lv_table.o [1]
lv_table_event          0x9005'0917     0x282  Code  Lc  lv_table.o [1]
lv_tabview_add_tab      0x9004'5c0d     0x15c  Code  Gb  lv_tabview.o [1]
lv_tabview_class        0x9005'd3b0      0x1c  Data  Gb  lv_tabview.o [1]
lv_tabview_constructor  0x9004'5e27     0x142  Code  Lc  lv_tabview.o [1]
lv_tabview_create       0x9004'5be3      0x2a  Code  Gb  lv_tabview.o [1]
lv_tabview_destructor   0x9004'5f6d      0x68  Code  Lc  lv_tabview.o [1]
lv_tabview_event        0x9004'5fd5      0x48  Code  Lc  lv_tabview.o [1]
lv_tabview_get_content  0x9004'5e0b       0xe  Code  Gb  lv_tabview.o [1]
lv_tabview_get_tab_act  0x9004'5e03       0x8  Code  Gb  lv_tabview.o [1]
lv_tabview_get_tab_btns
                        0x9004'5e19       0xe  Code  Gb  lv_tabview.o [1]
lv_tabview_set_act      0x9004'5d69      0x9a  Code  Gb  lv_tabview.o [1]
lv_task_handler         0x9003'5663       0x8  Code  Lc  task.o [1]
lv_textarea_add_char    0x9004'b281     0x156  Code  Gb  lv_textarea.o [1]
lv_textarea_add_text    0x9004'b3d7     0x16e  Code  Gb  lv_textarea.o [1]
lv_textarea_class       0x9005'd3cc      0x1c  Data  Gb  lv_textarea.o [1]
lv_textarea_clear_selection
                        0x9004'b9a9      0x30  Code  Gb  lv_textarea.o [1]
lv_textarea_constructor
                        0x9004'baf1      0xa0  Code  Lc  lv_textarea.o [1]
lv_textarea_cursor_down
                        0x9004'ba0d      0x7a  Code  Gb  lv_textarea.o [1]
lv_textarea_cursor_left
                        0x9004'b9f1      0x1c  Code  Gb  lv_textarea.o [1]
lv_textarea_cursor_right
                        0x9004'b9d9      0x18  Code  Gb  lv_textarea.o [1]
lv_textarea_cursor_up   0x9004'ba87      0x6a  Code  Gb  lv_textarea.o [1]
lv_textarea_del_char    0x9004'b545      0xd8  Code  Gb  lv_textarea.o [1]
lv_textarea_del_char_forward
                        0x9004'b61d      0x26  Code  Gb  lv_textarea.o [1]
lv_textarea_destructor  0x9004'bb95      0x2a  Code  Lc  lv_textarea.o [1]
lv_textarea_event       0x9004'bbbf     0x190  Code  Lc  lv_textarea.o [1]
lv_textarea_get_accepted_chars
                        0x9004'b999       0x8  Code  Gb  lv_textarea.o [1]
lv_textarea_get_cursor_pos
                        0x9004'b97f       0x8  Code  Gb  lv_textarea.o [1]
lv_textarea_get_max_length
                        0x9004'b9a1       0x8  Code  Gb  lv_textarea.o [1]
lv_textarea_get_one_line
                        0x9004'b987      0x12  Code  Gb  lv_textarea.o [1]
lv_textarea_get_text    0x9004'b95f      0x20  Code  Gb  lv_textarea.o [1]
lv_textarea_set_cursor_click_pos
                        0x9004'b8b5      0x22  Code  Gb  lv_textarea.o [1]
lv_textarea_set_cursor_pos
                        0x9004'b783     0x12c  Code  Gb  lv_textarea.o [1]
lv_textarea_set_one_line
                        0x9004'b8d7      0x88  Code  Gb  lv_textarea.o [1]
lv_textarea_set_text    0x9004'b643     0x140  Code  Gb  lv_textarea.o [1]
lv_theme_apply          0x9002'80c1      0x20  Code  Gb  lv_theme.o [1]
lv_theme_default_init   0x9001'e2b9      0xbe  Code  Gb  lv_theme_default.o [1]
lv_theme_default_is_inited
                        0x9001'e377       0x6  Code  Gb  lv_theme_default.o [1]
lv_theme_get_color_primary
                        0x9002'80e5      0x1c  Code  Gb  lv_theme.o [1]
lv_theme_get_from_obj   0x9002'80a1      0x20  Code  Gb  lv_theme.o [1]
lv_tick_elaps           0x9001'7c35      0x1a  Code  Gb  lv_hal_tick.o [1]
lv_tick_get             0x9001'7c19      0x14  Code  Gb  lv_hal_tick.o [1]
lv_tick_inc             0x9001'7c09      0x10  Code  Gb  lv_hal_tick.o [1]
lv_tileview_class       0x9005'd3e8      0x1c  Data  Gb  lv_tileview.o [1]
lv_tileview_constructor
                        0x9005'ab55      0x3a  Code  Lc  lv_tileview.o [1]
lv_tileview_tile_class  0x9005'd404      0x1c  Data  Gb  lv_tileview.o [1]
lv_tileview_tile_constructor
                        0x9005'ab8f      0x70  Code  Lc  lv_tileview.o [1]
lv_timer_create         0x9001'7ac3      0x4a  Code  Gb  lv_timer.o [1]
lv_timer_del            0x9001'7b0d      0x1a  Code  Gb  lv_timer.o [1]
lv_timer_enable         0x9001'7b4d       0x6  Code  Gb  lv_timer.o [1]
lv_timer_exec           0x9001'7b53      0x6c  Code  Lc  lv_timer.o [1]
lv_timer_handler        0x9001'799b     0x128  Code  Gb  lv_timer.o [1]
lv_timer_handler::already_running
                        0x2001'1eee       0x1  Data  Lc  lv_timer.o [1]
lv_timer_handler::busy_time
                        0x2001'1d50       0x4  Data  Lc  lv_timer.o [1]
lv_timer_handler::idle_period_start
                        0x2001'1d4c       0x4  Data  Lc  lv_timer.o [1]
lv_timer_handler{2}{3}::run_cnt
                        0x2001'1d54       0x4  Data  Lc  lv_timer.o [1]
lv_timer_pause          0x9001'7b27       0xa  Code  Gb  lv_timer.o [1]
lv_timer_ready          0x9001'7b3b      0x12  Code  Gb  lv_timer.o [1]
lv_timer_resume         0x9001'7b31       0xa  Code  Gb  lv_timer.o [1]
lv_timer_run            0x2001'1eea       0x1  Data  Lc  lv_timer.o [1]
lv_timer_time_remaining
                        0x9001'7be9      0x1e  Code  Lc  lv_timer.o [1]
lv_tlsf_add_pool        0x9001'7693      0x8e  Code  Gb  lv_tlsf.o [1]
lv_tlsf_create          0x9001'7721      0x22  Code  Gb  lv_tlsf.o [1]
lv_tlsf_create_with_pool
                        0x9001'7743      0x2a  Code  Gb  lv_tlsf.o [1]
lv_tlsf_free            0x9001'77ad      0x48  Code  Gb  lv_tlsf.o [1]
lv_tlsf_get_pool        0x9001'776d       0xc  Code  Gb  lv_tlsf.o [1]
lv_tlsf_malloc          0x9001'7779      0x2c  Code  Gb  lv_tlsf.o [1]
lv_tlsf_pool_overhead   0x9001'7689       0xa  Code  Gb  lv_tlsf.o [1]
lv_tlsf_realloc         0x9001'77f5      0xd6  Code  Gb  lv_tlsf.o [1]
lv_tlsf_size            0x9001'7683       0x6  Code  Gb  lv_tlsf.o [1]
lv_tlsf_walk_pool       0x9001'7611      0x72  Code  Gb  lv_tlsf.o [1]
lv_trigo_cos            0x9004'f939      0x10  Code  Lc  lv_colorwheel.o [1]
lv_trigo_cos            0x9005'6ad5      0x10  Code  Lc  lv_meter.o [1]
lv_trigo_sin            0x9002'0be1      0x88  Code  Gb  lv_math.o [1]
lv_txt_get_next_word    0x9001'4cad     0x162  Code  Lc  lv_txt.o [1]
lv_txt_get_size         0x9001'4ba5     0x108  Code  Gb  lv_txt.o [1]
lv_txt_get_width        0x9001'4f15      0x90  Code  Gb  lv_txt.o [1]
lv_txt_unicode_to_utf8  0x9001'514f      0xb4  Code  Lc  lv_txt.o [1]
lv_txt_utf8_get_byte_id
                        0x9001'53b7      0x38  Code  Lc  lv_txt.o [1]
lv_txt_utf8_get_char_id
                        0x9001'53ef      0x24  Code  Lc  lv_txt.o [1]
lv_txt_utf8_get_length  0x9001'5413      0x24  Code  Lc  lv_txt.o [1]
lv_txt_utf8_next        0x9001'5203     0x15a  Code  Lc  lv_txt.o [1]
lv_txt_utf8_prev        0x9001'535d      0x5a  Code  Lc  lv_txt.o [1]
lv_txt_utf8_size        0x9001'5115      0x3a  Code  Lc  lv_txt.o [1]
lv_vsnprintf            0x9002'27b3      0x1a  Code  Gb  lv_printf.o [1]
lv_win_class            0x9005'd420      0x1c  Data  Gb  lv_win.o [1]
lv_win_constructor      0x9005'c341      0x7e  Code  Lc  lv_win.o [1]
main                    0x9003'084d      0xbc  Code  Gb  main.o [1]
make_one_button_checked
                        0x9004'ad8f      0x32  Code  Lc  lv_btnmatrix.o [1]
map_blended             0x9001'3d3d     0x176  Code  Lc  lv_draw_blend.o [1]
map_normal              0x9001'39af     0x38e  Code  Lc  lv_draw_blend.o [1]
map_set_px              0x9001'385f     0x150  Code  Lc  lv_draw_blend.o [1]
mapping_insert          0x9001'7189      0x30  Code  Lc  lv_tlsf.o [1]
mapping_search          0x9001'71b9      0x2a  Code  Lc  lv_tlsf.o [1]
mask_mix                0x9001'2d5d      0x30  Code  Lc  lv_draw_mask.o [1]
med3                    0x9003'b459      0x50  Code  Lc  qsort.o [2]
media_memory            0x3000'0000  0x4'0000  Data  Gb  file.o [1]
memchr                  0x9003'fa35            Code  Gb  memchr.o [5]
memset                  0x9003'0afd      0x14  Code  Gb  memset.o [5]
month_event_cb          0x9005'a371      0xb8  Code  Lc  lv_calendar_header_arrow.o [1]
month_event_cb          0x9005'a875      0x44  Code  Lc  lv_calendar_header_dropdown.o [1]
month_list              0x2000'0468       0x4  Data  Lc  lv_calendar_header_dropdown.o [1]
month_names_def         0x2000'0438      0x30  Data  Lc  lv_calendar_header_arrow.o [1]
my_constructor          0x9005'a1f7     0x17a  Code  Lc  lv_calendar_header_arrow.o [1]
my_constructor          0x9005'a72b     0x13c  Code  Lc  lv_calendar_header_dropdown.o [1]
ndigs                   0x9005'c6ac      0x28  Data  Lc  iar_Stoulx.o [2]
next_color_mode         0x9005'0399      0x34  Code  Lc  lv_colorwheel.o [1]
node_set_next           0x9001'ce73      0x1a  Code  Lc  lv_ll.o [1]
node_set_prev           0x9001'ce5b      0x18  Code  Lc  lv_ll.o [1]
obj_del_core            0x9001'acfb     0x162  Code  Lc  lv_obj_tree.o [1]
obuf                    0x2001'1908      0x50  Data  Lc  xfiles.o [2]
offset_to_block         0x9001'7093       0x4  Code  Lc  lv_tlsf.o [1]
page_Home               0x2000'04b8      0x10  Data  Gb  page_home.o [1]
page_Set                0x2000'04e8      0x10  Data  Gb  page_set.o [1]
page_Start              0x2000'04fc      0x10  Data  Gb  page_start.o [1]
page_manager            0x2001'1c80       0x8  Data  Gb  display_basic.o [1]
page_press_handler      0x9004'f801      0x4a  Code  Lc  lv_dropdown.o [1]
place_content           0x9002'7141      0xbc  Code  Lc  lv_flex.o [1]
position_knob           0x9005'2e61      0xc2  Code  Lc  lv_slider.o [1]
position_to_selected    0x9004'f8b9      0x66  Code  Lc  lv_dropdown.o [1]
printf                  0x9003'7a5d      0x28  Code  Gb  printf.o [2]
process_line            0x9003'7669      0x34  Code  Lc  bsp_cli.o [1]
putchar                 0x9005'd5a9       0xc  Code  Gb  putchar.o [2]
pwd_char_hider          0x9004'bde3      0xb4  Code  Lc  lv_textarea.o [1]
pwd_char_hider_anim     0x9004'bdd1       0x2  Code  Lc  lv_textarea.o [1]
pwd_char_hider_anim_ready
                        0x9004'bdd5       0xe  Code  Lc  lv_textarea.o [1]
px_num                  0x2001'1d2c       0x4  Data  Lc  lv_refr.o [1]
qsort                   0x9003'b7ef      0x18  Code  Gb  qsort.o [2]
rbrecv                  0x2001'1c00      0x10  Data  Lc  bsp_cli.o [1]
recvbuf                 0x2001'19f0      0x44  Data  Lc  bsp_cli.o [1]
recvcnt                 0x2001'1e9c       0x2  Data  Lc  bsp_cli.o [1]
refr_cursor_area        0x9004'bf9d     0x26e  Code  Lc  lv_textarea.o [1]
refr_img                0x9004'4f65      0x6e  Code  Lc  lv_imgbtn.o [1]
refr_knob_pos           0x9005'03cd      0x82  Code  Lc  lv_colorwheel.o [1]
refr_position           0x9005'1d8f     0x19e  Code  Lc  lv_roller.o [1]
refr_size               0x9005'1143     0x112  Code  Lc  lv_table.o [1]
refresh_children_style  0x9001'c8e5      0x3c  Code  Lc  lv_obj_style.o [1]
release_handler         0x9005'1f2d     0x190  Code  Lc  lv_roller.o [1]
remove_free_block       0x9001'7253      0x6c  Code  Lc  lv_tlsf.o [1]
report_style_change_core
                        0x9001'c88d      0x58  Code  Lc  lv_obj_style.o [1]
ring_buf_get            0x9003'b26f      0x80  Code  Gb  bsp_ringbuffer.o [1]
ring_buf_init           0x9003'b1cd      0x20  Code  Gb  bsp_ringbuffer.o [1]
ring_buf_put            0x9003'b1ed      0x82  Code  Gb  bsp_ringbuffer.o [1]
rot3                    0x9003'b3a1      0x68  Code  Lc  qsort.o [2]
rotate                  0x9003'b40f      0x4a  Code  Lc  qsort.o [2]
rxbuf                   0x2001'0c20     0x100  Data  Lc  bsp_cli.o [1]
scalbln                 0x9003'fb71            Code  Gb  ldexp.o [4]
scalblnl                0x9003'fb71            Code  Gb  ldexp.o [4]
scalbn                  0x9003'fb71            Code  Gb  ldexp.o [4]
scalbnl                 0x9003'fb71            Code  Gb  ldexp.o [4]
scale                   0x9003'c8a5      0x46  Code  Lc  xprintffull.o [2]
scratch                 0x2001'0840     0x200  Data  Gb  fx_stm32_sdio_driver.o [3]
scroll_anim_ready_cb    0x9002'0815      0x10  Code  Lc  lv_obj_scroll.o [1]
scroll_anim_ready_cb    0x9005'2201      0x14  Code  Lc  lv_roller.o [1]
scroll_area_into_view   0x9002'0825     0x3b2  Code  Lc  lv_obj_scroll.o [1]
scroll_by_raw           0x9002'0783      0x58  Code  Lc  lv_obj_scroll.o [1]
scroll_limit_diff       0x9002'8c55      0x76  Code  Lc  lv_indev_scroll.o [1]
scroll_throw_predict_x  0x9002'8d03      0x38  Code  Lc  lv_indev_scroll.o [1]
scroll_throw_predict_y  0x9002'8ccb      0x38  Code  Lc  lv_indev_scroll.o [1]
scroll_x_anim           0x9002'07dd      0x1c  Code  Lc  lv_obj_scroll.o [1]
scroll_y_anim           0x9002'07f9      0x1c  Code  Lc  lv_obj_scroll.o [1]
scrollbar_init_draw_dsc
                        0x9001'a177     0x120  Code  Lc  lv_obj.o [1]
sd_read_data            0x9003'960d     0x120  Code  Lc  fx_stm32_sdio_driver.o [3]
sd_write_data           0x9003'972d     0x10e  Code  Lc  fx_stm32_sdio_driver.o [3]
sdio_disk               0x2000'8870    0x24b8  Data  Gb  file.o [1]
search_suitable_block   0x9001'71e3      0x70  Code  Lc  lv_tlsf.o [1]
sec_hand                0x2001'1e98       0x4  Data  Lc  xfail_s.o [2]
set_ofs_x_anim          0x9004'4071      0x14  Code  Lc  lv_label.o [1]
set_ofs_y_anim          0x9004'4085      0x14  Code  Lc  lv_label.o [1]
set_y_anim              0x9005'2215      0x12  Code  Lc  lv_roller.o [1]
shadow_blur_corner      0x9000'f101     0x20c  Code  Lc  lv_draw_rect.o [1]
shadow_draw_corner_buf  0x9000'ef17     0x1ea  Code  Lc  lv_draw_rect.o [1]
show_error              0x9001'4ae9      0x42  Code  Lc  lv_draw_img.o [1]
sin0_90_table           0x9005'bce0      0xb8  Data  Lc  lv_math.o [1]
sprintf                 0x9003'd369      0x40  Code  Gb  sprintf.o [2]
sqrt_approx             0x9001'2d8d      0x32  Code  Lc  lv_draw_mask.o [1]
start_cursor_blink      0x9004'bf09      0x80  Code  Lc  lv_textarea.o [1]
strcasecmp              0x9003'b2ef      0x46  Code  Gb  strcasecmp.o [2]
strchr                  0x9003'b335            Code  Gb  strchr.o [5]
strcmp                  0x9002'35fd            Code  Gb  strcmp.o [5]
strcpy                  0x9002'3435            Code  Gb  strcpy.o [5]
strlen                  0x9002'1e69            Code  Gb  strlen.o [5]
strsplit                0x9003'7613      0x56  Code  Lc  bsp_cli.o [1]
style_init              0x9001'd0f5    0x11c4  Code  Lc  lv_theme_default.o [1]
style_init::dark_filter
                        0x2001'1c90       0x8  Data  Lc  lv_theme_default.o [1]
style_init::grey_filter
                        0x2001'1c98       0x8  Data  Lc  lv_theme_default.o [1]
style_init::trans_delayed
                        0x2001'1bc4      0x14  Data  Lc  lv_theme_default.o [1]
style_init::trans_normal
                        0x2001'1bd8      0x14  Data  Lc  lv_theme_default.o [1]
style_init::trans_props
                        0x9005'd530      0x18  Data  Lc  lv_theme_default.o [1]
style_init_reset        0x9001'f2cd      0x1c  Code  Lc  lv_theme_default.o [1]
style_refr              0x2000'0867       0x1  Data  Lc  lv_obj_style.o [1]
styles                  0x2001'1d40       0x4  Data  Lc  lv_theme_default.o [1]
suggest_state           0x9004'4fd3      0x8a  Code  Lc  lv_imgbtn.o [1]
swap                    0x9003'b34b      0x56  Code  Lc  qsort.o [2]
sys_time                0x2001'1d10       0x4  Data  Lc  lv_hal_tick.o [1]
ta_insert_replace       0x2001'1d3c       0x4  Data  Lc  lv_textarea.o [1]
tab_child               0x2001'1b84      0x20  Data  Lc  page_set.o [1]
tab_name                0x2000'04c8      0x20  Data  Gb  page_set.o [1]
tabpos_create           0x2001'1ee6       0x1  Data  Lc  lv_tabview.o [1]
tabsize_create          0x2001'1ece       0x2  Data  Lc  lv_tabview.o [1]
tabviewBody             0x2001'1db4       0x4  Data  Lc  page_set.o [1]
theme                   0x2001'1b1c      0x24  Data  Lc  lv_theme_default.o [1]
theme_apply             0x9001'e3a1     0xf1e  Code  Lc  lv_theme_default.o [1]
tick_irq_flag           0x2001'1ee2       0x1  Data  Lc  lv_hal_tick.o [1]
tileview_event_cb       0x9005'ac0d     0x104  Code  Lc  lv_tileview.o [1]
time_param              0x2001'1d34       0x4  Data  Lc  lv_spinner.o [1]
timer_created           0x2001'1eed       0x1  Data  Lc  lv_timer.o [1]
timer_deleted           0x2001'1eec       0x1  Data  Lc  lv_timer.o [1]
tlsf                    0x2001'1d1c       0x4  Data  Lc  lv_mem.o [1]
tlsf_ffs                0x9001'6b21     0x266  Code  Lc  lv_tlsf.o [1]
tlsf_fls                0x9001'6d87     0x25e  Code  Lc  lv_tlsf.o [1]
tmrPageJump             0x2001'1dc4       0x4  Data  Lc  page_start.o [1]
tmrUpdate               0x2001'1d9c       0x4  Data  Lc  page_home.o [1]
tolower                 0x9003'f8a1      0x14  Code  Gb  tolower.o [2]
touchpad_read           0x9003'8265      0x40  Code  Lc  lv_port_indev.o [1]
touchpad_read::last_x   0x2001'1eca       0x2  Data  Lc  lv_port_indev.o [1]
touchpad_read::last_y   0x2001'1ecc       0x2  Data  Lc  lv_port_indev.o [1]
trans_anim_cb           0x9001'c9e9     0x17a  Code  Lc  lv_obj_style.o [1]
trans_anim_ready_cb     0x9001'cbb1      0xd6  Code  Lc  lv_obj_style.o [1]
trans_anim_start_cb     0x9001'cb65      0x4c  Code  Lc  lv_obj_style.o [1]
trans_del               0x9001'c921      0xc6  Code  Lc  lv_obj_style.o [1]
transfer_semaphore      0x2001'1ba4      0x20  Data  Lc  fx_stm32_sdio_driver.o [3]
tx_application_define   0x9003'566b      0x8e  Code  Gb  task.o [1]
tx_thread_fpu_disable   0x9003'5ab7            Code  Gb  tx_thread_schedule.o [7]
tx_thread_fpu_enable    0x9003'5ab7            Code  Gb  tx_thread_schedule.o [7]
unicode_list_1          0x9005'c3c4      0x7c  Data  Lc  lv_font_montserrat_14.o [1]
unicode_list_1          0x9005'b888     0x100  Data  Lc  SYHT_BOLD_20.o [1]
unicode_list_1          0x9005'bb5c      0xc4  Data  Lc  SYHT_BOLD_40.o [1]
unicode_list_1          0x9005'b52c     0x138  Data  Lc  SYHT_MED_16.o [1]
unicode_list_compare    0x9001'984d       0x8  Code  Lc  lv_font_fmt_txt.o [1]
update_cursor_position_on_click
                        0x9004'c20b     0x26a  Code  Lc  lv_textarea.o [1]
uwTick                  0x2001'1dc8       0x4  Data  Gb  stm32h7xx_hal.o [1]
uwTickFreq              0x2000'0868       0x1  Data  Gb  stm32h7xx_hal.o [1]
uwTickPrio              0x2000'050c       0x4  Data  Gb  stm32h7xx_hal.o [1]
value_update            0x9004'd963     0x124  Code  Lc  lv_arc.o [1]
vsnprintf               0x9003'7991      0x3c  Code  Gb  vsnprint.o [2]
year_event_cb           0x9005'a8b9      0x48  Code  Lc  lv_calendar_header_dropdown.o [1]
year_list               0x2000'046c       0x4  Data  Lc  lv_calendar_header_dropdown.o [1]
zero_mem                0x2000'0498       0x4  Data  Lc  lv_mem.o [1]


[1] = F:\WQA\App\EWARM\App\Obj
[2] = dl7M_tlf.a
[3] = filex.a
[4] = m7M_tlv.a
[5] = rt7M_tl.a
[6] = shb_l.a
[7] = threadx.a

  293'144 bytes of readonly  code memory
   92'314 bytes of readonly  data memory
   89'840 bytes of readwrite data memory (+ 415'744 absolute)

Errors: none
Warnings: none
